------ VARIABLES ---------
0 crs
1 lat
2 lat_bnds
3 lon
4 lon_bnds
5 depth
6 depth_bnds
7 time
8 climatology_bounds
9 s_an
10 s_mn
11 s_dd
12 s_sd
13 s_se
14 s_oa
15 s_ma
16 s_gp
17 s_sdo
18 s_sea
------ SUBGROUPS ---------
------ VARGETTER ---------
0 time
1 depth
2 lat
3 lon
([][][][]float32) (len=3 cap=3) {
 ([][][]float32) (len=57 cap=57) {
  ([][]float32) (len=180 cap=180) {
   ([]float32) (len=360 cap=360) {
    (float32) 9.96921e+36,
    (float32) 9.96921e+36,
    (float32) 9.96921e+36,
    (float32) 9.96921e+36,
    (float32) 9.96921e+36,
    (float32) 9.96921e+36,
    (float32) 9.96921e+36,
    (float32) 9.96921e+36,
    (float32) 9.96921e+36,
    (float32) 9.96921e+36,
    (float32) 9.96921e+36,
    (float32) 9.96921e+36,
    (float32) 9.96921e+36,
    (float32) 9.96921e+36,
    (float32) 9.96921e+36,
    (float32) 9.96921e+36,
    (float32) 9.96921e+36,
    (float32) 9.96921e+36,
    (float32) 9.96921e+36,
    (float32) 9.96921e+36,
    (float32) 9.96921e+36,
    (float32) 9.96921e+36,
    (float32) 9.96921e+36,
    (float32) 9.96921e+36,
    (float32) 9.96921e+36,
    (float32) 9.96921e+36,
    (float32) 9.96921e+36,
    (float32) 9.96921e+36,
    (float32) 9.96921e+36,
    (float32) 9.96921e+36,
    (float32) 9.96921e+36,
    (float32) 9.96921e+36,
    (float32) 9.96921e+36,
    (float32) 9.96921e+36,
    (float32) 9.96921e+36,
    (float32) 9.96921e+36,
    (float32) 9.96921e+36,
    (float32) 9.96921e+36,
    (float32) 9.96921e+36,
    (float32) 9.96921e+36,
    (float32) 9.96921e+36,
    (float32) 9.96921e+36,
    (float32) 9.96921e+36,
    (float32) 9.96921e+36,
    (float32) 9.96921e+36,
    (float32) 9.96921e+36,
    (float32) 9.96921e+36,
    (float32) 9.96921e+36,
    (float32) 9.96921e+36,
    (float32) 9.96921e+36,
    (float32) 9.96921e+36,
    (float32) 9.96921e+36,
    (float32) 9.96921e+36,
    (float32) 9.96921e+36,
    (float32) 9.96921e+36,
    (float32) 9.96921e+36,
    (float32) 9.96921e+36,
    (float32) 9.96921e+36,
    (float32) 9.96921e+36,
    (float32) 9.96921e+36,
    (float32) 9.96921e+36,
    (float32) 9.96921e+36,
    (float32) 9.96921e+36,
    (float32) 9.96921e+36,
    (float32) 9.96921e+36,
    (float32) 9.96921e+36,
    (float32) 9.96921e+36,
    (float32) 9.96921e+36,
    (float32) 9.96921e+36,
    (float32) 9.96921e+36,
    (float32) 9.96921e+36,
    (float32) 9.96921e+36,
    (float32) 9.96921e+36,
    (float32) 9.96921e+36,
    (float32) 9.96921e+36,
    (float32) 9.96921e+36,
    (float32) 9.96921e+36,
    (float32) 9.96921e+36,
    (float32) 9.96921e+36,
    (float32) 9.96921e+36,
    (float32) 9.96921e+36,
    (float32) 9.96921e+36,
    (float32) 9.96921e+36,
    (float32) 9.96921e+36,
    (float32) 9.96921e+36,
    (float32) 9.96921e+36,
    (float32) 9.96921e+36,
    (float32) 9.96921e+36,
    (float32) 9.96921e+36,
    (float32) 9.96921e+36,
    (float32) 9.96921e+36,
    (float32) 9.96921e+36,
    (float32) 9.96921e+36,
    (float32) 9.96921e+36,
    (float32) 9.96921e+36,
    (float32) 9.96921e+36,
    (float32) 9.96921e+36,
    (float32) 9.96921e+36,
    (float32) 9.96921e+36,
    (float32) 9.96921e+36,
    (float32) 9.96921e+36,
    (float32) 9.96921e+36,
    (float32) 9.96921e+36,
    (float32) 9.96921e+36,
    (float32) 9.96921e+36,
    (float32) 9.96921e+36,
    (float32) 9.96921e+36,
    (float32) 9.96921e+36,
    (float32) 9.96921e+36,
    (float32) 9.96921e+36,
    (float32) 9.96921e+36,
    (float32) 9.96921e+36,
    (float32) 9.96921e+36,
    (float32) 9.96921e+36,
    (float32) 9.96921e+36,
    (float32) 9.96921e+36,
    (float32) 9.96921e+36,
    (float32) 9.96921e+36,
    (float32) 9.96921e+36,
    (float32) 9.96921e+36,
    (float32) 9.96921e+36,
    (float32) 9.96921e+36,
    (float32) 9.96921e+36,
    (float32) 9.96921e+36,
    (float32) 9.96921e+36,
    (float32) 9.96921e+36,
    (float32) 9.96921e+36,
    (float32) 9.96921e+36,
    (float32) 9.96921e+36,
    (float32) 9.96921e+36,
    (float32) 9.96921e+36,
    (float32) 9.96921e+36,
    (float32) 9.96921e+36,
    (float32) 9.96921e+36,
    (float32) 9.96921e+36,
    (float32) 9.96921e+36,
    (float32) 9.96921e+36,
    (float32) 9.96921e+36,
    (float32) 9.96921e+36,
    (float32) 9.96921e+36,
    (float32) 9.96921e+36,
    (float32) 9.96921e+36,
    (float32) 9.96921e+36,
    (float32) 9.96921e+36,
    (float32) 9.96921e+36,
    (float32) 9.96921e+36,
    (float32) 9.96921e+36,
    (float32) 9.96921e+36,
    (float32) 9.96921e+36,
    (float32) 9.96921e+36,
    (float32) 9.96921e+36,
    (float32) 9.96921e+36,
    (float32) 9.96921e+36,
    (float32) 9.96921e+36,
    (float32) 9.96921e+36,
    (float32) 9.96921e+36,
    (float32) 9.96921e+36,
    (float32) 9.96921e+36,
    (float32) 9.96921e+36,
    (float32) 9.96921e+36,
    (float32) 9.96921e+36,
    (float32) 9.96921e+36,
    (float32) 9.96921e+36,
    (float32) 9.96921e+36,
    (float32) 9.96921e+36,
    (float32) 9.96921e+36,
    (float32) 9.96921e+36,
    (float32) 9.96921e+36,
    (float32) 9.96921e+36,
    (float32) 9.96921e+36,
    (float32) 9.96921e+36,
    (float32) 9.96921e+36,
    (float32) 9.96921e+36,
    (float32) 9.96921e+36,
    (float32) 9.96921e+36,
    (float32) 9.96921e+36,
    (float32) 9.96921e+36,
    (float32) 9.96921e+36,
    (float32) 9.96921e+36,
    (float32) 9.96921e+36,
    (float32) 9.96921e+36,
    (float32) 9.96921e+36,
    (float32) 9.96921e+36,
    (float32) 9.96921e+36,
    (float32) 9.96921e+36,
    (float32) 9.96921e+36,
    (float32) 9.96921e+36,
    (float32) 9.96921e+36,
    (float32) 9.96921e+36,
    (float32) 9.96921e+36,
    (float32) 9.96921e+36,
    (float32) 9.96921e+36,
    (float32) 9.96921e+36,
    (float32) 9.96921e+36,
    (float32) 9.96921e+36,
    (float32) 9.96921e+36,
    (float32) 9.96921e+36,
    (float32) 9.96921e+36,
    (float32) 9.96921e+36,
    (float32) 9.96921e+36,
    (float32) 9.96921e+36,
    (float32) 9.96921e+36,
    (float32) 9.96921e+36,
    (float32) 9.96921e+36,
    (float32) 9.96921e+36,
    (float32) 9.96921e+36,
    (float32) 9.96921e+36,
    (float32) 9.96921e+36,
    (float32) 9.96921e+36,
    (float32) 9.96921e+36,
    (float32) 9.96921e+36,
    (float32) 9.96921e+36,
    (float32) 9.96921e+36,
    (float32) 9.96921e+36,
    (float32) 9.96921e+36,
    (float32) 9.96921e+36,
    (float32) 9.96921e+36,
    (float32) 9.96921e+36,
    (float32) 9.96921e+36,
    (float32) 9.96921e+36,
    (float32) 9.96921e+36,
    (float32) 9.96921e+36,
    (float32) 9.96921e+36,
    (float32) 9.96921e+36,
    (float32) 9.96921e+36,
    (float32) 9.96921e+36,
    (float32) 9.96921e+36,
    (float32) 9.96921e+36,
    (float32) 9.96921e+36,
    (float32) 9.96921e+36,
    (float32) 9.96921e+36,
    (float32) 9.96921e+36,
    (float32) 9.96921e+36,
    (float32) 9.96921e+36,
    (float32) 9.96921e+36,
    (float32) 9.96921e+36,
    (float32) 9.96921e+36,
    (float32) 9.96921e+36,
    (float32) 9.96921e+36,
    (float32) 9.96921e+36,
    (float32) 9.96921e+36,
    (float32) 9.96921e+36,
    (float32) 9.96921e+36,
    (float32) 9.96921e+36,
    (float32) 9.96921e+36,
    (float32) 9.96921e+36,
    (float32) 9.96921e+36,
    (float32) 9.96921e+36,
    (float32) 9.96921e+36,
    (float32) 9.96921e+36,
    (float32) 9.96921e+36,
    (float32) 9.96921e+36,
    (float32) 9.96921e+36,
    (float32) 9.96921e+36,
    (float32) 9.96921e+36,
    (float32) 9.96921e+36,
    (float32) 9.96921e+36,
    (float32) 9.96921e+36,
    (float32) 9.96921e+36,
    (float32) 9.96921e+36,
    (float32) 9.96921e+36,
    (float32) 9.96921e+36,
    (float32) 9.96921e+36,
    (float32) 9.96921e+36,
    (float32) 9.96921e+36,
    (float32) 9.96921e+36,
    (float32) 9.96921e+36,
    (float32) 9.96921e+36,
    (float32) 9.96921e+36,
    (float32) 9.96921e+36,
    (float32) 9.96921e+36,
    (float32) 9.96921e+36,
    (float32) 9.96921e+36,
    (float32) 9.96921e+36,
    (float32) 9.96921e+36,
    (float32) 9.96921e+36,
    (float32) 9.96921e+36,
    (float32) 9.96921e+36,
    (float32) 9.96921e+36,
    (float32) 9.96921e+36,
    (float32) 9.96921e+36,
    (float32) 9.96921e+36,
    (float32) 9.96921e+36,
    (float32) 9.96921e+36,
    (float32) 9.96921e+36,
    (float32) 9.96921e+36,
    (float32) 9.96921e+36,
    (float32) 9.96921e+36,
    (float32) 9.96921e+36,
    (float32) 9.96921e+36,
    (float32) 9.96921e+36,
    (float32) 9.96921e+36,
    (float32) 9.96921e+36,
    (float32) 9.96921e+36,
    (float32) 9.96921e+36,
    (float32) 9.96921e+36,
    (float32) 9.96921e+36,
    (float32) 9.96921e+36,
    (float32) 9.96921e+36,
    (float32) 9.96921e+36,
    (float32) 9.96921e+36,
    (float32) 9.96921e+36,
    (float32) 9.96921e+36,
    (float32) 9.96921e+36,
    (float32) 9.96921e+36,
    (float32) 9.96921e+36,
    (float32) 9.96921e+36,
    (float32) 9.96921e+36,
    (float32) 9.96921e+36,
    (float32) 9.96921e+36,
    (float32) 9.96921e+36,
    (float32) 9.96921e+36,
    (float32) 9.96921e+36,
    (float32) 9.96921e+36,
    (float32) 9.96921e+36,
    (float32) 9.96921e+36,
    (float32) 9.96921e+36,
    (float32) 9.96921e+36,
    (float32) 9.96921e+36,
    (float32) 9.96921e+36,
    (float32) 9.96921e+36,
    (float32) 9.96921e+36,
    (float32) 9.96921e+36,
    (float32) 9.96921e+36,
    (float32) 9.96921e+36,
    (float32) 9.96921e+36,
    (float32) 9.96921e+36,
    (float32) 9.96921e+36,
    (float32) 9.96921e+36,
    (float32) 9.96921e+36,
    (float32) 9.96921e+36,
    (float32) 9.96921e+36,
    (float32) 9.96921e+36,
    (float32) 9.96921e+36,
    (float32) 9.96921e+36,
    (float32) 9.96921e+36,
    (float32) 9.96921e+36,
    (float32) 9.96921e+36,
    (float32) 9.96921e+36,
    (float32) 9.96921e+36,
    (float32) 9.96921e+36,
    (float32) 9.96921e+36,
    (float32) 9.96921e+36,
    (float32) 9.96921e+36,
    (float32) 9.96921e+36,
    (float32) 9.96921e+36,
    (float32) 9.96921e+36,
    (float32) 9.96921e+36,
    (float32) 9.96921e+36,
    (float32) 9.96921e+36,
    (float32) 9.96921e+36,
    (float32) 9.96921e+36,
    (float32) 9.96921e+36,
    (float32) 9.96921e+36,
    (float32) 9.96921e+36,
    (float32) 9.96921e+36,
    (float32) 9.96921e+36,
    (float32) 9.96921e+36,
    (float32) 9.96921e+36,
    (float32) 9.96921e+36
   },
   ([]float32) (len=360 cap=360) {
    (float32) 9.96921e+36,
    (float32) 9.96921e+36,
    (float32) 9.96921e+36,
    (float32) 9.96921e+36,
    (float32) 9.96921e+36,
    (float32) 9.96921e+36,
    (float32) 9.96921e+36,
    (float32) 9.96921e+36,
    (float32) 9.96921e+36,
    (float32) 9.96921e+36,
    (float32) 9.96921e+36,
    (float32) 9.96921e+36,
    (float32) 9.96921e+36,
    (float32) 9.96921e+36,
    (float32) 9.96921e+36,
    (float32) 9.96921e+36,
    (float32) 9.96921e+36,
    (float32) 9.96921e+36,
    (float32) 9.96921e+36,
    (float32) 9.96921e+36,
    (float32) 9.96921e+36,
    (float32) 9.96921e+36,
    (float32) 9.96921e+36,
    (float32) 9.96921e+36,
    (float32) 9.96921e+36,
    (float32) 9.96921e+36,
    (float32) 9.96921e+36,
    (float32) 9.96921e+36,
    (float32) 9.96921e+36,
    (float32) 9.96921e+36,
    (float32) 9.96921e+36,
    (float32) 9.96921e+36,
    (float32) 9.96921e+36,
    (float32) 9.96921e+36,
    (float32) 9.96921e+36,
    (float32) 9.96921e+36,
    (float32) 9.96921e+36,
    (float32) 9.96921e+36,
    (float32) 9.96921e+36,
    (float32) 9.96921e+36,
    (float32) 9.96921e+36,
    (float32) 9.96921e+36,
    (float32) 9.96921e+36,
    (float32) 9.96921e+36,
    (float32) 9.96921e+36,
    (float32) 9.96921e+36,
    (float32) 9.96921e+36,
    (float32) 9.96921e+36,
    (float32) 9.96921e+36,
    (float32) 9.96921e+36,
    (float32) 9.96921e+36,
    (float32) 9.96921e+36,
    (float32) 9.96921e+36,
    (float32) 9.96921e+36,
    (float32) 9.96921e+36,
    (float32) 9.96921e+36,
    (float32) 9.96921e+36,
    (float32) 9.96921e+36,
    (float32) 9.96921e+36,
    (float32) 9.96921e+36,
    (float32) 9.96921e+36,
    (float32) 9.96921e+36,
    (float32) 9.96921e+36,
    (float32) 9.96921e+36,
    (float32) 9.96921e+36,
    (float32) 9.96921e+36,
    (float32) 9.96921e+36,
    (float32) 9.96921e+36,
    (float32) 9.96921e+36,
    (float32) 9.96921e+36,
    (float32) 9.96921e+36,
    (float32) 9.96921e+36,
    (float32) 9.96921e+36,
    (float32) 9.96921e+36,
    (float32) 9.96921e+36,
    (float32) 9.96921e+36,
    (float32) 9.96921e+36,
    (float32) 9.96921e+36,
    (float32) 9.96921e+36,
    (float32) 9.96921e+36,
    (float32) 9.96921e+36,
    (float32) 9.96921e+36,
    (float32) 9.96921e+36,
    (float32) 9.96921e+36,
    (float32) 9.96921e+36,
    (float32) 9.96921e+36,
    (float32) 9.96921e+36,
    (float32) 9.96921e+36,
    (float32) 9.96921e+36,
    (float32) 9.96921e+36,
    (float32) 9.96921e+36,
    (float32) 9.96921e+36,
    (float32) 9.96921e+36,
    (float32) 9.96921e+36,
    (float32) 9.96921e+36,
    (float32) 9.96921e+36,
    (float32) 9.96921e+36,
    (float32) 9.96921e+36,
    (float32) 9.96921e+36,
    (float32) 9.96921e+36,
    (float32) 9.96921e+36,
    (float32) 9.96921e+36,
    (float32) 9.96921e+36,
    (float32) 9.96921e+36,
    (float32) 9.96921e+36,
    (float32) 9.96921e+36,
    (float32) 9.96921e+36,
    (float32) 9.96921e+36,
    (float32) 9.96921e+36,
    (float32) 9.96921e+36,
    (float32) 9.96921e+36,
    (float32) 9.96921e+36,
    (float32) 9.96921e+36,
    (float32) 9.96921e+36,
    (float32) 9.96921e+36,
    (float32) 9.96921e+36,
    (float32) 9.96921e+36,
    (float32) 9.96921e+36,
    (float32) 9.96921e+36,
    (float32) 9.96921e+36,
    (float32) 9.96921e+36,
    (float32) 9.96921e+36,
    (float32) 9.96921e+36,
    (float32) 9.96921e+36,
    (float32) 9.96921e+36,
    (float32) 9.96921e+36,
    (float32) 9.96921e+36,
    (float32) 9.96921e+36,
    (float32) 9.96921e+36,
    (float32) 9.96921e+36,
    (float32) 9.96921e+36,
    (float32) 9.96921e+36,
    (float32) 9.96921e+36,
    (float32) 9.96921e+36,
    (float32) 9.96921e+36,
    (float32) 9.96921e+36,
    (float32) 9.96921e+36,
    (float32) 9.96921e+36,
    (float32) 9.96921e+36,
    (float32) 9.96921e+36,
    (float32) 9.96921e+36,
    (float32) 9.96921e+36,
    (float32) 9.96921e+36,
    (float32) 9.96921e+36,
    (float32) 9.96921e+36,
    (float32) 9.96921e+36,
    (float32) 9.96921e+36,
    (float32) 9.96921e+36,
    (float32) 9.96921e+36,
    (float32) 9.96921e+36,
    (float32) 9.96921e+36,
    (float32) 9.96921e+36,
    (float32) 9.96921e+36,
    (float32) 9.96921e+36,
    (float32) 9.96921e+36,
    (float32) 9.96921e+36,
    (float32) 9.96921e+36,
    (float32) 9.96921e+36,
    (float32) 9.96921e+36,
    (float32) 9.96921e+36,
    (float32) 9.96921e+36,
    (float32) 9.96921e+36,
    (float32) 9.96921e+36,
    (float32) 9.96921e+36,
    (float32) 9.96921e+36,
    (float32) 9.96921e+36,
    (float32) 9.96921e+36,
    (float32) 9.96921e+36,
    (float32) 9.96921e+36,
    (float32) 9.96921e+36,
    (float32) 9.96921e+36,
    (float32) 9.96921e+36,
    (float32) 9.96921e+36,
    (float32) 9.96921e+36,
    (float32) 9.96921e+36,
    (float32) 9.96921e+36,
    (float32) 9.96921e+36,
    (float32) 9.96921e+36,
    (float32) 9.96921e+36,
    (float32) 9.96921e+36,
    (float32) 9.96921e+36,
    (float32) 9.96921e+36,
    (float32) 9.96921e+36,
    (float32) 9.96921e+36,
    (float32) 9.96921e+36,
    (float32) 9.96921e+36,
    (float32) 9.96921e+36,
    (float32) 9.96921e+36,
    (float32) 9.96921e+36,
    (float32) 9.96921e+36,
    (float32) 9.96921e+36,
    (float32) 9.96921e+36,
    (float32) 9.96921e+36,
    (float32) 9.96921e+36,
    (float32) 9.96921e+36,
    (float32) 9.96921e+36,
    (float32) 9.96921e+36,
    (float32) 9.96921e+36,
    (float32) 9.96921e+36,
    (float32) 9.96921e+36,
    (float32) 9.96921e+36,
    (float32) 9.96921e+36,
    (float32) 9.96921e+36,
    (float32) 9.96921e+36,
    (float32) 9.96921e+36,
    (float32) 9.96921e+36,
    (float32) 9.96921e+36,
    (float32) 9.96921e+36,
    (float32) 9.96921e+36,
    (float32) 9.96921e+36,
    (float32) 9.96921e+36,
    (float32) 9.96921e+36,
    (float32) 9.96921e+36,
    (float32) 9.96921e+36,
    (float32) 9.96921e+36,
    (float32) 9.96921e+36,
    (float32) 9.96921e+36,
    (float32) 9.96921e+36,
    (float32) 9.96921e+36,
    (float32) 9.96921e+36,
    (float32) 9.96921e+36,
    (float32) 9.96921e+36,
    (float32) 9.96921e+36,
    (float32) 9.96921e+36,
    (float32) 9.96921e+36,
    (float32) 9.96921e+36,
    (float32) 9.96921e+36,
    (float32) 9.96921e+36,
    (float32) 9.96921e+36,
    (float32) 9.96921e+36,
    (float32) 9.96921e+36,
    (float32) 9.96921e+36,
    (float32) 9.96921e+36,
    (float32) 9.96921e+36,
    (float32) 9.96921e+36,
    (float32) 9.96921e+36,
    (float32) 9.96921e+36,
    (float32) 9.96921e+36,
    (float32) 9.96921e+36,
    (float32) 9.96921e+36,
    (float32) 9.96921e+36,
    (float32) 9.96921e+36,
    (float32) 9.96921e+36,
    (float32) 9.96921e+36,
    (float32) 9.96921e+36,
    (float32) 9.96921e+36,
    (float32) 9.96921e+36,
    (float32) 9.96921e+36,
    (float32) 9.96921e+36,
    (float32) 9.96921e+36,
    (float32) 9.96921e+36,
    (float32) 9.96921e+36,
    (float32) 9.96921e+36,
    (float32) 9.96921e+36,
    (float32) 9.96921e+36,
    (float32) 9.96921e+36,
    (float32) 9.96921e+36,
    (float32) 9.96921e+36,
    (float32) 9.96921e+36,
    (float32) 9.96921e+36,
    (float32) 9.96921e+36,
    (float32) 9.96921e+36,
    (float32) 9.96921e+36,
    (float32) 9.96921e+36,
    (float32) 9.96921e+36,
    (float32) 9.96921e+36,
    (float32) 9.96921e+36,
    (float32) 9.96921e+36,
    (float32) 9.96921e+36,
    (float32) 9.96921e+36,
    (float32) 9.96921e+36,
    (float32) 9.96921e+36,
    (float32) 9.96921e+36,
    (float32) 9.96921e+36,
    (float32) 9.96921e+36,
    (float32) 9.96921e+36,
    (float32) 9.96921e+36,
    (float32) 9.96921e+36,
    (float32) 9.96921e+36,
    (float32) 9.96921e+36,
    (float32) 9.96921e+36,
    (float32) 9.96921e+36,
    (float32) 9.96921e+36,
    (float32) 9.96921e+36,
    (float32) 9.96921e+36,
    (float32) 9.96921e+36,
    (float32) 9.96921e+36,
    (float32) 9.96921e+36,
    (float32) 9.96921e+36,
    (float32) 9.96921e+36,
    (float32) 9.96921e+36,
    (float32) 9.96921e+36,
    (float32) 9.96921e+36,
    (float32) 9.96921e+36,
    (float32) 9.96921e+36,
    (float32) 9.96921e+36,
    (float32) 9.96921e+36,
    (float32) 9.96921e+36,
    (float32) 9.96921e+36,
    (float32) 9.96921e+36,
    (float32) 9.96921e+36,
    (float32) 9.96921e+36,
    (float32) 9.96921e+36,
    (float32) 9.96921e+36,
    (float32) 9.96921e+36,
    (float32) 9.96921e+36,
    (float32) 9.96921e+36,
    (float32) 9.96921e+36,
    (float32) 9.96921e+36,
    (float32) 9.96921e+36,
    (float32) 9.96921e+36,
    (float32) 9.96921e+36,
    (float32) 9.96921e+36,
    (float32) 9.96921e+36,
    (float32) 9.96921e+36,
    (float32) 9.96921e+36,
    (float32) 9.96921e+36,
    (float32) 9.96921e+36,
    (float32) 9.96921e+36,
    (float32) 9.96921e+36,
    (float32) 9.96921e+36,
    (float32) 9.96921e+36,
    (float32) 9.96921e+36,
    (float32) 9.96921e+36,
    (float32) 9.96921e+36,
    (float32) 9.96921e+36,
    (float32) 9.96921e+36,
    (float32) 9.96921e+36,
    (float32) 9.96921e+36,
    (float32) 9.96921e+36,
    (float32) 9.96921e+36,
    (float32) 9.96921e+36,
    (float32) 9.96921e+36,
    (float32) 9.96921e+36,
    (float32) 9.96921e+36,
    (float32) 9.96921e+36,
    (float32) 9.96921e+36,
    (float32) 9.96921e+36,
    (float32) 9.96921e+36,
    (float32) 9.96921e+36,
    (float32) 9.96921e+36,
    (float32) 9.96921e+36,
    (float32) 9.96921e+36,
    (float32) 9.96921e+36,
    (float32) 9.96921e+36,
    (float32) 9.96921e+36,
    (float32) 9.96921e+36,
    (float32) 9.96921e+36,
    (float32) 9.96921e+36,
    (float32) 9.96921e+36,
    (float32) 9.96921e+36,
    (float32) 9.96921e+36,
    (float32) 9.96921e+36,
    (float32) 9.96921e+36,
    (float32) 9.96921e+36,
    (float32) 9.96921e+36,
    (float32) 9.96921e+36,
    (float32) 9.96921e+36,
    (float32) 9.96921e+36,
    (float32) 9.96921e+36
   },
   ([]float32) (len=360 cap=360) {
    (float32) 9.96921e+36,
    (float32) 9.96921e+36,
    (float32) 9.96921e+36,
    (float32) 9.96921e+36,
    (float32) 9.96921e+36,
    (float32) 9.96921e+36,
    (float32) 9.96921e+36,
    (float32) 9.96921e+36,
    (float32) 9.96921e+36,
    (float32) 9.96921e+36,
    (float32) 9.96921e+36,
    (float32) 9.96921e+36,
    (float32) 9.96921e+36,
    (float32) 9.96921e+36,
    (float32) 9.96921e+36,
    (float32) 9.96921e+36,
    (float32) 9.96921e+36,
    (float32) 9.96921e+36,
    (float32) 9.96921e+36,
    (float32) 9.96921e+36,
    (float32) 9.96921e+36,
    (float32) 9.96921e+36,
    (float32) 9.96921e+36,
    (float32) 9.96921e+36,
    (float32) 9.96921e+36,
    (float32) 9.96921e+36,
    (float32) 9.96921e+36,
    (float32) 9.96921e+36,
    (float32) 9.96921e+36,
    (float32) 9.96921e+36,
    (float32) 9.96921e+36,
    (float32) 9.96921e+36,
    (float32) 9.96921e+36,
    (float32) 9.96921e+36,
    (float32) 9.96921e+36,
    (float32) 9.96921e+36,
    (float32) 9.96921e+36,
    (float32) 9.96921e+36,
    (float32) 9.96921e+36,
    (float32) 9.96921e+36,
    (float32) 9.96921e+36,
    (float32) 9.96921e+36,
    (float32) 9.96921e+36,
    (float32) 9.96921e+36,
    (float32) 9.96921e+36,
    (float32) 9.96921e+36,
    (float32) 9.96921e+36,
    (float32) 9.96921e+36,
    (float32) 9.96921e+36,
    (float32) 9.96921e+36,
    (float32) 9.96921e+36,
    (float32) 9.96921e+36,
    (float32) 9.96921e+36,
    (float32) 9.96921e+36,
    (float32) 9.96921e+36,
    (float32) 9.96921e+36,
    (float32) 9.96921e+36,
    (float32) 9.96921e+36,
    (float32) 9.96921e+36,
    (float32) 9.96921e+36,
    (float32) 9.96921e+36,
    (float32) 9.96921e+36,
    (float32) 9.96921e+36,
    (float32) 9.96921e+36,
    (float32) 9.96921e+36,
    (float32) 9.96921e+36,
    (float32) 9.96921e+36,
    (float32) 9.96921e+36,
    (float32) 9.96921e+36,
    (float32) 9.96921e+36,
    (float32) 9.96921e+36,
    (float32) 9.96921e+36,
    (float32) 9.96921e+36,
    (float32) 9.96921e+36,
    (float32) 9.96921e+36,
    (float32) 9.96921e+36,
    (float32) 9.96921e+36,
    (float32) 9.96921e+36,
    (float32) 9.96921e+36,
    (float32) 9.96921e+36,
    (float32) 9.96921e+36,
    (float32) 9.96921e+36,
    (float32) 9.96921e+36,
    (float32) 9.96921e+36,
    (float32) 9.96921e+36,
    (float32) 9.96921e+36,
    (float32) 9.96921e+36,
    (float32) 9.96921e+36,
    (float32) 9.96921e+36,
    (float32) 9.96921e+36,
    (float32) 9.96921e+36,
    (float32) 9.96921e+36,
    (float32) 9.96921e+36,
    (float32) 9.96921e+36,
    (float32) 9.96921e+36,
    (float32) 9.96921e+36,
    (float32) 9.96921e+36,
    (float32) 9.96921e+36,
    (float32) 9.96921e+36,
    (float32) 9.96921e+36,
    (float32) 9.96921e+36,
    (float32) 9.96921e+36,
    (float32) 9.96921e+36,
    (float32) 9.96921e+36,
    (float32) 9.96921e+36,
    (float32) 9.96921e+36,
    (float32) 9.96921e+36,
    (float32) 9.96921e+36,
    (float32) 9.96921e+36,
    (float32) 9.96921e+36,
    (float32) 9.96921e+36,
    (float32) 9.96921e+36,
    (float32) 9.96921e+36,
    (float32) 9.96921e+36,
    (float32) 9.96921e+36,
    (float32) 9.96921e+36,
    (float32) 9.96921e+36,
    (float32) 9.96921e+36,
    (float32) 9.96921e+36,
    (float32) 9.96921e+36,
    (float32) 9.96921e+36,
    (float32) 9.96921e+36,
    (float32) 9.96921e+36,
    (float32) 9.96921e+36,
    (float32) 9.96921e+36,
    (float32) 9.96921e+36,
    (float32) 9.96921e+36,
    (float32) 9.96921e+36,
    (float32) 9.96921e+36,
    (float32) 9.96921e+36,
    (float32) 9.96921e+36,
    (float32) 9.96921e+36,
    (float32) 9.96921e+36,
    (float32) 9.96921e+36,
    (float32) 9.96921e+36,
    (float32) 9.96921e+36,
    (float32) 9.96921e+36,
    (float32) 9.96921e+36,
    (float32) 9.96921e+36,
    (float32) 9.96921e+36,
    (float32) 9.96921e+36,
    (float32) 9.96921e+36,
    (float32) 9.96921e+36,
    (float32) 9.96921e+36,
    (float32) 9.96921e+36,
    (float32) 9.96921e+36,
    (float32) 9.96921e+36,
    (float32) 9.96921e+36,
    (float32) 9.96921e+36,
    (float32) 9.96921e+36,
    (float32) 9.96921e+36,
    (float32) 9.96921e+36,
    (float32) 9.96921e+36,
    (float32) 9.96921e+36,
    (float32) 9.96921e+36,
    (float32) 9.96921e+36,
    (float32) 9.96921e+36,
    (float32) 9.96921e+36,
    (float32) 9.96921e+36,
    (float32) 9.96921e+36,
    (float32) 9.96921e+36,
    (float32) 9.96921e+36,
    (float32) 9.96921e+36,
    (float32) 9.96921e+36,
    (float32) 9.96921e+36,
    (float32) 9.96921e+36,
    (float32) 9.96921e+36,
    (float32) 9.96921e+36,
    (float32) 9.96921e+36,
    (float32) 9.96921e+36,
    (float32) 9.96921e+36,
    (float32) 9.96921e+36,
    (float32) 9.96921e+36,
    (float32) 9.96921e+36,
    (float32) 9.96921e+36,
    (float32) 9.96921e+36,
    (float32) 9.96921e+36,
    (float32) 9.96921e+36,
    (float32) 9.96921e+36,
    (float32) 9.96921e+36,
    (float32) 9.96921e+36,
    (float32) 9.96921e+36,
    (float32) 9.96921e+36,
    (float32) 9.96921e+36,
    (float32) 9.96921e+36,
    (float32) 9.96921e+36,
    (float32) 9.96921e+36,
    (float32) 9.96921e+36,
    (float32) 9.96921e+36,
    (float32) 9.96921e+36,
    (float32) 9.96921e+36,
    (float32) 9.96921e+36,
    (float32) 9.96921e+36,
    (float32) 9.96921e+36,
    (float32) 9.96921e+36,
    (float32) 9.96921e+36,
    (float32) 9.96921e+36,
    (float32) 9.96921e+36,
    (float32) 9.96921e+36,
    (float32) 9.96921e+36,
    (float32) 9.96921e+36,
    (float32) 9.96921e+36,
    (float32) 9.96921e+36,
    (float32) 9.96921e+36,
    (float32) 9.96921e+36,
    (float32) 9.96921e+36,
    (float32) 9.96921e+36,
    (float32) 9.96921e+36,
    (float32) 9.96921e+36,
    (float32) 9.96921e+36,
    (float32) 9.96921e+36,
    (float32) 9.96921e+36,
    (float32) 9.96921e+36,
    (float32) 9.96921e+36,
    (float32) 9.96921e+36,
    (float32) 9.96921e+36,
    (float32) 9.96921e+36,
    (float32) 9.96921e+36,
    (float32) 9.96921e+36,
    (float32) 9.96921e+36,
    (float32) 9.96921e+36,
    (float32) 9.96921e+36,
    (float32) 9.96921e+36,
    (float32) 9.96921e+36,
    (float32) 9.96921e+36,
    (float32) 9.96921e+36,
    (float32) 9.96921e+36,
    (float32) 9.96921e+36,
    (float32) 9.96921e+36,
    (float32) 9.96921e+36,
    (float32) 9.96921e+36,
    (float32) 9.96921e+36,
    (float32) 9.96921e+36,
    (float32) 9.96921e+36,
    (float32) 9.96921e+36,
    (float32) 9.96921e+36,
    (float32) 9.96921e+36,
    (float32) 9.96921e+36,
    (float32) 9.96921e+36,
    (float32) 9.96921e+36,
    (float32) 9.96921e+36,
    (float32) 9.96921e+36,
    (float32) 9.96921e+36,
    (float32) 9.96921e+36,
    (float32) 9.96921e+36,
    (float32) 9.96921e+36,
    (float32) 9.96921e+36,
    (float32) 9.96921e+36,
    (float32) 9.96921e+36,
    (float32) 9.96921e+36,
    (float32) 9.96921e+36,
    (float32) 9.96921e+36,
    (float32) 9.96921e+36,
    (float32) 9.96921e+36,
    (float32) 9.96921e+36,
    (float32) 9.96921e+36,
    (float32) 9.96921e+36,
    (float32) 9.96921e+36,
    (float32) 9.96921e+36,
    (float32) 9.96921e+36,
    (float32) 9.96921e+36,
    (float32) 9.96921e+36,
    (float32) 9.96921e+36,
    (float32) 9.96921e+36,
    (float32) 9.96921e+36,
    (float32) 9.96921e+36,
    (float32) 9.96921e+36,
    (float32) 9.96921e+36,
    (float32) 9.96921e+36,
    (float32) 9.96921e+36,
    (float32) 9.96921e+36,
    (float32) 9.96921e+36,
    (float32) 9.96921e+36,
    (float32) 9.96921e+36,
    (float32) 9.96921e+36,
    (float32) 9.96921e+36,
    (float32) 9.96921e+36,
    (float32) 9.96921e+36,
    (float32) 9.96921e+36,
    (float32) 9.96921e+36,
    (float32) 9.96921e+36,
    (float32) 9.96921e+36,
    (float32) 9.96921e+36,
    (float32) 9.96921e+36,
    (float32) 9.96921e+36,
    (float32) 9.96921e+36,
    (float32) 9.96921e+36,
    (float32) 9.96921e+36,
    (float32) 9.96921e+36,
    (float32) 9.96921e+36,
    (float32) 9.96921e+36,
    (float32) 9.96921e+36,
    (float32) 9.96921e+36,
    (float32) 9.96921e+36,
    (float32) 9.96921e+36,
    (float32) 9.96921e+36,
    (float32) 9.96921e+36,
    (float32) 9.96921e+36,
    (float32) 9.96921e+36,
    (float32) 9.96921e+36,
    (float32) 9.96921e+36,
    (float32) 9.96921e+36,
    (float32) 9.96921e+36,
    (float32) 9.96921e+36,
    (float32) 9.96921e+36,
    (float32) 9.96921e+36,
    (float32) 9.96921e+36,
    (float32) 9.96921e+36,
    (float32) 9.96921e+36,
    (float32) 9.96921e+36,
    (float32) 9.96921e+36,
    (float32) 9.96921e+36,
    (float32) 9.96921e+36,
    (float32) 9.96921e+36,
    (float32) 9.96921e+36,
    (float32) 9.96921e+36,
    (float32) 9.96921e+36,
    (float32) 9.96921e+36,
    (float32) 9.96921e+36,
    (float32) 9.96921e+36,
    (float32) 9.96921e+36,
    (float32) 9.96921e+36,
    (float32) 9.96921e+36,
    (float32) 9.96921e+36,
    (float32) 9.96921e+36,
    (float32) 9.96921e+36,
    (float32) 9.96921e+36,
    (float32) 9.96921e+36,
    (float32) 9.96921e+36,
    (float32) 9.96921e+36,
    (float32) 9.96921e+36,
    (float32) 9.96921e+36,
    (float32) 9.96921e+36,
    (float32) 9.96921e+36,
    (float32) 9.96921e+36,
    (float32) 9.96921e+36,
    (float32) 9.96921e+36,
    (float32) 9.96921e+36,
    (float32) 9.96921e+36,
    (float32) 9.96921e+36,
    (float32) 9.96921e+36,
    (float32) 9.96921e+36,
    (float32) 9.96921e+36,
    (float32) 9.96921e+36,
    (float32) 9.96921e+36,
    (float32) 9.96921e+36,
    (float32) 9.96921e+36,
    (float32) 9.96921e+36,
    (float32) 9.96921e+36,
    (float32) 9.96921e+36,
    (float32) 9.96921e+36,
    (float32) 9.96921e+36,
    (float32) 9.96921e+36,
    (float32) 9.96921e+36,
    (float32) 9.96921e+36,
    (float32) 9.96921e+36,
    (float32) 9.96921e+36,
    (float32) 9.96921e+36,
    (float32) 9.96921e+36,
    (float32) 9.96921e+36
   },
   ([]float32) (len=360 cap=360) {
    (float32) 9.96921e+36,
    (float32) 9.96921e+36,
    (float32) 9.96921e+36,
    (float32) 9.96921e+36,
    (float32) 9.96921e+36,
    (float32) 9.96921e+36,
    (float32) 9.96921e+36,
    (float32) 9.96921e+36,
    (float32) 9.96921e+36,
    (float32) 9.96921e+36,
    (float32) 9.96921e+36,
    (float32) 9.96921e+36,
    (float32) 9.96921e+36,
    (float32) 9.96921e+36,
    (float32) 9.96921e+36,
    (float32) 9.96921e+36,
    (float32) 9.96921e+36,
    (float32) 9.96921e+36,
    (float32) 9.96921e+36,
    (float32) 9.96921e+36,
    (float32) 9.96921e+36,
    (float32) 9.96921e+36,
    (float32) 9.96921e+36,
    (float32) 9.96921e+36,
    (float32) 9.96921e+36,
    (float32) 9.96921e+36,
    (float32) 9.96921e+36,
    (float32) 9.96921e+36,
    (float32) 9.96921e+36,
    (float32) 9.96921e+36,
    (float32) 9.96921e+36,
    (float32) 9.96921e+36,
    (float32) 9.96921e+36,
    (float32) 9.96921e+36,
    (float32) 9.96921e+36,
    (float32) 9.96921e+36,
    (float32) 9.96921e+36,
    (float32) 9.96921e+36,
    (float32) 9.96921e+36,
    (float32) 9.96921e+36,
    (float32) 9.96921e+36,
    (float32) 9.96921e+36,
    (float32) 9.96921e+36,
    (float32) 9.96921e+36,
    (float32) 9.96921e+36,
    (float32) 9.96921e+36,
    (float32) 9.96921e+36,
    (float32) 9.96921e+36,
    (float32) 9.96921e+36,
    (float32) 9.96921e+36,
    (float32) 9.96921e+36,
    (float32) 9.96921e+36,
    (float32) 9.96921e+36,
    (float32) 9.96921e+36,
    (float32) 9.96921e+36,
    (float32) 9.96921e+36,
    (float32) 9.96921e+36,
    (float32) 9.96921e+36,
    (float32) 9.96921e+36,
    (float32) 9.96921e+36,
    (float32) 9.96921e+36,
    (float32) 9.96921e+36,
    (float32) 9.96921e+36,
    (float32) 9.96921e+36,
    (float32) 9.96921e+36,
    (float32) 9.96921e+36,
    (float32) 9.96921e+36,
    (float32) 9.96921e+36,
    (float32) 9.96921e+36,
    (float32) 9.96921e+36,
    (float32) 9.96921e+36,
    (float32) 9.96921e+36,
    (float32) 9.96921e+36,
    (float32) 9.96921e+36,
    (float32) 9.96921e+36,
    (float32) 9.96921e+36,
    (float32) 9.96921e+36,
    (float32) 9.96921e+36,
    (float32) 9.96921e+36,
    (float32) 9.96921e+36,
    (float32) 9.96921e+36,
    (float32) 9.96921e+36,
    (float32) 9.96921e+36,
    (float32) 9.96921e+36,
    (float32) 9.96921e+36,
    (float32) 9.96921e+36,
    (float32) 9.96921e+36,
    (float32) 9.96921e+36,
    (float32) 9.96921e+36,
    (float32) 9.96921e+36,
    (float32) 9.96921e+36,
    (float32) 9.96921e+36,
    (float32) 9.96921e+36,
    (float32) 9.96921e+36,
    (float32) 9.96921e+36,
    (float32) 9.96921e+36,
    (float32) 9.96921e+36,
    (float32) 9.96921e+36,
    (float32) 9.96921e+36,
    (float32) 9.96921e+36,
    (float32) 9.96921e+36,
    (float32) 9.96921e+36,
    (float32) 9.96921e+36,
    (float32) 9.96921e+36,
    (float32) 9.96921e+36,
    (float32) 9.96921e+36,
    (float32) 9.96921e+36,
    (float32) 9.96921e+36,
    (float32) 9.96921e+36,
    (float32) 9.96921e+36,
    (float32) 9.96921e+36,
    (float32) 9.96921e+36,
    (float32) 9.96921e+36,
    (float32) 9.96921e+36,
    (float32) 9.96921e+36,
    (float32) 9.96921e+36,
    (float32) 9.96921e+36,
    (float32) 9.96921e+36,
    (float32) 9.96921e+36,
    (float32) 9.96921e+36,
    (float32) 9.96921e+36,
    (float32) 9.96921e+36,
    (float32) 9.96921e+36,
    (float32) 9.96921e+36,
    (float32) 9.96921e+36,
    (float32) 9.96921e+36,
    (float32) 9.96921e+36,
    (float32) 9.96921e+36,
    (float32) 9.96921e+36,
    (float32) 9.96921e+36,
    (float32) 9.96921e+36,
    (float32) 9.96921e+36,
    (float32) 9.96921e+36,
    (float32) 9.96921e+36,
    (float32) 9.96921e+36,
    (float32) 9.96921e+36,
    (float32) 9.96921e+36,
    (float32) 9.96921e+36,
    (float32) 9.96921e+36,
    (float32) 9.96921e+36,
    (float32) 9.96921e+36,
    (float32) 9.96921e+36,
    (float32) 9.96921e+36,
    (float32) 9.96921e+36,
    (float32) 9.96921e+36,
    (float32) 9.96921e+36,
    (float32) 9.96921e+36,
    (float32) 9.96921e+36,
    (float32) 9.96921e+36,
    (float32) 9.96921e+36,
    (float32) 9.96921e+36,
    (float32) 9.96921e+36,
    (float32) 9.96921e+36,
    (float32) 9.96921e+36,
    (float32) 9.96921e+36,
    (float32) 9.96921e+36,
    (float32) 9.96921e+36,
    (float32) 9.96921e+36,
    (float32) 9.96921e+36,
    (float32) 9.96921e+36,
    (float32) 9.96921e+36,
    (float32) 9.96921e+36,
    (float32) 9.96921e+36,
    (float32) 9.96921e+36,
    (float32) 9.96921e+36,
    (float32) 9.96921e+36,
    (float32) 9.96921e+36,
    (float32) 9.96921e+36,
    (float32) 9.96921e+36,
    (float32) 9.96921e+36,
    (float32) 9.96921e+36,
    (float32) 9.96921e+36,
    (float32) 9.96921e+36,
    (float32) 9.96921e+36,
    (float32) 9.96921e+36,
    (float32) 9.96921e+36,
    (float32) 9.96921e+36,
    (float32) 9.96921e+36,
    (float32) 9.96921e+36,
    (float32) 9.96921e+36,
    (float32) 9.96921e+36,
    (float32) 9.96921e+36,
    (float32) 9.96921e+36,
    (float32) 9.96921e+36,
    (float32) 9.96921e+36,
    (float32) 9.96921e+36,
    (float32) 9.96921e+36,
    (float32) 9.96921e+36,
    (float32) 9.96921e+36,
    (float32) 9.96921e+36,
    (float32) 9.96921e+36,
    (float32) 9.96921e+36,
    (float32) 9.96921e+36,
    (float32) 9.96921e+36,
    (float32) 9.96921e+36,
    (float32) 9.96921e+36,
    (float32) 9.96921e+36,
    (float32) 9.96921e+36,
    (float32) 9.96921e+36,
    (float32) 9.96921e+36,
    (float32) 9.96921e+36,
    (float32) 9.96921e+36,
    (float32) 9.96921e+36,
    (float32) 9.96921e+36,
    (float32) 9.96921e+36,
    (float32) 9.96921e+36,
    (float32) 9.96921e+36,
    (float32) 9.96921e+36,
    (float32) 9.96921e+36,
    (float32) 9.96921e+36,
    (float32) 9.96921e+36,
    (float32) 9.96921e+36,
    (float32) 9.96921e+36,
    (float32) 9.96921e+36,
    (float32) 9.96921e+36,
    (float32) 9.96921e+36,
    (float32) 9.96921e+36,
    (float32) 9.96921e+36,
    (float32) 9.96921e+36,
    (float32) 9.96921e+36,
    (float32) 9.96921e+36,
    (float32) 9.96921e+36,
    (float32) 9.96921e+36,
    (float32) 9.96921e+36,
    (float32) 9.96921e+36,
    (float32) 9.96921e+36,
    (float32) 9.96921e+36,
    (float32) 9.96921e+36,
    (float32) 9.96921e+36,
    (float32) 9.96921e+36,
    (float32) 9.96921e+36,
    (float32) 9.96921e+36,
    (float32) 9.96921e+36,
    (float32) 9.96921e+36,
    (float32) 9.96921e+36,
    (float32) 9.96921e+36,
    (float32) 9.96921e+36,
    (float32) 9.96921e+36,
    (float32) 9.96921e+36,
    (float32) 9.96921e+36,
    (float32) 9.96921e+36,
    (float32) 9.96921e+36,
    (float32) 9.96921e+36,
    (float32) 9.96921e+36,
    (float32) 9.96921e+36,
    (float32) 9.96921e+36,
    (float32) 9.96921e+36,
    (float32) 9.96921e+36,
    (float32) 9.96921e+36,
    (float32) 9.96921e+36,
    (float32) 9.96921e+36,
    (float32) 9.96921e+36,
    (float32) 9.96921e+36,
    (float32) 9.96921e+36,
    (float32) 9.96921e+36,
    (float32) 9.96921e+36,
    (float32) 9.96921e+36,
    (float32) 9.96921e+36,
    (float32) 9.96921e+36,
    (float32) 9.96921e+36,
    (float32) 9.96921e+36,
    (float32) 9.96921e+36,
    (float32) 9.96921e+36,
    (float32) 9.96921e+36,
    (float32) 9.96921e+36,
    (float32) 9.96921e+36,
    (float32) 9.96921e+36,
    (float32) 9.96921e+36,
    (float32) 9.96921e+36,
    (float32) 9.96921e+36,
    (float32) 9.96921e+36,
    (float32) 9.96921e+36,
    (float32) 9.96921e+36,
    (float32) 9.96921e+36,
    (float32) 9.96921e+36,
    (float32) 9.96921e+36,
    (float32) 9.96921e+36,
    (float32) 9.96921e+36,
    (float32) 9.96921e+36,
    (float32) 9.96921e+36,
    (float32) 9.96921e+36,
    (float32) 9.96921e+36,
    (float32) 9.96921e+36,
    (float32) 9.96921e+36,
    (float32) 9.96921e+36,
    (float32) 9.96921e+36,
    (float32) 9.96921e+36,
    (float32) 9.96921e+36,
    (float32) 9.96921e+36,
    (float32) 9.96921e+36,
    (float32) 9.96921e+36,
    (float32) 9.96921e+36,
    (float32) 9.96921e+36,
    (float32) 9.96921e+36,
    (float32) 9.96921e+36,
    (float32) 9.96921e+36,
    (float32) 9.96921e+36,
    (float32) 9.96921e+36,
    (float32) 9.96921e+36,
    (float32) 9.96921e+36,
    (float32) 9.96921e+36,
    (float32) 9.96921e+36,
    (float32) 9.96921e+36,
    (float32) 9.96921e+36,
    (float32) 9.96921e+36,
    (float32) 9.96921e+36,
    (float32) 9.96921e+36,
    (float32) 9.96921e+36,
    (float32) 9.96921e+36,
    (float32) 9.96921e+36,
    (float32) 9.96921e+36,
    (float32) 9.96921e+36,
    (float32) 9.96921e+36,
    (float32) 9.96921e+36,
    (float32) 9.96921e+36,
    (float32) 9.96921e+36,
    (float32) 9.96921e+36,
    (float32) 9.96921e+36,
    (float32) 9.96921e+36,
    (float32) 9.96921e+36,
    (float32) 9.96921e+36,
    (float32) 9.96921e+36,
    (float32) 9.96921e+36,
    (float32) 9.96921e+36,
    (float32) 9.96921e+36,
    (float32) 9.96921e+36,
    (float32) 9.96921e+36,
    (float32) 9.96921e+36,
    (float32) 9.96921e+36,
    (float32) 9.96921e+36,
    (float32) 9.96921e+36,
    (float32) 9.96921e+36,
    (float32) 9.96921e+36,
    (float32) 9.96921e+36,
    (float32) 9.96921e+36,
    (float32) 9.96921e+36,
    (float32) 9.96921e+36,
    (float32) 9.96921e+36,
    (float32) 9.96921e+36,
    (float32) 9.96921e+36,
    (float32) 9.96921e+36,
    (float32) 9.96921e+36,
    (float32) 9.96921e+36,
    (float32) 9.96921e+36,
    (float32) 9.96921e+36,
    (float32) 9.96921e+36,
    (float32) 9.96921e+36,
    (float32) 9.96921e+36,
    (float32) 9.96921e+36,
    (float32) 9.96921e+36,
    (float32) 9.96921e+36,
    (float32) 9.96921e+36,
    (float32) 9.96921e+36,
    (float32) 9.96921e+36,
    (float32) 9.96921e+36,
    (float32) 9.96921e+36,
    (float32) 9.96921e+36,
    (float32) 9.96921e+36,
    (float32) 9.96921e+36,
    (float32) 9.96921e+36
   },
   ([]float32) (len=360 cap=360) {
    (float32) 9.96921e+36,
    (float32) 9.96921e+36,
    (float32) 9.96921e+36,
    (float32) 9.96921e+36,
    (float32) 9.96921e+36,
    (float32) 9.96921e+36,
    (float32) 9.96921e+36,
    (float32) 9.96921e+36,
    (float32) 9.96921e+36,
    (float32) 9.96921e+36,
    (float32) 9.96921e+36,
    (float32) 9.96921e+36,
    (float32) 9.96921e+36,
    (float32) 9.96921e+36,
    (float32) 9.96921e+36,
    (float32) 9.96921e+36,
    (float32) 9.96921e+36,
    (float32) 9.96921e+36,
    (float32) 9.96921e+36,
    (float32) 9.96921e+36,
    (float32) 9.96921e+36,
    (float32) 9.96921e+36,
    (float32) 9.96921e+36,
    (float32) 9.96921e+36,
    (float32) 9.96921e+36,
    (float32) 9.96921e+36,
    (float32) 9.96921e+36,
    (float32) 9.96921e+36,
    (float32) 9.96921e+36,
    (float32) 9.96921e+36,
    (float32) 9.96921e+36,
    (float32) 9.96921e+36,
    (float32) 9.96921e+36,
    (float32) 9.96921e+36,
    (float32) 9.96921e+36,
    (float32) 9.96921e+36,
    (float32) 9.96921e+36,
    (float32) 9.96921e+36,
    (float32) 9.96921e+36,
    (float32) 9.96921e+36,
    (float32) 9.96921e+36,
    (float32) 9.96921e+36,
    (float32) 9.96921e+36,
    (float32) 9.96921e+36,
    (float32) 9.96921e+36,
    (float32) 9.96921e+36,
    (float32) 9.96921e+36,
    (float32) 9.96921e+36,
    (float32) 9.96921e+36,
    (float32) 9.96921e+36,
    (float32) 9.96921e+36,
    (float32) 9.96921e+36,
    (float32) 9.96921e+36,
    (float32) 9.96921e+36,
    (float32) 9.96921e+36,
    (float32) 9.96921e+36,
    (float32) 9.96921e+36,
    (float32) 9.96921e+36,
    (float32) 9.96921e+36,
    (float32) 9.96921e+36,
    (float32) 9.96921e+36,
    (float32) 9.96921e+36,
    (float32) 9.96921e+36,
    (float32) 9.96921e+36,
    (float32) 9.96921e+36,
    (float32) 9.96921e+36,
    (float32) 9.96921e+36,
    (float32) 9.96921e+36,
    (float32) 9.96921e+36,
    (float32) 9.96921e+36,
    (float32) 9.96921e+36,
    (float32) 9.96921e+36,
    (float32) 9.96921e+36,
    (float32) 9.96921e+36,
    (float32) 9.96921e+36,
    (float32) 9.96921e+36,
    (float32) 9.96921e+36,
    (float32) 9.96921e+36,
    (float32) 9.96921e+36,
    (float32) 9.96921e+36,
    (float32) 9.96921e+36,
    (float32) 9.96921e+36,
    (float32) 9.96921e+36,
    (float32) 9.96921e+36,
    (float32) 9.96921e+36,
    (float32) 9.96921e+36,
    (float32) 9.96921e+36,
    (float32) 9.96921e+36,
    (float32) 9.96921e+36,
    (float32) 9.96921e+36,
    (float32) 9.96921e+36,
    (float32) 9.96921e+36,
    (float32) 9.96921e+36,
    (float32) 9.96921e+36,
    (float32) 9.96921e+36,
    (float32) 9.96921e+36,
    (float32) 9.96921e+36,
    (float32) 9.96921e+36,
    (float32) 9.96921e+36,
    (float32) 9.96921e+36,
    (float32) 9.96921e+36,
    (float32) 9.96921e+36,
    (float32) 9.96921e+36,
    (float32) 9.96921e+36,
    (float32) 9.96921e+36,
    (float32) 9.96921e+36,
    (float32) 9.96921e+36,
    (float32) 9.96921e+36,
    (float32) 9.96921e+36,
    (float32) 9.96921e+36,
    (float32) 9.96921e+36,
    (float32) 9.96921e+36,
    (float32) 9.96921e+36,
    (float32) 9.96921e+36,
    (float32) 9.96921e+36,
    (float32) 9.96921e+36,
    (float32) 9.96921e+36,
    (float32) 9.96921e+36,
    (float32) 9.96921e+36,
    (float32) 9.96921e+36,
    (float32) 9.96921e+36,
    (float32) 9.96921e+36,
    (float32) 9.96921e+36,
    (float32) 9.96921e+36,
    (float32) 9.96921e+36,
    (float32) 9.96921e+36,
    (float32) 9.96921e+36,
    (float32) 9.96921e+36,
    (float32) 9.96921e+36,
    (float32) 9.96921e+36,
    (float32) 9.96921e+36,
    (float32) 9.96921e+36,
    (float32) 9.96921e+36,
    (float32) 9.96921e+36,
    (float32) 9.96921e+36,
    (float32) 9.96921e+36,
    (float32) 9.96921e+36,
    (float32) 9.96921e+36,
    (float32) 9.96921e+36,
    (float32) 9.96921e+36,
    (float32) 9.96921e+36,
    (float32) 9.96921e+36,
    (float32) 9.96921e+36,
    (float32) 9.96921e+36,
    (float32) 9.96921e+36,
    (float32) 9.96921e+36,
    (float32) 9.96921e+36,
    (float32) 9.96921e+36,
    (float32) 9.96921e+36,
    (float32) 9.96921e+36,
    (float32) 9.96921e+36,
    (float32) 9.96921e+36,
    (float32) 9.96921e+36,
    (float32) 9.96921e+36,
    (float32) 9.96921e+36,
    (float32) 9.96921e+36,
    (float32) 9.96921e+36,
    (float32) 9.96921e+36,
    (float32) 9.96921e+36,
    (float32) 9.96921e+36,
    (float32) 9.96921e+36,
    (float32) 9.96921e+36,
    (float32) 9.96921e+36,
    (float32) 9.96921e+36,
    (float32) 9.96921e+36,
    (float32) 9.96921e+36,
    (float32) 9.96921e+36,
    (float32) 9.96921e+36,
    (float32) 9.96921e+36,
    (float32) 9.96921e+36,
    (float32) 9.96921e+36,
    (float32) 9.96921e+36,
    (float32) 9.96921e+36,
    (float32) 9.96921e+36,
    (float32) 9.96921e+36,
    (float32) 9.96921e+36,
    (float32) 9.96921e+36,
    (float32) 9.96921e+36,
    (float32) 9.96921e+36,
    (float32) 9.96921e+36,
    (float32) 9.96921e+36,
    (float32) 9.96921e+36,
    (float32) 9.96921e+36,
    (float32) 9.96921e+36,
    (float32) 9.96921e+36,
    (float32) 9.96921e+36,
    (float32) 9.96921e+36,
    (float32) 9.96921e+36,
    (float32) 9.96921e+36,
    (float32) 9.96921e+36,
    (float32) 9.96921e+36,
    (float32) 9.96921e+36,
    (float32) 9.96921e+36,
    (float32) 9.96921e+36,
    (float32) 9.96921e+36,
    (float32) 9.96921e+36,
    (float32) 9.96921e+36,
    (float32) 9.96921e+36,
    (float32) 9.96921e+36,
    (float32) 9.96921e+36,
    (float32) 9.96921e+36,
    (float32) 9.96921e+36,
    (float32) 9.96921e+36,
    (float32) 9.96921e+36,
    (float32) 9.96921e+36,
    (float32) 9.96921e+36,
    (float32) 9.96921e+36,
    (float32) 9.96921e+36,
    (float32) 9.96921e+36,
    (float32) 9.96921e+36,
    (float32) 9.96921e+36,
    (float32) 9.96921e+36,
    (float32) 9.96921e+36,
    (float32) 9.96921e+36,
    (float32) 9.96921e+36,
    (float32) 9.96921e+36,
    (float32) 9.96921e+36,
    (float32) 9.96921e+36,
    (float32) 9.96921e+36,
    (float32) 9.96921e+36,
    (float32) 9.96921e+36,
    (float32) 9.96921e+36,
    (float32) 9.96921e+36,
    (float32) 9.96921e+36,
    (float32) 9.96921e+36,
    (float32) 9.96921e+36,
    (float32) 9.96921e+36,
    (float32) 9.96921e+36,
    (float32) 9.96921e+36,
    (float32) 9.96921e+36,
    (float32) 9.96921e+36,
    (float32) 9.96921e+36,
    (float32) 9.96921e+36,
    (float32) 9.96921e+36,
    (float32) 9.96921e+36,
    (float32) 9.96921e+36,
    (float32) 9.96921e+36,
    (float32) 9.96921e+36,
    (float32) 9.96921e+36,
    (float32) 9.96921e+36,
    (float32) 9.96921e+36,
    (float32) 9.96921e+36,
    (float32) 9.96921e+36,
    (float32) 9.96921e+36,
    (float32) 9.96921e+36,
    (float32) 9.96921e+36,
    (float32) 9.96921e+36,
    (float32) 9.96921e+36,
    (float32) 9.96921e+36,
    (float32) 9.96921e+36,
    (float32) 9.96921e+36,
    (float32) 9.96921e+36,
    (float32) 9.96921e+36,
    (float32) 9.96921e+36,
    (float32) 9.96921e+36,
    (float32) 9.96921e+36,
    (float32) 9.96921e+36,
    (float32) 9.96921e+36,
    (float32) 9.96921e+36,
    (float32) 9.96921e+36,
    (float32) 9.96921e+36,
    (float32) 9.96921e+36,
    (float32) 9.96921e+36,
    (float32) 9.96921e+36,
    (float32) 9.96921e+36,
    (float32) 9.96921e+36,
    (float32) 9.96921e+36,
    (float32) 9.96921e+36,
    (float32) 9.96921e+36,
    (float32) 9.96921e+36,
    (float32) 9.96921e+36,
    (float32) 9.96921e+36,
    (float32) 9.96921e+36,
    (float32) 9.96921e+36,
    (float32) 9.96921e+36,
    (float32) 9.96921e+36,
    (float32) 9.96921e+36,
    (float32) 9.96921e+36,
    (float32) 9.96921e+36,
    (float32) 9.96921e+36,
    (float32) 9.96921e+36,
    (float32) 9.96921e+36,
    (float32) 9.96921e+36,
    (float32) 9.96921e+36,
    (float32) 9.96921e+36,
    (float32) 9.96921e+36,
    (float32) 9.96921e+36,
    (float32) 9.96921e+36,
    (float32) 9.96921e+36,
    (float32) 9.96921e+36,
    (float32) 9.96921e+36,
    (float32) 9.96921e+36,
    (float32) 9.96921e+36,
    (float32) 9.96921e+36,
    (float32) 9.96921e+36,
    (float32) 9.96921e+36,
    (float32) 9.96921e+36,
    (float32) 9.96921e+36,
    (float32) 9.96921e+36,
    (float32) 9.96921e+36,
    (float32) 9.96921e+36,
    (float32) 9.96921e+36,
    (float32) 9.96921e+36,
    (float32) 9.96921e+36,
    (float32) 9.96921e+36,
    (float32) 9.96921e+36,
    (float32) 9.96921e+36,
    (float32) 9.96921e+36,
    (float32) 9.96921e+36,
    (float32) 9.96921e+36,
    (float32) 9.96921e+36,
    (float32) 9.96921e+36,
    (float32) 9.96921e+36,
    (float32) 9.96921e+36,
    (float32) 9.96921e+36,
    (float32) 9.96921e+36,
    (float32) 9.96921e+36,
    (float32) 9.96921e+36,
    (float32) 9.96921e+36,
    (float32) 9.96921e+36,
    (float32) 9.96921e+36,
    (float32) 9.96921e+36,
    (float32) 9.96921e+36,
    (float32) 9.96921e+36,
    (float32) 9.96921e+36,
    (float32) 9.96921e+36,
    (float32) 9.96921e+36,
    (float32) 9.96921e+36,
    (float32) 9.96921e+36,
    (float32) 9.96921e+36,
    (float32) 9.96921e+36,
    (float32) 9.96921e+36,
    (float32) 9.96921e+36,
    (float32) 9.96921e+36,
    (float32) 9.96921e+36,
    (float32) 9.96921e+36,
    (float32) 9.96921e+36,
    (float32) 9.96921e+36,
    (float32) 9.96921e+36,
    (float32) 9.96921e+36,
    (float32) 9.96921e+36,
    (float32) 9.96921e+36,
    (float32) 9.96921e+36,
    (float32) 9.96921e+36,
    (float32) 9.96921e+36,
    (float32) 9.96921e+36,
    (float32) 9.96921e+36,
    (float32) 9.96921e+36,
    (float32) 9.96921e+36,
    (float32) 9.96921e+36,
    (float32) 9.96921e+36,
    (float32) 9.96921e+36,
    (float32) 9.96921e+36,
    (float32) 9.96921e+36,
    (float32) 9.96921e+36,
    (float32) 9.96921e+36,
    (float32) 9.96921e+36,
    (float32) 9.96921e+36,
    (float32) 9.96921e+36,
    (float32) 9.96921e+36
   },
   ([]float32) (len=360 cap=360) {
    (float32) 9.96921e+36,
    (float32) 9.96921e+36,
    (float32) 9.96921e+36,
    (float32) 9.96921e+36,
    (float32) 9.96921e+36,
    (float32) 9.96921e+36,
    (float32) 9.96921e+36,
    (float32) 9.96921e+36,
    (float32) 9.96921e+36,
    (float32) 9.96921e+36,
    (float32) 9.96921e+36,
    (float32) 9.96921e+36,
    (float32) 9.96921e+36,
    (float32) 9.96921e+36,
    (float32) 9.96921e+36,
    (float32) 9.96921e+36,
    (float32) 9.96921e+36,
    (float32) 9.96921e+36,
    (float32) 9.96921e+36,
    (float32) 9.96921e+36,
    (float32) 9.96921e+36,
    (float32) 9.96921e+36,
    (float32) 9.96921e+36,
    (float32) 9.96921e+36,
    (float32) 9.96921e+36,
    (float32) 9.96921e+36,
    (float32) 9.96921e+36,
    (float32) 9.96921e+36,
    (float32) 9.96921e+36,
    (float32) 9.96921e+36,
    (float32) 9.96921e+36,
    (float32) 9.96921e+36,
    (float32) 9.96921e+36,
    (float32) 9.96921e+36,
    (float32) 9.96921e+36,
    (float32) 9.96921e+36,
    (float32) 9.96921e+36,
    (float32) 9.96921e+36,
    (float32) 9.96921e+36,
    (float32) 9.96921e+36,
    (float32) 9.96921e+36,
    (float32) 9.96921e+36,
    (float32) 9.96921e+36,
    (float32) 9.96921e+36,
    (float32) 9.96921e+36,
    (float32) 9.96921e+36,
    (float32) 9.96921e+36,
    (float32) 9.96921e+36,
    (float32) 9.96921e+36,
    (float32) 9.96921e+36,
    (float32) 9.96921e+36,
    (float32) 9.96921e+36,
    (float32) 9.96921e+36,
    (float32) 9.96921e+36,
    (float32) 9.96921e+36,
    (float32) 9.96921e+36,
    (float32) 9.96921e+36,
    (float32) 9.96921e+36,
    (float32) 9.96921e+36,
    (float32) 9.96921e+36,
    (float32) 9.96921e+36,
    (float32) 9.96921e+36,
    (float32) 9.96921e+36,
    (float32) 9.96921e+36,
    (float32) 9.96921e+36,
    (float32) 9.96921e+36,
    (float32) 9.96921e+36,
    (float32) 9.96921e+36,
    (float32) 9.96921e+36,
    (float32) 9.96921e+36,
    (float32) 9.96921e+36,
    (float32) 9.96921e+36,
    (float32) 9.96921e+36,
    (float32) 9.96921e+36,
    (float32) 9.96921e+36,
    (float32) 9.96921e+36,
    (float32) 9.96921e+36,
    (float32) 9.96921e+36,
    (float32) 9.96921e+36,
    (float32) 9.96921e+36,
    (float32) 9.96921e+36,
    (float32) 9.96921e+36,
    (float32) 9.96921e+36,
    (float32) 9.96921e+36,
    (float32) 9.96921e+36,
    (float32) 9.96921e+36,
    (float32) 9.96921e+36,
    (float32) 9.96921e+36,
    (float32) 9.96921e+36,
    (float32) 9.96921e+36,
    (float32) 9.96921e+36,
    (float32) 9.96921e+36,
    (float32) 9.96921e+36,
    (float32) 9.96921e+36,
    (float32) 9.96921e+36,
    (float32) 9.96921e+36,
    (float32) 9.96921e+36,
    (float32) 9.96921e+36,
    (float32) 9.96921e+36,
    (float32) 9.96921e+36,
    (float32) 9.96921e+36,
    (float32) 9.96921e+36,
    (float32) 9.96921e+36,
    (float32) 9.96921e+36,
    (float32) 9.96921e+36,
    (float32) 9.96921e+36,
    (float32) 9.96921e+36,
    (float32) 9.96921e+36,
    (float32) 9.96921e+36,
    (float32) 9.96921e+36,
    (float32) 9.96921e+36,
    (float32) 9.96921e+36,
    (float32) 9.96921e+36,
    (float32) 9.96921e+36,
    (float32) 9.96921e+36,
    (float32) 9.96921e+36,
    (float32) 9.96921e+36,
    (float32) 9.96921e+36,
    (float32) 9.96921e+36,
    (float32) 9.96921e+36,
    (float32) 9.96921e+36,
    (float32) 9.96921e+36,
    (float32) 9.96921e+36,
    (float32) 9.96921e+36,
    (float32) 9.96921e+36,
    (float32) 9.96921e+36,
    (float32) 9.96921e+36,
    (float32) 9.96921e+36,
    (float32) 9.96921e+36,
    (float32) 9.96921e+36,
    (float32) 9.96921e+36,
    (float32) 9.96921e+36,
    (float32) 9.96921e+36,
    (float32) 9.96921e+36,
    (float32) 9.96921e+36,
    (float32) 9.96921e+36,
    (float32) 9.96921e+36,
    (float32) 9.96921e+36,
    (float32) 9.96921e+36,
    (float32) 9.96921e+36,
    (float32) 9.96921e+36,
    (float32) 9.96921e+36,
    (float32) 9.96921e+36,
    (float32) 9.96921e+36,
    (float32) 9.96921e+36,
    (float32) 9.96921e+36,
    (float32) 9.96921e+36,
    (float32) 9.96921e+36,
    (float32) 9.96921e+36,
    (float32) 9.96921e+36,
    (float32) 9.96921e+36,
    (float32) 9.96921e+36,
    (float32) 9.96921e+36,
    (float32) 9.96921e+36,
    (float32) 9.96921e+36,
    (float32) 9.96921e+36,
    (float32) 9.96921e+36,
    (float32) 9.96921e+36,
    (float32) 9.96921e+36,
    (float32) 9.96921e+36,
    (float32) 9.96921e+36,
    (float32) 9.96921e+36,
    (float32) 9.96921e+36,
    (float32) 9.96921e+36,
    (float32) 9.96921e+36,
    (float32) 9.96921e+36,
    (float32) 9.96921e+36,
    (float32) 9.96921e+36,
    (float32) 9.96921e+36,
    (float32) 9.96921e+36,
    (float32) 9.96921e+36,
    (float32) 9.96921e+36,
    (float32) 9.96921e+36,
    (float32) 9.96921e+36,
    (float32) 9.96921e+36,
    (float32) 9.96921e+36,
    (float32) 9.96921e+36,
    (float32) 9.96921e+36,
    (float32) 9.96921e+36,
    (float32) 9.96921e+36,
    (float32) 9.96921e+36,
    (float32) 9.96921e+36,
    (float32) 9.96921e+36,
    (float32) 9.96921e+36,
    (float32) 9.96921e+36,
    (float32) 9.96921e+36,
    (float32) 9.96921e+36,
    (float32) 9.96921e+36,
    (float32) 9.96921e+36,
    (float32) 9.96921e+36,
    (float32) 9.96921e+36,
    (float32) 9.96921e+36,
    (float32) 9.96921e+36,
    (float32) 9.96921e+36,
    (float32) 9.96921e+36,
    (float32) 9.96921e+36,
    (float32) 9.96921e+36,
    (float32) 9.96921e+36,
    (float32) 9.96921e+36,
    (float32) 9.96921e+36,
    (float32) 9.96921e+36,
    (float32) 9.96921e+36,
    (float32) 9.96921e+36,
    (float32) 9.96921e+36,
    (float32) 9.96921e+36,
    (float32) 9.96921e+36,
    (float32) 9.96921e+36,
    (float32) 9.96921e+36,
    (float32) 9.96921e+36,
    (float32) 9.96921e+36,
    (float32) 9.96921e+36,
    (float32) 9.96921e+36,
    (float32) 9.96921e+36,
    (float32) 9.96921e+36,
    (float32) 9.96921e+36,
    (float32) 9.96921e+36,
    (float32) 9.96921e+36,
    (float32) 9.96921e+36,
    (float32) 9.96921e+36,
    (float32) 9.96921e+36,
    (float32) 9.96921e+36,
    (float32) 9.96921e+36,
    (float32) 9.96921e+36,
    (float32) 9.96921e+36,
    (float32) 9.96921e+36,
    (float32) 9.96921e+36,
    (float32) 9.96921e+36,
    (float32) 9.96921e+36,
    (float32) 9.96921e+36,
    (float32) 9.96921e+36,
    (float32) 9.96921e+36,
    (float32) 9.96921e+36,
    (float32) 9.96921e+36,
    (float32) 9.96921e+36,
    (float32) 9.96921e+36,
    (float32) 9.96921e+36,
    (float32) 9.96921e+36,
    (float32) 9.96921e+36,
    (float32) 9.96921e+36,
    (float32) 9.96921e+36,
    (float32) 9.96921e+36,
    (float32) 9.96921e+36,
    (float32) 9.96921e+36,
    (float32) 9.96921e+36,
    (float32) 9.96921e+36,
    (float32) 9.96921e+36,
    (float32) 9.96921e+36,
    (float32) 9.96921e+36,
    (float32) 9.96921e+36,
    (float32) 9.96921e+36,
    (float32) 9.96921e+36,
    (float32) 9.96921e+36,
    (float32) 9.96921e+36,
    (float32) 9.96921e+36,
    (float32) 9.96921e+36,
    (float32) 9.96921e+36,
    (float32) 9.96921e+36,
    (float32) 9.96921e+36,
    (float32) 9.96921e+36,
    (float32) 9.96921e+36,
    (float32) 9.96921e+36,
    (float32) 9.96921e+36,
    (float32) 9.96921e+36,
    (float32) 9.96921e+36,
    (float32) 9.96921e+36,
    (float32) 9.96921e+36,
    (float32) 9.96921e+36,
    (float32) 9.96921e+36,
    (float32) 9.96921e+36,
    (float32) 9.96921e+36,
    (float32) 9.96921e+36,
    (float32) 9.96921e+36,
    (float32) 9.96921e+36,
    (float32) 9.96921e+36,
    (float32) 9.96921e+36,
    (float32) 9.96921e+36,
    (float32) 9.96921e+36,
    (float32) 9.96921e+36,
    (float32) 9.96921e+36,
    (float32) 9.96921e+36,
    (float32) 9.96921e+36,
    (float32) 9.96921e+36,
    (float32) 9.96921e+36,
    (float32) 9.96921e+36,
    (float32) 9.96921e+36,
    (float32) 9.96921e+36,
    (float32) 9.96921e+36,
    (float32) 9.96921e+36,
    (float32) 9.96921e+36,
    (float32) 9.96921e+36,
    (float32) 9.96921e+36,
    (float32) 9.96921e+36,
    (float32) 9.96921e+36,
    (float32) 9.96921e+36,
    (float32) 9.96921e+36,
    (float32) 9.96921e+36,
    (float32) 9.96921e+36,
    (float32) 9.96921e+36,
    (float32) 9.96921e+36,
    (float32) 9.96921e+36,
    (float32) 9.96921e+36,
    (float32) 9.96921e+36,
    (float32) 9.96921e+36,
    (float32) 9.96921e+36,
    (float32) 9.96921e+36,
    (float32) 9.96921e+36,
    (float32) 9.96921e+36,
    (float32) 9.96921e+36,
    (float32) 9.96921e+36,
    (float32) 9.96921e+36,
    (float32) 9.96921e+36,
    (float32) 9.96921e+36,
    (float32) 9.96921e+36,
    (float32) 9.96921e+36,
    (float32) 9.96921e+36,
    (float32) 9.96921e+36,
    (float32) 9.96921e+36,
    (float32) 9.96921e+36,
    (float32) 9.96921e+36,
    (float32) 9.96921e+36,
    (float32) 9.96921e+36,
    (float32) 9.96921e+36,
    (float32) 9.96921e+36,
    (float32) 9.96921e+36,
    (float32) 9.96921e+36,
    (float32) 9.96921e+36,
    (float32) 9.96921e+36,
    (float32) 9.96921e+36,
    (float32) 9.96921e+36,
    (float32) 9.96921e+36,
    (float32) 9.96921e+36,
    (float32) 9.96921e+36,
    (float32) 9.96921e+36,
    (float32) 9.96921e+36,
    (float32) 9.96921e+36,
    (float32) 9.96921e+36,
    (float32) 9.96921e+36,
    (float32) 9.96921e+36,
    (float32) 9.96921e+36,
    (float32) 9.96921e+36,
    (float32) 9.96921e+36,
    (float32) 9.96921e+36,
    (float32) 9.96921e+36,
    (float32) 9.96921e+36,
    (float32) 9.96921e+36,
    (float32) 9.96921e+36,
    (float32) 9.96921e+36,
    (float32) 9.96921e+36,
    (float32) 9.96921e+36,
    (float32) 9.96921e+36,
    (float32) 9.96921e+36,
    (float32) 9.96921e+36,
    (float32) 9.96921e+36,
    (float32) 9.96921e+36,
    (float32) 9.96921e+36,
    (float32) 9.96921e+36,
    (float32) 9.96921e+36,
    (float32) 9.96921e+36,
    (float32) 9.96921e+36,
    (float32) 9.96921e+36
   },
   ([]float32) (len=360 cap=360) {
    (float32) 9.96921e+36,
    (float32) 9.96921e+36,
    (float32) 9.96921e+36,
    (float32) 9.96921e+36,
    (float32) 9.96921e+36,
    (float32) 9.96921e+36,
    (float32) 9.96921e+36,
    (float32) 9.96921e+36,
    (float32) 9.96921e+36,
    (float32) 9.96921e+36,
    (float32) 9.96921e+36,
    (float32) 9.96921e+36,
    (float32) 9.96921e+36,
    (float32) 9.96921e+36,
    (float32) 9.96921e+36,
    (float32) 9.96921e+36,
    (float32) 9.96921e+36,
    (float32) 9.96921e+36,
    (float32) 9.96921e+36,
    (float32) 9.96921e+36,
    (float32) 9.96921e+36,
    (float32) 9.96921e+36,
    (float32) 9.96921e+36,
    (float32) 9.96921e+36,
    (float32) 9.96921e+36,
    (float32) 9.96921e+36,
    (float32) 9.96921e+36,
    (float32) 9.96921e+36,
    (float32) 9.96921e+36,
    (float32) 9.96921e+36,
    (float32) 9.96921e+36,
    (float32) 9.96921e+36,
    (float32) 9.96921e+36,
    (float32) 9.96921e+36,
    (float32) 9.96921e+36,
    (float32) 9.96921e+36,
    (float32) 9.96921e+36,
    (float32) 9.96921e+36,
    (float32) 9.96921e+36,
    (float32) 9.96921e+36,
    (float32) 9.96921e+36,
    (float32) 9.96921e+36,
    (float32) 9.96921e+36,
    (float32) 9.96921e+36,
    (float32) 9.96921e+36,
    (float32) 9.96921e+36,
    (float32) 9.96921e+36,
    (float32) 9.96921e+36,
    (float32) 9.96921e+36,
    (float32) 9.96921e+36,
    (float32) 9.96921e+36,
    (float32) 9.96921e+36,
    (float32) 9.96921e+36,
    (float32) 9.96921e+36,
    (float32) 9.96921e+36,
    (float32) 9.96921e+36,
    (float32) 9.96921e+36,
    (float32) 9.96921e+36,
    (float32) 9.96921e+36,
    (float32) 9.96921e+36,
    (float32) 9.96921e+36,
    (float32) 9.96921e+36,
    (float32) 9.96921e+36,
    (float32) 9.96921e+36,
    (float32) 9.96921e+36,
    (float32) 9.96921e+36,
    (float32) 9.96921e+36,
    (float32) 9.96921e+36,
    (float32) 9.96921e+36,
    (float32) 9.96921e+36,
    (float32) 9.96921e+36,
    (float32) 9.96921e+36,
    (float32) 9.96921e+36,
    (float32) 9.96921e+36,
    (float32) 9.96921e+36,
    (float32) 9.96921e+36,
    (float32) 9.96921e+36,
    (float32) 9.96921e+36,
    (float32) 9.96921e+36,
    (float32) 9.96921e+36,
    (float32) 9.96921e+36,
    (float32) 9.96921e+36,
    (float32) 9.96921e+36,
    (float32) 9.96921e+36,
    (float32) 9.96921e+36,
    (float32) 9.96921e+36,
    (float32) 9.96921e+36,
    (float32) 9.96921e+36,
    (float32) 9.96921e+36,
    (float32) 9.96921e+36,
    (float32) 9.96921e+36,
    (float32) 9.96921e+36,
    (float32) 9.96921e+36,
    (float32) 9.96921e+36,
    (float32) 9.96921e+36,
    (float32) 9.96921e+36,
    (float32) 9.96921e+36,
    (float32) 9.96921e+36,
    (float32) 9.96921e+36,
    (float32) 9.96921e+36,
    (float32) 9.96921e+36,
    (float32) 9.96921e+36,
    (float32) 9.96921e+36,
    (float32) 9.96921e+36,
    (float32) 9.96921e+36,
    (float32) 9.96921e+36,
    (float32) 9.96921e+36,
    (float32) 9.96921e+36,
    (float32) 9.96921e+36,
    (float32) 9.96921e+36,
    (float32) 9.96921e+36,
    (float32) 9.96921e+36,
    (float32) 9.96921e+36,
    (float32) 9.96921e+36,
    (float32) 9.96921e+36,
    (float32) 9.96921e+36,
    (float32) 9.96921e+36,
    (float32) 9.96921e+36,
    (float32) 9.96921e+36,
    (float32) 9.96921e+36,
    (float32) 9.96921e+36,
    (float32) 9.96921e+36,
    (float32) 9.96921e+36,
    (float32) 9.96921e+36,
    (float32) 9.96921e+36,
    (float32) 9.96921e+36,
    (float32) 9.96921e+36,
    (float32) 9.96921e+36,
    (float32) 9.96921e+36,
    (float32) 9.96921e+36,
    (float32) 9.96921e+36,
    (float32) 9.96921e+36,
    (float32) 9.96921e+36,
    (float32) 9.96921e+36,
    (float32) 9.96921e+36,
    (float32) 9.96921e+36,
    (float32) 9.96921e+36,
    (float32) 9.96921e+36,
    (float32) 9.96921e+36,
    (float32) 9.96921e+36,
    (float32) 9.96921e+36,
    (float32) 9.96921e+36,
    (float32) 9.96921e+36,
    (float32) 9.96921e+36,
    (float32) 9.96921e+36,
    (float32) 9.96921e+36,
    (float32) 9.96921e+36,
    (float32) 9.96921e+36,
    (float32) 9.96921e+36,
    (float32) 9.96921e+36,
    (float32) 9.96921e+36,
    (float32) 9.96921e+36,
    (float32) 9.96921e+36,
    (float32) 9.96921e+36,
    (float32) 9.96921e+36,
    (float32) 9.96921e+36,
    (float32) 9.96921e+36,
    (float32) 9.96921e+36,
    (float32) 9.96921e+36,
    (float32) 9.96921e+36,
    (float32) 9.96921e+36,
    (float32) 9.96921e+36,
    (float32) 9.96921e+36,
    (float32) 9.96921e+36,
    (float32) 9.96921e+36,
    (float32) 9.96921e+36,
    (float32) 9.96921e+36,
    (float32) 9.96921e+36,
    (float32) 9.96921e+36,
    (float32) 9.96921e+36,
    (float32) 9.96921e+36,
    (float32) 9.96921e+36,
    (float32) 9.96921e+36,
    (float32) 9.96921e+36,
    (float32) 9.96921e+36,
    (float32) 9.96921e+36,
    (float32) 9.96921e+36,
    (float32) 9.96921e+36,
    (float32) 9.96921e+36,
    (float32) 9.96921e+36,
    (float32) 9.96921e+36,
    (float32) 9.96921e+36,
    (float32) 9.96921e+36,
    (float32) 9.96921e+36,
    (float32) 9.96921e+36,
    (float32) 9.96921e+36,
    (float32) 9.96921e+36,
    (float32) 9.96921e+36,
    (float32) 9.96921e+36,
    (float32) 9.96921e+36,
    (float32) 9.96921e+36,
    (float32) 9.96921e+36,
    (float32) 9.96921e+36,
    (float32) 9.96921e+36,
    (float32) 9.96921e+36,
    (float32) 9.96921e+36,
    (float32) 9.96921e+36,
    (float32) 9.96921e+36,
    (float32) 9.96921e+36,
    (float32) 9.96921e+36,
    (float32) 9.96921e+36,
    (float32) 9.96921e+36,
    (float32) 9.96921e+36,
    (float32) 9.96921e+36,
    (float32) 9.96921e+36,
    (float32) 9.96921e+36,
    (float32) 9.96921e+36,
    (float32) 9.96921e+36,
    (float32) 9.96921e+36,
    (float32) 9.96921e+36,
    (float32) 9.96921e+36,
    (float32) 9.96921e+36,
    (float32) 9.96921e+36,
    (float32) 9.96921e+36,
    (float32) 9.96921e+36,
    (float32) 9.96921e+36,
    (float32) 9.96921e+36,
    (float32) 9.96921e+36,
    (float32) 9.96921e+36,
    (float32) 9.96921e+36,
    (float32) 9.96921e+36,
    (float32) 9.96921e+36,
    (float32) 9.96921e+36,
    (float32) 9.96921e+36,
    (float32) 9.96921e+36,
    (float32) 9.96921e+36,
    (float32) 9.96921e+36,
    (float32) 9.96921e+36,
    (float32) 9.96921e+36,
    (float32) 9.96921e+36,
    (float32) 9.96921e+36,
    (float32) 9.96921e+36,
    (float32) 9.96921e+36,
    (float32) 9.96921e+36,
    (float32) 9.96921e+36,
    (float32) 9.96921e+36,
    (float32) 9.96921e+36,
    (float32) 9.96921e+36,
    (float32) 9.96921e+36,
    (float32) 9.96921e+36,
    (float32) 9.96921e+36,
    (float32) 9.96921e+36,
    (float32) 9.96921e+36,
    (float32) 9.96921e+36,
    (float32) 9.96921e+36,
    (float32) 9.96921e+36,
    (float32) 9.96921e+36,
    (float32) 9.96921e+36,
    (float32) 9.96921e+36,
    (float32) 9.96921e+36,
    (float32) 9.96921e+36,
    (float32) 9.96921e+36,
    (float32) 9.96921e+36,
    (float32) 9.96921e+36,
    (float32) 9.96921e+36,
    (float32) 9.96921e+36,
    (float32) 9.96921e+36,
    (float32) 9.96921e+36,
    (float32) 9.96921e+36,
    (float32) 9.96921e+36,
    (float32) 9.96921e+36,
    (float32) 9.96921e+36,
    (float32) 9.96921e+36,
    (float32) 9.96921e+36,
    (float32) 9.96921e+36,
    (float32) 9.96921e+36,
    (float32) 9.96921e+36,
    (float32) 9.96921e+36,
    (float32) 9.96921e+36,
    (float32) 9.96921e+36,
    (float32) 9.96921e+36,
    (float32) 9.96921e+36,
    (float32) 9.96921e+36,
    (float32) 9.96921e+36,
    (float32) 9.96921e+36,
    (float32) 9.96921e+36,
    (float32) 9.96921e+36,
    (float32) 9.96921e+36,
    (float32) 9.96921e+36,
    (float32) 9.96921e+36,
    (float32) 9.96921e+36,
    (float32) 9.96921e+36,
    (float32) 9.96921e+36,
    (float32) 9.96921e+36,
    (float32) 9.96921e+36,
    (float32) 9.96921e+36,
    (float32) 9.96921e+36,
    (float32) 9.96921e+36,
    (float32) 9.96921e+36,
    (float32) 9.96921e+36,
    (float32) 9.96921e+36,
    (float32) 9.96921e+36,
    (float32) 9.96921e+36,
    (float32) 9.96921e+36,
    (float32) 9.96921e+36,
    (float32) 9.96921e+36,
    (float32) 9.96921e+36,
    (float32) 9.96921e+36,
    (float32) 9.96921e+36,
    (float32) 9.96921e+36,
    (float32) 9.96921e+36,
    (float32) 9.96921e+36,
    (float32) 9.96921e+36,
    (float32) 9.96921e+36,
    (float32) 9.96921e+36,
    (float32) 9.96921e+36,
    (float32) 9.96921e+36,
    (float32) 9.96921e+36,
    (float32) 9.96921e+36,
    (float32) 9.96921e+36,
    (float32) 9.96921e+36,
    (float32) 9.96921e+36,
    (float32) 9.96921e+36,
    (float32) 9.96921e+36,
    (float32) 9.96921e+36,
    (float32) 9.96921e+36,
    (float32) 9.96921e+36,
    (float32) 9.96921e+36,
    (float32) 9.96921e+36,
    (float32) 9.96921e+36,
    (float32) 9.96921e+36,
    (float32) 9.96921e+36,
    (float32) 9.96921e+36,
    (float32) 9.96921e+36,
    (float32) 9.96921e+36,
    (float32) 9.96921e+36,
    (float32) 9.96921e+36,
    (float32) 9.96921e+36,
    (float32) 9.96921e+36,
    (float32) 9.96921e+36,
    (float32) 9.96921e+36,
    (float32) 9.96921e+36,
    (float32) 9.96921e+36,
    (float32) 9.96921e+36,
    (float32) 9.96921e+36,
    (float32) 9.96921e+36,
    (float32) 9.96921e+36,
    (float32) 9.96921e+36,
    (float32) 9.96921e+36,
    (float32) 9.96921e+36,
    (float32) 9.96921e+36,
    (float32) 9.96921e+36,
    (float32) 9.96921e+36,
    (float32) 9.96921e+36,
    (float32) 9.96921e+36,
    (float32) 9.96921e+36,
    (float32) 9.96921e+36,
    (float32) 9.96921e+36,
    (float32) 9.96921e+36,
    (float32) 9.96921e+36,
    (float32) 9.96921e+36,
    (float32) 9.96921e+36,
    (float32) 9.96921e+36,
    (float32) 9.96921e+36,
    (float32) 9.96921e+36,
    (float32) 9.96921e+36,
    (float32) 9.96921e+36,
    (float32) 9.96921e+36,
    (float32) 9.96921e+36,
    (float32) 9.96921e+36
   },
   ([]float32) (len=360 cap=360) {
    (float32) 9.96921e+36,
    (float32) 9.96921e+36,
    (float32) 9.96921e+36,
    (float32) 9.96921e+36,
    (float32) 9.96921e+36,
    (float32) 9.96921e+36,
    (float32) 9.96921e+36,
    (float32) 9.96921e+36,
    (float32) 9.96921e+36,
    (float32) 9.96921e+36,
    (float32) 9.96921e+36,
    (float32) 9.96921e+36,
    (float32) 9.96921e+36,
    (float32) 9.96921e+36,
    (float32) 9.96921e+36,
    (float32) 9.96921e+36,
    (float32) 9.96921e+36,
    (float32) 9.96921e+36,
    (float32) 9.96921e+36,
    (float32) 9.96921e+36,
    (float32) 9.96921e+36,
    (float32) 9.96921e+36,
    (float32) 9.96921e+36,
    (float32) 9.96921e+36,
    (float32) 9.96921e+36,
    (float32) 9.96921e+36,
    (float32) 9.96921e+36,
    (float32) 9.96921e+36,
    (float32) 9.96921e+36,
    (float32) 9.96921e+36,
    (float32) 9.96921e+36,
    (float32) 9.96921e+36,
    (float32) 9.96921e+36,
    (float32) 9.96921e+36,
    (float32) 9.96921e+36,
    (float32) 9.96921e+36,
    (float32) 9.96921e+36,
    (float32) 9.96921e+36,
    (float32) 9.96921e+36,
    (float32) 9.96921e+36,
    (float32) 9.96921e+36,
    (float32) 9.96921e+36,
    (float32) 9.96921e+36,
    (float32) 9.96921e+36,
    (float32) 9.96921e+36,
    (float32) 9.96921e+36,
    (float32) 9.96921e+36,
    (float32) 9.96921e+36,
    (float32) 9.96921e+36,
    (float32) 9.96921e+36,
    (float32) 9.96921e+36,
    (float32) 9.96921e+36,
    (float32) 9.96921e+36,
    (float32) 9.96921e+36,
    (float32) 9.96921e+36,
    (float32) 9.96921e+36,
    (float32) 9.96921e+36,
    (float32) 9.96921e+36,
    (float32) 9.96921e+36,
    (float32) 9.96921e+36,
    (float32) 9.96921e+36,
    (float32) 9.96921e+36,
    (float32) 9.96921e+36,
    (float32) 9.96921e+36,
    (float32) 9.96921e+36,
    (float32) 9.96921e+36,
    (float32) 9.96921e+36,
    (float32) 9.96921e+36,
    (float32) 9.96921e+36,
    (float32) 9.96921e+36,
    (float32) 9.96921e+36,
    (float32) 9.96921e+36,
    (float32) 9.96921e+36,
    (float32) 9.96921e+36,
    (float32) 9.96921e+36,
    (float32) 9.96921e+36,
    (float32) 9.96921e+36,
    (float32) 9.96921e+36,
    (float32) 9.96921e+36,
    (float32) 9.96921e+36,
    (float32) 9.96921e+36,
    (float32) 9.96921e+36,
    (float32) 9.96921e+36,
    (float32) 9.96921e+36,
    (float32) 9.96921e+36,
    (float32) 9.96921e+36,
    (float32) 9.96921e+36,
    (float32) 9.96921e+36,
    (float32) 9.96921e+36,
    (float32) 9.96921e+36,
    (float32) 9.96921e+36,
    (float32) 9.96921e+36,
    (float32) 9.96921e+36,
    (float32) 9.96921e+36,
    (float32) 9.96921e+36,
    (float32) 9.96921e+36,
    (float32) 9.96921e+36,
    (float32) 9.96921e+36,
    (float32) 9.96921e+36,
    (float32) 9.96921e+36,
    (float32) 9.96921e+36,
    (float32) 9.96921e+36,
    (float32) 9.96921e+36,
    (float32) 9.96921e+36,
    (float32) 9.96921e+36,
    (float32) 9.96921e+36,
    (float32) 9.96921e+36,
    (float32) 9.96921e+36,
    (float32) 9.96921e+36,
    (float32) 9.96921e+36,
    (float32) 9.96921e+36,
    (float32) 9.96921e+36,
    (float32) 9.96921e+36,
    (float32) 9.96921e+36,
    (float32) 9.96921e+36,
    (float32) 9.96921e+36,
    (float32) 9.96921e+36,
    (float32) 9.96921e+36,
    (float32) 9.96921e+36,
    (float32) 9.96921e+36,
    (float32) 9.96921e+36,
    (float32) 9.96921e+36,
    (float32) 9.96921e+36,
    (float32) 9.96921e+36,
    (float32) 9.96921e+36,
    (float32) 9.96921e+36,
    (float32) 9.96921e+36,
    (float32) 9.96921e+36,
    (float32) 9.96921e+36,
    (float32) 9.96921e+36,
    (float32) 9.96921e+36,
    (float32) 9.96921e+36,
    (float32) 9.96921e+36,
    (float32) 9.96921e+36,
    (float32) 9.96921e+36,
    (float32) 9.96921e+36,
    (float32) 9.96921e+36,
    (float32) 9.96921e+36,
    (float32) 9.96921e+36,
    (float32) 9.96921e+36,
    (float32) 9.96921e+36,
    (float32) 9.96921e+36,
    (float32) 9.96921e+36,
    (float32) 9.96921e+36,
    (float32) 9.96921e+36,
    (float32) 9.96921e+36,
    (float32) 9.96921e+36,
    (float32) 9.96921e+36,
    (float32) 9.96921e+36,
    (float32) 9.96921e+36,
    (float32) 9.96921e+36,
    (float32) 9.96921e+36,
    (float32) 9.96921e+36,
    (float32) 9.96921e+36,
    (float32) 9.96921e+36,
    (float32) 9.96921e+36,
    (float32) 9.96921e+36,
    (float32) 9.96921e+36,
    (float32) 9.96921e+36,
    (float32) 9.96921e+36,
    (float32) 9.96921e+36,
    (float32) 9.96921e+36,
    (float32) 9.96921e+36,
    (float32) 9.96921e+36,
    (float32) 9.96921e+36,
    (float32) 9.96921e+36,
    (float32) 9.96921e+36,
    (float32) 9.96921e+36,
    (float32) 9.96921e+36,
    (float32) 9.96921e+36,
    (float32) 9.96921e+36,
    (float32) 9.96921e+36,
    (float32) 9.96921e+36,
    (float32) 9.96921e+36,
    (float32) 9.96921e+36,
    (float32) 9.96921e+36,
    (float32) 9.96921e+36,
    (float32) 9.96921e+36,
    (float32) 9.96921e+36,
    (float32) 9.96921e+36,
    (float32) 9.96921e+36,
    (float32) 9.96921e+36,
    (float32) 9.96921e+36,
    (float32) 9.96921e+36,
    (float32) 9.96921e+36,
    (float32) 9.96921e+36,
    (float32) 9.96921e+36,
    (float32) 9.96921e+36,
    (float32) 9.96921e+36,
    (float32) 9.96921e+36,
    (float32) 9.96921e+36,
    (float32) 9.96921e+36,
    (float32) 9.96921e+36,
    (float32) 9.96921e+36,
    (float32) 9.96921e+36,
    (float32) 9.96921e+36,
    (float32) 9.96921e+36,
    (float32) 9.96921e+36,
    (float32) 9.96921e+36,
    (float32) 9.96921e+36,
    (float32) 9.96921e+36,
    (float32) 9.96921e+36,
    (float32) 9.96921e+36,
    (float32) 9.96921e+36,
    (float32) 9.96921e+36,
    (float32) 9.96921e+36,
    (float32) 9.96921e+36,
    (float32) 9.96921e+36,
    (float32) 9.96921e+36,
    (float32) 9.96921e+36,
    (float32) 9.96921e+36,
    (float32) 9.96921e+36,
    (float32) 9.96921e+36,
    (float32) 9.96921e+36,
    (float32) 9.96921e+36,
    (float32) 9.96921e+36,
    (float32) 9.96921e+36,
    (float32) 9.96921e+36,
    (float32) 9.96921e+36,
    (float32) 9.96921e+36,
    (float32) 9.96921e+36,
    (float32) 9.96921e+36,
    (float32) 9.96921e+36,
    (float32) 9.96921e+36,
    (float32) 9.96921e+36,
    (float32) 9.96921e+36,
    (float32) 9.96921e+36,
    (float32) 9.96921e+36,
    (float32) 9.96921e+36,
    (float32) 9.96921e+36,
    (float32) 9.96921e+36,
    (float32) 9.96921e+36,
    (float32) 9.96921e+36,
    (float32) 9.96921e+36,
    (float32) 9.96921e+36,
    (float32) 9.96921e+36,
    (float32) 9.96921e+36,
    (float32) 9.96921e+36,
    (float32) 9.96921e+36,
    (float32) 9.96921e+36,
    (float32) 9.96921e+36,
    (float32) 9.96921e+36,
    (float32) 9.96921e+36,
    (float32) 9.96921e+36,
    (float32) 9.96921e+36,
    (float32) 9.96921e+36,
    (float32) 9.96921e+36,
    (float32) 9.96921e+36,
    (float32) 9.96921e+36,
    (float32) 9.96921e+36,
    (float32) 9.96921e+36,
    (float32) 9.96921e+36,
    (float32) 9.96921e+36,
    (float32) 9.96921e+36,
    (float32) 9.96921e+36,
    (float32) 9.96921e+36,
    (float32) 9.96921e+36,
    (float32) 9.96921e+36,
    (float32) 9.96921e+36,
    (float32) 9.96921e+36,
    (float32) 9.96921e+36,
    (float32) 9.96921e+36,
    (float32) 9.96921e+36,
    (float32) 9.96921e+36,
    (float32) 9.96921e+36,
    (float32) 9.96921e+36,
    (float32) 9.96921e+36,
    (float32) 9.96921e+36,
    (float32) 9.96921e+36,
    (float32) 9.96921e+36,
    (float32) 9.96921e+36,
    (float32) 9.96921e+36,
    (float32) 9.96921e+36,
    (float32) 9.96921e+36,
    (float32) 9.96921e+36,
    (float32) 9.96921e+36,
    (float32) 9.96921e+36,
    (float32) 9.96921e+36,
    (float32) 9.96921e+36,
    (float32) 9.96921e+36,
    (float32) 9.96921e+36,
    (float32) 9.96921e+36,
    (float32) 9.96921e+36,
    (float32) 9.96921e+36,
    (float32) 9.96921e+36,
    (float32) 9.96921e+36,
    (float32) 9.96921e+36,
    (float32) 9.96921e+36,
    (float32) 9.96921e+36,
    (float32) 9.96921e+36,
    (float32) 9.96921e+36,
    (float32) 9.96921e+36,
    (float32) 9.96921e+36,
    (float32) 9.96921e+36,
    (float32) 9.96921e+36,
    (float32) 9.96921e+36,
    (float32) 9.96921e+36,
    (float32) 9.96921e+36,
    (float32) 9.96921e+36,
    (float32) 9.96921e+36,
    (float32) 9.96921e+36,
    (float32) 9.96921e+36,
    (float32) 9.96921e+36,
    (float32) 9.96921e+36,
    (float32) 9.96921e+36,
    (float32) 9.96921e+36,
    (float32) 9.96921e+36,
    (float32) 9.96921e+36,
    (float32) 9.96921e+36,
    (float32) 9.96921e+36,
    (float32) 9.96921e+36,
    (float32) 9.96921e+36,
    (float32) 9.96921e+36,
    (float32) 9.96921e+36,
    (float32) 9.96921e+36,
    (float32) 9.96921e+36,
    (float32) 9.96921e+36,
    (float32) 9.96921e+36,
    (float32) 9.96921e+36,
    (float32) 9.96921e+36,
    (float32) 9.96921e+36,
    (float32) 9.96921e+36,
    (float32) 9.96921e+36,
    (float32) 9.96921e+36,
    (float32) 9.96921e+36,
    (float32) 9.96921e+36,
    (float32) 9.96921e+36,
    (float32) 9.96921e+36,
    (float32) 9.96921e+36,
    (float32) 9.96921e+36,
    (float32) 9.96921e+36,
    (float32) 9.96921e+36,
    (float32) 9.96921e+36,
    (float32) 9.96921e+36,
    (float32) 9.96921e+36,
    (float32) 9.96921e+36,
    (float32) 9.96921e+36,
    (float32) 9.96921e+36,
    (float32) 9.96921e+36,
    (float32) 9.96921e+36,
    (float32) 9.96921e+36,
    (float32) 9.96921e+36,
    (float32) 9.96921e+36,
    (float32) 9.96921e+36,
    (float32) 9.96921e+36,
    (float32) 9.96921e+36,
    (float32) 9.96921e+36,
    (float32) 9.96921e+36,
    (float32) 9.96921e+36,
    (float32) 9.96921e+36,
    (float32) 9.96921e+36,
    (float32) 9.96921e+36,
    (float32) 9.96921e+36,
    (float32) 9.96921e+36,
    (float32) 9.96921e+36,
    (float32) 9.96921e+36,
    (float32) 9.96921e+36,
    (float32) 9.96921e+36,
    (float32) 9.96921e+36,
    (float32) 9.96921e+36
   },
   ([]float32) (len=360 cap=360) {
    (float32) 9.96921e+36,
    (float32) 9.96921e+36,
    (float32) 9.96921e+36,
    (float32) 9.96921e+36,
    (float32) 9.96921e+36,
    (float32) 9.96921e+36,
    (float32) 9.96921e+36,
    (float32) 9.96921e+36,
    (float32) 9.96921e+36,
    (float32) 9.96921e+36,
    (float32) 9.96921e+36,
    (float32) 9.96921e+36,
    (float32) 9.96921e+36,
    (float32) 9.96921e+36,
    (float32) 9.96921e+36,
    (float32) 9.96921e+36,
    (float32) 9.96921e+36,
    (float32) 9.96921e+36,
    (float32) 9.96921e+36,
    (float32) 9.96921e+36,
    (float32) 9.96921e+36,
    (float32) 9.96921e+36,
    (float32) 9.96921e+36,
    (float32) 9.96921e+36,
    (float32) 9.96921e+36,
    (float32) 9.96921e+36,
    (float32) 9.96921e+36,
    (float32) 9.96921e+36,
    (float32) 9.96921e+36,
    (float32) 9.96921e+36,
    (float32) 9.96921e+36,
    (float32) 9.96921e+36,
    (float32) 9.96921e+36,
    (float32) 9.96921e+36,
    (float32) 9.96921e+36,
    (float32) 9.96921e+36,
    (float32) 9.96921e+36,
    (float32) 9.96921e+36,
    (float32) 9.96921e+36,
    (float32) 9.96921e+36,
    (float32) 9.96921e+36,
    (float32) 9.96921e+36,
    (float32) 9.96921e+36,
    (float32) 9.96921e+36,
    (float32) 9.96921e+36,
    (float32) 9.96921e+36,
    (float32) 9.96921e+36,
    (float32) 9.96921e+36,
    (float32) 9.96921e+36,
    (float32) 9.96921e+36,
    (float32) 9.96921e+36,
    (float32) 9.96921e+36,
    (float32) 9.96921e+36,
    (float32) 9.96921e+36,
    (float32) 9.96921e+36,
    (float32) 9.96921e+36,
    (float32) 9.96921e+36,
    (float32) 9.96921e+36,
    (float32) 9.96921e+36,
    (float32) 9.96921e+36,
    (float32) 9.96921e+36,
    (float32) 9.96921e+36,
    (float32) 9.96921e+36,
    (float32) 9.96921e+36,
    (float32) 9.96921e+36,
    (float32) 9.96921e+36,
    (float32) 9.96921e+36,
    (float32) 9.96921e+36,
    (float32) 9.96921e+36,
    (float32) 9.96921e+36,
    (float32) 9.96921e+36,
    (float32) 9.96921e+36,
    (float32) 9.96921e+36,
    (float32) 9.96921e+36,
    (float32) 9.96921e+36,
    (float32) 9.96921e+36,
    (float32) 9.96921e+36,
    (float32) 9.96921e+36,
    (float32) 9.96921e+36,
    (float32) 9.96921e+36,
    (float32) 9.96921e+36,
    (float32) 9.96921e+36,
    (float32) 9.96921e+36,
    (float32) 9.96921e+36,
    (float32) 9.96921e+36,
    (float32) 9.96921e+36,
    (float32) 9.96921e+36,
    (float32) 9.96921e+36,
    (float32) 9.96921e+36,
    (float32) 9.96921e+36,
    (float32) 9.96921e+36,
    (float32) 9.96921e+36,
    (float32) 9.96921e+36,
    (float32) 9.96921e+36,
    (float32) 9.96921e+36,
    (float32) 9.96921e+36,
    (float32) 9.96921e+36,
    (float32) 9.96921e+36,
    (float32) 9.96921e+36,
    (float32) 9.96921e+36,
    (float32) 9.96921e+36,
    (float32) 9.96921e+36,
    (float32) 9.96921e+36,
    (float32) 9.96921e+36,
    (float32) 9.96921e+36,
    (float32) 9.96921e+36,
    (float32) 9.96921e+36,
    (float32) 9.96921e+36,
    (float32) 9.96921e+36,
    (float32) 9.96921e+36,
    (float32) 9.96921e+36,
    (float32) 9.96921e+36,
    (float32) 9.96921e+36,
    (float32) 9.96921e+36,
    (float32) 9.96921e+36,
    (float32) 9.96921e+36,
    (float32) 9.96921e+36,
    (float32) 9.96921e+36,
    (float32) 9.96921e+36,
    (float32) 9.96921e+36,
    (float32) 9.96921e+36,
    (float32) 9.96921e+36,
    (float32) 9.96921e+36,
    (float32) 9.96921e+36,
    (float32) 9.96921e+36,
    (float32) 9.96921e+36,
    (float32) 9.96921e+36,
    (float32) 9.96921e+36,
    (float32) 9.96921e+36,
    (float32) 9.96921e+36,
    (float32) 9.96921e+36,
    (float32) 9.96921e+36,
    (float32) 9.96921e+36,
    (float32) 9.96921e+36,
    (float32) 9.96921e+36,
    (float32) 9.96921e+36,
    (float32) 9.96921e+36,
    (float32) 9.96921e+36,
    (float32) 9.96921e+36,
    (float32) 9.96921e+36,
    (float32) 9.96921e+36,
    (float32) 9.96921e+36,
    (float32) 9.96921e+36,
    (float32) 9.96921e+36,
    (float32) 9.96921e+36,
    (float32) 9.96921e+36,
    (float32) 9.96921e+36,
    (float32) 9.96921e+36,
    (float32) 9.96921e+36,
    (float32) 9.96921e+36,
    (float32) 9.96921e+36,
    (float32) 9.96921e+36,
    (float32) 9.96921e+36,
    (float32) 9.96921e+36,
    (float32) 9.96921e+36,
    (float32) 9.96921e+36,
    (float32) 9.96921e+36,
    (float32) 9.96921e+36,
    (float32) 9.96921e+36,
    (float32) 9.96921e+36,
    (float32) 9.96921e+36,
    (float32) 9.96921e+36,
    (float32) 9.96921e+36,
    (float32) 9.96921e+36,
    (float32) 9.96921e+36,
    (float32) 9.96921e+36,
    (float32) 9.96921e+36,
    (float32) 9.96921e+36,
    (float32) 9.96921e+36,
    (float32) 9.96921e+36,
    (float32) 9.96921e+36,
    (float32) 9.96921e+36,
    (float32) 9.96921e+36,
    (float32) 9.96921e+36,
    (float32) 9.96921e+36,
    (float32) 9.96921e+36,
    (float32) 9.96921e+36,
    (float32) 9.96921e+36,
    (float32) 9.96921e+36,
    (float32) 9.96921e+36,
    (float32) 9.96921e+36,
    (float32) 9.96921e+36,
    (float32) 9.96921e+36,
    (float32) 9.96921e+36,
    (float32) 9.96921e+36,
    (float32) 9.96921e+36,
    (float32) 9.96921e+36,
    (float32) 9.96921e+36,
    (float32) 9.96921e+36,
    (float32) 9.96921e+36,
    (float32) 9.96921e+36,
    (float32) 9.96921e+36,
    (float32) 9.96921e+36,
    (float32) 9.96921e+36,
    (float32) 9.96921e+36,
    (float32) 9.96921e+36,
    (float32) 9.96921e+36,
    (float32) 9.96921e+36,
    (float32) 9.96921e+36,
    (float32) 9.96921e+36,
    (float32) 9.96921e+36,
    (float32) 9.96921e+36,
    (float32) 9.96921e+36,
    (float32) 9.96921e+36,
    (float32) 9.96921e+36,
    (float32) 9.96921e+36,
    (float32) 9.96921e+36,
    (float32) 9.96921e+36,
    (float32) 9.96921e+36,
    (float32) 9.96921e+36,
    (float32) 9.96921e+36,
    (float32) 9.96921e+36,
    (float32) 9.96921e+36,
    (float32) 9.96921e+36,
    (float32) 9.96921e+36,
    (float32) 9.96921e+36,
    (float32) 9.96921e+36,
    (float32) 9.96921e+36,
    (float32) 9.96921e+36,
    (float32) 9.96921e+36,
    (float32) 9.96921e+36,
    (float32) 9.96921e+36,
    (float32) 9.96921e+36,
    (float32) 9.96921e+36,
    (float32) 9.96921e+36,
    (float32) 9.96921e+36,
    (float32) 9.96921e+36,
    (float32) 9.96921e+36,
    (float32) 9.96921e+36,
    (float32) 9.96921e+36,
    (float32) 9.96921e+36,
    (float32) 9.96921e+36,
    (float32) 9.96921e+36,
    (float32) 9.96921e+36,
    (float32) 9.96921e+36,
    (float32) 9.96921e+36,
    (float32) 9.96921e+36,
    (float32) 9.96921e+36,
    (float32) 9.96921e+36,
    (float32) 9.96921e+36,
    (float32) 9.96921e+36,
    (float32) 9.96921e+36,
    (float32) 9.96921e+36,
    (float32) 9.96921e+36,
    (float32) 9.96921e+36,
    (float32) 9.96921e+36,
    (float32) 9.96921e+36,
    (float32) 9.96921e+36,
    (float32) 9.96921e+36,
    (float32) 9.96921e+36,
    (float32) 9.96921e+36,
    (float32) 9.96921e+36,
    (float32) 9.96921e+36,
    (float32) 9.96921e+36,
    (float32) 9.96921e+36,
    (float32) 9.96921e+36,
    (float32) 9.96921e+36,
    (float32) 9.96921e+36,
    (float32) 9.96921e+36,
    (float32) 9.96921e+36,
    (float32) 9.96921e+36,
    (float32) 9.96921e+36,
    (float32) 9.96921e+36,
    (float32) 9.96921e+36,
    (float32) 9.96921e+36,
    (float32) 9.96921e+36,
    (float32) 9.96921e+36,
    (float32) 9.96921e+36,
    (float32) 9.96921e+36,
    (float32) 9.96921e+36,
    (float32) 9.96921e+36,
    (float32) 9.96921e+36,
    (float32) 9.96921e+36,
    (float32) 9.96921e+36,
    (float32) 9.96921e+36,
    (float32) 9.96921e+36,
    (float32) 9.96921e+36,
    (float32) 9.96921e+36,
    (float32) 9.96921e+36,
    (float32) 9.96921e+36,
    (float32) 9.96921e+36,
    (float32) 9.96921e+36,
    (float32) 9.96921e+36,
    (float32) 9.96921e+36,
    (float32) 9.96921e+36,
    (float32) 9.96921e+36,
    (float32) 9.96921e+36,
    (float32) 9.96921e+36,
    (float32) 9.96921e+36,
    (float32) 9.96921e+36,
    (float32) 9.96921e+36,
    (float32) 9.96921e+36,
    (float32) 9.96921e+36,
    (float32) 9.96921e+36,
    (float32) 9.96921e+36,
    (float32) 9.96921e+36,
    (float32) 9.96921e+36,
    (float32) 9.96921e+36,
    (float32) 9.96921e+36,
    (float32) 9.96921e+36,
    (float32) 9.96921e+36,
    (float32) 9.96921e+36,
    (float32) 9.96921e+36,
    (float32) 9.96921e+36,
    (float32) 9.96921e+36,
    (float32) 9.96921e+36,
    (float32) 9.96921e+36,
    (float32) 9.96921e+36,
    (float32) 9.96921e+36,
    (float32) 9.96921e+36,
    (float32) 9.96921e+36,
    (float32) 9.96921e+36,
    (float32) 9.96921e+36,
    (float32) 9.96921e+36,
    (float32) 9.96921e+36,
    (float32) 9.96921e+36,
    (float32) 9.96921e+36,
    (float32) 9.96921e+36,
    (float32) 9.96921e+36,
    (float32) 9.96921e+36,
    (float32) 9.96921e+36,
    (float32) 9.96921e+36,
    (float32) 9.96921e+36,
    (float32) 9.96921e+36,
    (float32) 9.96921e+36,
    (float32) 9.96921e+36,
    (float32) 9.96921e+36,
    (float32) 9.96921e+36,
    (float32) 9.96921e+36,
    (float32) 9.96921e+36,
    (float32) 9.96921e+36,
    (float32) 9.96921e+36,
    (float32) 9.96921e+36,
    (float32) 9.96921e+36,
    (float32) 9.96921e+36,
    (float32) 9.96921e+36,
    (float32) 9.96921e+36,
    (float32) 9.96921e+36,
    (float32) 9.96921e+36,
    (float32) 9.96921e+36,
    (float32) 9.96921e+36,
    (float32) 9.96921e+36,
    (float32) 9.96921e+36,
    (float32) 9.96921e+36,
    (float32) 9.96921e+36,
    (float32) 9.96921e+36,
    (float32) 9.96921e+36,
    (float32) 9.96921e+36,
    (float32) 9.96921e+36,
    (float32) 9.96921e+36,
    (float32) 9.96921e+36,
    (float32) 9.96921e+36,
    (float32) 9.96921e+36,
    (float32) 9.96921e+36,
    (float32) 9.96921e+36,
    (float32) 9.96921e+36,
    (float32) 9.96921e+36,
    (float32) 9.96921e+36,
    (float32) 9.96921e+36,
    (float32) 9.96921e+36
   },
   ([]float32) (len=360 cap=360) {
    (float32) 9.96921e+36,
    (float32) 9.96921e+36,
    (float32) 9.96921e+36,
    (float32) 9.96921e+36,
    (float32) 9.96921e+36,
    (float32) 9.96921e+36,
    (float32) 9.96921e+36,
    (float32) 9.96921e+36,
    (float32) 9.96921e+36,
    (float32) 9.96921e+36,
    (float32) 9.96921e+36,
    (float32) 9.96921e+36,
    (float32) 9.96921e+36,
    (float32) 9.96921e+36,
    (float32) 9.96921e+36,
    (float32) 9.96921e+36,
    (float32) 9.96921e+36,
    (float32) 9.96921e+36,
    (float32) 9.96921e+36,
    (float32) 9.96921e+36,
    (float32) 9.96921e+36,
    (float32) 9.96921e+36,
    (float32) 9.96921e+36,
    (float32) 9.96921e+36,
    (float32) 9.96921e+36,
    (float32) 9.96921e+36,
    (float32) 9.96921e+36,
    (float32) 9.96921e+36,
    (float32) 9.96921e+36,
    (float32) 9.96921e+36,
    (float32) 9.96921e+36,
    (float32) 9.96921e+36,
    (float32) 9.96921e+36,
    (float32) 9.96921e+36,
    (float32) 9.96921e+36,
    (float32) 9.96921e+36,
    (float32) 9.96921e+36,
    (float32) 9.96921e+36,
    (float32) 9.96921e+36,
    (float32) 9.96921e+36,
    (float32) 9.96921e+36,
    (float32) 9.96921e+36,
    (float32) 9.96921e+36,
    (float32) 9.96921e+36,
    (float32) 9.96921e+36,
    (float32) 9.96921e+36,
    (float32) 9.96921e+36,
    (float32) 9.96921e+36,
    (float32) 9.96921e+36,
    (float32) 9.96921e+36,
    (float32) 9.96921e+36,
    (float32) 9.96921e+36,
    (float32) 9.96921e+36,
    (float32) 9.96921e+36,
    (float32) 9.96921e+36,
    (float32) 9.96921e+36,
    (float32) 9.96921e+36,
    (float32) 9.96921e+36,
    (float32) 9.96921e+36,
    (float32) 9.96921e+36,
    (float32) 9.96921e+36,
    (float32) 9.96921e+36,
    (float32) 9.96921e+36,
    (float32) 9.96921e+36,
    (float32) 9.96921e+36,
    (float32) 9.96921e+36,
    (float32) 9.96921e+36,
    (float32) 9.96921e+36,
    (float32) 9.96921e+36,
    (float32) 9.96921e+36,
    (float32) 9.96921e+36,
    (float32) 9.96921e+36,
    (float32) 9.96921e+36,
    (float32) 9.96921e+36,
    (float32) 9.96921e+36,
    (float32) 9.96921e+36,
    (float32) 9.96921e+36,
    (float32) 9.96921e+36,
    (float32) 9.96921e+36,
    (float32) 9.96921e+36,
    (float32) 9.96921e+36,
    (float32) 9.96921e+36,
    (float32) 9.96921e+36,
    (float32) 9.96921e+36,
    (float32) 9.96921e+36,
    (float32) 9.96921e+36,
    (float32) 9.96921e+36,
    (float32) 9.96921e+36,
    (float32) 9.96921e+36,
    (float32) 9.96921e+36,
    (float32) 9.96921e+36,
    (float32) 9.96921e+36,
    (float32) 9.96921e+36,
    (float32) 9.96921e+36,
    (float32) 9.96921e+36,
    (float32) 9.96921e+36,
    (float32) 9.96921e+36,
    (float32) 9.96921e+36,
    (float32) 9.96921e+36,
    (float32) 9.96921e+36,
    (float32) 9.96921e+36,
    (float32) 9.96921e+36,
    (float32) 9.96921e+36,
    (float32) 9.96921e+36,
    (float32) 9.96921e+36,
    (float32) 9.96921e+36,
    (float32) 9.96921e+36,
    (float32) 9.96921e+36,
    (float32) 9.96921e+36,
    (float32) 9.96921e+36,
    (float32) 9.96921e+36,
    (float32) 9.96921e+36,
    (float32) 9.96921e+36,
    (float32) 9.96921e+36,
    (float32) 9.96921e+36,
    (float32) 9.96921e+36,
    (float32) 9.96921e+36,
    (float32) 9.96921e+36,
    (float32) 9.96921e+36,
    (float32) 9.96921e+36,
    (float32) 9.96921e+36,
    (float32) 9.96921e+36,
    (float32) 9.96921e+36,
    (float32) 9.96921e+36,
    (float32) 9.96921e+36,
    (float32) 9.96921e+36,
    (float32) 9.96921e+36,
    (float32) 9.96921e+36,
    (float32) 9.96921e+36,
    (float32) 9.96921e+36,
    (float32) 9.96921e+36,
    (float32) 9.96921e+36,
    (float32) 9.96921e+36,
    (float32) 9.96921e+36,
    (float32) 9.96921e+36,
    (float32) 9.96921e+36,
    (float32) 9.96921e+36,
    (float32) 9.96921e+36,
    (float32) 9.96921e+36,
    (float32) 9.96921e+36,
    (float32) 9.96921e+36,
    (float32) 9.96921e+36,
    (float32) 9.96921e+36,
    (float32) 9.96921e+36,
    (float32) 9.96921e+36,
    (float32) 9.96921e+36,
    (float32) 9.96921e+36,
    (float32) 9.96921e+36,
    (float32) 9.96921e+36,
    (float32) 9.96921e+36,
    (float32) 9.96921e+36,
    (float32) 9.96921e+36,
    (float32) 9.96921e+36,
    (float32) 9.96921e+36,
    (float32) 9.96921e+36,
    (float32) 9.96921e+36,
    (float32) 9.96921e+36,
    (float32) 9.96921e+36,
    (float32) 9.96921e+36,
    (float32) 9.96921e+36,
    (float32) 9.96921e+36,
    (float32) 9.96921e+36,
    (float32) 9.96921e+36,
    (float32) 9.96921e+36,
    (float32) 9.96921e+36,
    (float32) 9.96921e+36,
    (float32) 9.96921e+36,
    (float32) 9.96921e+36,
    (float32) 9.96921e+36,
    (float32) 9.96921e+36,
    (float32) 9.96921e+36,
    (float32) 9.96921e+36,
    (float32) 9.96921e+36,
    (float32) 9.96921e+36,
    (float32) 9.96921e+36,
    (float32) 9.96921e+36,
    (float32) 9.96921e+36,
    (float32) 9.96921e+36,
    (float32) 9.96921e+36,
    (float32) 9.96921e+36,
    (float32) 9.96921e+36,
    (float32) 9.96921e+36,
    (float32) 9.96921e+36,
    (float32) 9.96921e+36,
    (float32) 9.96921e+36,
    (float32) 9.96921e+36,
    (float32) 9.96921e+36,
    (float32) 9.96921e+36,
    (float32) 9.96921e+36,
    (float32) 9.96921e+36,
    (float32) 9.96921e+36,
    (float32) 9.96921e+36,
    (float32) 9.96921e+36,
    (float32) 9.96921e+36,
    (float32) 9.96921e+36,
    (float32) 9.96921e+36,
    (float32) 9.96921e+36,
    (float32) 9.96921e+36,
    (float32) 9.96921e+36,
    (float32) 9.96921e+36,
    (float32) 9.96921e+36,
    (float32) 9.96921e+36,
    (float32) 9.96921e+36,
    (float32) 9.96921e+36,
    (float32) 9.96921e+36,
    (float32) 9.96921e+36,
    (float32) 9.96921e+36,
    (float32) 9.96921e+36,
    (float32) 9.96921e+36,
    (float32) 9.96921e+36,
    (float32) 9.96921e+36,
    (float32) 9.96921e+36,
    (float32) 9.96921e+36,
    (float32) 9.96921e+36,
    (float32) 9.96921e+36,
    (float32) 9.96921e+36,
    (float32) 9.96921e+36,
    (float32) 9.96921e+36,
    (float32) 9.96921e+36,
    (float32) 9.96921e+36,
    (float32) 9.96921e+36,
    (float32) 9.96921e+36,
    (float32) 9.96921e+36,
    (float32) 9.96921e+36,
    (float32) 9.96921e+36,
    (float32) 9.96921e+36,
    (float32) 9.96921e+36,
    (float32) 9.96921e+36,
    (float32) 9.96921e+36,
    (float32) 9.96921e+36,
    (float32) 9.96921e+36,
    (float32) 9.96921e+36,
    (float32) 9.96921e+36,
    (float32) 9.96921e+36,
    (float32) 9.96921e+36,
    (float32) 9.96921e+36,
    (float32) 9.96921e+36,
    (float32) 9.96921e+36,
    (float32) 9.96921e+36,
    (float32) 9.96921e+36,
    (float32) 9.96921e+36,
    (float32) 9.96921e+36,
    (float32) 9.96921e+36,
    (float32) 9.96921e+36,
    (float32) 9.96921e+36,
    (float32) 9.96921e+36,
    (float32) 9.96921e+36,
    (float32) 9.96921e+36,
    (float32) 9.96921e+36,
    (float32) 9.96921e+36,
    (float32) 9.96921e+36,
    (float32) 9.96921e+36,
    (float32) 9.96921e+36,
    (float32) 9.96921e+36,
    (float32) 9.96921e+36,
    (float32) 9.96921e+36,
    (float32) 9.96921e+36,
    (float32) 9.96921e+36,
    (float32) 9.96921e+36,
    (float32) 9.96921e+36,
    (float32) 9.96921e+36,
    (float32) 9.96921e+36,
    (float32) 9.96921e+36,
    (float32) 9.96921e+36,
    (float32) 9.96921e+36,
    (float32) 9.96921e+36,
    (float32) 9.96921e+36,
    (float32) 9.96921e+36,
    (float32) 9.96921e+36,
    (float32) 9.96921e+36,
    (float32) 9.96921e+36,
    (float32) 9.96921e+36,
    (float32) 9.96921e+36,
    (float32) 9.96921e+36,
    (float32) 9.96921e+36,
    (float32) 9.96921e+36,
    (float32) 9.96921e+36,
    (float32) 9.96921e+36,
    (float32) 9.96921e+36,
    (float32) 9.96921e+36,
    (float32) 9.96921e+36,
    (float32) 9.96921e+36,
    (float32) 9.96921e+36,
    (float32) 9.96921e+36,
    (float32) 9.96921e+36,
    (float32) 9.96921e+36,
    (float32) 9.96921e+36,
    (float32) 9.96921e+36,
    (float32) 9.96921e+36,
    (float32) 9.96921e+36,
    (float32) 9.96921e+36,
    (float32) 9.96921e+36,
    (float32) 9.96921e+36,
    (float32) 9.96921e+36,
    (float32) 9.96921e+36,
    (float32) 9.96921e+36,
    (float32) 9.96921e+36,
    (float32) 9.96921e+36,
    (float32) 9.96921e+36,
    (float32) 9.96921e+36,
    (float32) 9.96921e+36,
    (float32) 9.96921e+36,
    (float32) 9.96921e+36,
    (float32) 9.96921e+36,
    (float32) 9.96921e+36,
    (float32) 9.96921e+36,
    (float32) 9.96921e+36,
    (float32) 9.96921e+36,
    (float32) 9.96921e+36,
    (float32) 9.96921e+36,
    (float32) 9.96921e+36,
    (float32) 9.96921e+36,
    (float32) 9.96921e+36,
    (float32) 9.96921e+36,
    (float32) 9.96921e+36,
    (float32) 9.96921e+36,
    (float32) 9.96921e+36,
    (float32) 9.96921e+36,
    (float32) 9.96921e+36,
    (float32) 9.96921e+36,
    (float32) 9.96921e+36,
    (float32) 9.96921e+36,
    (float32) 9.96921e+36,
    (float32) 9.96921e+36,
    (float32) 9.96921e+36,
    (float32) 9.96921e+36,
    (float32) 9.96921e+36,
    (float32) 9.96921e+36,
    (float32) 9.96921e+36,
    (float32) 9.96921e+36,
    (float32) 9.96921e+36,
    (float32) 9.96921e+36,
    (float32) 9.96921e+36,
    (float32) 9.96921e+36,
    (float32) 9.96921e+36,
    (float32) 9.96921e+36,
    (float32) 9.96921e+36,
    (float32) 9.96921e+36,
    (float32) 9.96921e+36,
    (float32) 9.96921e+36,
    (float32) 9.96921e+36,
    (float32) 9.96921e+36,
    (float32) 9.96921e+36,
    (float32) 9.96921e+36,
    (float32) 9.96921e+36,
    (float32) 9.96921e+36,
    (float32) 9.96921e+36,
    (float32) 9.96921e+36,
    (float32) 9.96921e+36,
    (float32) 9.96921e+36,
    (float32) 9.96921e+36,
    (float32) 9.96921e+36,
    (float32) 9.96921e+36,
    (float32) 9.96921e+36,
    (float32) 9.96921e+36,
    (float32) 9.96921e+36,
    (float32) 9.96921e+36,
    (float32) 9.96921e+36,
    (float32) 9.96921e+36,
    (float32) 9.96921e+36
   },
   ([]float32) (len=360 cap=360) {
    (float32) 9.96921e+36,
    (float32) 9.96921e+36,
    (float32) 9.96921e+36,
    (float32) 9.96921e+36,
    (float32) 9.96921e+36,
    (float32) 9.96921e+36,
    (float32) 9.96921e+36,
    (float32) 9.96921e+36,
    (float32) 9.96921e+36,
    (float32) 9.96921e+36,
    (float32) 9.96921e+36,
    (float32) 9.96921e+36,
    (float32) 9.96921e+36,
    (float32) 9.96921e+36,
    (float32) 9.96921e+36,
    (float32) 9.96921e+36,
    (float32) 9.96921e+36,
    (float32) 9.96921e+36,
    (float32) 9.96921e+36,
    (float32) 9.96921e+36,
    (float32) 9.96921e+36,
    (float32) 9.96921e+36,
    (float32) 9.96921e+36,
    (float32) 9.96921e+36,
    (float32) 9.96921e+36,
    (float32) 9.96921e+36,
    (float32) 9.96921e+36,
    (float32) 9.96921e+36,
    (float32) 9.96921e+36,
    (float32) 9.96921e+36,
    (float32) 9.96921e+36,
    (float32) 9.96921e+36,
    (float32) 9.96921e+36,
    (float32) 9.96921e+36,
    (float32) 9.96921e+36,
    (float32) 9.96921e+36,
    (float32) 9.96921e+36,
    (float32) 9.96921e+36,
    (float32) 9.96921e+36,
    (float32) 9.96921e+36,
    (float32) 9.96921e+36,
    (float32) 9.96921e+36,
    (float32) 9.96921e+36,
    (float32) 9.96921e+36,
    (float32) 9.96921e+36,
    (float32) 9.96921e+36,
    (float32) 9.96921e+36,
    (float32) 9.96921e+36,
    (float32) 9.96921e+36,
    (float32) 9.96921e+36,
    (float32) 9.96921e+36,
    (float32) 9.96921e+36,
    (float32) 9.96921e+36,
    (float32) 9.96921e+36,
    (float32) 9.96921e+36,
    (float32) 9.96921e+36,
    (float32) 9.96921e+36,
    (float32) 9.96921e+36,
    (float32) 9.96921e+36,
    (float32) 9.96921e+36,
    (float32) 9.96921e+36,
    (float32) 9.96921e+36,
    (float32) 9.96921e+36,
    (float32) 9.96921e+36,
    (float32) 9.96921e+36,
    (float32) 9.96921e+36,
    (float32) 9.96921e+36,
    (float32) 9.96921e+36,
    (float32) 9.96921e+36,
    (float32) 9.96921e+36,
    (float32) 9.96921e+36,
    (float32) 9.96921e+36,
    (float32) 9.96921e+36,
    (float32) 9.96921e+36,
    (float32) 9.96921e+36,
    (float32) 9.96921e+36,
    (float32) 9.96921e+36,
    (float32) 9.96921e+36,
    (float32) 9.96921e+36,
    (float32) 9.96921e+36,
    (float32) 9.96921e+36,
    (float32) 9.96921e+36,
    (float32) 9.96921e+36,
    (float32) 9.96921e+36,
    (float32) 9.96921e+36,
    (float32) 9.96921e+36,
    (float32) 9.96921e+36,
    (float32) 9.96921e+36,
    (float32) 9.96921e+36,
    (float32) 9.96921e+36,
    (float32) 9.96921e+36,
    (float32) 9.96921e+36,
    (float32) 9.96921e+36,
    (float32) 9.96921e+36,
    (float32) 9.96921e+36,
    (float32) 9.96921e+36,
    (float32) 9.96921e+36,
    (float32) 9.96921e+36,
    (float32) 9.96921e+36,
    (float32) 9.96921e+36,
    (float32) 9.96921e+36,
    (float32) 9.96921e+36,
    (float32) 9.96921e+36,
    (float32) 9.96921e+36,
    (float32) 9.96921e+36,
    (float32) 9.96921e+36,
    (float32) 9.96921e+36,
    (float32) 9.96921e+36,
    (float32) 9.96921e+36,
    (float32) 9.96921e+36,
    (float32) 9.96921e+36,
    (float32) 9.96921e+36,
    (float32) 9.96921e+36,
    (float32) 9.96921e+36,
    (float32) 9.96921e+36,
    (float32) 9.96921e+36,
    (float32) 9.96921e+36,
    (float32) 9.96921e+36,
    (float32) 9.96921e+36,
    (float32) 9.96921e+36,
    (float32) 9.96921e+36,
    (float32) 9.96921e+36,
    (float32) 9.96921e+36,
    (float32) 9.96921e+36,
    (float32) 9.96921e+36,
    (float32) 9.96921e+36,
    (float32) 9.96921e+36,
    (float32) 9.96921e+36,
    (float32) 9.96921e+36,
    (float32) 9.96921e+36,
    (float32) 9.96921e+36,
    (float32) 9.96921e+36,
    (float32) 9.96921e+36,
    (float32) 9.96921e+36,
    (float32) 9.96921e+36,
    (float32) 9.96921e+36,
    (float32) 9.96921e+36,
    (float32) 9.96921e+36,
    (float32) 9.96921e+36,
    (float32) 9.96921e+36,
    (float32) 9.96921e+36,
    (float32) 9.96921e+36,
    (float32) 9.96921e+36,
    (float32) 9.96921e+36,
    (float32) 9.96921e+36,
    (float32) 9.96921e+36,
    (float32) 9.96921e+36,
    (float32) 9.96921e+36,
    (float32) 9.96921e+36,
    (float32) 9.96921e+36,
    (float32) 9.96921e+36,
    (float32) 9.96921e+36,
    (float32) 9.96921e+36,
    (float32) 9.96921e+36,
    (float32) 9.96921e+36,
    (float32) 9.96921e+36,
    (float32) 9.96921e+36,
    (float32) 9.96921e+36,
    (float32) 9.96921e+36,
    (float32) 9.96921e+36,
    (float32) 9.96921e+36,
    (float32) 9.96921e+36,
    (float32) 9.96921e+36,
    (float32) 9.96921e+36,
    (float32) 9.96921e+36,
    (float32) 9.96921e+36,
    (float32) 9.96921e+36,
    (float32) 9.96921e+36,
    (float32) 9.96921e+36,
    (float32) 9.96921e+36,
    (float32) 9.96921e+36,
    (float32) 9.96921e+36,
    (float32) 9.96921e+36,
    (float32) 9.96921e+36,
    (float32) 9.96921e+36,
    (float32) 9.96921e+36,
    (float32) 9.96921e+36,
    (float32) 9.96921e+36,
    (float32) 9.96921e+36,
    (float32) 9.96921e+36,
    (float32) 9.96921e+36,
    (float32) 9.96921e+36,
    (float32) 9.96921e+36,
    (float32) 9.96921e+36,
    (float32) 9.96921e+36,
    (float32) 9.96921e+36,
    (float32) 9.96921e+36,
    (float32) 9.96921e+36,
    (float32) 9.96921e+36,
    (float32) 9.96921e+36,
    (float32) 9.96921e+36,
    (float32) 9.96921e+36,
    (float32) 9.96921e+36,
    (float32) 9.96921e+36,
    (float32) 9.96921e+36,
    (float32) 9.96921e+36,
    (float32) 9.96921e+36,
    (float32) 9.96921e+36,
    (float32) 9.96921e+36,
    (float32) 9.96921e+36,
    (float32) 9.96921e+36,
    (float32) 9.96921e+36,
    (float32) 9.96921e+36,
    (float32) 9.96921e+36,
    (float32) 9.96921e+36,
    (float32) 9.96921e+36,
    (float32) 9.96921e+36,
    (float32) 9.96921e+36,
    (float32) 9.96921e+36,
    (float32) 9.96921e+36,
    (float32) 9.96921e+36,
    (float32) 9.96921e+36,
    (float32) 9.96921e+36,
    (float32) 9.96921e+36,
    (float32) 9.96921e+36,
    (float32) 9.96921e+36,
    (float32) 9.96921e+36,
    (float32) 9.96921e+36,
    (float32) 9.96921e+36,
    (float32) 9.96921e+36,
    (float32) 9.96921e+36,
    (float32) 9.96921e+36,
    (float32) 9.96921e+36,
    (float32) 9.96921e+36,
    (float32) 9.96921e+36,
    (float32) 9.96921e+36,
    (float32) 9.96921e+36,
    (float32) 9.96921e+36,
    (float32) 9.96921e+36,
    (float32) 9.96921e+36,
    (float32) 9.96921e+36,
    (float32) 9.96921e+36,
    (float32) 9.96921e+36,
    (float32) 9.96921e+36,
    (float32) 9.96921e+36,
    (float32) 9.96921e+36,
    (float32) 9.96921e+36,
    (float32) 9.96921e+36,
    (float32) 9.96921e+36,
    (float32) 9.96921e+36,
    (float32) 9.96921e+36,
    (float32) 9.96921e+36,
    (float32) 9.96921e+36,
    (float32) 9.96921e+36,
    (float32) 9.96921e+36,
    (float32) 9.96921e+36,
    (float32) 9.96921e+36,
    (float32) 9.96921e+36,
    (float32) 9.96921e+36,
    (float32) 9.96921e+36,
    (float32) 9.96921e+36,
    (float32) 9.96921e+36,
    (float32) 9.96921e+36,
    (float32) 9.96921e+36,
    (float32) 9.96921e+36,
    (float32) 9.96921e+36,
    (float32) 9.96921e+36,
    (float32) 9.96921e+36,
    (float32) 9.96921e+36,
    (float32) 9.96921e+36,
    (float32) 9.96921e+36,
    (float32) 9.96921e+36,
    (float32) 9.96921e+36,
    (float32) 9.96921e+36,
    (float32) 9.96921e+36,
    (float32) 9.96921e+36,
    (float32) 9.96921e+36,
    (float32) 9.96921e+36,
    (float32) 9.96921e+36,
    (float32) 9.96921e+36,
    (float32) 9.96921e+36,
    (float32) 9.96921e+36,
    (float32) 9.96921e+36,
    (float32) 9.96921e+36,
    (float32) 9.96921e+36,
    (float32) 9.96921e+36,
    (float32) 9.96921e+36,
    (float32) 9.96921e+36,
    (float32) 9.96921e+36,
    (float32) 9.96921e+36,
    (float32) 9.96921e+36,
    (float32) 9.96921e+36,
    (float32) 9.96921e+36,
    (float32) 9.96921e+36,
    (float32) 9.96921e+36,
    (float32) 9.96921e+36,
    (float32) 9.96921e+36,
    (float32) 9.96921e+36,
    (float32) 9.96921e+36,
    (float32) 9.96921e+36,
    (float32) 9.96921e+36,
    (float32) 9.96921e+36,
    (float32) 9.96921e+36,
    (float32) 9.96921e+36,
    (float32) 9.96921e+36,
    (float32) 9.96921e+36,
    (float32) 9.96921e+36,
    (float32) 9.96921e+36,
    (float32) 9.96921e+36,
    (float32) 9.96921e+36,
    (float32) 9.96921e+36,
    (float32) 9.96921e+36,
    (float32) 9.96921e+36,
    (float32) 9.96921e+36,
    (float32) 9.96921e+36,
    (float32) 9.96921e+36,
    (float32) 9.96921e+36,
    (float32) 9.96921e+36,
    (float32) 9.96921e+36,
    (float32) 9.96921e+36,
    (float32) 9.96921e+36,
    (float32) 9.96921e+36,
    (float32) 9.96921e+36,
    (float32) 9.96921e+36,
    (float32) 9.96921e+36,
    (float32) 9.96921e+36,
    (float32) 9.96921e+36,
    (float32) 9.96921e+36,
    (float32) 9.96921e+36,
    (float32) 9.96921e+36,
    (float32) 9.96921e+36,
    (float32) 9.96921e+36,
    (float32) 9.96921e+36,
    (float32) 9.96921e+36,
    (float32) 9.96921e+36,
    (float32) 9.96921e+36,
    (float32) 9.96921e+36,
    (float32) 9.96921e+36,
    (float32) 9.96921e+36,
    (float32) 9.96921e+36,
    (float32) 9.96921e+36,
    (float32) 9.96921e+36,
    (float32) 9.96921e+36,
    (float32) 9.96921e+36,
    (float32) 9.96921e+36,
    (float32) 9.96921e+36,
    (float32) 9.96921e+36,
    (float32) 9.96921e+36,
    (float32) 9.96921e+36,
    (float32) 9.96921e+36,
    (float32) 9.96921e+36,
    (float32) 9.96921e+36,
    (float32) 9.96921e+36,
    (float32) 9.96921e+36,
    (float32) 9.96921e+36,
    (float32) 9.96921e+36,
    (float32) 9.96921e+36,
    (float32) 9.96921e+36,
    (float32) 9.96921e+36,
    (float32) 9.96921e+36,
    (float32) 9.96921e+36,
    (float32) 9.96921e+36,
    (float32) 9.96921e+36,
    (float32) 9.96921e+36,
    (float32) 9.96921e+36,
    (float32) 9.96921e+36,
    (float32) 9.96921e+36,
    (float32) 9.96921e+36,
    (float32) 9.96921e+36,
    (float32) 9.96921e+36
   },
   ([]float32) (len=360 cap=360) {
    (float32) 9.96921e+36,
    (float32) 9.96921e+36,
    (float32) 9.96921e+36,
    (float32) 9.96921e+36,
    (float32) 9.96921e+36,
    (float32) 9.96921e+36,
    (float32) 9.96921e+36,
    (float32) 9.96921e+36,
    (float32) 9.96921e+36,
    (float32) 9.96921e+36,
    (float32) 9.96921e+36,
    (float32) 9.96921e+36,
    (float32) 9.96921e+36,
    (float32) 9.96921e+36,
    (float32) 9.96921e+36,
    (float32) 9.96921e+36,
    (float32) 9.96921e+36,
    (float32) 9.96921e+36,
    (float32) 9.96921e+36,
    (float32) 9.96921e+36,
    (float32) 9.96921e+36,
    (float32) 9.96921e+36,
    (float32) 9.96921e+36,
    (float32) 9.96921e+36,
    (float32) 9.96921e+36,
    (float32) 9.96921e+36,
    (float32) 9.96921e+36,
    (float32) 9.96921e+36,
    (float32) 9.96921e+36,
    (float32) 9.96921e+36,
    (float32) 9.96921e+36,
    (float32) 9.96921e+36,
    (float32) 9.96921e+36,
    (float32) 9.96921e+36,
    (float32) 9.96921e+36,
    (float32) 9.96921e+36,
    (float32) 9.96921e+36,
    (float32) 9.96921e+36,
    (float32) 9.96921e+36,
    (float32) 9.96921e+36,
    (float32) 9.96921e+36,
    (float32) 9.96921e+36,
    (float32) 9.96921e+36,
    (float32) 9.96921e+36,
    (float32) 9.96921e+36,
    (float32) 9.96921e+36,
    (float32) 9.96921e+36,
    (float32) 9.96921e+36,
    (float32) 9.96921e+36,
    (float32) 9.96921e+36,
    (float32) 9.96921e+36,
    (float32) 9.96921e+36,
    (float32) 9.96921e+36,
    (float32) 9.96921e+36,
    (float32) 9.96921e+36,
    (float32) 9.96921e+36,
    (float32) 9.96921e+36,
    (float32) 9.96921e+36,
    (float32) 9.96921e+36,
    (float32) 9.96921e+36,
    (float32) 9.96921e+36,
    (float32) 9.96921e+36,
    (float32) 9.96921e+36,
    (float32) 9.96921e+36,
    (float32) 9.96921e+36,
    (float32) 9.96921e+36,
    (float32) 9.96921e+36,
    (float32) 9.96921e+36,
    (float32) 9.96921e+36,
    (float32) 9.96921e+36,
    (float32) 9.96921e+36,
    (float32) 9.96921e+36,
    (float32) 9.96921e+36,
    (float32) 9.96921e+36,
    (float32) 9.96921e+36,
    (float32) 9.96921e+36,
    (float32) 9.96921e+36,
    (float32) 9.96921e+36,
    (float32) 9.96921e+36,
    (float32) 9.96921e+36,
    (float32) 9.96921e+36,
    (float32) 9.96921e+36,
    (float32) 9.96921e+36,
    (float32) 9.96921e+36,
    (float32) 9.96921e+36,
    (float32) 9.96921e+36,
    (float32) 9.96921e+36,
    (float32) 9.96921e+36,
    (float32) 9.96921e+36,
    (float32) 9.96921e+36,
    (float32) 9.96921e+36,
    (float32) 9.96921e+36,
    (float32) 9.96921e+36,
    (float32) 9.96921e+36,
    (float32) 9.96921e+36,
    (float32) 9.96921e+36,
    (float32) 9.96921e+36,
    (float32) 9.96921e+36,
    (float32) 9.96921e+36,
    (float32) 9.96921e+36,
    (float32) 9.96921e+36,
    (float32) 9.96921e+36,
    (float32) 9.96921e+36,
    (float32) 9.96921e+36,
    (float32) 9.96921e+36,
    (float32) 9.96921e+36,
    (float32) 9.96921e+36,
    (float32) 9.96921e+36,
    (float32) 9.96921e+36,
    (float32) 9.96921e+36,
    (float32) 9.96921e+36,
    (float32) 9.96921e+36,
    (float32) 9.96921e+36,
    (float32) 9.96921e+36,
    (float32) 9.96921e+36,
    (float32) 9.96921e+36,
    (float32) 9.96921e+36,
    (float32) 9.96921e+36,
    (float32) 9.96921e+36,
    (float32) 9.96921e+36,
    (float32) 9.96921e+36,
    (float32) 9.96921e+36,
    (float32) 9.96921e+36,
    (float32) 9.96921e+36,
    (float32) 9.96921e+36,
    (float32) 9.96921e+36,
    (float32) 9.96921e+36,
    (float32) 9.96921e+36,
    (float32) 9.96921e+36,
    (float32) 9.96921e+36,
    (float32) 9.96921e+36,
    (float32) 9.96921e+36,
    (float32) 9.96921e+36,
    (float32) 9.96921e+36,
    (float32) 9.96921e+36,
    (float32) 9.96921e+36,
    (float32) 9.96921e+36,
    (float32) 9.96921e+36,
    (float32) 9.96921e+36,
    (float32) 9.96921e+36,
    (float32) 9.96921e+36,
    (float32) 9.96921e+36,
    (float32) 9.96921e+36,
    (float32) 9.96921e+36,
    (float32) 9.96921e+36,
    (float32) 9.96921e+36,
    (float32) 9.96921e+36,
    (float32) 9.96921e+36,
    (float32) 9.96921e+36,
    (float32) 9.96921e+36,
    (float32) 9.96921e+36,
    (float32) 9.96921e+36,
    (float32) 9.96921e+36,
    (float32) 9.96921e+36,
    (float32) 9.96921e+36,
    (float32) 9.96921e+36,
    (float32) 9.96921e+36,
    (float32) 9.96921e+36,
    (float32) 9.96921e+36,
    (float32) 9.96921e+36,
    (float32) 9.96921e+36,
    (float32) 9.96921e+36,
    (float32) 9.96921e+36,
    (float32) 9.96921e+36,
    (float32) 9.96921e+36,
    (float32) 9.96921e+36,
    (float32) 9.96921e+36,
    (float32) 9.96921e+36,
    (float32) 9.96921e+36,
    (float32) 9.96921e+36,
    (float32) 9.96921e+36,
    (float32) 9.96921e+36,
    (float32) 9.96921e+36,
    (float32) 9.96921e+36,
    (float32) 9.96921e+36,
    (float32) 9.96921e+36,
    (float32) 9.96921e+36,
    (float32) 9.96921e+36,
    (float32) 9.96921e+36,
    (float32) 9.96921e+36,
    (float32) 9.96921e+36,
    (float32) 9.96921e+36,
    (float32) 9.96921e+36,
    (float32) 9.96921e+36,
    (float32) 9.96921e+36,
    (float32) 9.96921e+36,
    (float32) 9.96921e+36,
    (float32) 9.96921e+36,
    (float32) 9.96921e+36,
    (float32) 9.96921e+36,
    (float32) 9.96921e+36,
    (float32) 9.96921e+36,
    (float32) 9.96921e+36,
    (float32) 9.96921e+36,
    (float32) 9.96921e+36,
    (float32) 9.96921e+36,
    (float32) 9.96921e+36,
    (float32) 9.96921e+36,
    (float32) 9.96921e+36,
    (float32) 9.96921e+36,
    (float32) 9.96921e+36,
    (float32) 9.96921e+36,
    (float32) 9.96921e+36,
    (float32) 9.96921e+36,
    (float32) 9.96921e+36,
    (float32) 9.96921e+36,
    (float32) 9.96921e+36,
    (float32) 9.96921e+36,
    (float32) 9.96921e+36,
    (float32) 9.96921e+36,
    (float32) 9.96921e+36,
    (float32) 9.96921e+36,
    (float32) 9.96921e+36,
    (float32) 9.96921e+36,
    (float32) 9.96921e+36,
    (float32) 9.96921e+36,
    (float32) 9.96921e+36,
    (float32) 9.96921e+36,
    (float32) 9.96921e+36,
    (float32) 9.96921e+36,
    (float32) 9.96921e+36,
    (float32) 9.96921e+36,
    (float32) 9.96921e+36,
    (float32) 9.96921e+36,
    (float32) 9.96921e+36,
    (float32) 9.96921e+36,
    (float32) 9.96921e+36,
    (float32) 9.96921e+36,
    (float32) 9.96921e+36,
    (float32) 9.96921e+36,
    (float32) 9.96921e+36,
    (float32) 9.96921e+36,
    (float32) 9.96921e+36,
    (float32) 9.96921e+36,
    (float32) 9.96921e+36,
    (float32) 9.96921e+36,
    (float32) 9.96921e+36,
    (float32) 9.96921e+36,
    (float32) 9.96921e+36,
    (float32) 9.96921e+36,
    (float32) 9.96921e+36,
    (float32) 9.96921e+36,
    (float32) 9.96921e+36,
    (float32) 9.96921e+36,
    (float32) 9.96921e+36,
    (float32) 9.96921e+36,
    (float32) 9.96921e+36,
    (float32) 9.96921e+36,
    (float32) 9.96921e+36,
    (float32) 9.96921e+36,
    (float32) 9.96921e+36,
    (float32) 9.96921e+36,
    (float32) 9.96921e+36,
    (float32) 9.96921e+36,
    (float32) 9.96921e+36,
    (float32) 9.96921e+36,
    (float32) 9.96921e+36,
    (float32) 9.96921e+36,
    (float32) 9.96921e+36,
    (float32) 9.96921e+36,
    (float32) 9.96921e+36,
    (float32) 9.96921e+36,
    (float32) 9.96921e+36,
    (float32) 9.96921e+36,
    (float32) 9.96921e+36,
    (float32) 9.96921e+36,
    (float32) 9.96921e+36,
    (float32) 9.96921e+36,
    (float32) 9.96921e+36,
    (float32) 9.96921e+36,
    (float32) 9.96921e+36,
    (float32) 9.96921e+36,
    (float32) 9.96921e+36,
    (float32) 9.96921e+36,
    (float32) 9.96921e+36,
    (float32) 9.96921e+36,
    (float32) 9.96921e+36,
    (float32) 9.96921e+36,
    (float32) 9.96921e+36,
    (float32) 9.96921e+36,
    (float32) 9.96921e+36,
    (float32) 9.96921e+36,
    (float32) 9.96921e+36,
    (float32) 9.96921e+36,
    (float32) 9.96921e+36,
    (float32) 9.96921e+36,
    (float32) 9.96921e+36,
    (float32) 9.96921e+36,
    (float32) 9.96921e+36,
    (float32) 9.96921e+36,
    (float32) 9.96921e+36,
    (float32) 9.96921e+36,
    (float32) 9.96921e+36,
    (float32) 9.96921e+36,
    (float32) 9.96921e+36,
    (float32) 9.96921e+36,
    (float32) 9.96921e+36,
    (float32) 9.96921e+36,
    (float32) 9.96921e+36,
    (float32) 9.96921e+36,
    (float32) 9.96921e+36,
    (float32) 9.96921e+36,
    (float32) 9.96921e+36,
    (float32) 9.96921e+36,
    (float32) 9.96921e+36,
    (float32) 9.96921e+36,
    (float32) 9.96921e+36,
    (float32) 9.96921e+36,
    (float32) 9.96921e+36,
    (float32) 9.96921e+36,
    (float32) 9.96921e+36,
    (float32) 9.96921e+36,
    (float32) 9.96921e+36,
    (float32) 9.96921e+36,
    (float32) 9.96921e+36,
    (float32) 9.96921e+36,
    (float32) 9.96921e+36,
    (float32) 9.96921e+36,
    (float32) 9.96921e+36,
    (float32) 9.96921e+36,
    (float32) 9.96921e+36,
    (float32) 9.96921e+36,
    (float32) 9.96921e+36,
    (float32) 9.96921e+36,
    (float32) 9.96921e+36,
    (float32) 9.96921e+36,
    (float32) 9.96921e+36,
    (float32) 9.96921e+36,
    (float32) 9.96921e+36,
    (float32) 9.96921e+36,
    (float32) 9.96921e+36,
    (float32) 9.96921e+36,
    (float32) 9.96921e+36,
    (float32) 9.96921e+36,
    (float32) 9.96921e+36,
    (float32) 9.96921e+36,
    (float32) 9.96921e+36,
    (float32) 9.96921e+36,
    (float32) 9.96921e+36,
    (float32) 9.96921e+36,
    (float32) 9.96921e+36,
    (float32) 9.96921e+36,
    (float32) 9.96921e+36,
    (float32) 9.96921e+36,
    (float32) 9.96921e+36,
    (float32) 9.96921e+36,
    (float32) 9.96921e+36,
    (float32) 9.96921e+36,
    (float32) 9.96921e+36,
    (float32) 9.96921e+36,
    (float32) 9.96921e+36,
    (float32) 9.96921e+36,
    (float32) 9.96921e+36,
    (float32) 9.96921e+36,
    (float32) 9.96921e+36,
    (float32) 9.96921e+36,
    (float32) 9.96921e+36,
    (float32) 9.96921e+36,
    (float32) 9.96921e+36,
    (float32) 9.96921e+36
   },
   ([]float32) (len=360 cap=360) {
    (float32) 9.96921e+36,
    (float32) 34.272087,
    (float32) 34.258987,
    (float32) 34.24681,
    (float32) 34.2357,
    (float32) 34.22551,
    (float32) 34.217087,
    (float32) 34.20991,
    (float32) 34.20329,
    (float32) 34.195488,
    (float32) 34.18541,
    (float32) 34.17371,
    (float32) 34.15889,
    (float32) 34.1408,
    (float32) 34.1199,
    (float32) 34.095688,
    (float32) 34.06979,
    (float32) 34.04211,
    (float32) 34.014713,
    (float32) 33.98621,
    (float32) 33.95111,
    (float32) 9.96921e+36,
    (float32) 9.96921e+36,
    (float32) 9.96921e+36,
    (float32) 9.96921e+36,
    (float32) 9.96921e+36,
    (float32) 9.96921e+36,
    (float32) 9.96921e+36,
    (float32) 9.96921e+36,
    (float32) 9.96921e+36,
    (float32) 9.96921e+36,
    (float32) 9.96921e+36,
    (float32) 9.96921e+36,
    (float32) 9.96921e+36,
    (float32) 9.96921e+36,
    (float32) 9.96921e+36,
    (float32) 9.96921e+36,
    (float32) 9.96921e+36,
    (float32) 9.96921e+36,
    (float32) 9.96921e+36,
    (float32) 9.96921e+36,
    (float32) 9.96921e+36,
    (float32) 9.96921e+36,
    (float32) 9.96921e+36,
    (float32) 9.96921e+36,
    (float32) 9.96921e+36,
    (float32) 9.96921e+36,
    (float32) 9.96921e+36,
    (float32) 9.96921e+36,
    (float32) 9.96921e+36,
    (float32) 9.96921e+36,
    (float32) 9.96921e+36,
    (float32) 9.96921e+36,
    (float32) 9.96921e+36,
    (float32) 9.96921e+36,
    (float32) 9.96921e+36,
    (float32) 9.96921e+36,
    (float32) 9.96921e+36,
    (float32) 9.96921e+36,
    (float32) 9.96921e+36,
    (float32) 9.96921e+36,
    (float32) 9.96921e+36,
    (float32) 9.96921e+36,
    (float32) 9.96921e+36,
    (float32) 9.96921e+36,
    (float32) 9.96921e+36,
    (float32) 9.96921e+36,
    (float32) 9.96921e+36,
    (float32) 9.96921e+36,
    (float32) 9.96921e+36,
    (float32) 9.96921e+36,
    (float32) 9.96921e+36,
    (float32) 9.96921e+36,
    (float32) 9.96921e+36,
    (float32) 9.96921e+36,
    (float32) 9.96921e+36,
    (float32) 9.96921e+36,
    (float32) 9.96921e+36,
    (float32) 9.96921e+36,
    (float32) 9.96921e+36,
    (float32) 9.96921e+36,
    (float32) 9.96921e+36,
    (float32) 9.96921e+36,
    (float32) 9.96921e+36,
    (float32) 9.96921e+36,
    (float32) 9.96921e+36,
    (float32) 9.96921e+36,
    (float32) 9.96921e+36,
    (float32) 9.96921e+36,
    (float32) 9.96921e+36,
    (float32) 9.96921e+36,
    (float32) 9.96921e+36,
    (float32) 9.96921e+36,
    (float32) 9.96921e+36,
    (float32) 9.96921e+36,
    (float32) 9.96921e+36,
    (float32) 9.96921e+36,
    (float32) 9.96921e+36,
    (float32) 9.96921e+36,
    (float32) 9.96921e+36,
    (float32) 9.96921e+36,
    (float32) 9.96921e+36,
    (float32) 9.96921e+36,
    (float32) 9.96921e+36,
    (float32) 9.96921e+36,
    (float32) 9.96921e+36,
    (float32) 9.96921e+36,
    (float32) 9.96921e+36,
    (float32) 9.96921e+36,
    (float32) 9.96921e+36,
    (float32) 9.96921e+36,
    (float32) 9.96921e+36,
    (float32) 9.96921e+36,
    (float32) 9.96921e+36,
    (float32) 9.96921e+36,
    (float32) 9.96921e+36,
    (float32) 9.96921e+36,
    (float32) 9.96921e+36,
    (float32) 9.96921e+36,
    (float32) 9.96921e+36,
    (float32) 9.96921e+36,
    (float32) 9.96921e+36,
    (float32) 9.96921e+36,
    (float32) 9.96921e+36,
    (float32) 9.96921e+36,
    (float32) 9.96921e+36,
    (float32) 9.96921e+36,
    (float32) 9.96921e+36,
    (float32) 9.96921e+36,
    (float32) 9.96921e+36,
    (float32) 9.96921e+36,
    (float32) 9.96921e+36,
    (float32) 9.96921e+36,
    (float32) 9.96921e+36,
    (float32) 9.96921e+36,
    (float32) 34.31849,
    (float32) 34.3026,
    (float32) 34.28561,
    (float32) 34.26361,
    (float32) 34.23461,
    (float32) 34.200287,
    (float32) 34.17781,
    (float32) 34.14661,
    (float32) 34.118587,
    (float32) 34.09819,
    (float32) 9.96921e+36,
    (float32) 9.96921e+36,
    (float32) 9.96921e+36,
    (float32) 9.96921e+36,
    (float32) 9.96921e+36,
    (float32) 9.96921e+36,
    (float32) 9.96921e+36,
    (float32) 9.96921e+36,
    (float32) 9.96921e+36,
    (float32) 9.96921e+36,
    (float32) 9.96921e+36,
    (float32) 9.96921e+36,
    (float32) 9.96921e+36,
    (float32) 9.96921e+36,
    (float32) 9.96921e+36,
    (float32) 9.96921e+36,
    (float32) 9.96921e+36,
    (float32) 9.96921e+36,
    (float32) 9.96921e+36,
    (float32) 9.96921e+36,
    (float32) 9.96921e+36,
    (float32) 9.96921e+36,
    (float32) 9.96921e+36,
    (float32) 9.96921e+36,
    (float32) 9.96921e+36,
    (float32) 9.96921e+36,
    (float32) 9.96921e+36,
    (float32) 9.96921e+36,
    (float32) 9.96921e+36,
    (float32) 9.96921e+36,
    (float32) 9.96921e+36,
    (float32) 9.96921e+36,
    (float32) 9.96921e+36,
    (float32) 9.96921e+36,
    (float32) 9.96921e+36,
    (float32) 9.96921e+36,
    (float32) 9.96921e+36,
    (float32) 9.96921e+36,
    (float32) 9.96921e+36,
    (float32) 9.96921e+36,
    (float32) 9.96921e+36,
    (float32) 9.96921e+36,
    (float32) 9.96921e+36,
    (float32) 9.96921e+36,
    (float32) 9.96921e+36,
    (float32) 9.96921e+36,
    (float32) 9.96921e+36,
    (float32) 9.96921e+36,
    (float32) 9.96921e+36,
    (float32) 9.96921e+36,
    (float32) 9.96921e+36,
    (float32) 9.96921e+36,
    (float32) 9.96921e+36,
    (float32) 9.96921e+36,
    (float32) 9.96921e+36,
    (float32) 9.96921e+36,
    (float32) 9.96921e+36,
    (float32) 9.96921e+36,
    (float32) 9.96921e+36,
    (float32) 9.96921e+36,
    (float32) 9.96921e+36,
    (float32) 9.96921e+36,
    (float32) 9.96921e+36,
    (float32) 9.96921e+36,
    (float32) 9.96921e+36,
    (float32) 9.96921e+36,
    (float32) 9.96921e+36,
    (float32) 9.96921e+36,
    (float32) 9.96921e+36,
    (float32) 9.96921e+36,
    (float32) 9.96921e+36,
    (float32) 9.96921e+36,
    (float32) 9.96921e+36,
    (float32) 9.96921e+36,
    (float32) 9.96921e+36,
    (float32) 9.96921e+36,
    (float32) 9.96921e+36,
    (float32) 9.96921e+36,
    (float32) 9.96921e+36,
    (float32) 9.96921e+36,
    (float32) 9.96921e+36,
    (float32) 9.96921e+36,
    (float32) 9.96921e+36,
    (float32) 9.96921e+36,
    (float32) 9.96921e+36,
    (float32) 9.96921e+36,
    (float32) 9.96921e+36,
    (float32) 9.96921e+36,
    (float32) 9.96921e+36,
    (float32) 9.96921e+36,
    (float32) 9.96921e+36,
    (float32) 9.96921e+36,
    (float32) 9.96921e+36,
    (float32) 9.96921e+36,
    (float32) 9.96921e+36,
    (float32) 9.96921e+36,
    (float32) 9.96921e+36,
    (float32) 9.96921e+36,
    (float32) 9.96921e+36,
    (float32) 9.96921e+36,
    (float32) 9.96921e+36,
    (float32) 9.96921e+36,
    (float32) 9.96921e+36,
    (float32) 9.96921e+36,
    (float32) 9.96921e+36,
    (float32) 9.96921e+36,
    (float32) 9.96921e+36,
    (float32) 9.96921e+36,
    (float32) 9.96921e+36,
    (float32) 9.96921e+36,
    (float32) 9.96921e+36,
    (float32) 9.96921e+36,
    (float32) 9.96921e+36,
    (float32) 9.96921e+36,
    (float32) 9.96921e+36,
    (float32) 9.96921e+36,
    (float32) 9.96921e+36,
    (float32) 9.96921e+36,
    (float32) 9.96921e+36,
    (float32) 9.96921e+36,
    (float32) 9.96921e+36,
    (float32) 9.96921e+36,
    (float32) 9.96921e+36,
    (float32) 9.96921e+36,
    (float32) 9.96921e+36,
    (float32) 9.96921e+36,
    (float32) 9.96921e+36,
    (float32) 9.96921e+36,
    (float32) 9.96921e+36,
    (float32) 9.96921e+36,
    (float32) 9.96921e+36,
    (float32) 9.96921e+36,
    (float32) 9.96921e+36,
    (float32) 9.96921e+36,
    (float32) 9.96921e+36,
    (float32) 9.96921e+36,
    (float32) 9.96921e+36,
    (float32) 9.96921e+36,
    (float32) 9.96921e+36,
    (float32) 9.96921e+36,
    (float32) 9.96921e+36,
    (float32) 9.96921e+36,
    (float32) 9.96921e+36,
    (float32) 9.96921e+36,
    (float32) 9.96921e+36,
    (float32) 9.96921e+36,
    (float32) 9.96921e+36,
    (float32) 9.96921e+36,
    (float32) 9.96921e+36,
    (float32) 9.96921e+36,
    (float32) 9.96921e+36,
    (float32) 9.96921e+36,
    (float32) 9.96921e+36,
    (float32) 9.96921e+36,
    (float32) 9.96921e+36,
    (float32) 9.96921e+36,
    (float32) 9.96921e+36,
    (float32) 9.96921e+36,
    (float32) 9.96921e+36,
    (float32) 9.96921e+36,
    (float32) 9.96921e+36,
    (float32) 9.96921e+36,
    (float32) 9.96921e+36,
    (float32) 9.96921e+36,
    (float32) 9.96921e+36,
    (float32) 9.96921e+36,
    (float32) 9.96921e+36,
    (float32) 9.96921e+36,
    (float32) 9.96921e+36,
    (float32) 9.96921e+36,
    (float32) 9.96921e+36,
    (float32) 9.96921e+36,
    (float32) 9.96921e+36,
    (float32) 9.96921e+36,
    (float32) 9.96921e+36,
    (float32) 9.96921e+36,
    (float32) 9.96921e+36,
    (float32) 9.96921e+36,
    (float32) 9.96921e+36,
    (float32) 9.96921e+36,
    (float32) 9.96921e+36,
    (float32) 9.96921e+36,
    (float32) 9.96921e+36,
    (float32) 9.96921e+36,
    (float32) 9.96921e+36,
    (float32) 9.96921e+36,
    (float32) 9.96921e+36,
    (float32) 9.96921e+36,
    (float32) 9.96921e+36,
    (float32) 9.96921e+36,
    (float32) 9.96921e+36,
    (float32) 9.96921e+36,
    (float32) 9.96921e+36,
    (float32) 9.96921e+36,
    (float32) 9.96921e+36,
    (float32) 9.96921e+36,
    (float32) 9.96921e+36,
    (float32) 9.96921e+36,
    (float32) 9.96921e+36,
    (float32) 9.96921e+36,
    (float32) 33.758987,
    (float32) 9.96921e+36,
    (float32) 9.96921e+36,
    (float32) 9.96921e+36,
    (float32) 9.96921e+36,
    (float32) 9.96921e+36,
    (float32) 9.96921e+36,
    (float32) 9.96921e+36,
    (float32) 9.96921e+36,
    (float32) 9.96921e+36,
    (float32) 9.96921e+36,
    (float32) 9.96921e+36,
    (float32) 9.96921e+36,
    (float32) 9.96921e+36,
    (float32) 9.96921e+36
   },
   ([]float32) (len=360 cap=360) {
    (float32) 34.2794,
    (float32) 34.235287,
    (float32) 34.20179,
    (float32) 34.177113,
    (float32) 34.1558,
    (float32) 34.13631,
    (float32) 34.11849,
    (float32) 34.101887,
    (float32) 34.08609,
    (float32) 34.07041,
    (float32) 34.05411,
    (float32) 34.036987,
    (float32) 34.01821,
    (float32) 33.997513,
    (float32) 33.9749,
    (float32) 33.95039,
    (float32) 33.9247,
    (float32) 33.898113,
    (float32) 33.8709,
    (float32) 33.840813,
    (float32) 33.802113,
    (float32) 33.738888,
    (float32) 33.70821,
    (float32) 33.69461,
    (float32) 33.69479,
    (float32) 33.69219,
    (float32) 33.69841,
    (float32) 33.7095,
    (float32) 33.72519,
    (float32) 9.96921e+36,
    (float32) 9.96921e+36,
    (float32) 9.96921e+36,
    (float32) 9.96921e+36,
    (float32) 9.96921e+36,
    (float32) 9.96921e+36,
    (float32) 9.96921e+36,
    (float32) 9.96921e+36,
    (float32) 9.96921e+36,
    (float32) 9.96921e+36,
    (float32) 9.96921e+36,
    (float32) 9.96921e+36,
    (float32) 9.96921e+36,
    (float32) 9.96921e+36,
    (float32) 9.96921e+36,
    (float32) 9.96921e+36,
    (float32) 9.96921e+36,
    (float32) 9.96921e+36,
    (float32) 9.96921e+36,
    (float32) 9.96921e+36,
    (float32) 9.96921e+36,
    (float32) 9.96921e+36,
    (float32) 9.96921e+36,
    (float32) 9.96921e+36,
    (float32) 9.96921e+36,
    (float32) 9.96921e+36,
    (float32) 9.96921e+36,
    (float32) 9.96921e+36,
    (float32) 9.96921e+36,
    (float32) 9.96921e+36,
    (float32) 9.96921e+36,
    (float32) 9.96921e+36,
    (float32) 9.96921e+36,
    (float32) 9.96921e+36,
    (float32) 9.96921e+36,
    (float32) 9.96921e+36,
    (float32) 9.96921e+36,
    (float32) 9.96921e+36,
    (float32) 9.96921e+36,
    (float32) 9.96921e+36,
    (float32) 9.96921e+36,
    (float32) 9.96921e+36,
    (float32) 9.96921e+36,
    (float32) 9.96921e+36,
    (float32) 9.96921e+36,
    (float32) 9.96921e+36,
    (float32) 9.96921e+36,
    (float32) 9.96921e+36,
    (float32) 9.96921e+36,
    (float32) 9.96921e+36,
    (float32) 9.96921e+36,
    (float32) 9.96921e+36,
    (float32) 9.96921e+36,
    (float32) 9.96921e+36,
    (float32) 9.96921e+36,
    (float32) 9.96921e+36,
    (float32) 9.96921e+36,
    (float32) 9.96921e+36,
    (float32) 9.96921e+36,
    (float32) 9.96921e+36,
    (float32) 9.96921e+36,
    (float32) 9.96921e+36,
    (float32) 9.96921e+36,
    (float32) 9.96921e+36,
    (float32) 9.96921e+36,
    (float32) 9.96921e+36,
    (float32) 9.96921e+36,
    (float32) 9.96921e+36,
    (float32) 9.96921e+36,
    (float32) 9.96921e+36,
    (float32) 9.96921e+36,
    (float32) 9.96921e+36,
    (float32) 9.96921e+36,
    (float32) 9.96921e+36,
    (float32) 9.96921e+36,
    (float32) 9.96921e+36,
    (float32) 9.96921e+36,
    (float32) 9.96921e+36,
    (float32) 9.96921e+36,
    (float32) 9.96921e+36,
    (float32) 9.96921e+36,
    (float32) 9.96921e+36,
    (float32) 9.96921e+36,
    (float32) 9.96921e+36,
    (float32) 9.96921e+36,
    (float32) 9.96921e+36,
    (float32) 9.96921e+36,
    (float32) 9.96921e+36,
    (float32) 9.96921e+36,
    (float32) 9.96921e+36,
    (float32) 9.96921e+36,
    (float32) 9.96921e+36,
    (float32) 9.96921e+36,
    (float32) 9.96921e+36,
    (float32) 9.96921e+36,
    (float32) 9.96921e+36,
    (float32) 9.96921e+36,
    (float32) 9.96921e+36,
    (float32) 9.96921e+36,
    (float32) 9.96921e+36,
    (float32) 9.96921e+36,
    (float32) 34.36471,
    (float32) 34.3687,
    (float32) 34.34111,
    (float32) 34.32611,
    (float32) 34.30739,
    (float32) 34.26981,
    (float32) 34.2485,
    (float32) 34.2281,
    (float32) 34.20899,
    (float32) 34.182987,
    (float32) 34.15619,
    (float32) 34.1324,
    (float32) 34.1079,
    (float32) 34.08451,
    (float32) 34.06249,
    (float32) 34.02099,
    (float32) 34.00571,
    (float32) 33.975487,
    (float32) 33.944687,
    (float32) 9.96921e+36,
    (float32) 9.96921e+36,
    (float32) 9.96921e+36,
    (float32) 9.96921e+36,
    (float32) 9.96921e+36,
    (float32) 9.96921e+36,
    (float32) 9.96921e+36,
    (float32) 9.96921e+36,
    (float32) 9.96921e+36,
    (float32) 9.96921e+36,
    (float32) 9.96921e+36,
    (float32) 9.96921e+36,
    (float32) 9.96921e+36,
    (float32) 9.96921e+36,
    (float32) 9.96921e+36,
    (float32) 9.96921e+36,
    (float32) 9.96921e+36,
    (float32) 9.96921e+36,
    (float32) 9.96921e+36,
    (float32) 9.96921e+36,
    (float32) 9.96921e+36,
    (float32) 9.96921e+36,
    (float32) 9.96921e+36,
    (float32) 9.96921e+36,
    (float32) 9.96921e+36,
    (float32) 9.96921e+36,
    (float32) 9.96921e+36,
    (float32) 9.96921e+36,
    (float32) 9.96921e+36,
    (float32) 9.96921e+36,
    (float32) 9.96921e+36,
    (float32) 9.96921e+36,
    (float32) 9.96921e+36,
    (float32) 9.96921e+36,
    (float32) 9.96921e+36,
    (float32) 9.96921e+36,
    (float32) 9.96921e+36,
    (float32) 9.96921e+36,
    (float32) 9.96921e+36,
    (float32) 9.96921e+36,
    (float32) 9.96921e+36,
    (float32) 9.96921e+36,
    (float32) 9.96921e+36,
    (float32) 9.96921e+36,
    (float32) 9.96921e+36,
    (float32) 9.96921e+36,
    (float32) 9.96921e+36,
    (float32) 9.96921e+36,
    (float32) 9.96921e+36,
    (float32) 9.96921e+36,
    (float32) 9.96921e+36,
    (float32) 9.96921e+36,
    (float32) 9.96921e+36,
    (float32) 9.96921e+36,
    (float32) 9.96921e+36,
    (float32) 9.96921e+36,
    (float32) 9.96921e+36,
    (float32) 9.96921e+36,
    (float32) 9.96921e+36,
    (float32) 9.96921e+36,
    (float32) 9.96921e+36,
    (float32) 9.96921e+36,
    (float32) 9.96921e+36,
    (float32) 9.96921e+36,
    (float32) 9.96921e+36,
    (float32) 9.96921e+36,
    (float32) 9.96921e+36,
    (float32) 9.96921e+36,
    (float32) 9.96921e+36,
    (float32) 9.96921e+36,
    (float32) 9.96921e+36,
    (float32) 9.96921e+36,
    (float32) 9.96921e+36,
    (float32) 9.96921e+36,
    (float32) 9.96921e+36,
    (float32) 9.96921e+36,
    (float32) 9.96921e+36,
    (float32) 9.96921e+36,
    (float32) 9.96921e+36,
    (float32) 9.96921e+36,
    (float32) 9.96921e+36,
    (float32) 9.96921e+36,
    (float32) 9.96921e+36,
    (float32) 9.96921e+36,
    (float32) 9.96921e+36,
    (float32) 9.96921e+36,
    (float32) 9.96921e+36,
    (float32) 9.96921e+36,
    (float32) 9.96921e+36,
    (float32) 9.96921e+36,
    (float32) 9.96921e+36,
    (float32) 9.96921e+36,
    (float32) 9.96921e+36,
    (float32) 9.96921e+36,
    (float32) 9.96921e+36,
    (float32) 9.96921e+36,
    (float32) 9.96921e+36,
    (float32) 9.96921e+36,
    (float32) 9.96921e+36,
    (float32) 9.96921e+36,
    (float32) 9.96921e+36,
    (float32) 9.96921e+36,
    (float32) 9.96921e+36,
    (float32) 9.96921e+36,
    (float32) 9.96921e+36,
    (float32) 9.96921e+36,
    (float32) 9.96921e+36,
    (float32) 9.96921e+36,
    (float32) 9.96921e+36,
    (float32) 9.96921e+36,
    (float32) 9.96921e+36,
    (float32) 9.96921e+36,
    (float32) 9.96921e+36,
    (float32) 9.96921e+36,
    (float32) 9.96921e+36,
    (float32) 9.96921e+36,
    (float32) 9.96921e+36,
    (float32) 9.96921e+36,
    (float32) 9.96921e+36,
    (float32) 9.96921e+36,
    (float32) 9.96921e+36,
    (float32) 9.96921e+36,
    (float32) 9.96921e+36,
    (float32) 9.96921e+36,
    (float32) 9.96921e+36,
    (float32) 9.96921e+36,
    (float32) 9.96921e+36,
    (float32) 9.96921e+36,
    (float32) 9.96921e+36,
    (float32) 9.96921e+36,
    (float32) 9.96921e+36,
    (float32) 9.96921e+36,
    (float32) 9.96921e+36,
    (float32) 9.96921e+36,
    (float32) 9.96921e+36,
    (float32) 9.96921e+36,
    (float32) 9.96921e+36,
    (float32) 9.96921e+36,
    (float32) 9.96921e+36,
    (float32) 9.96921e+36,
    (float32) 9.96921e+36,
    (float32) 9.96921e+36,
    (float32) 9.96921e+36,
    (float32) 9.96921e+36,
    (float32) 9.96921e+36,
    (float32) 9.96921e+36,
    (float32) 9.96921e+36,
    (float32) 9.96921e+36,
    (float32) 9.96921e+36,
    (float32) 9.96921e+36,
    (float32) 9.96921e+36,
    (float32) 9.96921e+36,
    (float32) 9.96921e+36,
    (float32) 9.96921e+36,
    (float32) 9.96921e+36,
    (float32) 9.96921e+36,
    (float32) 9.96921e+36,
    (float32) 9.96921e+36,
    (float32) 9.96921e+36,
    (float32) 9.96921e+36,
    (float32) 9.96921e+36,
    (float32) 9.96921e+36,
    (float32) 9.96921e+36,
    (float32) 9.96921e+36,
    (float32) 9.96921e+36,
    (float32) 9.96921e+36,
    (float32) 9.96921e+36,
    (float32) 9.96921e+36,
    (float32) 9.96921e+36,
    (float32) 9.96921e+36,
    (float32) 9.96921e+36,
    (float32) 9.96921e+36,
    (float32) 9.96921e+36,
    (float32) 9.96921e+36,
    (float32) 9.96921e+36,
    (float32) 9.96921e+36,
    (float32) 9.96921e+36,
    (float32) 9.96921e+36,
    (float32) 9.96921e+36,
    (float32) 9.96921e+36,
    (float32) 9.96921e+36,
    (float32) 9.96921e+36,
    (float32) 9.96921e+36,
    (float32) 9.96921e+36,
    (float32) 9.96921e+36,
    (float32) 9.96921e+36,
    (float32) 9.96921e+36,
    (float32) 9.96921e+36,
    (float32) 9.96921e+36,
    (float32) 9.96921e+36,
    (float32) 9.96921e+36,
    (float32) 9.96921e+36,
    (float32) 9.96921e+36,
    (float32) 9.96921e+36,
    (float32) 9.96921e+36,
    (float32) 33.674713,
    (float32) 33.74719,
    (float32) 33.83559,
    (float32) 33.92259,
    (float32) 34.00399,
    (float32) 34.0786,
    (float32) 34.14679,
    (float32) 34.20761,
    (float32) 34.25901,
    (float32) 34.2998,
    (float32) 34.32649,
    (float32) 34.34079,
    (float32) 34.3433,
    (float32) 34.35239,
    (float32) 34.30891,
    (float32) 34.323612
   },
   ([]float32) (len=360 cap=360) {
    (float32) 34.206413,
    (float32) 34.1601,
    (float32) 34.130013,
    (float32) 34.09799,
    (float32) 34.068287,
    (float32) 34.04031,
    (float32) 34.013912,
    (float32) 33.9892,
    (float32) 33.96611,
    (float32) 33.944187,
    (float32) 33.92301,
    (float32) 33.9022,
    (float32) 33.881187,
    (float32) 33.85931,
    (float32) 33.836613,
    (float32) 33.81299,
    (float32) 33.788887,
    (float32) 33.764187,
    (float32) 33.7387,
    (float32) 33.71549,
    (float32) 33.68839,
    (float32) 33.65761,
    (float32) 33.63731,
    (float32) 33.626713,
    (float32) 33.6244,
    (float32) 33.62471,
    (float32) 33.62781,
    (float32) 33.627888,
    (float32) 33.61531,
    (float32) 33.5495,
    (float32) 33.54509,
    (float32) 33.5726,
    (float32) 9.96921e+36,
    (float32) 9.96921e+36,
    (float32) 9.96921e+36,
    (float32) 9.96921e+36,
    (float32) 9.96921e+36,
    (float32) 9.96921e+36,
    (float32) 9.96921e+36,
    (float32) 9.96921e+36,
    (float32) 9.96921e+36,
    (float32) 9.96921e+36,
    (float32) 9.96921e+36,
    (float32) 9.96921e+36,
    (float32) 9.96921e+36,
    (float32) 9.96921e+36,
    (float32) 9.96921e+36,
    (float32) 9.96921e+36,
    (float32) 9.96921e+36,
    (float32) 9.96921e+36,
    (float32) 9.96921e+36,
    (float32) 9.96921e+36,
    (float32) 9.96921e+36,
    (float32) 9.96921e+36,
    (float32) 9.96921e+36,
    (float32) 9.96921e+36,
    (float32) 9.96921e+36,
    (float32) 9.96921e+36,
    (float32) 9.96921e+36,
    (float32) 9.96921e+36,
    (float32) 9.96921e+36,
    (float32) 9.96921e+36,
    (float32) 9.96921e+36,
    (float32) 9.96921e+36,
    (float32) 9.96921e+36,
    (float32) 9.96921e+36,
    (float32) 9.96921e+36,
    (float32) 9.96921e+36,
    (float32) 9.96921e+36,
    (float32) 9.96921e+36,
    (float32) 9.96921e+36,
    (float32) 9.96921e+36,
    (float32) 9.96921e+36,
    (float32) 9.96921e+36,
    (float32) 9.96921e+36,
    (float32) 9.96921e+36,
    (float32) 9.96921e+36,
    (float32) 9.96921e+36,
    (float32) 9.96921e+36,
    (float32) 9.96921e+36,
    (float32) 9.96921e+36,
    (float32) 9.96921e+36,
    (float32) 9.96921e+36,
    (float32) 9.96921e+36,
    (float32) 9.96921e+36,
    (float32) 9.96921e+36,
    (float32) 9.96921e+36,
    (float32) 9.96921e+36,
    (float32) 9.96921e+36,
    (float32) 9.96921e+36,
    (float32) 9.96921e+36,
    (float32) 9.96921e+36,
    (float32) 9.96921e+36,
    (float32) 9.96921e+36,
    (float32) 9.96921e+36,
    (float32) 9.96921e+36,
    (float32) 9.96921e+36,
    (float32) 9.96921e+36,
    (float32) 9.96921e+36,
    (float32) 9.96921e+36,
    (float32) 9.96921e+36,
    (float32) 9.96921e+36,
    (float32) 9.96921e+36,
    (float32) 9.96921e+36,
    (float32) 9.96921e+36,
    (float32) 9.96921e+36,
    (float32) 9.96921e+36,
    (float32) 9.96921e+36,
    (float32) 9.96921e+36,
    (float32) 9.96921e+36,
    (float32) 9.96921e+36,
    (float32) 9.96921e+36,
    (float32) 9.96921e+36,
    (float32) 9.96921e+36,
    (float32) 9.96921e+36,
    (float32) 9.96921e+36,
    (float32) 9.96921e+36,
    (float32) 9.96921e+36,
    (float32) 9.96921e+36,
    (float32) 9.96921e+36,
    (float32) 9.96921e+36,
    (float32) 9.96921e+36,
    (float32) 9.96921e+36,
    (float32) 9.96921e+36,
    (float32) 34.364887,
    (float32) 34.371887,
    (float32) 34.33669,
    (float32) 34.32129,
    (float32) 34.31271,
    (float32) 34.31569,
    (float32) 34.3196,
    (float32) 34.31089,
    (float32) 34.29249,
    (float32) 34.271988,
    (float32) 34.24999,
    (float32) 34.220413,
    (float32) 34.209812,
    (float32) 34.17989,
    (float32) 34.156513,
    (float32) 34.13569,
    (float32) 34.11509,
    (float32) 34.0947,
    (float32) 34.075912,
    (float32) 34.057888,
    (float32) 34.04149,
    (float32) 34.0226,
    (float32) 34.00231,
    (float32) 33.9767,
    (float32) 33.93599,
    (float32) 33.8968,
    (float32) 33.864788,
    (float32) 33.844788,
    (float32) 33.83299,
    (float32) 9.96921e+36,
    (float32) 9.96921e+36,
    (float32) 9.96921e+36,
    (float32) 9.96921e+36,
    (float32) 9.96921e+36,
    (float32) 9.96921e+36,
    (float32) 9.96921e+36,
    (float32) 9.96921e+36,
    (float32) 9.96921e+36,
    (float32) 9.96921e+36,
    (float32) 9.96921e+36,
    (float32) 9.96921e+36,
    (float32) 9.96921e+36,
    (float32) 9.96921e+36,
    (float32) 9.96921e+36,
    (float32) 9.96921e+36,
    (float32) 9.96921e+36,
    (float32) 9.96921e+36,
    (float32) 9.96921e+36,
    (float32) 9.96921e+36,
    (float32) 9.96921e+36,
    (float32) 9.96921e+36,
    (float32) 9.96921e+36,
    (float32) 9.96921e+36,
    (float32) 9.96921e+36,
    (float32) 9.96921e+36,
    (float32) 9.96921e+36,
    (float32) 9.96921e+36,
    (float32) 9.96921e+36,
    (float32) 9.96921e+36,
    (float32) 9.96921e+36,
    (float32) 9.96921e+36,
    (float32) 9.96921e+36,
    (float32) 9.96921e+36,
    (float32) 9.96921e+36,
    (float32) 9.96921e+36,
    (float32) 9.96921e+36,
    (float32) 9.96921e+36,
    (float32) 9.96921e+36,
    (float32) 9.96921e+36,
    (float32) 9.96921e+36,
    (float32) 9.96921e+36,
    (float32) 9.96921e+36,
    (float32) 9.96921e+36,
    (float32) 9.96921e+36,
    (float32) 9.96921e+36,
    (float32) 9.96921e+36,
    (float32) 9.96921e+36,
    (float32) 9.96921e+36,
    (float32) 9.96921e+36,
    (float32) 9.96921e+36,
    (float32) 9.96921e+36,
    (float32) 9.96921e+36,
    (float32) 9.96921e+36,
    (float32) 9.96921e+36,
    (float32) 9.96921e+36,
    (float32) 9.96921e+36,
    (float32) 9.96921e+36,
    (float32) 9.96921e+36,
    (float32) 9.96921e+36,
    (float32) 9.96921e+36,
    (float32) 9.96921e+36,
    (float32) 9.96921e+36,
    (float32) 9.96921e+36,
    (float32) 9.96921e+36,
    (float32) 9.96921e+36,
    (float32) 9.96921e+36,
    (float32) 9.96921e+36,
    (float32) 9.96921e+36,
    (float32) 9.96921e+36,
    (float32) 9.96921e+36,
    (float32) 9.96921e+36,
    (float32) 9.96921e+36,
    (float32) 9.96921e+36,
    (float32) 9.96921e+36,
    (float32) 9.96921e+36,
    (float32) 9.96921e+36,
    (float32) 9.96921e+36,
    (float32) 9.96921e+36,
    (float32) 9.96921e+36,
    (float32) 9.96921e+36,
    (float32) 9.96921e+36,
    (float32) 9.96921e+36,
    (float32) 9.96921e+36,
    (float32) 9.96921e+36,
    (float32) 9.96921e+36,
    (float32) 9.96921e+36,
    (float32) 9.96921e+36,
    (float32) 9.96921e+36,
    (float32) 9.96921e+36,
    (float32) 9.96921e+36,
    (float32) 9.96921e+36,
    (float32) 9.96921e+36,
    (float32) 9.96921e+36,
    (float32) 9.96921e+36,
    (float32) 9.96921e+36,
    (float32) 9.96921e+36,
    (float32) 9.96921e+36,
    (float32) 9.96921e+36,
    (float32) 9.96921e+36,
    (float32) 9.96921e+36,
    (float32) 9.96921e+36,
    (float32) 9.96921e+36,
    (float32) 9.96921e+36,
    (float32) 9.96921e+36,
    (float32) 9.96921e+36,
    (float32) 9.96921e+36,
    (float32) 9.96921e+36,
    (float32) 9.96921e+36,
    (float32) 9.96921e+36,
    (float32) 9.96921e+36,
    (float32) 9.96921e+36,
    (float32) 9.96921e+36,
    (float32) 9.96921e+36,
    (float32) 9.96921e+36,
    (float32) 9.96921e+36,
    (float32) 9.96921e+36,
    (float32) 9.96921e+36,
    (float32) 9.96921e+36,
    (float32) 9.96921e+36,
    (float32) 9.96921e+36,
    (float32) 9.96921e+36,
    (float32) 9.96921e+36,
    (float32) 9.96921e+36,
    (float32) 9.96921e+36,
    (float32) 9.96921e+36,
    (float32) 9.96921e+36,
    (float32) 9.96921e+36,
    (float32) 9.96921e+36,
    (float32) 9.96921e+36,
    (float32) 9.96921e+36,
    (float32) 9.96921e+36,
    (float32) 9.96921e+36,
    (float32) 9.96921e+36,
    (float32) 9.96921e+36,
    (float32) 9.96921e+36,
    (float32) 9.96921e+36,
    (float32) 9.96921e+36,
    (float32) 9.96921e+36,
    (float32) 9.96921e+36,
    (float32) 9.96921e+36,
    (float32) 9.96921e+36,
    (float32) 9.96921e+36,
    (float32) 9.96921e+36,
    (float32) 9.96921e+36,
    (float32) 9.96921e+36,
    (float32) 9.96921e+36,
    (float32) 9.96921e+36,
    (float32) 9.96921e+36,
    (float32) 9.96921e+36,
    (float32) 9.96921e+36,
    (float32) 9.96921e+36,
    (float32) 9.96921e+36,
    (float32) 9.96921e+36,
    (float32) 9.96921e+36,
    (float32) 9.96921e+36,
    (float32) 9.96921e+36,
    (float32) 9.96921e+36,
    (float32) 9.96921e+36,
    (float32) 9.96921e+36,
    (float32) 9.96921e+36,
    (float32) 9.96921e+36,
    (float32) 9.96921e+36,
    (float32) 9.96921e+36,
    (float32) 9.96921e+36,
    (float32) 9.96921e+36,
    (float32) 9.96921e+36,
    (float32) 9.96921e+36,
    (float32) 9.96921e+36,
    (float32) 9.96921e+36,
    (float32) 9.96921e+36,
    (float32) 9.96921e+36,
    (float32) 9.96921e+36,
    (float32) 9.96921e+36,
    (float32) 9.96921e+36,
    (float32) 9.96921e+36,
    (float32) 9.96921e+36,
    (float32) 9.96921e+36,
    (float32) 9.96921e+36,
    (float32) 9.96921e+36,
    (float32) 9.96921e+36,
    (float32) 9.96921e+36,
    (float32) 9.96921e+36,
    (float32) 9.96921e+36,
    (float32) 9.96921e+36,
    (float32) 9.96921e+36,
    (float32) 9.96921e+36,
    (float32) 9.96921e+36,
    (float32) 9.96921e+36,
    (float32) 9.96921e+36,
    (float32) 9.96921e+36,
    (float32) 33.624687,
    (float32) 33.7198,
    (float32) 33.81899,
    (float32) 33.9019,
    (float32) 33.97799,
    (float32) 34.04929,
    (float32) 34.11521,
    (float32) 34.1642,
    (float32) 34.202213,
    (float32) 34.22901,
    (float32) 34.24949,
    (float32) 34.26339,
    (float32) 34.26461,
    (float32) 34.26031,
    (float32) 34.24889,
    (float32) 34.22719
   },
   ([]float32) (len=360 cap=360) {
    (float32) 34.12141,
    (float32) 34.08411,
    (float32) 34.045788,
    (float32) 34.00769,
    (float32) 33.970512,
    (float32) 33.934612,
    (float32) 33.90069,
    (float32) 33.86989,
    (float32) 33.841713,
    (float32) 33.81599,
    (float32) 33.791912,
    (float32) 33.7702,
    (float32) 33.74949,
    (float32) 33.7297,
    (float32) 33.709087,
    (float32) 33.688587,
    (float32) 33.66811,
    (float32) 33.64471,
    (float32) 33.6264,
    (float32) 33.60911,
    (float32) 33.59749,
    (float32) 33.5821,
    (float32) 33.57181,
    (float32) 33.56799,
    (float32) 33.56889,
    (float32) 33.57279,
    (float32) 33.577087,
    (float32) 33.578213,
    (float32) 33.57029,
    (float32) 33.5502,
    (float32) 33.546688,
    (float32) 33.54541,
    (float32) 33.49921,
    (float32) 33.54599,
    (float32) 33.59079,
    (float32) 33.5959,
    (float32) 33.65349,
    (float32) 33.70269,
    (float32) 33.75599,
    (float32) 33.815887,
    (float32) 33.8759,
    (float32) 33.89621,
    (float32) 33.90301,
    (float32) 9.96921e+36,
    (float32) 9.96921e+36,
    (float32) 9.96921e+36,
    (float32) 9.96921e+36,
    (float32) 9.96921e+36,
    (float32) 9.96921e+36,
    (float32) 9.96921e+36,
    (float32) 9.96921e+36,
    (float32) 9.96921e+36,
    (float32) 9.96921e+36,
    (float32) 9.96921e+36,
    (float32) 9.96921e+36,
    (float32) 9.96921e+36,
    (float32) 9.96921e+36,
    (float32) 9.96921e+36,
    (float32) 9.96921e+36,
    (float32) 9.96921e+36,
    (float32) 9.96921e+36,
    (float32) 9.96921e+36,
    (float32) 9.96921e+36,
    (float32) 9.96921e+36,
    (float32) 9.96921e+36,
    (float32) 9.96921e+36,
    (float32) 9.96921e+36,
    (float32) 9.96921e+36,
    (float32) 9.96921e+36,
    (float32) 9.96921e+36,
    (float32) 9.96921e+36,
    (float32) 33.81641,
    (float32) 9.96921e+36,
    (float32) 9.96921e+36,
    (float32) 9.96921e+36,
    (float32) 9.96921e+36,
    (float32) 9.96921e+36,
    (float32) 9.96921e+36,
    (float32) 9.96921e+36,
    (float32) 9.96921e+36,
    (float32) 9.96921e+36,
    (float32) 9.96921e+36,
    (float32) 9.96921e+36,
    (float32) 9.96921e+36,
    (float32) 9.96921e+36,
    (float32) 9.96921e+36,
    (float32) 9.96921e+36,
    (float32) 9.96921e+36,
    (float32) 9.96921e+36,
    (float32) 9.96921e+36,
    (float32) 9.96921e+36,
    (float32) 9.96921e+36,
    (float32) 9.96921e+36,
    (float32) 9.96921e+36,
    (float32) 9.96921e+36,
    (float32) 9.96921e+36,
    (float32) 9.96921e+36,
    (float32) 9.96921e+36,
    (float32) 9.96921e+36,
    (float32) 9.96921e+36,
    (float32) 9.96921e+36,
    (float32) 9.96921e+36,
    (float32) 9.96921e+36,
    (float32) 9.96921e+36,
    (float32) 9.96921e+36,
    (float32) 9.96921e+36,
    (float32) 9.96921e+36,
    (float32) 9.96921e+36,
    (float32) 9.96921e+36,
    (float32) 9.96921e+36,
    (float32) 9.96921e+36,
    (float32) 9.96921e+36,
    (float32) 9.96921e+36,
    (float32) 9.96921e+36,
    (float32) 9.96921e+36,
    (float32) 9.96921e+36,
    (float32) 9.96921e+36,
    (float32) 9.96921e+36,
    (float32) 9.96921e+36,
    (float32) 9.96921e+36,
    (float32) 34.12959,
    (float32) 34.130787,
    (float32) 34.137787,
    (float32) 34.172787,
    (float32) 34.23531,
    (float32) 34.24769,
    (float32) 34.24949,
    (float32) 34.23789,
    (float32) 34.242813,
    (float32) 34.257812,
    (float32) 34.23349,
    (float32) 34.2476,
    (float32) 34.2167,
    (float32) 34.22049,
    (float32) 34.1987,
    (float32) 34.1747,
    (float32) 34.1477,
    (float32) 34.12511,
    (float32) 34.1071,
    (float32) 34.0932,
    (float32) 34.081112,
    (float32) 34.0688,
    (float32) 34.0577,
    (float32) 34.0467,
    (float32) 34.0302,
    (float32) 34.01259,
    (float32) 33.99271,
    (float32) 33.97089,
    (float32) 33.946888,
    (float32) 33.922913,
    (float32) 33.892212,
    (float32) 33.864212,
    (float32) 33.83161,
    (float32) 33.77699,
    (float32) 33.718613,
    (float32) 9.96921e+36,
    (float32) 9.96921e+36,
    (float32) 9.96921e+36,
    (float32) 9.96921e+36,
    (float32) 9.96921e+36,
    (float32) 9.96921e+36,
    (float32) 9.96921e+36,
    (float32) 9.96921e+36,
    (float32) 9.96921e+36,
    (float32) 9.96921e+36,
    (float32) 9.96921e+36,
    (float32) 9.96921e+36,
    (float32) 9.96921e+36,
    (float32) 9.96921e+36,
    (float32) 9.96921e+36,
    (float32) 9.96921e+36,
    (float32) 9.96921e+36,
    (float32) 9.96921e+36,
    (float32) 9.96921e+36,
    (float32) 9.96921e+36,
    (float32) 9.96921e+36,
    (float32) 9.96921e+36,
    (float32) 9.96921e+36,
    (float32) 9.96921e+36,
    (float32) 9.96921e+36,
    (float32) 9.96921e+36,
    (float32) 9.96921e+36,
    (float32) 9.96921e+36,
    (float32) 9.96921e+36,
    (float32) 9.96921e+36,
    (float32) 9.96921e+36,
    (float32) 9.96921e+36,
    (float32) 9.96921e+36,
    (float32) 9.96921e+36,
    (float32) 9.96921e+36,
    (float32) 9.96921e+36,
    (float32) 9.96921e+36,
    (float32) 9.96921e+36,
    (float32) 9.96921e+36,
    (float32) 9.96921e+36,
    (float32) 9.96921e+36,
    (float32) 9.96921e+36,
    (float32) 9.96921e+36,
    (float32) 9.96921e+36,
    (float32) 9.96921e+36,
    (float32) 9.96921e+36,
    (float32) 9.96921e+36,
    (float32) 9.96921e+36,
    (float32) 9.96921e+36,
    (float32) 9.96921e+36,
    (float32) 9.96921e+36,
    (float32) 9.96921e+36,
    (float32) 9.96921e+36,
    (float32) 9.96921e+36,
    (float32) 9.96921e+36,
    (float32) 9.96921e+36,
    (float32) 9.96921e+36,
    (float32) 9.96921e+36,
    (float32) 9.96921e+36,
    (float32) 9.96921e+36,
    (float32) 9.96921e+36,
    (float32) 9.96921e+36,
    (float32) 9.96921e+36,
    (float32) 9.96921e+36,
    (float32) 9.96921e+36,
    (float32) 9.96921e+36,
    (float32) 9.96921e+36,
    (float32) 9.96921e+36,
    (float32) 9.96921e+36,
    (float32) 9.96921e+36,
    (float32) 9.96921e+36,
    (float32) 9.96921e+36,
    (float32) 9.96921e+36,
    (float32) 9.96921e+36,
    (float32) 9.96921e+36,
    (float32) 9.96921e+36,
    (float32) 9.96921e+36,
    (float32) 9.96921e+36,
    (float32) 9.96921e+36,
    (float32) 9.96921e+36,
    (float32) 9.96921e+36,
    (float32) 9.96921e+36,
    (float32) 9.96921e+36,
    (float32) 9.96921e+36,
    (float32) 9.96921e+36,
    (float32) 9.96921e+36,
    (float32) 9.96921e+36,
    (float32) 9.96921e+36,
    (float32) 9.96921e+36,
    (float32) 9.96921e+36,
    (float32) 9.96921e+36,
    (float32) 9.96921e+36,
    (float32) 9.96921e+36,
    (float32) 9.96921e+36,
    (float32) 9.96921e+36,
    (float32) 9.96921e+36,
    (float32) 9.96921e+36,
    (float32) 9.96921e+36,
    (float32) 9.96921e+36,
    (float32) 9.96921e+36,
    (float32) 9.96921e+36,
    (float32) 9.96921e+36,
    (float32) 9.96921e+36,
    (float32) 9.96921e+36,
    (float32) 9.96921e+36,
    (float32) 9.96921e+36,
    (float32) 9.96921e+36,
    (float32) 9.96921e+36,
    (float32) 9.96921e+36,
    (float32) 9.96921e+36,
    (float32) 9.96921e+36,
    (float32) 9.96921e+36,
    (float32) 9.96921e+36,
    (float32) 9.96921e+36,
    (float32) 9.96921e+36,
    (float32) 9.96921e+36,
    (float32) 9.96921e+36,
    (float32) 9.96921e+36,
    (float32) 9.96921e+36,
    (float32) 9.96921e+36,
    (float32) 9.96921e+36,
    (float32) 9.96921e+36,
    (float32) 9.96921e+36,
    (float32) 9.96921e+36,
    (float32) 9.96921e+36,
    (float32) 9.96921e+36,
    (float32) 9.96921e+36,
    (float32) 9.96921e+36,
    (float32) 9.96921e+36,
    (float32) 9.96921e+36,
    (float32) 9.96921e+36,
    (float32) 9.96921e+36,
    (float32) 9.96921e+36,
    (float32) 9.96921e+36,
    (float32) 9.96921e+36,
    (float32) 9.96921e+36,
    (float32) 9.96921e+36,
    (float32) 9.96921e+36,
    (float32) 9.96921e+36,
    (float32) 9.96921e+36,
    (float32) 9.96921e+36,
    (float32) 9.96921e+36,
    (float32) 9.96921e+36,
    (float32) 9.96921e+36,
    (float32) 9.96921e+36,
    (float32) 9.96921e+36,
    (float32) 9.96921e+36,
    (float32) 9.96921e+36,
    (float32) 9.96921e+36,
    (float32) 9.96921e+36,
    (float32) 9.96921e+36,
    (float32) 9.96921e+36,
    (float32) 9.96921e+36,
    (float32) 9.96921e+36,
    (float32) 9.96921e+36,
    (float32) 9.96921e+36,
    (float32) 9.96921e+36,
    (float32) 9.96921e+36,
    (float32) 9.96921e+36,
    (float32) 9.96921e+36,
    (float32) 9.96921e+36,
    (float32) 9.96921e+36,
    (float32) 9.96921e+36,
    (float32) 9.96921e+36,
    (float32) 9.96921e+36,
    (float32) 9.96921e+36,
    (float32) 9.96921e+36,
    (float32) 9.96921e+36,
    (float32) 9.96921e+36,
    (float32) 9.96921e+36,
    (float32) 9.96921e+36,
    (float32) 9.96921e+36,
    (float32) 9.96921e+36,
    (float32) 9.96921e+36,
    (float32) 9.96921e+36,
    (float32) 9.96921e+36,
    (float32) 9.96921e+36,
    (float32) 9.96921e+36,
    (float32) 9.96921e+36,
    (float32) 9.96921e+36,
    (float32) 9.96921e+36,
    (float32) 9.96921e+36,
    (float32) 9.96921e+36,
    (float32) 9.96921e+36,
    (float32) 9.96921e+36,
    (float32) 9.96921e+36,
    (float32) 9.96921e+36,
    (float32) 9.96921e+36,
    (float32) 9.96921e+36,
    (float32) 9.96921e+36,
    (float32) 9.96921e+36,
    (float32) 33.81861,
    (float32) 33.8879,
    (float32) 33.95649,
    (float32) 34.025913,
    (float32) 34.10359,
    (float32) 34.136913,
    (float32) 34.157387,
    (float32) 34.17411,
    (float32) 34.18729,
    (float32) 34.1914,
    (float32) 34.1933,
    (float32) 34.18789,
    (float32) 34.164787,
    (float32) 34.14179
   },
   ([]float32) (len=360 cap=360) {
    (float32) 34.03679,
    (float32) 33.998688,
    (float32) 33.9572,
    (float32) 33.91409,
    (float32) 33.86979,
    (float32) 33.82621,
    (float32) 33.78589,
    (float32) 33.75051,
    (float32) 33.719887,
    (float32) 33.69311,
    (float32) 33.66931,
    (float32) 33.6486,
    (float32) 33.6323,
    (float32) 33.61639,
    (float32) 33.603813,
    (float32) 33.58911,
    (float32) 33.5706,
    (float32) 33.55359,
    (float32) 33.5372,
    (float32) 33.528988,
    (float32) 33.52481,
    (float32) 33.523613,
    (float32) 33.52029,
    (float32) 33.52079,
    (float32) 33.526512,
    (float32) 33.537388,
    (float32) 33.5488,
    (float32) 33.560787,
    (float32) 33.55819,
    (float32) 33.551487,
    (float32) 33.548313,
    (float32) 33.551987,
    (float32) 33.553787,
    (float32) 33.577087,
    (float32) 33.58451,
    (float32) 33.608788,
    (float32) 33.6412,
    (float32) 33.67131,
    (float32) 33.6983,
    (float32) 33.73241,
    (float32) 33.75959,
    (float32) 33.7746,
    (float32) 33.78289,
    (float32) 33.7823,
    (float32) 33.821712,
    (float32) 33.841488,
    (float32) 33.8443,
    (float32) 33.86801,
    (float32) 33.81109,
    (float32) 33.79901,
    (float32) 33.753513,
    (float32) 33.713287,
    (float32) 33.679512,
    (float32) 9.96921e+36,
    (float32) 9.96921e+36,
    (float32) 9.96921e+36,
    (float32) 9.96921e+36,
    (float32) 9.96921e+36,
    (float32) 9.96921e+36,
    (float32) 9.96921e+36,
    (float32) 9.96921e+36,
    (float32) 33.62729,
    (float32) 33.68189,
    (float32) 33.725388,
    (float32) 33.75279,
    (float32) 33.77519,
    (float32) 33.795612,
    (float32) 33.792313,
    (float32) 33.76899,
    (float32) 33.742012,
    (float32) 33.7188,
    (float32) 33.70631,
    (float32) 33.67259,
    (float32) 33.6539,
    (float32) 33.62241,
    (float32) 33.58799,
    (float32) 9.96921e+36,
    (float32) 9.96921e+36,
    (float32) 9.96921e+36,
    (float32) 9.96921e+36,
    (float32) 9.96921e+36,
    (float32) 9.96921e+36,
    (float32) 9.96921e+36,
    (float32) 9.96921e+36,
    (float32) 9.96921e+36,
    (float32) 9.96921e+36,
    (float32) 9.96921e+36,
    (float32) 9.96921e+36,
    (float32) 9.96921e+36,
    (float32) 9.96921e+36,
    (float32) 9.96921e+36,
    (float32) 9.96921e+36,
    (float32) 9.96921e+36,
    (float32) 9.96921e+36,
    (float32) 9.96921e+36,
    (float32) 9.96921e+36,
    (float32) 9.96921e+36,
    (float32) 9.96921e+36,
    (float32) 9.96921e+36,
    (float32) 9.96921e+36,
    (float32) 9.96921e+36,
    (float32) 9.96921e+36,
    (float32) 9.96921e+36,
    (float32) 9.96921e+36,
    (float32) 9.96921e+36,
    (float32) 9.96921e+36,
    (float32) 9.96921e+36,
    (float32) 9.96921e+36,
    (float32) 9.96921e+36,
    (float32) 9.96921e+36,
    (float32) 9.96921e+36,
    (float32) 9.96921e+36,
    (float32) 9.96921e+36,
    (float32) 9.96921e+36,
    (float32) 9.96921e+36,
    (float32) 9.96921e+36,
    (float32) 9.96921e+36,
    (float32) 9.96921e+36,
    (float32) 9.96921e+36,
    (float32) 9.96921e+36,
    (float32) 34.200687,
    (float32) 34.197712,
    (float32) 34.154713,
    (float32) 34.17831,
    (float32) 34.14011,
    (float32) 34.137287,
    (float32) 34.132,
    (float32) 34.1316,
    (float32) 34.13659,
    (float32) 34.16301,
    (float32) 34.16321,
    (float32) 34.1403,
    (float32) 34.13431,
    (float32) 34.131,
    (float32) 34.11811,
    (float32) 34.102688,
    (float32) 34.08629,
    (float32) 34.0733,
    (float32) 34.062813,
    (float32) 34.052113,
    (float32) 34.045788,
    (float32) 34.04731,
    (float32) 34.046387,
    (float32) 34.04121,
    (float32) 34.0273,
    (float32) 34.00909,
    (float32) 33.994713,
    (float32) 33.97519,
    (float32) 33.953312,
    (float32) 33.92961,
    (float32) 33.905388,
    (float32) 33.88129,
    (float32) 33.85031,
    (float32) 33.81671,
    (float32) 33.796112,
    (float32) 33.8228,
    (float32) 33.8079,
    (float32) 33.80511,
    (float32) 33.80259,
    (float32) 9.96921e+36,
    (float32) 9.96921e+36,
    (float32) 9.96921e+36,
    (float32) 9.96921e+36,
    (float32) 9.96921e+36,
    (float32) 9.96921e+36,
    (float32) 9.96921e+36,
    (float32) 9.96921e+36,
    (float32) 9.96921e+36,
    (float32) 9.96921e+36,
    (float32) 9.96921e+36,
    (float32) 9.96921e+36,
    (float32) 9.96921e+36,
    (float32) 9.96921e+36,
    (float32) 9.96921e+36,
    (float32) 9.96921e+36,
    (float32) 9.96921e+36,
    (float32) 9.96921e+36,
    (float32) 9.96921e+36,
    (float32) 9.96921e+36,
    (float32) 9.96921e+36,
    (float32) 9.96921e+36,
    (float32) 9.96921e+36,
    (float32) 9.96921e+36,
    (float32) 9.96921e+36,
    (float32) 9.96921e+36,
    (float32) 9.96921e+36,
    (float32) 9.96921e+36,
    (float32) 9.96921e+36,
    (float32) 9.96921e+36,
    (float32) 9.96921e+36,
    (float32) 9.96921e+36,
    (float32) 9.96921e+36,
    (float32) 9.96921e+36,
    (float32) 9.96921e+36,
    (float32) 9.96921e+36,
    (float32) 9.96921e+36,
    (float32) 9.96921e+36,
    (float32) 9.96921e+36,
    (float32) 9.96921e+36,
    (float32) 9.96921e+36,
    (float32) 9.96921e+36,
    (float32) 9.96921e+36,
    (float32) 9.96921e+36,
    (float32) 9.96921e+36,
    (float32) 9.96921e+36,
    (float32) 9.96921e+36,
    (float32) 9.96921e+36,
    (float32) 9.96921e+36,
    (float32) 9.96921e+36,
    (float32) 9.96921e+36,
    (float32) 9.96921e+36,
    (float32) 9.96921e+36,
    (float32) 9.96921e+36,
    (float32) 9.96921e+36,
    (float32) 9.96921e+36,
    (float32) 9.96921e+36,
    (float32) 9.96921e+36,
    (float32) 9.96921e+36,
    (float32) 9.96921e+36,
    (float32) 9.96921e+36,
    (float32) 9.96921e+36,
    (float32) 9.96921e+36,
    (float32) 9.96921e+36,
    (float32) 9.96921e+36,
    (float32) 9.96921e+36,
    (float32) 9.96921e+36,
    (float32) 9.96921e+36,
    (float32) 9.96921e+36,
    (float32) 9.96921e+36,
    (float32) 9.96921e+36,
    (float32) 9.96921e+36,
    (float32) 9.96921e+36,
    (float32) 9.96921e+36,
    (float32) 9.96921e+36,
    (float32) 9.96921e+36,
    (float32) 9.96921e+36,
    (float32) 9.96921e+36,
    (float32) 9.96921e+36,
    (float32) 9.96921e+36,
    (float32) 9.96921e+36,
    (float32) 9.96921e+36,
    (float32) 9.96921e+36,
    (float32) 9.96921e+36,
    (float32) 9.96921e+36,
    (float32) 9.96921e+36,
    (float32) 9.96921e+36,
    (float32) 9.96921e+36,
    (float32) 9.96921e+36,
    (float32) 9.96921e+36,
    (float32) 9.96921e+36,
    (float32) 9.96921e+36,
    (float32) 9.96921e+36,
    (float32) 9.96921e+36,
    (float32) 9.96921e+36,
    (float32) 9.96921e+36,
    (float32) 9.96921e+36,
    (float32) 9.96921e+36,
    (float32) 9.96921e+36,
    (float32) 9.96921e+36,
    (float32) 9.96921e+36,
    (float32) 9.96921e+36,
    (float32) 9.96921e+36,
    (float32) 9.96921e+36,
    (float32) 9.96921e+36,
    (float32) 9.96921e+36,
    (float32) 9.96921e+36,
    (float32) 9.96921e+36,
    (float32) 9.96921e+36,
    (float32) 9.96921e+36,
    (float32) 9.96921e+36,
    (float32) 9.96921e+36,
    (float32) 9.96921e+36,
    (float32) 9.96921e+36,
    (float32) 9.96921e+36,
    (float32) 9.96921e+36,
    (float32) 9.96921e+36,
    (float32) 9.96921e+36,
    (float32) 9.96921e+36,
    (float32) 9.96921e+36,
    (float32) 9.96921e+36,
    (float32) 9.96921e+36,
    (float32) 9.96921e+36,
    (float32) 9.96921e+36,
    (float32) 9.96921e+36,
    (float32) 9.96921e+36,
    (float32) 9.96921e+36,
    (float32) 9.96921e+36,
    (float32) 9.96921e+36,
    (float32) 9.96921e+36,
    (float32) 9.96921e+36,
    (float32) 9.96921e+36,
    (float32) 9.96921e+36,
    (float32) 9.96921e+36,
    (float32) 9.96921e+36,
    (float32) 9.96921e+36,
    (float32) 9.96921e+36,
    (float32) 9.96921e+36,
    (float32) 9.96921e+36,
    (float32) 9.96921e+36,
    (float32) 9.96921e+36,
    (float32) 9.96921e+36,
    (float32) 9.96921e+36,
    (float32) 9.96921e+36,
    (float32) 9.96921e+36,
    (float32) 9.96921e+36,
    (float32) 9.96921e+36,
    (float32) 9.96921e+36,
    (float32) 9.96921e+36,
    (float32) 9.96921e+36,
    (float32) 9.96921e+36,
    (float32) 9.96921e+36,
    (float32) 9.96921e+36,
    (float32) 9.96921e+36,
    (float32) 9.96921e+36,
    (float32) 9.96921e+36,
    (float32) 9.96921e+36,
    (float32) 9.96921e+36,
    (float32) 9.96921e+36,
    (float32) 9.96921e+36,
    (float32) 9.96921e+36,
    (float32) 9.96921e+36,
    (float32) 9.96921e+36,
    (float32) 9.96921e+36,
    (float32) 9.96921e+36,
    (float32) 9.96921e+36,
    (float32) 9.96921e+36,
    (float32) 9.96921e+36,
    (float32) 9.96921e+36,
    (float32) 9.96921e+36,
    (float32) 9.96921e+36,
    (float32) 9.96921e+36,
    (float32) 9.96921e+36,
    (float32) 9.96921e+36,
    (float32) 9.96921e+36,
    (float32) 9.96921e+36,
    (float32) 9.96921e+36,
    (float32) 9.96921e+36,
    (float32) 9.96921e+36,
    (float32) 9.96921e+36,
    (float32) 9.96921e+36,
    (float32) 9.96921e+36,
    (float32) 9.96921e+36,
    (float32) 9.96921e+36,
    (float32) 9.96921e+36,
    (float32) 9.96921e+36,
    (float32) 9.96921e+36,
    (float32) 9.96921e+36,
    (float32) 9.96921e+36,
    (float32) 9.96921e+36,
    (float32) 9.96921e+36,
    (float32) 34.123413,
    (float32) 34.13021,
    (float32) 34.124588,
    (float32) 34.12411,
    (float32) 34.12651,
    (float32) 34.1265,
    (float32) 34.12199,
    (float32) 34.111412,
    (float32) 34.09379,
    (float32) 34.06879
   },
   ([]float32) (len=360 cap=360) {
    (float32) 33.9541,
    (float32) 33.9151,
    (float32) 33.87159,
    (float32) 33.827,
    (float32) 33.77861,
    (float32) 33.732212,
    (float32) 33.689087,
    (float32) 33.651413,
    (float32) 33.621487,
    (float32) 33.59609,
    (float32) 33.57611,
    (float32) 33.5596,
    (float32) 33.544987,
    (float32) 33.537613,
    (float32) 33.531113,
    (float32) 33.52449,
    (float32) 33.50879,
    (float32) 33.492588,
    (float32) 33.484188,
    (float32) 33.481987,
    (float32) 33.4852,
    (float32) 33.48729,
    (float32) 33.491188,
    (float32) 33.4958,
    (float32) 33.5075,
    (float32) 33.52559,
    (float32) 33.54021,
    (float32) 33.55349,
    (float32) 33.558487,
    (float32) 33.56339,
    (float32) 33.56519,
    (float32) 33.57181,
    (float32) 33.584087,
    (float32) 33.602688,
    (float32) 33.62499,
    (float32) 33.61161,
    (float32) 33.62729,
    (float32) 33.64091,
    (float32) 33.64991,
    (float32) 33.65961,
    (float32) 33.66841,
    (float32) 33.677513,
    (float32) 33.684887,
    (float32) 33.69059,
    (float32) 33.705788,
    (float32) 33.71809,
    (float32) 33.72389,
    (float32) 33.72821,
    (float32) 33.710613,
    (float32) 33.69349,
    (float32) 33.669613,
    (float32) 33.64039,
    (float32) 33.59319,
    (float32) 33.50879,
    (float32) 33.45751,
    (float32) 33.40979,
    (float32) 33.43929,
    (float32) 33.43331,
    (float32) 33.460712,
    (float32) 33.49771,
    (float32) 33.54151,
    (float32) 33.59051,
    (float32) 33.6363,
    (float32) 33.6746,
    (float32) 33.70291,
    (float32) 33.72009,
    (float32) 33.73159,
    (float32) 33.72501,
    (float32) 33.70581,
    (float32) 33.68379,
    (float32) 33.6584,
    (float32) 33.63139,
    (float32) 33.59269,
    (float32) 33.54401,
    (float32) 33.46001,
    (float32) 33.28579,
    (float32) 9.96921e+36,
    (float32) 9.96921e+36,
    (float32) 9.96921e+36,
    (float32) 9.96921e+36,
    (float32) 9.96921e+36,
    (float32) 9.96921e+36,
    (float32) 9.96921e+36,
    (float32) 9.96921e+36,
    (float32) 9.96921e+36,
    (float32) 9.96921e+36,
    (float32) 9.96921e+36,
    (float32) 9.96921e+36,
    (float32) 9.96921e+36,
    (float32) 9.96921e+36,
    (float32) 9.96921e+36,
    (float32) 9.96921e+36,
    (float32) 9.96921e+36,
    (float32) 9.96921e+36,
    (float32) 33.4666,
    (float32) 33.529312,
    (float32) 33.5834,
    (float32) 33.62949,
    (float32) 33.77841,
    (float32) 33.779713,
    (float32) 33.734913,
    (float32) 9.96921e+36,
    (float32) 9.96921e+36,
    (float32) 9.96921e+36,
    (float32) 9.96921e+36,
    (float32) 9.96921e+36,
    (float32) 9.96921e+36,
    (float32) 9.96921e+36,
    (float32) 9.96921e+36,
    (float32) 9.96921e+36,
    (float32) 9.96921e+36,
    (float32) 9.96921e+36,
    (float32) 9.96921e+36,
    (float32) 9.96921e+36,
    (float32) 9.96921e+36,
    (float32) 9.96921e+36,
    (float32) 9.96921e+36,
    (float32) 9.96921e+36,
    (float32) 9.96921e+36,
    (float32) 9.96921e+36,
    (float32) 9.96921e+36,
    (float32) 34.2996,
    (float32) 34.14471,
    (float32) 34.084713,
    (float32) 34.11061,
    (float32) 34.09001,
    (float32) 34.0364,
    (float32) 34.035713,
    (float32) 34.074287,
    (float32) 34.051113,
    (float32) 34.07699,
    (float32) 34.05269,
    (float32) 34.0625,
    (float32) 34.05399,
    (float32) 34.043587,
    (float32) 34.03541,
    (float32) 34.02491,
    (float32) 34.01429,
    (float32) 34.010113,
    (float32) 34.0121,
    (float32) 34.019012,
    (float32) 34.026913,
    (float32) 34.02751,
    (float32) 34.026287,
    (float32) 34.018112,
    (float32) 34.0062,
    (float32) 33.99041,
    (float32) 33.9754,
    (float32) 33.95161,
    (float32) 33.93001,
    (float32) 33.90809,
    (float32) 33.886,
    (float32) 33.86441,
    (float32) 33.84091,
    (float32) 33.825687,
    (float32) 33.8257,
    (float32) 33.82291,
    (float32) 33.826313,
    (float32) 33.83939,
    (float32) 33.87741,
    (float32) 33.906788,
    (float32) 9.96921e+36,
    (float32) 9.96921e+36,
    (float32) 9.96921e+36,
    (float32) 9.96921e+36,
    (float32) 9.96921e+36,
    (float32) 9.96921e+36,
    (float32) 9.96921e+36,
    (float32) 9.96921e+36,
    (float32) 9.96921e+36,
    (float32) 9.96921e+36,
    (float32) 9.96921e+36,
    (float32) 9.96921e+36,
    (float32) 9.96921e+36,
    (float32) 9.96921e+36,
    (float32) 9.96921e+36,
    (float32) 9.96921e+36,
    (float32) 9.96921e+36,
    (float32) 9.96921e+36,
    (float32) 9.96921e+36,
    (float32) 9.96921e+36,
    (float32) 9.96921e+36,
    (float32) 9.96921e+36,
    (float32) 9.96921e+36,
    (float32) 9.96921e+36,
    (float32) 9.96921e+36,
    (float32) 9.96921e+36,
    (float32) 9.96921e+36,
    (float32) 9.96921e+36,
    (float32) 9.96921e+36,
    (float32) 9.96921e+36,
    (float32) 9.96921e+36,
    (float32) 9.96921e+36,
    (float32) 9.96921e+36,
    (float32) 9.96921e+36,
    (float32) 9.96921e+36,
    (float32) 9.96921e+36,
    (float32) 9.96921e+36,
    (float32) 9.96921e+36,
    (float32) 9.96921e+36,
    (float32) 9.96921e+36,
    (float32) 9.96921e+36,
    (float32) 9.96921e+36,
    (float32) 9.96921e+36,
    (float32) 9.96921e+36,
    (float32) 9.96921e+36,
    (float32) 9.96921e+36,
    (float32) 9.96921e+36,
    (float32) 9.96921e+36,
    (float32) 9.96921e+36,
    (float32) 9.96921e+36,
    (float32) 9.96921e+36,
    (float32) 9.96921e+36,
    (float32) 9.96921e+36,
    (float32) 9.96921e+36,
    (float32) 9.96921e+36,
    (float32) 9.96921e+36,
    (float32) 9.96921e+36,
    (float32) 9.96921e+36,
    (float32) 9.96921e+36,
    (float32) 9.96921e+36,
    (float32) 9.96921e+36,
    (float32) 9.96921e+36,
    (float32) 9.96921e+36,
    (float32) 9.96921e+36,
    (float32) 9.96921e+36,
    (float32) 9.96921e+36,
    (float32) 9.96921e+36,
    (float32) 9.96921e+36,
    (float32) 9.96921e+36,
    (float32) 9.96921e+36,
    (float32) 9.96921e+36,
    (float32) 9.96921e+36,
    (float32) 9.96921e+36,
    (float32) 9.96921e+36,
    (float32) 9.96921e+36,
    (float32) 9.96921e+36,
    (float32) 9.96921e+36,
    (float32) 9.96921e+36,
    (float32) 9.96921e+36,
    (float32) 9.96921e+36,
    (float32) 9.96921e+36,
    (float32) 9.96921e+36,
    (float32) 9.96921e+36,
    (float32) 9.96921e+36,
    (float32) 9.96921e+36,
    (float32) 9.96921e+36,
    (float32) 9.96921e+36,
    (float32) 9.96921e+36,
    (float32) 9.96921e+36,
    (float32) 9.96921e+36,
    (float32) 9.96921e+36,
    (float32) 9.96921e+36,
    (float32) 9.96921e+36,
    (float32) 9.96921e+36,
    (float32) 9.96921e+36,
    (float32) 9.96921e+36,
    (float32) 9.96921e+36,
    (float32) 9.96921e+36,
    (float32) 9.96921e+36,
    (float32) 9.96921e+36,
    (float32) 9.96921e+36,
    (float32) 9.96921e+36,
    (float32) 9.96921e+36,
    (float32) 9.96921e+36,
    (float32) 9.96921e+36,
    (float32) 9.96921e+36,
    (float32) 9.96921e+36,
    (float32) 9.96921e+36,
    (float32) 9.96921e+36,
    (float32) 9.96921e+36,
    (float32) 9.96921e+36,
    (float32) 9.96921e+36,
    (float32) 9.96921e+36,
    (float32) 9.96921e+36,
    (float32) 9.96921e+36,
    (float32) 9.96921e+36,
    (float32) 9.96921e+36,
    (float32) 9.96921e+36,
    (float32) 9.96921e+36,
    (float32) 9.96921e+36,
    (float32) 9.96921e+36,
    (float32) 9.96921e+36,
    (float32) 9.96921e+36,
    (float32) 9.96921e+36,
    (float32) 9.96921e+36,
    (float32) 9.96921e+36,
    (float32) 9.96921e+36,
    (float32) 9.96921e+36,
    (float32) 9.96921e+36,
    (float32) 9.96921e+36,
    (float32) 9.96921e+36,
    (float32) 9.96921e+36,
    (float32) 9.96921e+36,
    (float32) 9.96921e+36,
    (float32) 9.96921e+36,
    (float32) 9.96921e+36,
    (float32) 9.96921e+36,
    (float32) 9.96921e+36,
    (float32) 9.96921e+36,
    (float32) 9.96921e+36,
    (float32) 9.96921e+36,
    (float32) 9.96921e+36,
    (float32) 9.96921e+36,
    (float32) 9.96921e+36,
    (float32) 9.96921e+36,
    (float32) 9.96921e+36,
    (float32) 9.96921e+36,
    (float32) 9.96921e+36,
    (float32) 9.96921e+36,
    (float32) 9.96921e+36,
    (float32) 9.96921e+36,
    (float32) 9.96921e+36,
    (float32) 9.96921e+36,
    (float32) 9.96921e+36,
    (float32) 9.96921e+36,
    (float32) 9.96921e+36,
    (float32) 9.96921e+36,
    (float32) 9.96921e+36,
    (float32) 9.96921e+36,
    (float32) 9.96921e+36,
    (float32) 9.96921e+36,
    (float32) 9.96921e+36,
    (float32) 9.96921e+36,
    (float32) 9.96921e+36,
    (float32) 9.96921e+36,
    (float32) 9.96921e+36,
    (float32) 9.96921e+36,
    (float32) 9.96921e+36,
    (float32) 9.96921e+36,
    (float32) 9.96921e+36,
    (float32) 9.96921e+36,
    (float32) 9.96921e+36,
    (float32) 9.96921e+36,
    (float32) 9.96921e+36,
    (float32) 9.96921e+36,
    (float32) 9.96921e+36,
    (float32) 9.96921e+36,
    (float32) 9.96921e+36,
    (float32) 9.96921e+36,
    (float32) 9.96921e+36,
    (float32) 9.96921e+36,
    (float32) 9.96921e+36,
    (float32) 9.96921e+36,
    (float32) 9.96921e+36,
    (float32) 9.96921e+36,
    (float32) 9.96921e+36,
    (float32) 9.96921e+36,
    (float32) 9.96921e+36,
    (float32) 9.96921e+36,
    (float32) 9.96921e+36,
    (float32) 34.124413,
    (float32) 34.09051,
    (float32) 34.074787,
    (float32) 34.0665,
    (float32) 34.058987,
    (float32) 34.048813,
    (float32) 34.0341,
    (float32) 34.01371,
    (float32) 33.987087
   },
   ([]float32) (len=360 cap=360) {
    (float32) 33.876987,
    (float32) 33.84,
    (float32) 33.80201,
    (float32) 33.7587,
    (float32) 33.71599,
    (float32) 33.67131,
    (float32) 33.6316,
    (float32) 33.59721,
    (float32) 33.571,
    (float32) 33.5506,
    (float32) 33.53869,
    (float32) 33.52649,
    (float32) 33.51679,
    (float32) 33.509212,
    (float32) 33.50169,
    (float32) 33.497612,
    (float32) 33.486313,
    (float32) 33.4723,
    (float32) 33.46011,
    (float32) 33.46059,
    (float32) 33.4671,
    (float32) 33.478,
    (float32) 33.481087,
    (float32) 33.48651,
    (float32) 33.4985,
    (float32) 33.51899,
    (float32) 33.54239,
    (float32) 33.56229,
    (float32) 33.571712,
    (float32) 33.5761,
    (float32) 33.57851,
    (float32) 33.58909,
    (float32) 33.602013,
    (float32) 33.60029,
    (float32) 33.60221,
    (float32) 33.60451,
    (float32) 33.60681,
    (float32) 33.60999,
    (float32) 33.612812,
    (float32) 33.61039,
    (float32) 33.609188,
    (float32) 33.610012,
    (float32) 33.60971,
    (float32) 33.6103,
    (float32) 33.61559,
    (float32) 33.62141,
    (float32) 33.62641,
    (float32) 33.63049,
    (float32) 33.624813,
    (float32) 33.61749,
    (float32) 33.61401,
    (float32) 33.5901,
    (float32) 33.55669,
    (float32) 33.51339,
    (float32) 33.4798,
    (float32) 33.457188,
    (float32) 33.45991,
    (float32) 33.46359,
    (float32) 33.47901,
    (float32) 33.50409,
    (float32) 33.53471,
    (float32) 33.57061,
    (float32) 33.605713,
    (float32) 33.6343,
    (float32) 33.6582,
    (float32) 33.67399,
    (float32) 33.6803,
    (float32) 33.67691,
    (float32) 33.66309,
    (float32) 33.64201,
    (float32) 33.6128,
    (float32) 33.58361,
    (float32) 33.54081,
    (float32) 33.482487,
    (float32) 33.3967,
    (float32) 33.267,
    (float32) 33.0937,
    (float32) 32.99831,
    (float32) 32.87871,
    (float32) 9.96921e+36,
    (float32) 32.69349,
    (float32) 9.96921e+36,
    (float32) 9.96921e+36,
    (float32) 9.96921e+36,
    (float32) 32.75509,
    (float32) 32.750088,
    (float32) 32.75309,
    (float32) 32.77211,
    (float32) 32.808113,
    (float32) 32.8119,
    (float32) 32.934387,
    (float32) 33.09449,
    (float32) 33.1925,
    (float32) 33.3152,
    (float32) 33.42731,
    (float32) 33.51211,
    (float32) 33.58149,
    (float32) 33.64431,
    (float32) 33.7142,
    (float32) 33.7361,
    (float32) 33.736813,
    (float32) 33.7483,
    (float32) 33.696613,
    (float32) 33.69781,
    (float32) 9.96921e+36,
    (float32) 9.96921e+36,
    (float32) 9.96921e+36,
    (float32) 9.96921e+36,
    (float32) 9.96921e+36,
    (float32) 9.96921e+36,
    (float32) 9.96921e+36,
    (float32) 9.96921e+36,
    (float32) 9.96921e+36,
    (float32) 9.96921e+36,
    (float32) 9.96921e+36,
    (float32) 9.96921e+36,
    (float32) 9.96921e+36,
    (float32) 9.96921e+36,
    (float32) 9.96921e+36,
    (float32) 9.96921e+36,
    (float32) 34.12299,
    (float32) 34.117287,
    (float32) 34.04759,
    (float32) 34.00251,
    (float32) 33.97621,
    (float32) 33.9598,
    (float32) 33.9497,
    (float32) 33.987988,
    (float32) 33.991013,
    (float32) 33.99541,
    (float32) 33.96879,
    (float32) 33.988487,
    (float32) 33.98209,
    (float32) 33.97759,
    (float32) 33.970787,
    (float32) 33.964287,
    (float32) 33.96081,
    (float32) 33.95941,
    (float32) 33.960613,
    (float32) 33.96829,
    (float32) 33.97889,
    (float32) 33.99161,
    (float32) 34.002613,
    (float32) 34.005287,
    (float32) 33.9997,
    (float32) 33.994987,
    (float32) 33.9849,
    (float32) 33.96661,
    (float32) 33.94869,
    (float32) 33.92659,
    (float32) 33.910313,
    (float32) 33.89179,
    (float32) 33.87169,
    (float32) 33.851288,
    (float32) 33.837788,
    (float32) 33.83211,
    (float32) 33.83181,
    (float32) 33.8374,
    (float32) 33.847088,
    (float32) 33.862988,
    (float32) 33.877487,
    (float32) 33.87381,
    (float32) 33.87579,
    (float32) 33.8813,
    (float32) 33.884712,
    (float32) 33.89371,
    (float32) 33.9027,
    (float32) 33.91191,
    (float32) 9.96921e+36,
    (float32) 9.96921e+36,
    (float32) 9.96921e+36,
    (float32) 9.96921e+36,
    (float32) 9.96921e+36,
    (float32) 9.96921e+36,
    (float32) 9.96921e+36,
    (float32) 9.96921e+36,
    (float32) 9.96921e+36,
    (float32) 9.96921e+36,
    (float32) 9.96921e+36,
    (float32) 9.96921e+36,
    (float32) 9.96921e+36,
    (float32) 9.96921e+36,
    (float32) 9.96921e+36,
    (float32) 9.96921e+36,
    (float32) 9.96921e+36,
    (float32) 9.96921e+36,
    (float32) 9.96921e+36,
    (float32) 9.96921e+36,
    (float32) 9.96921e+36,
    (float32) 9.96921e+36,
    (float32) 9.96921e+36,
    (float32) 9.96921e+36,
    (float32) 9.96921e+36,
    (float32) 9.96921e+36,
    (float32) 9.96921e+36,
    (float32) 9.96921e+36,
    (float32) 9.96921e+36,
    (float32) 9.96921e+36,
    (float32) 9.96921e+36,
    (float32) 9.96921e+36,
    (float32) 9.96921e+36,
    (float32) 9.96921e+36,
    (float32) 9.96921e+36,
    (float32) 9.96921e+36,
    (float32) 9.96921e+36,
    (float32) 9.96921e+36,
    (float32) 9.96921e+36,
    (float32) 9.96921e+36,
    (float32) 9.96921e+36,
    (float32) 9.96921e+36,
    (float32) 9.96921e+36,
    (float32) 9.96921e+36,
    (float32) 9.96921e+36,
    (float32) 9.96921e+36,
    (float32) 9.96921e+36,
    (float32) 9.96921e+36,
    (float32) 9.96921e+36,
    (float32) 9.96921e+36,
    (float32) 9.96921e+36,
    (float32) 9.96921e+36,
    (float32) 9.96921e+36,
    (float32) 9.96921e+36,
    (float32) 9.96921e+36,
    (float32) 9.96921e+36,
    (float32) 9.96921e+36,
    (float32) 9.96921e+36,
    (float32) 9.96921e+36,
    (float32) 9.96921e+36,
    (float32) 9.96921e+36,
    (float32) 9.96921e+36,
    (float32) 9.96921e+36,
    (float32) 9.96921e+36,
    (float32) 9.96921e+36,
    (float32) 9.96921e+36,
    (float32) 9.96921e+36,
    (float32) 9.96921e+36,
    (float32) 9.96921e+36,
    (float32) 9.96921e+36,
    (float32) 9.96921e+36,
    (float32) 9.96921e+36,
    (float32) 9.96921e+36,
    (float32) 9.96921e+36,
    (float32) 9.96921e+36,
    (float32) 9.96921e+36,
    (float32) 9.96921e+36,
    (float32) 9.96921e+36,
    (float32) 9.96921e+36,
    (float32) 9.96921e+36,
    (float32) 9.96921e+36,
    (float32) 9.96921e+36,
    (float32) 9.96921e+36,
    (float32) 9.96921e+36,
    (float32) 9.96921e+36,
    (float32) 9.96921e+36,
    (float32) 9.96921e+36,
    (float32) 9.96921e+36,
    (float32) 9.96921e+36,
    (float32) 9.96921e+36,
    (float32) 9.96921e+36,
    (float32) 9.96921e+36,
    (float32) 9.96921e+36,
    (float32) 9.96921e+36,
    (float32) 9.96921e+36,
    (float32) 9.96921e+36,
    (float32) 9.96921e+36,
    (float32) 9.96921e+36,
    (float32) 9.96921e+36,
    (float32) 9.96921e+36,
    (float32) 9.96921e+36,
    (float32) 9.96921e+36,
    (float32) 9.96921e+36,
    (float32) 9.96921e+36,
    (float32) 9.96921e+36,
    (float32) 9.96921e+36,
    (float32) 9.96921e+36,
    (float32) 9.96921e+36,
    (float32) 9.96921e+36,
    (float32) 9.96921e+36,
    (float32) 9.96921e+36,
    (float32) 9.96921e+36,
    (float32) 9.96921e+36,
    (float32) 9.96921e+36,
    (float32) 9.96921e+36,
    (float32) 9.96921e+36,
    (float32) 9.96921e+36,
    (float32) 9.96921e+36,
    (float32) 9.96921e+36,
    (float32) 9.96921e+36,
    (float32) 9.96921e+36,
    (float32) 9.96921e+36,
    (float32) 9.96921e+36,
    (float32) 9.96921e+36,
    (float32) 9.96921e+36,
    (float32) 9.96921e+36,
    (float32) 9.96921e+36,
    (float32) 9.96921e+36,
    (float32) 9.96921e+36,
    (float32) 9.96921e+36,
    (float32) 9.96921e+36,
    (float32) 9.96921e+36,
    (float32) 9.96921e+36,
    (float32) 9.96921e+36,
    (float32) 9.96921e+36,
    (float32) 9.96921e+36,
    (float32) 9.96921e+36,
    (float32) 9.96921e+36,
    (float32) 9.96921e+36,
    (float32) 9.96921e+36,
    (float32) 9.96921e+36,
    (float32) 9.96921e+36,
    (float32) 9.96921e+36,
    (float32) 9.96921e+36,
    (float32) 9.96921e+36,
    (float32) 9.96921e+36,
    (float32) 9.96921e+36,
    (float32) 9.96921e+36,
    (float32) 9.96921e+36,
    (float32) 9.96921e+36,
    (float32) 9.96921e+36,
    (float32) 9.96921e+36,
    (float32) 9.96921e+36,
    (float32) 9.96921e+36,
    (float32) 9.96921e+36,
    (float32) 9.96921e+36,
    (float32) 9.96921e+36,
    (float32) 9.96921e+36,
    (float32) 9.96921e+36,
    (float32) 9.96921e+36,
    (float32) 9.96921e+36,
    (float32) 9.96921e+36,
    (float32) 9.96921e+36,
    (float32) 9.96921e+36,
    (float32) 9.96921e+36,
    (float32) 9.96921e+36,
    (float32) 9.96921e+36,
    (float32) 9.96921e+36,
    (float32) 9.96921e+36,
    (float32) 9.96921e+36,
    (float32) 9.96921e+36,
    (float32) 9.96921e+36,
    (float32) 9.96921e+36,
    (float32) 9.96921e+36,
    (float32) 9.96921e+36,
    (float32) 9.96921e+36,
    (float32) 9.96921e+36,
    (float32) 9.96921e+36,
    (float32) 9.96921e+36,
    (float32) 9.96921e+36,
    (float32) 9.96921e+36,
    (float32) 9.96921e+36,
    (float32) 9.96921e+36,
    (float32) 34.094788,
    (float32) 34.03809,
    (float32) 34.013187,
    (float32) 33.99811,
    (float32) 33.98461,
    (float32) 33.97081,
    (float32) 33.9544,
    (float32) 33.9345,
    (float32) 33.90881
   },
   ([]float32) (len=360 cap=360) {
    (float32) 33.816887,
    (float32) 33.785988,
    (float32) 33.754112,
    (float32) 33.71529,
    (float32) 33.679787,
    (float32) 33.641987,
    (float32) 33.60871,
    (float32) 33.58189,
    (float32) 33.563488,
    (float32) 33.55179,
    (float32) 33.54681,
    (float32) 33.537987,
    (float32) 33.531788,
    (float32) 33.524887,
    (float32) 33.515488,
    (float32) 33.50901,
    (float32) 33.496487,
    (float32) 33.48129,
    (float32) 33.47439,
    (float32) 33.470512,
    (float32) 33.47799,
    (float32) 33.48779,
    (float32) 33.495613,
    (float32) 33.5014,
    (float32) 33.51149,
    (float32) 33.527588,
    (float32) 33.55091,
    (float32) 33.57029,
    (float32) 33.58329,
    (float32) 33.58871,
    (float32) 33.59589,
    (float32) 33.60579,
    (float32) 33.59959,
    (float32) 33.602787,
    (float32) 33.602,
    (float32) 33.60181,
    (float32) 33.599213,
    (float32) 33.59239,
    (float32) 33.58741,
    (float32) 33.57979,
    (float32) 33.57439,
    (float32) 33.56971,
    (float32) 33.5642,
    (float32) 33.56089,
    (float32) 33.56,
    (float32) 33.561512,
    (float32) 33.566387,
    (float32) 33.56979,
    (float32) 33.570087,
    (float32) 33.56771,
    (float32) 33.562313,
    (float32) 33.5631,
    (float32) 33.54269,
    (float32) 33.51989,
    (float32) 33.500587,
    (float32) 33.487812,
    (float32) 33.48481,
    (float32) 33.485912,
    (float32) 33.49629,
    (float32) 33.513412,
    (float32) 33.536488,
    (float32) 33.56149,
    (float32) 33.58749,
    (float32) 33.61341,
    (float32) 33.635113,
    (float32) 33.64891,
    (float32) 33.655987,
    (float32) 33.65341,
    (float32) 33.64249,
    (float32) 33.62499,
    (float32) 33.602013,
    (float32) 33.57101,
    (float32) 33.52869,
    (float32) 33.47189,
    (float32) 33.397987,
    (float32) 33.3031,
    (float32) 33.1941,
    (float32) 33.09939,
    (float32) 32.9938,
    (float32) 32.85579,
    (float32) 32.8225,
    (float32) 32.753113,
    (float32) 32.71969,
    (float32) 32.67799,
    (float32) 32.79851,
    (float32) 32.831413,
    (float32) 32.84711,
    (float32) 32.86979,
    (float32) 32.90439,
    (float32) 32.944088,
    (float32) 33.02749,
    (float32) 33.131912,
    (float32) 33.22569,
    (float32) 33.324913,
    (float32) 33.421387,
    (float32) 33.50721,
    (float32) 33.5789,
    (float32) 33.63789,
    (float32) 33.68471,
    (float32) 33.71219,
    (float32) 33.72011,
    (float32) 33.709087,
    (float32) 33.68129,
    (float32) 33.6493,
    (float32) 9.96921e+36,
    (float32) 9.96921e+36,
    (float32) 9.96921e+36,
    (float32) 9.96921e+36,
    (float32) 9.96921e+36,
    (float32) 9.96921e+36,
    (float32) 9.96921e+36,
    (float32) 9.96921e+36,
    (float32) 9.96921e+36,
    (float32) 9.96921e+36,
    (float32) 9.96921e+36,
    (float32) 9.96921e+36,
    (float32) 9.96921e+36,
    (float32) 9.96921e+36,
    (float32) 9.96921e+36,
    (float32) 9.96921e+36,
    (float32) 34.25189,
    (float32) 34.005,
    (float32) 33.93721,
    (float32) 33.89869,
    (float32) 33.87971,
    (float32) 33.86801,
    (float32) 33.894413,
    (float32) 33.89331,
    (float32) 33.895813,
    (float32) 33.90469,
    (float32) 33.907112,
    (float32) 33.890713,
    (float32) 33.905212,
    (float32) 33.904488,
    (float32) 33.90071,
    (float32) 33.8977,
    (float32) 33.89439,
    (float32) 33.89669,
    (float32) 33.90591,
    (float32) 33.9213,
    (float32) 33.938313,
    (float32) 33.9559,
    (float32) 33.96759,
    (float32) 33.975613,
    (float32) 33.9748,
    (float32) 33.943687,
    (float32) 33.969387,
    (float32) 33.96101,
    (float32) 33.94831,
    (float32) 33.928688,
    (float32) 33.9135,
    (float32) 33.89599,
    (float32) 33.87181,
    (float32) 33.85109,
    (float32) 33.83719,
    (float32) 33.83209,
    (float32) 33.832188,
    (float32) 33.836887,
    (float32) 33.845413,
    (float32) 33.85589,
    (float32) 33.864388,
    (float32) 33.86839,
    (float32) 33.87781,
    (float32) 33.88811,
    (float32) 33.89879,
    (float32) 33.91169,
    (float32) 33.926712,
    (float32) 33.94691,
    (float32) 33.98461,
    (float32) 33.991913,
    (float32) 33.981487,
    (float32) 33.964287,
    (float32) 33.937088,
    (float32) 9.96921e+36,
    (float32) 9.96921e+36,
    (float32) 33.75861,
    (float32) 33.754513,
    (float32) 9.96921e+36,
    (float32) 33.526512,
    (float32) 33.536488,
    (float32) 33.499287,
    (float32) 33.45709,
    (float32) 33.46639,
    (float32) 9.96921e+36,
    (float32) 9.96921e+36,
    (float32) 9.96921e+36,
    (float32) 9.96921e+36,
    (float32) 9.96921e+36,
    (float32) 9.96921e+36,
    (float32) 9.96921e+36,
    (float32) 9.96921e+36,
    (float32) 9.96921e+36,
    (float32) 9.96921e+36,
    (float32) 9.96921e+36,
    (float32) 9.96921e+36,
    (float32) 9.96921e+36,
    (float32) 9.96921e+36,
    (float32) 9.96921e+36,
    (float32) 9.96921e+36,
    (float32) 9.96921e+36,
    (float32) 9.96921e+36,
    (float32) 9.96921e+36,
    (float32) 9.96921e+36,
    (float32) 9.96921e+36,
    (float32) 9.96921e+36,
    (float32) 33.29211,
    (float32) 9.96921e+36,
    (float32) 9.96921e+36,
    (float32) 9.96921e+36,
    (float32) 9.96921e+36,
    (float32) 9.96921e+36,
    (float32) 9.96921e+36,
    (float32) 9.96921e+36,
    (float32) 9.96921e+36,
    (float32) 9.96921e+36,
    (float32) 9.96921e+36,
    (float32) 9.96921e+36,
    (float32) 9.96921e+36,
    (float32) 9.96921e+36,
    (float32) 9.96921e+36,
    (float32) 9.96921e+36,
    (float32) 9.96921e+36,
    (float32) 9.96921e+36,
    (float32) 9.96921e+36,
    (float32) 9.96921e+36,
    (float32) 9.96921e+36,
    (float32) 9.96921e+36,
    (float32) 9.96921e+36,
    (float32) 9.96921e+36,
    (float32) 9.96921e+36,
    (float32) 9.96921e+36,
    (float32) 9.96921e+36,
    (float32) 9.96921e+36,
    (float32) 9.96921e+36,
    (float32) 9.96921e+36,
    (float32) 9.96921e+36,
    (float32) 9.96921e+36,
    (float32) 9.96921e+36,
    (float32) 9.96921e+36,
    (float32) 9.96921e+36,
    (float32) 9.96921e+36,
    (float32) 9.96921e+36,
    (float32) 9.96921e+36,
    (float32) 9.96921e+36,
    (float32) 9.96921e+36,
    (float32) 9.96921e+36,
    (float32) 9.96921e+36,
    (float32) 9.96921e+36,
    (float32) 9.96921e+36,
    (float32) 9.96921e+36,
    (float32) 33.638313,
    (float32) 33.71841,
    (float32) 9.96921e+36,
    (float32) 9.96921e+36,
    (float32) 9.96921e+36,
    (float32) 9.96921e+36,
    (float32) 9.96921e+36,
    (float32) 9.96921e+36,
    (float32) 9.96921e+36,
    (float32) 9.96921e+36,
    (float32) 9.96921e+36,
    (float32) 9.96921e+36,
    (float32) 9.96921e+36,
    (float32) 9.96921e+36,
    (float32) 9.96921e+36,
    (float32) 9.96921e+36,
    (float32) 9.96921e+36,
    (float32) 9.96921e+36,
    (float32) 9.96921e+36,
    (float32) 9.96921e+36,
    (float32) 9.96921e+36,
    (float32) 9.96921e+36,
    (float32) 9.96921e+36,
    (float32) 9.96921e+36,
    (float32) 9.96921e+36,
    (float32) 9.96921e+36,
    (float32) 9.96921e+36,
    (float32) 9.96921e+36,
    (float32) 9.96921e+36,
    (float32) 9.96921e+36,
    (float32) 9.96921e+36,
    (float32) 9.96921e+36,
    (float32) 9.96921e+36,
    (float32) 9.96921e+36,
    (float32) 9.96921e+36,
    (float32) 9.96921e+36,
    (float32) 9.96921e+36,
    (float32) 9.96921e+36,
    (float32) 9.96921e+36,
    (float32) 9.96921e+36,
    (float32) 9.96921e+36,
    (float32) 9.96921e+36,
    (float32) 9.96921e+36,
    (float32) 9.96921e+36,
    (float32) 9.96921e+36,
    (float32) 9.96921e+36,
    (float32) 9.96921e+36,
    (float32) 9.96921e+36,
    (float32) 9.96921e+36,
    (float32) 9.96921e+36,
    (float32) 9.96921e+36,
    (float32) 9.96921e+36,
    (float32) 9.96921e+36,
    (float32) 9.96921e+36,
    (float32) 9.96921e+36,
    (float32) 9.96921e+36,
    (float32) 9.96921e+36,
    (float32) 9.96921e+36,
    (float32) 9.96921e+36,
    (float32) 9.96921e+36,
    (float32) 9.96921e+36,
    (float32) 9.96921e+36,
    (float32) 9.96921e+36,
    (float32) 9.96921e+36,
    (float32) 9.96921e+36,
    (float32) 9.96921e+36,
    (float32) 9.96921e+36,
    (float32) 9.96921e+36,
    (float32) 9.96921e+36,
    (float32) 9.96921e+36,
    (float32) 9.96921e+36,
    (float32) 9.96921e+36,
    (float32) 9.96921e+36,
    (float32) 9.96921e+36,
    (float32) 9.96921e+36,
    (float32) 9.96921e+36,
    (float32) 9.96921e+36,
    (float32) 9.96921e+36,
    (float32) 9.96921e+36,
    (float32) 9.96921e+36,
    (float32) 9.96921e+36,
    (float32) 9.96921e+36,
    (float32) 9.96921e+36,
    (float32) 9.96921e+36,
    (float32) 9.96921e+36,
    (float32) 9.96921e+36,
    (float32) 9.96921e+36,
    (float32) 9.96921e+36,
    (float32) 9.96921e+36,
    (float32) 9.96921e+36,
    (float32) 9.96921e+36,
    (float32) 9.96921e+36,
    (float32) 9.96921e+36,
    (float32) 9.96921e+36,
    (float32) 9.96921e+36,
    (float32) 9.96921e+36,
    (float32) 9.96921e+36,
    (float32) 9.96921e+36,
    (float32) 33.995388,
    (float32) 33.9532,
    (float32) 33.96809,
    (float32) 33.97659,
    (float32) 33.95821,
    (float32) 33.943188,
    (float32) 33.92791,
    (float32) 33.91341,
    (float32) 33.89719,
    (float32) 33.882088,
    (float32) 33.865112,
    (float32) 33.84419
   },
   ([]float32) (len=360 cap=360) {
    (float32) 33.77459,
    (float32) 33.74979,
    (float32) 33.7245,
    (float32) 33.69679,
    (float32) 33.671513,
    (float32) 33.6425,
    (float32) 33.618687,
    (float32) 33.59919,
    (float32) 33.58559,
    (float32) 33.5827,
    (float32) 33.5862,
    (float32) 33.5833,
    (float32) 33.577,
    (float32) 33.56459,
    (float32) 33.55489,
    (float32) 33.54379,
    (float32) 33.53171,
    (float32) 33.518013,
    (float32) 33.505013,
    (float32) 33.503513,
    (float32) 33.510788,
    (float32) 33.52009,
    (float32) 33.529488,
    (float32) 33.53479,
    (float32) 33.542713,
    (float32) 33.55571,
    (float32) 33.57331,
    (float32) 33.591087,
    (float32) 33.602913,
    (float32) 33.601887,
    (float32) 33.60141,
    (float32) 33.60331,
    (float32) 33.606388,
    (float32) 33.60819,
    (float32) 33.60259,
    (float32) 33.596188,
    (float32) 33.59021,
    (float32) 33.58569,
    (float32) 33.57829,
    (float32) 33.57051,
    (float32) 33.562912,
    (float32) 33.555588,
    (float32) 33.54889,
    (float32) 33.54279,
    (float32) 33.539387,
    (float32) 33.54009,
    (float32) 33.5434,
    (float32) 33.545788,
    (float32) 33.54811,
    (float32) 33.5494,
    (float32) 33.547188,
    (float32) 33.54429,
    (float32) 33.54009,
    (float32) 33.53989,
    (float32) 33.52661,
    (float32) 33.5175,
    (float32) 33.512688,
    (float32) 33.513412,
    (float32) 33.520588,
    (float32) 33.5317,
    (float32) 33.54821,
    (float32) 33.56839,
    (float32) 33.58899,
    (float32) 33.61031,
    (float32) 33.6278,
    (float32) 33.64079,
    (float32) 33.6489,
    (float32) 33.65251,
    (float32) 33.64679,
    (float32) 33.635387,
    (float32) 33.61569,
    (float32) 33.58899,
    (float32) 33.55209,
    (float32) 33.50369,
    (float32) 33.44309,
    (float32) 33.371487,
    (float32) 33.296112,
    (float32) 33.22251,
    (float32) 33.139187,
    (float32) 33.05181,
    (float32) 33.003212,
    (float32) 32.95891,
    (float32) 32.93061,
    (float32) 32.913887,
    (float32) 32.942112,
    (float32) 32.95891,
    (float32) 32.97189,
    (float32) 32.9911,
    (float32) 33.02359,
    (float32) 33.06781,
    (float32) 33.130188,
    (float32) 33.20279,
    (float32) 33.278313,
    (float32) 33.35891,
    (float32) 33.4397,
    (float32) 33.51399,
    (float32) 33.578613,
    (float32) 33.62779,
    (float32) 33.664387,
    (float32) 33.68531,
    (float32) 33.697,
    (float32) 33.6938,
    (float32) 33.673088,
    (float32) 33.6322,
    (float32) 33.5687,
    (float32) 33.50969,
    (float32) 33.44209,
    (float32) 9.96921e+36,
    (float32) 9.96921e+36,
    (float32) 9.96921e+36,
    (float32) 9.96921e+36,
    (float32) 9.96921e+36,
    (float32) 9.96921e+36,
    (float32) 9.96921e+36,
    (float32) 9.96921e+36,
    (float32) 9.96921e+36,
    (float32) 9.96921e+36,
    (float32) 9.96921e+36,
    (float32) 9.96921e+36,
    (float32) 33.9037,
    (float32) 33.8627,
    (float32) 33.81351,
    (float32) 33.7903,
    (float32) 33.769512,
    (float32) 33.76881,
    (float32) 33.76209,
    (float32) 33.773613,
    (float32) 33.78779,
    (float32) 33.79711,
    (float32) 33.811413,
    (float32) 33.81789,
    (float32) 33.8264,
    (float32) 33.827488,
    (float32) 33.831512,
    (float32) 33.83299,
    (float32) 33.83139,
    (float32) 33.83189,
    (float32) 33.838688,
    (float32) 33.8553,
    (float32) 33.875187,
    (float32) 33.89551,
    (float32) 33.9179,
    (float32) 33.93319,
    (float32) 33.94339,
    (float32) 33.955612,
    (float32) 33.92989,
    (float32) 33.9636,
    (float32) 33.955788,
    (float32) 33.94439,
    (float32) 33.927612,
    (float32) 33.91399,
    (float32) 33.89229,
    (float32) 33.873188,
    (float32) 33.8515,
    (float32) 33.8331,
    (float32) 33.823513,
    (float32) 33.823,
    (float32) 33.82769,
    (float32) 33.83311,
    (float32) 33.84089,
    (float32) 33.84869,
    (float32) 33.85911,
    (float32) 33.871487,
    (float32) 33.8856,
    (float32) 33.90121,
    (float32) 33.91819,
    (float32) 33.93681,
    (float32) 33.95799,
    (float32) 33.980812,
    (float32) 33.993,
    (float32) 33.99559,
    (float32) 33.993587,
    (float32) 33.99161,
    (float32) 34.0113,
    (float32) 33.98611,
    (float32) 33.900513,
    (float32) 33.884,
    (float32) 33.921787,
    (float32) 33.925087,
    (float32) 9.96921e+36,
    (float32) 33.82769,
    (float32) 33.71181,
    (float32) 33.698387,
    (float32) 33.76469,
    (float32) 33.84099,
    (float32) 33.855587,
    (float32) 33.841587,
    (float32) 33.88621,
    (float32) 33.880413,
    (float32) 33.83749,
    (float32) 33.81171,
    (float32) 33.79329,
    (float32) 33.7766,
    (float32) 33.76171,
    (float32) 33.75639,
    (float32) 33.7461,
    (float32) 33.708813,
    (float32) 33.71879,
    (float32) 33.71739,
    (float32) 9.96921e+36,
    (float32) 33.3862,
    (float32) 33.3465,
    (float32) 33.32509,
    (float32) 33.31311,
    (float32) 33.30539,
    (float32) 33.327587,
    (float32) 33.30439,
    (float32) 33.31299,
    (float32) 33.36201,
    (float32) 33.41841,
    (float32) 33.475212,
    (float32) 33.51489,
    (float32) 33.591587,
    (float32) 9.96921e+36,
    (float32) 9.96921e+36,
    (float32) 9.96921e+36,
    (float32) 9.96921e+36,
    (float32) 9.96921e+36,
    (float32) 33.58669,
    (float32) 9.96921e+36,
    (float32) 9.96921e+36,
    (float32) 9.96921e+36,
    (float32) 9.96921e+36,
    (float32) 9.96921e+36,
    (float32) 9.96921e+36,
    (float32) 9.96921e+36,
    (float32) 9.96921e+36,
    (float32) 9.96921e+36,
    (float32) 9.96921e+36,
    (float32) 9.96921e+36,
    (float32) 9.96921e+36,
    (float32) 9.96921e+36,
    (float32) 9.96921e+36,
    (float32) 9.96921e+36,
    (float32) 9.96921e+36,
    (float32) 9.96921e+36,
    (float32) 9.96921e+36,
    (float32) 9.96921e+36,
    (float32) 9.96921e+36,
    (float32) 9.96921e+36,
    (float32) 9.96921e+36,
    (float32) 9.96921e+36,
    (float32) 9.96921e+36,
    (float32) 9.96921e+36,
    (float32) 9.96921e+36,
    (float32) 9.96921e+36,
    (float32) 9.96921e+36,
    (float32) 9.96921e+36,
    (float32) 9.96921e+36,
    (float32) 9.96921e+36,
    (float32) 33.707012,
    (float32) 33.64701,
    (float32) 33.63901,
    (float32) 33.635387,
    (float32) 9.96921e+36,
    (float32) 9.96921e+36,
    (float32) 9.96921e+36,
    (float32) 9.96921e+36,
    (float32) 9.96921e+36,
    (float32) 9.96921e+36,
    (float32) 9.96921e+36,
    (float32) 9.96921e+36,
    (float32) 9.96921e+36,
    (float32) 9.96921e+36,
    (float32) 9.96921e+36,
    (float32) 9.96921e+36,
    (float32) 9.96921e+36,
    (float32) 9.96921e+36,
    (float32) 9.96921e+36,
    (float32) 9.96921e+36,
    (float32) 9.96921e+36,
    (float32) 9.96921e+36,
    (float32) 9.96921e+36,
    (float32) 9.96921e+36,
    (float32) 9.96921e+36,
    (float32) 9.96921e+36,
    (float32) 9.96921e+36,
    (float32) 9.96921e+36,
    (float32) 9.96921e+36,
    (float32) 9.96921e+36,
    (float32) 9.96921e+36,
    (float32) 9.96921e+36,
    (float32) 9.96921e+36,
    (float32) 9.96921e+36,
    (float32) 9.96921e+36,
    (float32) 9.96921e+36,
    (float32) 9.96921e+36,
    (float32) 9.96921e+36,
    (float32) 9.96921e+36,
    (float32) 9.96921e+36,
    (float32) 9.96921e+36,
    (float32) 9.96921e+36,
    (float32) 9.96921e+36,
    (float32) 9.96921e+36,
    (float32) 9.96921e+36,
    (float32) 9.96921e+36,
    (float32) 9.96921e+36,
    (float32) 9.96921e+36,
    (float32) 9.96921e+36,
    (float32) 9.96921e+36,
    (float32) 9.96921e+36,
    (float32) 9.96921e+36,
    (float32) 9.96921e+36,
    (float32) 9.96921e+36,
    (float32) 9.96921e+36,
    (float32) 9.96921e+36,
    (float32) 9.96921e+36,
    (float32) 9.96921e+36,
    (float32) 9.96921e+36,
    (float32) 9.96921e+36,
    (float32) 9.96921e+36,
    (float32) 9.96921e+36,
    (float32) 9.96921e+36,
    (float32) 9.96921e+36,
    (float32) 9.96921e+36,
    (float32) 9.96921e+36,
    (float32) 9.96921e+36,
    (float32) 9.96921e+36,
    (float32) 9.96921e+36,
    (float32) 9.96921e+36,
    (float32) 9.96921e+36,
    (float32) 9.96921e+36,
    (float32) 9.96921e+36,
    (float32) 9.96921e+36,
    (float32) 9.96921e+36,
    (float32) 9.96921e+36,
    (float32) 9.96921e+36,
    (float32) 9.96921e+36,
    (float32) 9.96921e+36,
    (float32) 9.96921e+36,
    (float32) 9.96921e+36,
    (float32) 9.96921e+36,
    (float32) 9.96921e+36,
    (float32) 9.96921e+36,
    (float32) 9.96921e+36,
    (float32) 9.96921e+36,
    (float32) 9.96921e+36,
    (float32) 9.96921e+36,
    (float32) 9.96921e+36,
    (float32) 9.96921e+36,
    (float32) 9.96921e+36,
    (float32) 33.97189,
    (float32) 33.956913,
    (float32) 33.930412,
    (float32) 33.932087,
    (float32) 33.916313,
    (float32) 33.89831,
    (float32) 33.89061,
    (float32) 33.90199,
    (float32) 33.893112,
    (float32) 33.89151,
    (float32) 33.89109,
    (float32) 33.883,
    (float32) 33.874813,
    (float32) 33.86499,
    (float32) 33.85659,
    (float32) 33.841812,
    (float32) 33.82761,
    (float32) 33.80941,
    (float32) 33.793713
   },
   ([]float32) (len=360 cap=360) {
    (float32) 33.755413,
    (float32) 33.7383,
    (float32) 33.71819,
    (float32) 33.69719,
    (float32) 33.674988,
    (float32) 33.65569,
    (float32) 33.63929,
    (float32) 33.626087,
    (float32) 33.61979,
    (float32) 33.622513,
    (float32) 33.62899,
    (float32) 33.634388,
    (float32) 33.62891,
    (float32) 33.618088,
    (float32) 33.607,
    (float32) 33.5956,
    (float32) 33.58529,
    (float32) 33.573513,
    (float32) 33.5626,
    (float32) 33.556988,
    (float32) 33.5669,
    (float32) 33.57219,
    (float32) 33.585087,
    (float32) 33.58911,
    (float32) 33.594112,
    (float32) 33.60339,
    (float32) 33.61351,
    (float32) 33.62159,
    (float32) 33.62439,
    (float32) 33.62331,
    (float32) 33.6202,
    (float32) 33.61761,
    (float32) 33.61681,
    (float32) 33.6141,
    (float32) 33.609413,
    (float32) 33.60219,
    (float32) 33.59481,
    (float32) 33.5884,
    (float32) 33.58199,
    (float32) 33.574413,
    (float32) 33.568,
    (float32) 33.55959,
    (float32) 33.55381,
    (float32) 33.54941,
    (float32) 33.54641,
    (float32) 33.54621,
    (float32) 33.54889,
    (float32) 33.551487,
    (float32) 33.55359,
    (float32) 33.554287,
    (float32) 33.55409,
    (float32) 33.55361,
    (float32) 33.54969,
    (float32) 33.544388,
    (float32) 33.5409,
    (float32) 33.5499,
    (float32) 33.545612,
    (float32) 33.5444,
    (float32) 33.549713,
    (float32) 33.559887,
    (float32) 33.5741,
    (float32) 33.58999,
    (float32) 33.60769,
    (float32) 33.62551,
    (float32) 33.642387,
    (float32) 33.657112,
    (float32) 33.667,
    (float32) 33.6711,
    (float32) 33.669987,
    (float32) 33.66181,
    (float32) 33.6494,
    (float32) 33.630287,
    (float32) 33.596287,
    (float32) 33.56479,
    (float32) 33.51809,
    (float32) 33.466587,
    (float32) 33.41349,
    (float32) 33.357487,
    (float32) 33.295113,
    (float32) 33.236588,
    (float32) 33.191113,
    (float32) 33.15479,
    (float32) 33.13731,
    (float32) 33.12701,
    (float32) 33.13061,
    (float32) 33.13491,
    (float32) 33.141712,
    (float32) 33.15551,
    (float32) 33.1794,
    (float32) 33.21449,
    (float32) 33.2589,
    (float32) 33.31009,
    (float32) 33.366413,
    (float32) 33.4268,
    (float32) 33.48791,
    (float32) 33.54479,
    (float32) 33.59229,
    (float32) 33.63031,
    (float32) 33.65771,
    (float32) 33.676388,
    (float32) 33.68391,
    (float32) 33.6836,
    (float32) 33.667187,
    (float32) 33.640213,
    (float32) 33.60331,
    (float32) 33.56021,
    (float32) 33.50901,
    (float32) 33.4476,
    (float32) 33.39859,
    (float32) 9.96921e+36,
    (float32) 32.794487,
    (float32) 32.78231,
    (float32) 32.76619,
    (float32) 9.96921e+36,
    (float32) 9.96921e+36,
    (float32) 9.96921e+36,
    (float32) 9.96921e+36,
    (float32) 9.96921e+36,
    (float32) 9.96921e+36,
    (float32) 9.96921e+36,
    (float32) 33.494713,
    (float32) 33.53409,
    (float32) 33.57969,
    (float32) 33.607113,
    (float32) 33.6302,
    (float32) 33.657387,
    (float32) 33.6695,
    (float32) 33.68639,
    (float32) 33.70711,
    (float32) 33.7309,
    (float32) 33.74629,
    (float32) 33.75559,
    (float32) 33.76591,
    (float32) 33.77581,
    (float32) 33.7789,
    (float32) 33.77771,
    (float32) 33.781612,
    (float32) 33.78989,
    (float32) 33.80719,
    (float32) 33.829887,
    (float32) 33.85261,
    (float32) 33.8748,
    (float32) 33.891212,
    (float32) 33.9075,
    (float32) 33.92411,
    (float32) 33.91769,
    (float32) 33.94691,
    (float32) 33.946087,
    (float32) 33.9343,
    (float32) 33.92321,
    (float32) 33.907387,
    (float32) 33.884987,
    (float32) 33.86261,
    (float32) 33.83979,
    (float32) 33.825012,
    (float32) 33.813812,
    (float32) 33.80909,
    (float32) 33.81171,
    (float32) 33.817413,
    (float32) 33.82321,
    (float32) 33.8313,
    (float32) 33.84239,
    (float32) 33.85541,
    (float32) 33.870487,
    (float32) 33.888313,
    (float32) 33.90769,
    (float32) 33.92861,
    (float32) 33.95121,
    (float32) 33.973713,
    (float32) 33.99139,
    (float32) 34.002487,
    (float32) 34.0095,
    (float32) 34.01121,
    (float32) 34.01181,
    (float32) 33.99519,
    (float32) 33.96489,
    (float32) 33.95279,
    (float32) 33.95339,
    (float32) 33.95409,
    (float32) 33.956413,
    (float32) 33.89499,
    (float32) 33.84499,
    (float32) 33.840313,
    (float32) 33.876488,
    (float32) 33.8777,
    (float32) 33.889187,
    (float32) 33.924488,
    (float32) 33.91471,
    (float32) 33.900288,
    (float32) 33.863213,
    (float32) 33.8465,
    (float32) 33.82651,
    (float32) 33.80701,
    (float32) 33.78971,
    (float32) 33.77421,
    (float32) 33.75281,
    (float32) 33.7294,
    (float32) 33.71051,
    (float32) 33.68559,
    (float32) 33.626087,
    (float32) 33.515812,
    (float32) 33.459713,
    (float32) 33.4294,
    (float32) 33.41301,
    (float32) 33.40569,
    (float32) 33.40889,
    (float32) 33.409687,
    (float32) 33.427,
    (float32) 33.46451,
    (float32) 33.51921,
    (float32) 33.58909,
    (float32) 33.697212,
    (float32) 33.943512,
    (float32) 9.96921e+36,
    (float32) 9.96921e+36,
    (float32) 33.49681,
    (float32) 33.51259,
    (float32) 33.52709,
    (float32) 33.53831,
    (float32) 33.42641,
    (float32) 9.96921e+36,
    (float32) 9.96921e+36,
    (float32) 9.96921e+36,
    (float32) 9.96921e+36,
    (float32) 9.96921e+36,
    (float32) 9.96921e+36,
    (float32) 9.96921e+36,
    (float32) 9.96921e+36,
    (float32) 9.96921e+36,
    (float32) 9.96921e+36,
    (float32) 9.96921e+36,
    (float32) 9.96921e+36,
    (float32) 9.96921e+36,
    (float32) 9.96921e+36,
    (float32) 9.96921e+36,
    (float32) 9.96921e+36,
    (float32) 9.96921e+36,
    (float32) 9.96921e+36,
    (float32) 9.96921e+36,
    (float32) 9.96921e+36,
    (float32) 9.96921e+36,
    (float32) 9.96921e+36,
    (float32) 9.96921e+36,
    (float32) 9.96921e+36,
    (float32) 9.96921e+36,
    (float32) 9.96921e+36,
    (float32) 9.96921e+36,
    (float32) 9.96921e+36,
    (float32) 9.96921e+36,
    (float32) 9.96921e+36,
    (float32) 33.390087,
    (float32) 33.52351,
    (float32) 33.536,
    (float32) 33.489113,
    (float32) 33.33859,
    (float32) 33.23191,
    (float32) 33.166412,
    (float32) 33.121887,
    (float32) 9.96921e+36,
    (float32) 9.96921e+36,
    (float32) 9.96921e+36,
    (float32) 9.96921e+36,
    (float32) 9.96921e+36,
    (float32) 9.96921e+36,
    (float32) 9.96921e+36,
    (float32) 9.96921e+36,
    (float32) 9.96921e+36,
    (float32) 9.96921e+36,
    (float32) 9.96921e+36,
    (float32) 9.96921e+36,
    (float32) 9.96921e+36,
    (float32) 9.96921e+36,
    (float32) 9.96921e+36,
    (float32) 9.96921e+36,
    (float32) 9.96921e+36,
    (float32) 9.96921e+36,
    (float32) 9.96921e+36,
    (float32) 9.96921e+36,
    (float32) 9.96921e+36,
    (float32) 9.96921e+36,
    (float32) 9.96921e+36,
    (float32) 9.96921e+36,
    (float32) 9.96921e+36,
    (float32) 9.96921e+36,
    (float32) 9.96921e+36,
    (float32) 9.96921e+36,
    (float32) 9.96921e+36,
    (float32) 9.96921e+36,
    (float32) 9.96921e+36,
    (float32) 9.96921e+36,
    (float32) 9.96921e+36,
    (float32) 9.96921e+36,
    (float32) 9.96921e+36,
    (float32) 9.96921e+36,
    (float32) 9.96921e+36,
    (float32) 9.96921e+36,
    (float32) 9.96921e+36,
    (float32) 9.96921e+36,
    (float32) 9.96921e+36,
    (float32) 9.96921e+36,
    (float32) 9.96921e+36,
    (float32) 9.96921e+36,
    (float32) 9.96921e+36,
    (float32) 9.96921e+36,
    (float32) 9.96921e+36,
    (float32) 9.96921e+36,
    (float32) 9.96921e+36,
    (float32) 9.96921e+36,
    (float32) 9.96921e+36,
    (float32) 9.96921e+36,
    (float32) 9.96921e+36,
    (float32) 9.96921e+36,
    (float32) 9.96921e+36,
    (float32) 9.96921e+36,
    (float32) 9.96921e+36,
    (float32) 9.96921e+36,
    (float32) 9.96921e+36,
    (float32) 9.96921e+36,
    (float32) 9.96921e+36,
    (float32) 9.96921e+36,
    (float32) 9.96921e+36,
    (float32) 9.96921e+36,
    (float32) 9.96921e+36,
    (float32) 9.96921e+36,
    (float32) 9.96921e+36,
    (float32) 9.96921e+36,
    (float32) 9.96921e+36,
    (float32) 9.96921e+36,
    (float32) 9.96921e+36,
    (float32) 9.96921e+36,
    (float32) 9.96921e+36,
    (float32) 9.96921e+36,
    (float32) 9.96921e+36,
    (float32) 9.96921e+36,
    (float32) 9.96921e+36,
    (float32) 33.65949,
    (float32) 33.675587,
    (float32) 33.698013,
    (float32) 33.7216,
    (float32) 33.74791,
    (float32) 33.78119,
    (float32) 33.8371,
    (float32) 33.849987,
    (float32) 33.84919,
    (float32) 33.8499,
    (float32) 33.844887,
    (float32) 33.838413,
    (float32) 33.83569,
    (float32) 33.837013,
    (float32) 33.834587,
    (float32) 33.83239,
    (float32) 33.831112,
    (float32) 33.82891,
    (float32) 33.82929,
    (float32) 33.82651,
    (float32) 33.820312,
    (float32) 33.8097,
    (float32) 33.80081,
    (float32) 33.78729,
    (float32) 33.77089
   },
   ([]float32) (len=360 cap=360) {
    (float32) 33.75419,
    (float32) 33.740887,
    (float32) 33.72599,
    (float32) 33.710487,
    (float32) 33.69501,
    (float32) 33.6826,
    (float32) 33.672688,
    (float32) 33.66581,
    (float32) 33.66461,
    (float32) 33.672913,
    (float32) 33.67939,
    (float32) 33.687088,
    (float32) 33.68469,
    (float32) 33.678013,
    (float32) 33.67019,
    (float32) 33.662712,
    (float32) 33.6569,
    (float32) 33.64969,
    (float32) 33.6431,
    (float32) 33.6424,
    (float32) 33.6472,
    (float32) 33.65469,
    (float32) 33.661587,
    (float32) 33.66531,
    (float32) 33.667812,
    (float32) 33.67249,
    (float32) 33.67289,
    (float32) 33.673,
    (float32) 33.67009,
    (float32) 33.662388,
    (float32) 33.65619,
    (float32) 33.648212,
    (float32) 33.6417,
    (float32) 33.634388,
    (float32) 33.626087,
    (float32) 33.61671,
    (float32) 33.607487,
    (float32) 33.600487,
    (float32) 33.59511,
    (float32) 33.5884,
    (float32) 33.583088,
    (float32) 33.5782,
    (float32) 33.57459,
    (float32) 33.5717,
    (float32) 33.570988,
    (float32) 33.57151,
    (float32) 33.57331,
    (float32) 33.57639,
    (float32) 33.577713,
    (float32) 33.5786,
    (float32) 33.579487,
    (float32) 33.57929,
    (float32) 33.575687,
    (float32) 33.5698,
    (float32) 33.56579,
    (float32) 33.56309,
    (float32) 33.56351,
    (float32) 33.56631,
    (float32) 33.57309,
    (float32) 33.587288,
    (float32) 33.6134,
    (float32) 33.6227,
    (float32) 33.64179,
    (float32) 33.65799,
    (float32) 33.674088,
    (float32) 33.688087,
    (float32) 33.697887,
    (float32) 33.70279,
    (float32) 33.70289,
    (float32) 33.69989,
    (float32) 33.69379,
    (float32) 33.683887,
    (float32) 33.6669,
    (float32) 33.64271,
    (float32) 33.61061,
    (float32) 33.57651,
    (float32) 33.53949,
    (float32) 33.49999,
    (float32) 33.45261,
    (float32) 33.414913,
    (float32) 33.37759,
    (float32) 33.358387,
    (float32) 33.3473,
    (float32) 33.3387,
    (float32) 33.33389,
    (float32) 33.33211,
    (float32) 33.33419,
    (float32) 33.342087,
    (float32) 33.3573,
    (float32) 33.3799,
    (float32) 33.40859,
    (float32) 33.441887,
    (float32) 33.478912,
    (float32) 33.51889,
    (float32) 33.559387,
    (float32) 33.5958,
    (float32) 33.62709,
    (float32) 33.651413,
    (float32) 33.67001,
    (float32) 33.683113,
    (float32) 33.69141,
    (float32) 33.69209,
    (float32) 33.68541,
    (float32) 33.67149,
    (float32) 33.650288,
    (float32) 33.622112,
    (float32) 33.587288,
    (float32) 33.54681,
    (float32) 33.506687,
    (float32) 33.46619,
    (float32) 33.41689,
    (float32) 9.96921e+36,
    (float32) 9.96921e+36,
    (float32) 9.96921e+36,
    (float32) 9.96921e+36,
    (float32) 9.96921e+36,
    (float32) 9.96921e+36,
    (float32) 9.96921e+36,
    (float32) 9.96921e+36,
    (float32) 9.96921e+36,
    (float32) 32.97481,
    (float32) 33.29369,
    (float32) 33.418,
    (float32) 33.493088,
    (float32) 33.548187,
    (float32) 33.58321,
    (float32) 33.61079,
    (float32) 33.63419,
    (float32) 33.66151,
    (float32) 33.68179,
    (float32) 33.704712,
    (float32) 33.71711,
    (float32) 33.7277,
    (float32) 33.7324,
    (float32) 33.73481,
    (float32) 33.738987,
    (float32) 33.74081,
    (float32) 33.74899,
    (float32) 33.76591,
    (float32) 33.78661,
    (float32) 33.806988,
    (float32) 33.82509,
    (float32) 33.84329,
    (float32) 33.862488,
    (float32) 33.881687,
    (float32) 33.8988,
    (float32) 33.913788,
    (float32) 33.918312,
    (float32) 33.914787,
    (float32) 33.902313,
    (float32) 33.88599,
    (float32) 33.8678,
    (float32) 33.84969,
    (float32) 33.82981,
    (float32) 33.815113,
    (float32) 33.800888,
    (float32) 33.795288,
    (float32) 33.79649,
    (float32) 33.800213,
    (float32) 33.80589,
    (float32) 33.8128,
    (float32) 33.82219,
    (float32) 33.83391,
    (float32) 33.848312,
    (float32) 33.86491,
    (float32) 33.88289,
    (float32) 33.90361,
    (float32) 33.92579,
    (float32) 33.949688,
    (float32) 33.971012,
    (float32) 33.988712,
    (float32) 34.00201,
    (float32) 34.00979,
    (float32) 34.01289,
    (float32) 34.005688,
    (float32) 33.991013,
    (float32) 33.98179,
    (float32) 33.97551,
    (float32) 33.97261,
    (float32) 33.96451,
    (float32) 33.94119,
    (float32) 33.92031,
    (float32) 33.91689,
    (float32) 33.929787,
    (float32) 33.925488,
    (float32) 33.931187,
    (float32) 33.931,
    (float32) 33.925987,
    (float32) 33.9258,
    (float32) 33.90401,
    (float32) 33.879,
    (float32) 33.8578,
    (float32) 33.83671,
    (float32) 33.817287,
    (float32) 33.7975,
    (float32) 33.774113,
    (float32) 33.749912,
    (float32) 33.7238,
    (float32) 33.6932,
    (float32) 33.64929,
    (float32) 33.590588,
    (float32) 33.5473,
    (float32) 33.51961,
    (float32) 33.502888,
    (float32) 33.49451,
    (float32) 33.49429,
    (float32) 33.50111,
    (float32) 33.51981,
    (float32) 33.55259,
    (float32) 33.59941,
    (float32) 33.66051,
    (float32) 33.7412,
    (float32) 33.84189,
    (float32) 33.87331,
    (float32) 33.817112,
    (float32) 33.6718,
    (float32) 33.6284,
    (float32) 33.615887,
    (float32) 33.6123,
    (float32) 33.606388,
    (float32) 33.693,
    (float32) 33.721012,
    (float32) 33.69489,
    (float32) 33.64921,
    (float32) 33.603188,
    (float32) 9.96921e+36,
    (float32) 9.96921e+36,
    (float32) 9.96921e+36,
    (float32) 9.96921e+36,
    (float32) 9.96921e+36,
    (float32) 9.96921e+36,
    (float32) 9.96921e+36,
    (float32) 9.96921e+36,
    (float32) 9.96921e+36,
    (float32) 9.96921e+36,
    (float32) 9.96921e+36,
    (float32) 9.96921e+36,
    (float32) 9.96921e+36,
    (float32) 9.96921e+36,
    (float32) 9.96921e+36,
    (float32) 9.96921e+36,
    (float32) 9.96921e+36,
    (float32) 9.96921e+36,
    (float32) 9.96921e+36,
    (float32) 9.96921e+36,
    (float32) 9.96921e+36,
    (float32) 9.96921e+36,
    (float32) 9.96921e+36,
    (float32) 9.96921e+36,
    (float32) 9.96921e+36,
    (float32) 33.567787,
    (float32) 33.52739,
    (float32) 33.50021,
    (float32) 33.4524,
    (float32) 33.3734,
    (float32) 33.3022,
    (float32) 33.24949,
    (float32) 33.213287,
    (float32) 33.19141,
    (float32) 33.192013,
    (float32) 33.197388,
    (float32) 9.96921e+36,
    (float32) 9.96921e+36,
    (float32) 9.96921e+36,
    (float32) 9.96921e+36,
    (float32) 9.96921e+36,
    (float32) 9.96921e+36,
    (float32) 9.96921e+36,
    (float32) 9.96921e+36,
    (float32) 9.96921e+36,
    (float32) 9.96921e+36,
    (float32) 9.96921e+36,
    (float32) 9.96921e+36,
    (float32) 9.96921e+36,
    (float32) 9.96921e+36,
    (float32) 9.96921e+36,
    (float32) 9.96921e+36,
    (float32) 9.96921e+36,
    (float32) 9.96921e+36,
    (float32) 9.96921e+36,
    (float32) 9.96921e+36,
    (float32) 9.96921e+36,
    (float32) 9.96921e+36,
    (float32) 9.96921e+36,
    (float32) 9.96921e+36,
    (float32) 9.96921e+36,
    (float32) 9.96921e+36,
    (float32) 9.96921e+36,
    (float32) 9.96921e+36,
    (float32) 9.96921e+36,
    (float32) 9.96921e+36,
    (float32) 9.96921e+36,
    (float32) 9.96921e+36,
    (float32) 9.96921e+36,
    (float32) 9.96921e+36,
    (float32) 9.96921e+36,
    (float32) 9.96921e+36,
    (float32) 9.96921e+36,
    (float32) 9.96921e+36,
    (float32) 9.96921e+36,
    (float32) 9.96921e+36,
    (float32) 9.96921e+36,
    (float32) 9.96921e+36,
    (float32) 9.96921e+36,
    (float32) 9.96921e+36,
    (float32) 9.96921e+36,
    (float32) 9.96921e+36,
    (float32) 9.96921e+36,
    (float32) 9.96921e+36,
    (float32) 9.96921e+36,
    (float32) 9.96921e+36,
    (float32) 9.96921e+36,
    (float32) 9.96921e+36,
    (float32) 9.96921e+36,
    (float32) 9.96921e+36,
    (float32) 9.96921e+36,
    (float32) 9.96921e+36,
    (float32) 9.96921e+36,
    (float32) 9.96921e+36,
    (float32) 9.96921e+36,
    (float32) 9.96921e+36,
    (float32) 9.96921e+36,
    (float32) 9.96921e+36,
    (float32) 9.96921e+36,
    (float32) 9.96921e+36,
    (float32) 9.96921e+36,
    (float32) 9.96921e+36,
    (float32) 33.935913,
    (float32) 33.850613,
    (float32) 33.76049,
    (float32) 33.6669,
    (float32) 33.57069,
    (float32) 33.48131,
    (float32) 33.4166,
    (float32) 33.4191,
    (float32) 33.53809,
    (float32) 33.58479,
    (float32) 33.615612,
    (float32) 33.644787,
    (float32) 33.67601,
    (float32) 33.7103,
    (float32) 33.74659,
    (float32) 33.7686,
    (float32) 33.7809,
    (float32) 33.7883,
    (float32) 33.79149,
    (float32) 33.7927,
    (float32) 33.79419,
    (float32) 33.79609,
    (float32) 33.7962,
    (float32) 33.79569,
    (float32) 33.796513,
    (float32) 33.7997,
    (float32) 33.80529,
    (float32) 33.809113,
    (float32) 33.80909,
    (float32) 33.802288,
    (float32) 33.79151,
    (float32) 33.7803,
    (float32) 33.76841
   },
   ([]float32) (len=360 cap=360) {
    (float32) 33.76911,
    (float32) 33.75729,
    (float32) 33.74681,
    (float32) 33.73499,
    (float32) 33.72481,
    (float32) 33.71779,
    (float32) 33.71551,
    (float32) 33.7158,
    (float32) 33.72009,
    (float32) 33.7285,
    (float32) 33.73869,
    (float32) 33.74579,
    (float32) 33.74581,
    (float32) 33.74279,
    (float32) 33.73941,
    (float32) 33.737,
    (float32) 33.734913,
    (float32) 33.732487,
    (float32) 33.73411,
    (float32) 33.73299,
    (float32) 33.736187,
    (float32) 33.7452,
    (float32) 33.7525,
    (float32) 33.754787,
    (float32) 33.75581,
    (float32) 33.75359,
    (float32) 33.748512,
    (float32) 33.74209,
    (float32) 33.7327,
    (float32) 33.72009,
    (float32) 33.7042,
    (float32) 33.69119,
    (float32) 33.67691,
    (float32) 33.664387,
    (float32) 33.64999,
    (float32) 33.637787,
    (float32) 33.6268,
    (float32) 33.61919,
    (float32) 33.614,
    (float32) 33.609413,
    (float32) 33.605488,
    (float32) 33.60261,
    (float32) 33.602013,
    (float32) 33.602287,
    (float32) 33.60439,
    (float32) 33.60709,
    (float32) 33.59931,
    (float32) 33.60281,
    (float32) 33.60589,
    (float32) 33.60971,
    (float32) 33.6237,
    (float32) 33.62249,
    (float32) 33.61939,
    (float32) 33.6154,
    (float32) 33.61161,
    (float32) 33.60859,
    (float32) 33.60881,
    (float32) 33.61179,
    (float32) 33.6191,
    (float32) 33.6316,
    (float32) 33.64761,
    (float32) 33.6659,
    (float32) 33.69461,
    (float32) 33.70829,
    (float32) 33.72171,
    (float32) 33.7334,
    (float32) 33.74159,
    (float32) 33.74609,
    (float32) 33.747013,
    (float32) 33.747112,
    (float32) 33.7467,
    (float32) 33.744587,
    (float32) 33.7374,
    (float32) 33.72491,
    (float32) 33.706287,
    (float32) 33.6865,
    (float32) 33.663513,
    (float32) 33.63739,
    (float32) 33.60511,
    (float32) 33.58081,
    (float32) 33.56041,
    (float32) 33.5533,
    (float32) 33.546,
    (float32) 33.5369,
    (float32) 33.53101,
    (float32) 33.52729,
    (float32) 33.5262,
    (float32) 33.52919,
    (float32) 33.53681,
    (float32) 33.54901,
    (float32) 33.56159,
    (float32) 33.5829,
    (float32) 33.60059,
    (float32) 33.623413,
    (float32) 33.64589,
    (float32) 33.66629,
    (float32) 33.6816,
    (float32) 33.693188,
    (float32) 33.70121,
    (float32) 33.71059,
    (float32) 33.71781,
    (float32) 33.72221,
    (float32) 33.722687,
    (float32) 33.71831,
    (float32) 33.708088,
    (float32) 33.691612,
    (float32) 33.6691,
    (float32) 33.6413,
    (float32) 33.610287,
    (float32) 33.57791,
    (float32) 33.54921,
    (float32) 33.545513,
    (float32) 9.96921e+36,
    (float32) 9.96921e+36,
    (float32) 9.96921e+36,
    (float32) 9.96921e+36,
    (float32) 9.96921e+36,
    (float32) 9.96921e+36,
    (float32) 9.96921e+36,
    (float32) 9.96921e+36,
    (float32) 32.956787,
    (float32) 33.24311,
    (float32) 33.37461,
    (float32) 33.49109,
    (float32) 33.55691,
    (float32) 33.59679,
    (float32) 33.625813,
    (float32) 33.64689,
    (float32) 33.669113,
    (float32) 33.685913,
    (float32) 33.6997,
    (float32) 33.70161,
    (float32) 33.70401,
    (float32) 33.71101,
    (float32) 33.707413,
    (float32) 33.717087,
    (float32) 33.70891,
    (float32) 33.71299,
    (float32) 33.71711,
    (float32) 33.735813,
    (float32) 33.753212,
    (float32) 33.7684,
    (float32) 33.785313,
    (float32) 33.80359,
    (float32) 33.827488,
    (float32) 33.84879,
    (float32) 33.865887,
    (float32) 33.87069,
    (float32) 33.8681,
    (float32) 33.86101,
    (float32) 33.84511,
    (float32) 33.8304,
    (float32) 33.82409,
    (float32) 33.812088,
    (float32) 33.80259,
    (float32) 33.7937,
    (float32) 33.7905,
    (float32) 33.792313,
    (float32) 33.79621,
    (float32) 33.800713,
    (float32) 33.80641,
    (float32) 33.81271,
    (float32) 33.821087,
    (float32) 33.831913,
    (float32) 33.84471,
    (float32) 33.859287,
    (float32) 33.879612,
    (float32) 33.90351,
    (float32) 33.9278,
    (float32) 33.94881,
    (float32) 33.96769,
    (float32) 33.984512,
    (float32) 33.99569,
    (float32) 33.99999,
    (float32) 33.99741,
    (float32) 33.9922,
    (float32) 33.98649,
    (float32) 33.98291,
    (float32) 33.979313,
    (float32) 33.974213,
    (float32) 33.96639,
    (float32) 33.95951,
    (float32) 33.95929,
    (float32) 33.96499,
    (float32) 33.97249,
    (float32) 33.9676,
    (float32) 33.9657,
    (float32) 33.95879,
    (float32) 33.949688,
    (float32) 33.93029,
    (float32) 33.9085,
    (float32) 33.88549,
    (float32) 33.86541,
    (float32) 33.845913,
    (float32) 33.826,
    (float32) 33.80109,
    (float32) 33.775913,
    (float32) 33.75209,
    (float32) 33.725613,
    (float32) 33.6905,
    (float32) 33.65139,
    (float32) 33.619312,
    (float32) 33.59589,
    (float32) 33.58049,
    (float32) 33.5728,
    (float32) 33.57229,
    (float32) 33.57891,
    (float32) 33.59539,
    (float32) 33.62291,
    (float32) 33.658012,
    (float32) 33.703312,
    (float32) 33.7556,
    (float32) 33.8049,
    (float32) 33.821087,
    (float32) 33.795288,
    (float32) 33.73909,
    (float32) 33.706013,
    (float32) 33.690613,
    (float32) 33.68561,
    (float32) 33.69009,
    (float32) 33.71879,
    (float32) 33.73231,
    (float32) 33.723713,
    (float32) 33.704388,
    (float32) 33.690113,
    (float32) 33.708687,
    (float32) 33.7079,
    (float32) 33.70649,
    (float32) 33.69751,
    (float32) 33.68649,
    (float32) 9.96921e+36,
    (float32) 9.96921e+36,
    (float32) 9.96921e+36,
    (float32) 9.96921e+36,
    (float32) 9.96921e+36,
    (float32) 9.96921e+36,
    (float32) 9.96921e+36,
    (float32) 33.48621,
    (float32) 33.51591,
    (float32) 33.545887,
    (float32) 33.57891,
    (float32) 33.614113,
    (float32) 33.64079,
    (float32) 33.657513,
    (float32) 33.66049,
    (float32) 33.6483,
    (float32) 33.628113,
    (float32) 33.60349,
    (float32) 33.58009,
    (float32) 33.563087,
    (float32) 33.55411,
    (float32) 33.527813,
    (float32) 33.498512,
    (float32) 33.46031,
    (float32) 33.41169,
    (float32) 33.36459,
    (float32) 33.32601,
    (float32) 33.297913,
    (float32) 33.28009,
    (float32) 33.2704,
    (float32) 33.2565,
    (float32) 33.20891,
    (float32) 33.210613,
    (float32) 33.235287,
    (float32) 33.26479,
    (float32) 9.96921e+36,
    (float32) 33.312412,
    (float32) 9.96921e+36,
    (float32) 9.96921e+36,
    (float32) 9.96921e+36,
    (float32) 9.96921e+36,
    (float32) 9.96921e+36,
    (float32) 9.96921e+36,
    (float32) 9.96921e+36,
    (float32) 9.96921e+36,
    (float32) 9.96921e+36,
    (float32) 9.96921e+36,
    (float32) 9.96921e+36,
    (float32) 9.96921e+36,
    (float32) 9.96921e+36,
    (float32) 9.96921e+36,
    (float32) 9.96921e+36,
    (float32) 9.96921e+36,
    (float32) 9.96921e+36,
    (float32) 9.96921e+36,
    (float32) 9.96921e+36,
    (float32) 9.96921e+36,
    (float32) 9.96921e+36,
    (float32) 9.96921e+36,
    (float32) 9.96921e+36,
    (float32) 9.96921e+36,
    (float32) 9.96921e+36,
    (float32) 9.96921e+36,
    (float32) 9.96921e+36,
    (float32) 9.96921e+36,
    (float32) 9.96921e+36,
    (float32) 33.9152,
    (float32) 33.878113,
    (float32) 33.820213,
    (float32) 33.79581,
    (float32) 33.77161,
    (float32) 33.75329,
    (float32) 33.741413,
    (float32) 9.96921e+36,
    (float32) 9.96921e+36,
    (float32) 9.96921e+36,
    (float32) 9.96921e+36,
    (float32) 9.96921e+36,
    (float32) 33.73751,
    (float32) 33.79021,
    (float32) 9.96921e+36,
    (float32) 9.96921e+36,
    (float32) 9.96921e+36,
    (float32) 9.96921e+36,
    (float32) 9.96921e+36,
    (float32) 9.96921e+36,
    (float32) 9.96921e+36,
    (float32) 9.96921e+36,
    (float32) 9.96921e+36,
    (float32) 9.96921e+36,
    (float32) 9.96921e+36,
    (float32) 9.96921e+36,
    (float32) 33.8661,
    (float32) 33.83679,
    (float32) 33.80589,
    (float32) 33.77559,
    (float32) 33.76519,
    (float32) 33.813087,
    (float32) 33.78529,
    (float32) 33.728912,
    (float32) 33.66301,
    (float32) 33.59381,
    (float32) 33.52989,
    (float32) 33.484287,
    (float32) 33.4744,
    (float32) 33.5061,
    (float32) 33.53389,
    (float32) 33.5605,
    (float32) 33.589813,
    (float32) 33.62269,
    (float32) 33.657787,
    (float32) 33.6918,
    (float32) 33.71959,
    (float32) 33.74059,
    (float32) 33.75599,
    (float32) 33.7671,
    (float32) 33.77509,
    (float32) 33.780888,
    (float32) 33.78511,
    (float32) 33.78779,
    (float32) 33.78999,
    (float32) 33.79249,
    (float32) 33.79761,
    (float32) 33.80249,
    (float32) 33.806812,
    (float32) 33.81061,
    (float32) 33.80981,
    (float32) 33.80209,
    (float32) 33.79211,
    (float32) 33.7797
   },
   ([]float32) (len=360 cap=360) {
    (float32) 33.79581,
    (float32) 33.786213,
    (float32) 33.77639,
    (float32) 33.76831,
    (float32) 33.76281,
    (float32) 33.762012,
    (float32) 33.76449,
    (float32) 33.769188,
    (float32) 33.77689,
    (float32) 33.785088,
    (float32) 33.79491,
    (float32) 33.80081,
    (float32) 33.802612,
    (float32) 33.80281,
    (float32) 33.80341,
    (float32) 33.80431,
    (float32) 33.806,
    (float32) 33.80991,
    (float32) 33.8139,
    (float32) 33.820488,
    (float32) 33.828087,
    (float32) 33.83719,
    (float32) 33.84021,
    (float32) 33.844288,
    (float32) 33.8457,
    (float32) 33.841087,
    (float32) 33.83289,
    (float32) 33.819813,
    (float32) 33.80499,
    (float32) 33.78629,
    (float32) 33.76379,
    (float32) 33.744812,
    (float32) 33.72541,
    (float32) 33.70401,
    (float32) 33.68519,
    (float32) 33.666588,
    (float32) 33.653587,
    (float32) 33.64601,
    (float32) 33.63861,
    (float32) 33.63581,
    (float32) 33.63179,
    (float32) 33.63279,
    (float32) 33.635513,
    (float32) 33.640087,
    (float32) 33.645187,
    (float32) 33.651012,
    (float32) 33.64931,
    (float32) 33.65631,
    (float32) 33.66359,
    (float32) 33.668312,
    (float32) 33.67289,
    (float32) 33.68621,
    (float32) 33.6841,
    (float32) 33.680412,
    (float32) 33.67669,
    (float32) 33.677,
    (float32) 33.67651,
    (float32) 33.680588,
    (float32) 33.6855,
    (float32) 33.6971,
    (float32) 33.71191,
    (float32) 33.72821,
    (float32) 33.74669,
    (float32) 33.773987,
    (float32) 33.7838,
    (float32) 33.7921,
    (float32) 33.79761,
    (float32) 33.800312,
    (float32) 33.801388,
    (float32) 33.80281,
    (float32) 33.80521,
    (float32) 33.80729,
    (float32) 33.8066,
    (float32) 33.80341,
    (float32) 33.794712,
    (float32) 33.7848,
    (float32) 33.7718,
    (float32) 33.75789,
    (float32) 33.7385,
    (float32) 33.72431,
    (float32) 33.715813,
    (float32) 33.71899,
    (float32) 33.71471,
    (float32) 33.710487,
    (float32) 33.70279,
    (float32) 33.697212,
    (float32) 33.694,
    (float32) 33.69321,
    (float32) 33.69561,
    (float32) 33.700687,
    (float32) 33.7077,
    (float32) 33.71571,
    (float32) 33.72429,
    (float32) 33.72961,
    (float32) 33.73941,
    (float32) 33.74619,
    (float32) 33.74979,
    (float32) 33.747387,
    (float32) 33.750412,
    (float32) 33.751488,
    (float32) 33.75309,
    (float32) 33.7669,
    (float32) 33.76889,
    (float32) 33.773712,
    (float32) 33.77071,
    (float32) 33.761913,
    (float32) 33.74719,
    (float32) 33.72669,
    (float32) 33.7018,
    (float32) 33.674713,
    (float32) 33.64919,
    (float32) 33.63139,
    (float32) 33.618412,
    (float32) 33.56581,
    (float32) 9.96921e+36,
    (float32) 9.96921e+36,
    (float32) 9.96921e+36,
    (float32) 9.96921e+36,
    (float32) 9.96921e+36,
    (float32) 9.96921e+36,
    (float32) 33.39179,
    (float32) 33.37891,
    (float32) 33.4142,
    (float32) 33.595013,
    (float32) 33.664513,
    (float32) 33.70721,
    (float32) 33.719788,
    (float32) 33.7222,
    (float32) 33.7267,
    (float32) 33.7348,
    (float32) 33.731888,
    (float32) 33.72411,
    (float32) 33.717,
    (float32) 33.71499,
    (float32) 33.690487,
    (float32) 33.682487,
    (float32) 33.67149,
    (float32) 33.6657,
    (float32) 33.6674,
    (float32) 33.67289,
    (float32) 33.69041,
    (float32) 33.70621,
    (float32) 33.724,
    (float32) 33.742912,
    (float32) 33.76579,
    (float32) 33.785713,
    (float32) 33.80119,
    (float32) 33.80589,
    (float32) 33.803288,
    (float32) 33.79709,
    (float32) 33.79569,
    (float32) 33.776688,
    (float32) 33.78931,
    (float32) 33.76691,
    (float32) 33.77151,
    (float32) 33.780487,
    (float32) 33.794113,
    (float32) 33.80101,
    (float32) 33.8084,
    (float32) 33.813812,
    (float32) 33.81739,
    (float32) 33.82061,
    (float32) 33.824512,
    (float32) 33.830612,
    (float32) 33.84011,
    (float32) 33.85299,
    (float32) 33.87001,
    (float32) 33.889313,
    (float32) 33.909912,
    (float32) 33.929413,
    (float32) 33.948013,
    (float32) 33.963512,
    (float32) 33.976513,
    (float32) 33.98251,
    (float32) 33.982613,
    (float32) 33.97951,
    (float32) 33.97509,
    (float32) 33.972088,
    (float32) 33.97019,
    (float32) 33.97049,
    (float32) 33.97011,
    (float32) 33.97089,
    (float32) 33.974087,
    (float32) 33.97951,
    (float32) 33.985912,
    (float32) 33.98969,
    (float32) 33.98649,
    (float32) 33.9782,
    (float32) 33.96371,
    (float32) 33.946487,
    (float32) 33.92791,
    (float32) 33.90889,
    (float32) 33.88921,
    (float32) 33.869312,
    (float32) 33.8482,
    (float32) 33.82711,
    (float32) 33.80281,
    (float32) 33.780113,
    (float32) 33.75571,
    (float32) 33.730213,
    (float32) 33.702087,
    (float32) 33.676388,
    (float32) 33.65631,
    (float32) 33.64241,
    (float32) 33.6354,
    (float32) 33.634888,
    (float32) 33.6406,
    (float32) 33.652912,
    (float32) 33.672787,
    (float32) 33.699112,
    (float32) 33.730087,
    (float32) 33.76189,
    (float32) 33.79049,
    (float32) 33.8024,
    (float32) 33.79311,
    (float32) 33.77121,
    (float32) 33.75269,
    (float32) 33.7427,
    (float32) 33.738388,
    (float32) 33.74149,
    (float32) 33.752,
    (float32) 33.75761,
    (float32) 33.7538,
    (float32) 33.74469,
    (float32) 33.737587,
    (float32) 33.73859,
    (float32) 33.7375,
    (float32) 33.7366,
    (float32) 33.73751,
    (float32) 33.74861,
    (float32) 33.79401,
    (float32) 33.812313,
    (float32) 33.7991,
    (float32) 33.81261,
    (float32) 9.96921e+36,
    (float32) 33.554512,
    (float32) 33.573387,
    (float32) 33.58631,
    (float32) 33.60081,
    (float32) 33.61541,
    (float32) 33.630512,
    (float32) 33.64551,
    (float32) 33.6565,
    (float32) 33.66139,
    (float32) 33.658913,
    (float32) 33.64819,
    (float32) 33.632088,
    (float32) 33.613388,
    (float32) 33.5953,
    (float32) 33.57869,
    (float32) 33.56329,
    (float32) 33.54339,
    (float32) 33.520912,
    (float32) 33.494488,
    (float32) 33.46409,
    (float32) 33.43401,
    (float32) 33.40799,
    (float32) 33.38761,
    (float32) 33.373512,
    (float32) 33.363888,
    (float32) 33.354813,
    (float32) 33.3421,
    (float32) 33.3439,
    (float32) 33.3556,
    (float32) 33.3678,
    (float32) 33.36749,
    (float32) 33.3813,
    (float32) 33.36011,
    (float32) 33.338013,
    (float32) 33.3361,
    (float32) 33.3062,
    (float32) 33.316288,
    (float32) 33.34071,
    (float32) 33.37449,
    (float32) 33.40289,
    (float32) 33.447388,
    (float32) 33.486088,
    (float32) 33.51059,
    (float32) 33.524387,
    (float32) 33.52659,
    (float32) 9.96921e+36,
    (float32) 9.96921e+36,
    (float32) 33.60471,
    (float32) 9.96921e+36,
    (float32) 33.407112,
    (float32) 33.425713,
    (float32) 33.4933,
    (float32) 33.54839,
    (float32) 33.602787,
    (float32) 33.64249,
    (float32) 33.668213,
    (float32) 33.67931,
    (float32) 9.96921e+36,
    (float32) 9.96921e+36,
    (float32) 33.723988,
    (float32) 33.7792,
    (float32) 33.854313,
    (float32) 33.86901,
    (float32) 33.854412,
    (float32) 33.83231,
    (float32) 33.81289,
    (float32) 33.792713,
    (float32) 33.76589,
    (float32) 33.71331,
    (float32) 33.676613,
    (float32) 33.6779,
    (float32) 33.70911,
    (float32) 33.75169,
    (float32) 33.778,
    (float32) 33.8031,
    (float32) 33.81481,
    (float32) 33.802387,
    (float32) 33.77369,
    (float32) 33.7462,
    (float32) 33.744987,
    (float32) 33.730312,
    (float32) 33.731888,
    (float32) 33.727787,
    (float32) 33.72571,
    (float32) 33.72951,
    (float32) 33.72339,
    (float32) 33.737488,
    (float32) 33.78549,
    (float32) 33.78551,
    (float32) 33.77429,
    (float32) 33.761787,
    (float32) 33.7569,
    (float32) 33.762287,
    (float32) 33.74911,
    (float32) 33.72111,
    (float32) 33.676613,
    (float32) 33.6258,
    (float32) 33.57601,
    (float32) 33.536087,
    (float32) 33.51539,
    (float32) 33.516113,
    (float32) 33.52751,
    (float32) 33.54711,
    (float32) 33.5741,
    (float32) 33.60669,
    (float32) 33.6323,
    (float32) 33.668587,
    (float32) 33.70789,
    (float32) 33.734188,
    (float32) 33.7557,
    (float32) 33.77229,
    (float32) 33.78549,
    (float32) 33.795288,
    (float32) 33.80221,
    (float32) 33.80679,
    (float32) 33.80991,
    (float32) 33.812912,
    (float32) 33.81649,
    (float32) 33.820488,
    (float32) 33.82409,
    (float32) 33.82571,
    (float32) 33.825012,
    (float32) 33.82139,
    (float32) 33.81319,
    (float32) 33.804787
   },
   ([]float32) (len=360 cap=360) {
    (float32) 33.82639,
    (float32) 33.819313,
    (float32) 33.81289,
    (float32) 33.8078,
    (float32) 33.806087,
    (float32) 33.80819,
    (float32) 33.812412,
    (float32) 33.81859,
    (float32) 33.826687,
    (float32) 33.83349,
    (float32) 33.83989,
    (float32) 33.843388,
    (float32) 33.8463,
    (float32) 33.848587,
    (float32) 33.8509,
    (float32) 33.85399,
    (float32) 33.8586,
    (float32) 33.865387,
    (float32) 33.8746,
    (float32) 33.88451,
    (float32) 33.89689,
    (float32) 33.905,
    (float32) 33.91449,
    (float32) 33.92099,
    (float32) 33.923687,
    (float32) 33.920113,
    (float32) 33.91141,
    (float32) 33.89851,
    (float32) 33.87989,
    (float32) 33.858788,
    (float32) 33.832287,
    (float32) 33.80761,
    (float32) 33.77979,
    (float32) 33.75511,
    (float32) 33.73369,
    (float32) 33.71171,
    (float32) 33.696613,
    (float32) 33.687313,
    (float32) 33.680813,
    (float32) 33.674812,
    (float32) 33.67351,
    (float32) 33.675087,
    (float32) 33.68341,
    (float32) 33.69149,
    (float32) 33.69989,
    (float32) 33.7103,
    (float32) 33.7134,
    (float32) 33.72289,
    (float32) 33.73489,
    (float32) 33.74361,
    (float32) 33.74961,
    (float32) 33.75381,
    (float32) 33.76239,
    (float32) 33.759613,
    (float32) 33.757412,
    (float32) 33.757313,
    (float32) 33.75651,
    (float32) 33.7597,
    (float32) 33.76491,
    (float32) 33.77421,
    (float32) 33.78641,
    (float32) 33.8007,
    (float32) 33.8155,
    (float32) 33.832012,
    (float32) 33.84791,
    (float32) 33.85681,
    (float32) 33.859688,
    (float32) 33.86061,
    (float32) 33.860813,
    (float32) 33.8618,
    (float32) 33.86441,
    (float32) 33.8677,
    (float32) 33.869312,
    (float32) 33.8697,
    (float32) 33.86801,
    (float32) 33.86571,
    (float32) 33.86049,
    (float32) 33.85259,
    (float32) 33.8444,
    (float32) 33.840088,
    (float32) 33.84029,
    (float32) 33.84469,
    (float32) 33.84049,
    (float32) 33.83881,
    (float32) 33.8341,
    (float32) 33.82811,
    (float32) 33.82341,
    (float32) 33.82089,
    (float32) 33.81771,
    (float32) 33.82179,
    (float32) 33.82421,
    (float32) 33.82699,
    (float32) 33.8293,
    (float32) 33.83059,
    (float32) 33.82779,
    (float32) 33.82549,
    (float32) 33.819588,
    (float32) 33.812912,
    (float32) 33.806988,
    (float32) 33.80399,
    (float32) 33.80549,
    (float32) 33.81081,
    (float32) 33.818687,
    (float32) 33.82671,
    (float32) 33.83209,
    (float32) 33.82649,
    (float32) 33.81491,
    (float32) 33.7976,
    (float32) 33.775913,
    (float32) 33.75151,
    (float32) 33.72699,
    (float32) 33.70499,
    (float32) 33.68611,
    (float32) 33.66881,
    (float32) 33.68671,
    (float32) 33.68329,
    (float32) 9.96921e+36,
    (float32) 9.96921e+36,
    (float32) 9.96921e+36,
    (float32) 9.96921e+36,
    (float32) 9.96921e+36,
    (float32) 9.96921e+36,
    (float32) 9.96921e+36,
    (float32) 33.84721,
    (float32) 33.8341,
    (float32) 33.8895,
    (float32) 33.85881,
    (float32) 33.834312,
    (float32) 33.81809,
    (float32) 33.80599,
    (float32) 33.78919,
    (float32) 33.76199,
    (float32) 33.71931,
    (float32) 33.69069,
    (float32) 33.65961,
    (float32) 33.66259,
    (float32) 33.63269,
    (float32) 33.614388,
    (float32) 33.60981,
    (float32) 33.6082,
    (float32) 33.622,
    (float32) 33.639088,
    (float32) 33.656788,
    (float32) 33.67721,
    (float32) 33.69921,
    (float32) 33.72159,
    (float32) 33.73219,
    (float32) 33.7334,
    (float32) 33.73341,
    (float32) 33.7273,
    (float32) 33.713013,
    (float32) 33.70599,
    (float32) 33.7111,
    (float32) 33.719112,
    (float32) 33.73599,
    (float32) 33.75711,
    (float32) 33.78091,
    (float32) 33.804413,
    (float32) 33.82859,
    (float32) 33.837387,
    (float32) 33.841087,
    (float32) 33.84169,
    (float32) 33.841713,
    (float32) 33.844887,
    (float32) 33.85221,
    (float32) 33.86369,
    (float32) 33.877388,
    (float32) 33.89489,
    (float32) 33.91201,
    (float32) 33.92651,
    (float32) 33.939888,
    (float32) 33.95161,
    (float32) 33.960987,
    (float32) 33.96479,
    (float32) 33.96321,
    (float32) 33.95891,
    (float32) 33.954212,
    (float32) 33.95049,
    (float32) 33.9503,
    (float32) 33.952713,
    (float32) 33.956913,
    (float32) 33.9622,
    (float32) 33.96779,
    (float32) 33.9753,
    (float32) 33.982613,
    (float32) 33.98611,
    (float32) 33.98411,
    (float32) 33.97591,
    (float32) 33.96449,
    (float32) 33.95021,
    (float32) 33.9339,
    (float32) 33.9177,
    (float32) 33.89971,
    (float32) 33.88059,
    (float32) 33.859188,
    (float32) 33.836212,
    (float32) 33.8151,
    (float32) 33.79379,
    (float32) 33.77139,
    (float32) 33.74979,
    (float32) 33.72849,
    (float32) 33.71019,
    (float32) 33.693913,
    (float32) 33.682487,
    (float32) 33.67659,
    (float32) 33.6768,
    (float32) 33.68309,
    (float32) 33.692513,
    (float32) 33.70311,
    (float32) 33.72271,
    (float32) 33.7438,
    (float32) 33.7629,
    (float32) 33.78091,
    (float32) 33.79049,
    (float32) 33.79269,
    (float32) 33.78521,
    (float32) 33.778988,
    (float32) 33.77319,
    (float32) 33.77139,
    (float32) 33.7732,
    (float32) 33.776512,
    (float32) 33.776512,
    (float32) 33.773,
    (float32) 33.7663,
    (float32) 33.761913,
    (float32) 33.75959,
    (float32) 33.758,
    (float32) 33.7582,
    (float32) 33.761913,
    (float32) 33.772587,
    (float32) 33.79269,
    (float32) 33.80411,
    (float32) 33.80309,
    (float32) 33.799313,
    (float32) 33.7604,
    (float32) 33.69461,
    (float32) 33.6811,
    (float32) 33.68051,
    (float32) 33.681713,
    (float32) 33.682713,
    (float32) 33.68309,
    (float32) 33.683212,
    (float32) 33.681587,
    (float32) 33.6771,
    (float32) 33.66991,
    (float32) 33.65799,
    (float32) 33.6428,
    (float32) 33.625412,
    (float32) 33.610012,
    (float32) 33.596912,
    (float32) 33.58529,
    (float32) 33.57291,
    (float32) 33.559887,
    (float32) 33.54519,
    (float32) 33.52901,
    (float32) 33.51259,
    (float32) 33.49781,
    (float32) 33.485813,
    (float32) 33.4771,
    (float32) 33.47109,
    (float32) 33.4666,
    (float32) 33.464012,
    (float32) 33.4663,
    (float32) 33.472187,
    (float32) 33.477413,
    (float32) 33.479187,
    (float32) 33.481712,
    (float32) 33.4753,
    (float32) 33.4687,
    (float32) 33.46819,
    (float32) 33.4638,
    (float32) 33.47099,
    (float32) 33.4851,
    (float32) 33.50259,
    (float32) 33.51981,
    (float32) 33.53701,
    (float32) 33.5522,
    (float32) 33.5605,
    (float32) 33.569813,
    (float32) 33.56631,
    (float32) 33.552387,
    (float32) 33.56669,
    (float32) 33.570312,
    (float32) 33.502888,
    (float32) 33.49741,
    (float32) 33.514587,
    (float32) 33.547688,
    (float32) 33.589813,
    (float32) 33.630413,
    (float32) 33.662613,
    (float32) 33.68861,
    (float32) 33.7143,
    (float32) 33.7542,
    (float32) 33.77409,
    (float32) 33.77421,
    (float32) 33.803387,
    (float32) 33.84231,
    (float32) 33.86099,
    (float32) 33.862587,
    (float32) 33.85231,
    (float32) 33.8391,
    (float32) 33.82511,
    (float32) 33.80869,
    (float32) 33.782,
    (float32) 33.76349,
    (float32) 33.7624,
    (float32) 33.776512,
    (float32) 33.79699,
    (float32) 33.81339,
    (float32) 33.823612,
    (float32) 33.82349,
    (float32) 33.81149,
    (float32) 33.79319,
    (float32) 33.77269,
    (float32) 33.75431,
    (float32) 33.739887,
    (float32) 33.731888,
    (float32) 33.72649,
    (float32) 33.72469,
    (float32) 33.72591,
    (float32) 33.72809,
    (float32) 33.738087,
    (float32) 33.7519,
    (float32) 33.75611,
    (float32) 33.75441,
    (float32) 33.75191,
    (float32) 33.750313,
    (float32) 33.749012,
    (float32) 33.73971,
    (float32) 33.7194,
    (float32) 33.6909,
    (float32) 33.67401,
    (float32) 33.617588,
    (float32) 33.582687,
    (float32) 33.556988,
    (float32) 33.544487,
    (float32) 33.54109,
    (float32) 33.55091,
    (float32) 33.570988,
    (float32) 33.60219,
    (float32) 33.638912,
    (float32) 33.677513,
    (float32) 33.71439,
    (float32) 33.74781,
    (float32) 33.7776,
    (float32) 33.800713,
    (float32) 33.815712,
    (float32) 33.827713,
    (float32) 33.8361,
    (float32) 33.84129,
    (float32) 33.84391,
    (float32) 33.84549,
    (float32) 33.846413,
    (float32) 33.846287,
    (float32) 33.846813,
    (float32) 33.8475,
    (float32) 33.84701,
    (float32) 33.844612,
    (float32) 33.840412,
    (float32) 33.83351
   },
   ([]float32) (len=360 cap=360) {
    (float32) 33.857788,
    (float32) 33.85289,
    (float32) 33.84839,
    (float32) 33.84661,
    (float32) 33.847088,
    (float32) 33.8506,
    (float32) 33.85539,
    (float32) 33.8609,
    (float32) 33.864212,
    (float32) 33.868,
    (float32) 33.870487,
    (float32) 33.8719,
    (float32) 33.87349,
    (float32) 33.87551,
    (float32) 33.878212,
    (float32) 33.882313,
    (float32) 33.88849,
    (float32) 33.89711,
    (float32) 33.908787,
    (float32) 33.923313,
    (float32) 33.937313,
    (float32) 33.95149,
    (float32) 33.964012,
    (float32) 33.97351,
    (float32) 33.97871,
    (float32) 33.97831,
    (float32) 33.97469,
    (float32) 33.964287,
    (float32) 33.94869,
    (float32) 33.92601,
    (float32) 33.9014,
    (float32) 33.8729,
    (float32) 33.8451,
    (float32) 33.818687,
    (float32) 33.79429,
    (float32) 33.77319,
    (float32) 33.75779,
    (float32) 33.7471,
    (float32) 33.7396,
    (float32) 33.734913,
    (float32) 33.733,
    (float32) 33.7348,
    (float32) 33.742912,
    (float32) 33.753113,
    (float32) 33.76289,
    (float32) 33.774612,
    (float32) 33.7845,
    (float32) 33.799088,
    (float32) 33.815487,
    (float32) 33.824413,
    (float32) 33.83099,
    (float32) 33.83529,
    (float32) 33.84329,
    (float32) 33.84001,
    (float32) 33.83619,
    (float32) 33.8358,
    (float32) 33.834488,
    (float32) 33.8369,
    (float32) 33.840588,
    (float32) 33.848,
    (float32) 33.857788,
    (float32) 33.869087,
    (float32) 33.88061,
    (float32) 33.892612,
    (float32) 33.904213,
    (float32) 33.91449,
    (float32) 33.91701,
    (float32) 33.916912,
    (float32) 33.91621,
    (float32) 33.91601,
    (float32) 33.91739,
    (float32) 33.91969,
    (float32) 33.92119,
    (float32) 33.922787,
    (float32) 33.92399,
    (float32) 33.925587,
    (float32) 33.926113,
    (float32) 33.923813,
    (float32) 33.921112,
    (float32) 33.9204,
    (float32) 33.92301,
    (float32) 33.93079,
    (float32) 33.93351,
    (float32) 33.930588,
    (float32) 33.92311,
    (float32) 33.92041,
    (float32) 33.91651,
    (float32) 33.9135,
    (float32) 33.912113,
    (float32) 33.910812,
    (float32) 33.9127,
    (float32) 33.91129,
    (float32) 33.9099,
    (float32) 33.9063,
    (float32) 33.90069,
    (float32) 33.9024,
    (float32) 33.8912,
    (float32) 33.881413,
    (float32) 33.868988,
    (float32) 33.87001,
    (float32) 33.87159,
    (float32) 33.87489,
    (float32) 33.8803,
    (float32) 33.884487,
    (float32) 33.88649,
    (float32) 33.88301,
    (float32) 33.87129,
    (float32) 33.854187,
    (float32) 33.833187,
    (float32) 33.809887,
    (float32) 33.786,
    (float32) 33.763687,
    (float32) 33.74519,
    (float32) 33.73331,
    (float32) 33.7368,
    (float32) 33.7501,
    (float32) 33.79681,
    (float32) 33.847,
    (float32) 33.90621,
    (float32) 33.973087,
    (float32) 9.96921e+36,
    (float32) 9.96921e+36,
    (float32) 9.96921e+36,
    (float32) 9.96921e+36,
    (float32) 9.96921e+36,
    (float32) 34.17871,
    (float32) 34.015312,
    (float32) 33.9498,
    (float32) 33.91611,
    (float32) 33.888012,
    (float32) 33.85659,
    (float32) 33.8139,
    (float32) 33.766113,
    (float32) 33.71439,
    (float32) 33.674988,
    (float32) 33.64561,
    (float32) 33.6145,
    (float32) 33.584,
    (float32) 33.57129,
    (float32) 33.56599,
    (float32) 33.57629,
    (float32) 33.58479,
    (float32) 33.60181,
    (float32) 33.62641,
    (float32) 33.645187,
    (float32) 33.66651,
    (float32) 33.6766,
    (float32) 33.67451,
    (float32) 33.66839,
    (float32) 33.663513,
    (float32) 33.6738,
    (float32) 33.65311,
    (float32) 33.6579,
    (float32) 33.671688,
    (float32) 33.6983,
    (float32) 33.73069,
    (float32) 33.7651,
    (float32) 33.79849,
    (float32) 33.824787,
    (float32) 33.84519,
    (float32) 33.861588,
    (float32) 33.8601,
    (float32) 33.860287,
    (float32) 33.86009,
    (float32) 33.864388,
    (float32) 33.87361,
    (float32) 33.886612,
    (float32) 33.901012,
    (float32) 33.91381,
    (float32) 33.924488,
    (float32) 33.93541,
    (float32) 33.94421,
    (float32) 33.94939,
    (float32) 33.94841,
    (float32) 33.943188,
    (float32) 33.93621,
    (float32) 33.9305,
    (float32) 33.92701,
    (float32) 33.92719,
    (float32) 33.93011,
    (float32) 33.936012,
    (float32) 33.943287,
    (float32) 33.95079,
    (float32) 33.959812,
    (float32) 33.9661,
    (float32) 33.968388,
    (float32) 33.96751,
    (float32) 33.96011,
    (float32) 33.94909,
    (float32) 33.9372,
    (float32) 33.9231,
    (float32) 33.908787,
    (float32) 33.891888,
    (float32) 33.873413,
    (float32) 33.853012,
    (float32) 33.83049,
    (float32) 33.8063,
    (float32) 33.784687,
    (float32) 33.764587,
    (float32) 33.7467,
    (float32) 33.728188,
    (float32) 33.71311,
    (float32) 33.7012,
    (float32) 33.6932,
    (float32) 33.6861,
    (float32) 33.69421,
    (float32) 33.702312,
    (float32) 33.709812,
    (float32) 33.698612,
    (float32) 33.73159,
    (float32) 33.744213,
    (float32) 33.755188,
    (float32) 33.76321,
    (float32) 33.775112,
    (float32) 33.77989,
    (float32) 33.7815,
    (float32) 33.77799,
    (float32) 33.7771,
    (float32) 33.778587,
    (float32) 33.78059,
    (float32) 33.78159,
    (float32) 33.781513,
    (float32) 33.77771,
    (float32) 33.77261,
    (float32) 33.767212,
    (float32) 33.764812,
    (float32) 33.76439,
    (float32) 33.76619,
    (float32) 33.77071,
    (float32) 33.78009,
    (float32) 33.79379,
    (float32) 33.805912,
    (float32) 33.810913,
    (float32) 33.81061,
    (float32) 33.79661,
    (float32) 33.773987,
    (float32) 33.76181,
    (float32) 33.75611,
    (float32) 33.750412,
    (float32) 33.742413,
    (float32) 33.733013,
    (float32) 33.72339,
    (float32) 33.7121,
    (float32) 33.70099,
    (float32) 33.6889,
    (float32) 33.67609,
    (float32) 33.6599,
    (float32) 33.64359,
    (float32) 33.62971,
    (float32) 33.62041,
    (float32) 33.61451,
    (float32) 33.609787,
    (float32) 33.606087,
    (float32) 33.60249,
    (float32) 33.59839,
    (float32) 33.594013,
    (float32) 33.589813,
    (float32) 33.586113,
    (float32) 33.582912,
    (float32) 33.58059,
    (float32) 33.57879,
    (float32) 33.57779,
    (float32) 33.577812,
    (float32) 33.57919,
    (float32) 33.57999,
    (float32) 33.581,
    (float32) 33.582813,
    (float32) 33.58439,
    (float32) 33.587788,
    (float32) 33.59511,
    (float32) 33.60211,
    (float32) 33.61049,
    (float32) 33.61901,
    (float32) 33.62601,
    (float32) 33.63009,
    (float32) 33.6329,
    (float32) 33.6367,
    (float32) 33.632412,
    (float32) 33.62899,
    (float32) 33.6221,
    (float32) 33.61289,
    (float32) 33.61239,
    (float32) 33.60611,
    (float32) 33.58559,
    (float32) 33.580887,
    (float32) 33.589912,
    (float32) 33.61049,
    (float32) 33.63789,
    (float32) 33.669388,
    (float32) 33.6941,
    (float32) 33.716213,
    (float32) 33.738613,
    (float32) 33.762787,
    (float32) 33.781113,
    (float32) 33.7945,
    (float32) 33.8151,
    (float32) 33.8393,
    (float32) 33.85629,
    (float32) 33.86401,
    (float32) 33.86481,
    (float32) 33.86101,
    (float32) 33.8533,
    (float32) 33.842087,
    (float32) 33.829113,
    (float32) 33.82019,
    (float32) 33.81901,
    (float32) 33.824512,
    (float32) 33.83351,
    (float32) 33.8401,
    (float32) 33.84101,
    (float32) 33.83411,
    (float32) 33.81949,
    (float32) 33.800488,
    (float32) 33.78019,
    (float32) 33.761913,
    (float32) 33.74629,
    (float32) 33.73599,
    (float32) 33.73011,
    (float32) 33.7283,
    (float32) 33.72839,
    (float32) 33.729813,
    (float32) 33.734913,
    (float32) 33.7427,
    (float32) 33.749813,
    (float32) 33.754787,
    (float32) 33.758488,
    (float32) 33.761288,
    (float32) 33.762287,
    (float32) 33.75661,
    (float32) 33.742912,
    (float32) 33.72011,
    (float32) 33.69099,
    (float32) 33.65861,
    (float32) 33.629513,
    (float32) 33.60719,
    (float32) 33.59329,
    (float32) 33.5895,
    (float32) 33.59959,
    (float32) 33.61581,
    (float32) 33.64461,
    (float32) 33.679413,
    (float32) 33.71591,
    (float32) 33.75001,
    (float32) 33.783012,
    (float32) 33.810513,
    (float32) 33.836887,
    (float32) 33.855312,
    (float32) 33.86581,
    (float32) 33.87311,
    (float32) 33.87731,
    (float32) 33.87869,
    (float32) 33.878387,
    (float32) 33.876812,
    (float32) 33.87501,
    (float32) 33.87321,
    (float32) 33.871887,
    (float32) 33.87069,
    (float32) 33.86911,
    (float32) 33.8665,
    (float32) 33.863087
   },
   ([]float32) (len=360 cap=360) {
    (float32) 33.88609,
    (float32) 33.88311,
    (float32) 33.880913,
    (float32) 33.880413,
    (float32) 33.8822,
    (float32) 33.88509,
    (float32) 33.887913,
    (float32) 33.89001,
    (float32) 33.890587,
    (float32) 33.89061,
    (float32) 33.8897,
    (float32) 33.8888,
    (float32) 33.88829,
    (float32) 33.889,
    (float32) 33.8908,
    (float32) 33.89411,
    (float32) 33.8999,
    (float32) 33.9091,
    (float32) 33.922,
    (float32) 33.937412,
    (float32) 33.953987,
    (float32) 33.9702,
    (float32) 33.98471,
    (float32) 33.996487,
    (float32) 34.0041,
    (float32) 34.0088,
    (float32) 34.00919,
    (float32) 34.00549,
    (float32) 33.99591,
    (float32) 33.98011,
    (float32) 33.95951,
    (float32) 33.935112,
    (float32) 33.91061,
    (float32) 33.8904,
    (float32) 33.869587,
    (float32) 33.8443,
    (float32) 33.8309,
    (float32) 33.8226,
    (float32) 33.817287,
    (float32) 33.8111,
    (float32) 33.80841,
    (float32) 33.8093,
    (float32) 33.8162,
    (float32) 33.82611,
    (float32) 33.8359,
    (float32) 33.84381,
    (float32) 33.85921,
    (float32) 33.8764,
    (float32) 33.887512,
    (float32) 33.89929,
    (float32) 33.90601,
    (float32) 33.9089,
    (float32) 33.907913,
    (float32) 33.904713,
    (float32) 33.9013,
    (float32) 33.899887,
    (float32) 33.899612,
    (float32) 33.899113,
    (float32) 33.90159,
    (float32) 33.90581,
    (float32) 33.91169,
    (float32) 33.91959,
    (float32) 33.92809,
    (float32) 33.937813,
    (float32) 33.94849,
    (float32) 33.95549,
    (float32) 33.96011,
    (float32) 33.9606,
    (float32) 33.95939,
    (float32) 33.9584,
    (float32) 33.9578,
    (float32) 33.95919,
    (float32) 33.9602,
    (float32) 33.96191,
    (float32) 33.96431,
    (float32) 33.96819,
    (float32) 33.97201,
    (float32) 33.97379,
    (float32) 33.97391,
    (float32) 33.97739,
    (float32) 33.98231,
    (float32) 33.98509,
    (float32) 33.9903,
    (float32) 33.99209,
    (float32) 33.99159,
    (float32) 33.9887,
    (float32) 33.98531,
    (float32) 33.98241,
    (float32) 33.98079,
    (float32) 33.980988,
    (float32) 33.979187,
    (float32) 33.97749,
    (float32) 33.9738,
    (float32) 33.970913,
    (float32) 33.97109,
    (float32) 33.96589,
    (float32) 33.95889,
    (float32) 33.94669,
    (float32) 33.940388,
    (float32) 33.93739,
    (float32) 33.938812,
    (float32) 33.94231,
    (float32) 33.94701,
    (float32) 33.94831,
    (float32) 33.94619,
    (float32) 33.93609,
    (float32) 33.92091,
    (float32) 33.902912,
    (float32) 33.88121,
    (float32) 33.85679,
    (float32) 33.83211,
    (float32) 33.809288,
    (float32) 33.7903,
    (float32) 33.77771,
    (float32) 33.775112,
    (float32) 33.783512,
    (float32) 33.80781,
    (float32) 33.84119,
    (float32) 33.884712,
    (float32) 9.96921e+36,
    (float32) 9.96921e+36,
    (float32) 9.96921e+36,
    (float32) 34.266888,
    (float32) 34.29829,
    (float32) 34.278187,
    (float32) 34.156113,
    (float32) 34.0664,
    (float32) 34.0162,
    (float32) 33.98399,
    (float32) 33.95359,
    (float32) 33.91699,
    (float32) 33.86979,
    (float32) 33.81591,
    (float32) 33.76019,
    (float32) 33.70789,
    (float32) 33.66191,
    (float32) 33.62611,
    (float32) 33.5962,
    (float32) 33.5726,
    (float32) 33.562588,
    (float32) 33.56201,
    (float32) 33.569313,
    (float32) 33.58251,
    (float32) 33.602913,
    (float32) 33.62589,
    (float32) 33.64411,
    (float32) 33.64921,
    (float32) 33.64959,
    (float32) 33.64271,
    (float32) 33.63549,
    (float32) 33.625587,
    (float32) 33.620888,
    (float32) 33.6242,
    (float32) 33.64029,
    (float32) 33.668488,
    (float32) 33.7041,
    (float32) 33.74239,
    (float32) 33.7793,
    (float32) 33.811512,
    (float32) 33.83691,
    (float32) 33.86121,
    (float32) 33.85519,
    (float32) 33.858612,
    (float32) 33.85949,
    (float32) 33.86191,
    (float32) 33.8696,
    (float32) 33.87729,
    (float32) 33.889412,
    (float32) 33.9018,
    (float32) 33.914387,
    (float32) 33.92479,
    (float32) 33.93089,
    (float32) 33.93281,
    (float32) 33.93061,
    (float32) 33.92519,
    (float32) 33.9192,
    (float32) 33.9143,
    (float32) 33.91111,
    (float32) 33.911488,
    (float32) 33.91469,
    (float32) 33.9205,
    (float32) 33.926888,
    (float32) 33.93279,
    (float32) 33.93919,
    (float32) 33.9448,
    (float32) 33.94669,
    (float32) 33.943287,
    (float32) 33.935287,
    (float32) 33.92361,
    (float32) 33.91139,
    (float32) 33.898987,
    (float32) 33.88549,
    (float32) 33.870712,
    (float32) 33.853188,
    (float32) 33.83371,
    (float32) 33.81071,
    (float32) 33.7866,
    (float32) 33.76271,
    (float32) 33.741287,
    (float32) 33.72301,
    (float32) 33.70789,
    (float32) 33.696087,
    (float32) 33.686787,
    (float32) 33.6828,
    (float32) 33.68281,
    (float32) 33.6851,
    (float32) 33.689087,
    (float32) 33.7115,
    (float32) 33.7025,
    (float32) 33.73091,
    (float32) 33.7382,
    (float32) 33.74669,
    (float32) 33.75201,
    (float32) 33.7581,
    (float32) 33.7619,
    (float32) 33.768612,
    (float32) 33.77061,
    (float32) 33.771,
    (float32) 33.7729,
    (float32) 33.77391,
    (float32) 33.77531,
    (float32) 33.7738,
    (float32) 33.7704,
    (float32) 33.76881,
    (float32) 33.76501,
    (float32) 33.762512,
    (float32) 33.761913,
    (float32) 33.76519,
    (float32) 33.77089,
    (float32) 33.78051,
    (float32) 33.792988,
    (float32) 33.8081,
    (float32) 33.82141,
    (float32) 33.82489,
    (float32) 33.8219,
    (float32) 33.81749,
    (float32) 33.81599,
    (float32) 33.80601,
    (float32) 33.7999,
    (float32) 33.787987,
    (float32) 33.77329,
    (float32) 33.75749,
    (float32) 33.7412,
    (float32) 33.726513,
    (float32) 33.71101,
    (float32) 33.696213,
    (float32) 33.67989,
    (float32) 33.66509,
    (float32) 33.65299,
    (float32) 33.64639,
    (float32) 33.64561,
    (float32) 33.647488,
    (float32) 33.65181,
    (float32) 33.65759,
    (float32) 33.66369,
    (float32) 33.66969,
    (float32) 33.67491,
    (float32) 33.679012,
    (float32) 33.68151,
    (float32) 33.682487,
    (float32) 33.681713,
    (float32) 33.6793,
    (float32) 33.67579,
    (float32) 33.67281,
    (float32) 33.67031,
    (float32) 33.67001,
    (float32) 33.67299,
    (float32) 33.67939,
    (float32) 33.691387,
    (float32) 33.70541,
    (float32) 33.7188,
    (float32) 33.72849,
    (float32) 33.73399,
    (float32) 33.7347,
    (float32) 33.732113,
    (float32) 33.725388,
    (float32) 33.71891,
    (float32) 33.71129,
    (float32) 33.70341,
    (float32) 33.694088,
    (float32) 33.68279,
    (float32) 33.673412,
    (float32) 33.666412,
    (float32) 33.66251,
    (float32) 33.661488,
    (float32) 33.66629,
    (float32) 33.682587,
    (float32) 33.6981,
    (float32) 33.71801,
    (float32) 33.734688,
    (float32) 33.75069,
    (float32) 33.765987,
    (float32) 33.780888,
    (float32) 33.79369,
    (float32) 33.805313,
    (float32) 33.82069,
    (float32) 33.837288,
    (float32) 33.85041,
    (float32) 33.859188,
    (float32) 33.86381,
    (float32) 33.865,
    (float32) 33.86311,
    (float32) 33.85891,
    (float32) 33.853912,
    (float32) 33.85091,
    (float32) 33.84959,
    (float32) 33.85141,
    (float32) 33.853188,
    (float32) 33.8537,
    (float32) 33.84931,
    (float32) 33.839687,
    (float32) 33.824013,
    (float32) 33.80539,
    (float32) 33.785587,
    (float32) 33.768913,
    (float32) 33.755512,
    (float32) 33.74671,
    (float32) 33.74159,
    (float32) 33.73881,
    (float32) 33.7383,
    (float32) 33.74049,
    (float32) 33.745213,
    (float32) 33.75179,
    (float32) 33.759388,
    (float32) 33.768387,
    (float32) 33.777412,
    (float32) 33.784912,
    (float32) 33.789112,
    (float32) 33.786488,
    (float32) 33.77699,
    (float32) 33.75931,
    (float32) 33.736588,
    (float32) 33.71079,
    (float32) 33.688087,
    (float32) 33.66869,
    (float32) 33.6598,
    (float32) 33.657112,
    (float32) 33.66469,
    (float32) 33.6764,
    (float32) 33.701813,
    (float32) 33.73159,
    (float32) 33.7619,
    (float32) 33.7916,
    (float32) 33.8212,
    (float32) 33.84371,
    (float32) 33.865387,
    (float32) 33.88211,
    (float32) 33.89549,
    (float32) 33.902187,
    (float32) 33.905613,
    (float32) 33.90649,
    (float32) 33.905113,
    (float32) 33.902313,
    (float32) 33.89901,
    (float32) 33.89601,
    (float32) 33.89249,
    (float32) 33.892612,
    (float32) 33.89181,
    (float32) 33.890587,
    (float32) 33.888588
   },
   ([]float32) (len=360 cap=360) {
    (float32) 33.912113,
    (float32) 33.9109,
    (float32) 33.91011,
    (float32) 33.90989,
    (float32) 33.91111,
    (float32) 33.912388,
    (float32) 33.91291,
    (float32) 33.911312,
    (float32) 33.90949,
    (float32) 33.90621,
    (float32) 33.90239,
    (float32) 33.89931,
    (float32) 33.89649,
    (float32) 33.89509,
    (float32) 33.89499,
    (float32) 33.896313,
    (float32) 33.900387,
    (float32) 33.907787,
    (float32) 33.918888,
    (float32) 33.93291,
    (float32) 33.948612,
    (float32) 33.9645,
    (float32) 33.979187,
    (float32) 33.99149,
    (float32) 34.002,
    (float32) 34.01149,
    (float32) 34.01651,
    (float32) 34.01921,
    (float32) 34.017387,
    (float32) 34.008488,
    (float32) 33.994488,
    (float32) 33.9781,
    (float32) 33.96129,
    (float32) 33.943512,
    (float32) 33.92821,
    (float32) 33.916588,
    (float32) 33.90849,
    (float32) 33.9065,
    (float32) 33.903313,
    (float32) 33.892,
    (float32) 33.8873,
    (float32) 33.887688,
    (float32) 33.888412,
    (float32) 33.89341,
    (float32) 33.89909,
    (float32) 33.90721,
    (float32) 33.9176,
    (float32) 33.92931,
    (float32) 33.9407,
    (float32) 33.9507,
    (float32) 33.95759,
    (float32) 33.96039,
    (float32) 33.95911,
    (float32) 33.95521,
    (float32) 33.950188,
    (float32) 33.94471,
    (float32) 33.94191,
    (float32) 33.94059,
    (float32) 33.942413,
    (float32) 33.94439,
    (float32) 33.94751,
    (float32) 33.953,
    (float32) 33.96019,
    (float32) 33.971813,
    (float32) 33.97901,
    (float32) 33.984688,
    (float32) 33.9881,
    (float32) 33.988888,
    (float32) 33.98811,
    (float32) 33.98701,
    (float32) 33.985813,
    (float32) 33.988087,
    (float32) 33.988888,
    (float32) 33.990288,
    (float32) 33.994713,
    (float32) 33.9994,
    (float32) 34.005013,
    (float32) 34.010513,
    (float32) 34.0142,
    (float32) 34.0169,
    (float32) 34.0231,
    (float32) 34.029087,
    (float32) 34.0357,
    (float32) 34.03651,
    (float32) 34.037987,
    (float32) 34.03709,
    (float32) 34.03439,
    (float32) 34.03199,
    (float32) 34.03261,
    (float32) 34.03041,
    (float32) 34.028812,
    (float32) 34.022987,
    (float32) 34.019787,
    (float32) 34.01759,
    (float32) 34.0198,
    (float32) 34.01489,
    (float32) 34.009,
    (float32) 34.002888,
    (float32) 34.00001,
    (float32) 34.0007,
    (float32) 34.004,
    (float32) 34.006413,
    (float32) 34.0094,
    (float32) 34.00721,
    (float32) 34.000587,
    (float32) 33.98881,
    (float32) 33.96999,
    (float32) 33.9495,
    (float32) 33.92609,
    (float32) 33.900387,
    (float32) 33.87299,
    (float32) 33.848812,
    (float32) 33.82841,
    (float32) 33.813213,
    (float32) 33.80501,
    (float32) 33.80529,
    (float32) 33.81479,
    (float32) 33.82991,
    (float32) 33.84399,
    (float32) 33.83329,
    (float32) 33.8751,
    (float32) 33.951588,
    (float32) 34.0726,
    (float32) 34.12,
    (float32) 34.12371,
    (float32) 34.088013,
    (float32) 34.05389,
    (float32) 34.03059,
    (float32) 34.01189,
    (float32) 33.989487,
    (float32) 33.95811,
    (float32) 33.91671,
    (float32) 33.86779,
    (float32) 33.81551,
    (float32) 33.764412,
    (float32) 33.71829,
    (float32) 33.67949,
    (float32) 33.64901,
    (float32) 33.627113,
    (float32) 33.61301,
    (float32) 33.604412,
    (float32) 33.605812,
    (float32) 33.61391,
    (float32) 33.62781,
    (float32) 33.64761,
    (float32) 33.661312,
    (float32) 33.664513,
    (float32) 33.661713,
    (float32) 33.65389,
    (float32) 33.649513,
    (float32) 33.632988,
    (float32) 33.62511,
    (float32) 33.626587,
    (float32) 33.63641,
    (float32) 33.65741,
    (float32) 33.687187,
    (float32) 33.71991,
    (float32) 33.7527,
    (float32) 33.7854,
    (float32) 33.808487,
    (float32) 33.8382,
    (float32) 33.836113,
    (float32) 33.83119,
    (float32) 33.83159,
    (float32) 33.83469,
    (float32) 33.84079,
    (float32) 33.850212,
    (float32) 33.862587,
    (float32) 33.87511,
    (float32) 33.887787,
    (float32) 33.90041,
    (float32) 33.908012,
    (float32) 33.912212,
    (float32) 33.9101,
    (float32) 33.908913,
    (float32) 33.907112,
    (float32) 33.90559,
    (float32) 33.9055,
    (float32) 33.906788,
    (float32) 33.910187,
    (float32) 33.91449,
    (float32) 33.91931,
    (float32) 33.9233,
    (float32) 33.926487,
    (float32) 33.9282,
    (float32) 33.9266,
    (float32) 33.92159,
    (float32) 33.91169,
    (float32) 33.899788,
    (float32) 33.8853,
    (float32) 33.87271,
    (float32) 33.85909,
    (float32) 33.84539,
    (float32) 33.8296,
    (float32) 33.8115,
    (float32) 33.79059,
    (float32) 33.767113,
    (float32) 33.74339,
    (float32) 33.7206,
    (float32) 33.700287,
    (float32) 33.68469,
    (float32) 33.6726,
    (float32) 33.665512,
    (float32) 33.66509,
    (float32) 33.671688,
    (float32) 33.68519,
    (float32) 33.69561,
    (float32) 33.71451,
    (float32) 33.7121,
    (float32) 33.73449,
    (float32) 33.7413,
    (float32) 33.73691,
    (float32) 33.74349,
    (float32) 33.750313,
    (float32) 33.7544,
    (float32) 33.75941,
    (float32) 33.75851,
    (float32) 33.7612,
    (float32) 33.76181,
    (float32) 33.762787,
    (float32) 33.76451,
    (float32) 33.76641,
    (float32) 33.7655,
    (float32) 33.763412,
    (float32) 33.7613,
    (float32) 33.7635,
    (float32) 33.76519,
    (float32) 33.769,
    (float32) 33.77609,
    (float32) 33.78499,
    (float32) 33.79221,
    (float32) 33.797188,
    (float32) 33.80319,
    (float32) 33.80859,
    (float32) 33.834713,
    (float32) 33.836887,
    (float32) 33.83671,
    (float32) 33.83619,
    (float32) 33.82789,
    (float32) 33.818287,
    (float32) 33.803013,
    (float32) 33.78589,
    (float32) 33.76701,
    (float32) 33.7495,
    (float32) 33.733387,
    (float32) 33.71949,
    (float32) 33.70319,
    (float32) 33.68951,
    (float32) 33.67849,
    (float32) 33.675,
    (float32) 33.677113,
    (float32) 33.683388,
    (float32) 33.69309,
    (float32) 33.705387,
    (float32) 33.71919,
    (float32) 33.733612,
    (float32) 33.74699,
    (float32) 33.7585,
    (float32) 33.76701,
    (float32) 33.77129,
    (float32) 33.77101,
    (float32) 33.766888,
    (float32) 33.76059,
    (float32) 33.75419,
    (float32) 33.74931,
    (float32) 33.748188,
    (float32) 33.7517,
    (float32) 33.76059,
    (float32) 33.7744,
    (float32) 33.7891,
    (float32) 33.8022,
    (float32) 33.81261,
    (float32) 33.81621,
    (float32) 33.81529,
    (float32) 33.80959,
    (float32) 33.8026,
    (float32) 33.79339,
    (float32) 33.785812,
    (float32) 33.77521,
    (float32) 33.761112,
    (float32) 33.750713,
    (float32) 33.740288,
    (float32) 33.7375,
    (float32) 33.738388,
    (float32) 33.741413,
    (float32) 33.74279,
    (float32) 33.75051,
    (float32) 33.75891,
    (float32) 33.770687,
    (float32) 33.779987,
    (float32) 33.788788,
    (float32) 33.797012,
    (float32) 33.8048,
    (float32) 33.8114,
    (float32) 33.818287,
    (float32) 33.8273,
    (float32) 33.837288,
    (float32) 33.84651,
    (float32) 33.85421,
    (float32) 33.8597,
    (float32) 33.86279,
    (float32) 33.8639,
    (float32) 33.863712,
    (float32) 33.8632,
    (float32) 33.85899,
    (float32) 33.8576,
    (float32) 33.861988,
    (float32) 33.859913,
    (float32) 33.85629,
    (float32) 33.8508,
    (float32) 33.840088,
    (float32) 33.82539,
    (float32) 33.80841,
    (float32) 33.79211,
    (float32) 33.77869,
    (float32) 33.76869,
    (float32) 33.76211,
    (float32) 33.758087,
    (float32) 33.756413,
    (float32) 33.756912,
    (float32) 33.75931,
    (float32) 33.763187,
    (float32) 33.76889,
    (float32) 33.77701,
    (float32) 33.78809,
    (float32) 33.799713,
    (float32) 33.810013,
    (float32) 33.815388,
    (float32) 33.8153,
    (float32) 33.809387,
    (float32) 33.79619,
    (float32) 33.778587,
    (float32) 33.75801,
    (float32) 33.741512,
    (float32) 33.72691,
    (float32) 33.71801,
    (float32) 33.71931,
    (float32) 33.7203,
    (float32) 33.73499,
    (float32) 33.755188,
    (float32) 33.77841,
    (float32) 33.80319,
    (float32) 33.82511,
    (float32) 33.8468,
    (float32) 33.86649,
    (float32) 33.88531,
    (float32) 33.906113,
    (float32) 33.91449,
    (float32) 33.92121,
    (float32) 33.925488,
    (float32) 33.92741,
    (float32) 33.92701,
    (float32) 33.924713,
    (float32) 33.9213,
    (float32) 33.917812,
    (float32) 33.91531,
    (float32) 33.914112,
    (float32) 33.91371,
    (float32) 33.913612,
    (float32) 33.9131
   },
   ([]float32) (len=360 cap=360) {
    (float32) 33.93901,
    (float32) 33.9392,
    (float32) 33.93951,
    (float32) 33.939312,
    (float32) 33.938988,
    (float32) 33.93819,
    (float32) 33.93549,
    (float32) 33.930813,
    (float32) 33.9261,
    (float32) 33.92049,
    (float32) 33.91459,
    (float32) 33.90921,
    (float32) 33.90461,
    (float32) 33.90109,
    (float32) 33.898487,
    (float32) 33.89701,
    (float32) 33.8978,
    (float32) 33.901512,
    (float32) 33.90889,
    (float32) 33.919487,
    (float32) 33.93169,
    (float32) 33.94461,
    (float32) 33.9573,
    (float32) 33.96991,
    (float32) 33.981087,
    (float32) 33.992,
    (float32) 34.001488,
    (float32) 34.0101,
    (float32) 34.014587,
    (float32) 34.01511,
    (float32) 34.01099,
    (float32) 34.00469,
    (float32) 33.995487,
    (float32) 33.98599,
    (float32) 33.976788,
    (float32) 33.96841,
    (float32) 33.96299,
    (float32) 33.96151,
    (float32) 33.961388,
    (float32) 33.9589,
    (float32) 33.955013,
    (float32) 33.9519,
    (float32) 33.95011,
    (float32) 33.94999,
    (float32) 33.950813,
    (float32) 33.95359,
    (float32) 33.95941,
    (float32) 33.967613,
    (float32) 33.977,
    (float32) 33.98611,
    (float32) 33.99251,
    (float32) 33.995987,
    (float32) 33.99559,
    (float32) 33.9922,
    (float32) 33.9866,
    (float32) 33.979588,
    (float32) 33.97529,
    (float32) 33.971188,
    (float32) 33.969788,
    (float32) 33.9718,
    (float32) 33.97401,
    (float32) 33.977512,
    (float32) 33.9841,
    (float32) 33.99109,
    (float32) 34.00101,
    (float32) 34.00599,
    (float32) 34.00919,
    (float32) 34.00969,
    (float32) 34.008587,
    (float32) 34.009212,
    (float32) 34.00839,
    (float32) 34.00879,
    (float32) 34.0124,
    (float32) 34.01609,
    (float32) 34.022087,
    (float32) 34.027912,
    (float32) 34.03399,
    (float32) 34.04049,
    (float32) 34.046112,
    (float32) 34.0518,
    (float32) 34.05669,
    (float32) 34.059,
    (float32) 34.06889,
    (float32) 34.064888,
    (float32) 34.07661,
    (float32) 34.07589,
    (float32) 34.0738,
    (float32) 34.07309,
    (float32) 34.07181,
    (float32) 34.06721,
    (float32) 34.066387,
    (float32) 34.0633,
    (float32) 34.060513,
    (float32) 34.05791,
    (float32) 34.05891,
    (float32) 34.056713,
    (float32) 34.052887,
    (float32) 34.052113,
    (float32) 34.05259,
    (float32) 34.05549,
    (float32) 34.059,
    (float32) 34.062687,
    (float32) 34.061787,
    (float32) 34.0586,
    (float32) 34.04851,
    (float32) 34.03561,
    (float32) 34.016212,
    (float32) 33.993988,
    (float32) 33.96991,
    (float32) 33.94359,
    (float32) 33.91699,
    (float32) 33.89089,
    (float32) 33.86961,
    (float32) 33.851612,
    (float32) 33.8383,
    (float32) 33.83059,
    (float32) 33.82909,
    (float32) 33.832188,
    (float32) 33.83681,
    (float32) 33.84141,
    (float32) 33.86519,
    (float32) 33.90741,
    (float32) 33.96151,
    (float32) 33.995388,
    (float32) 34.009487,
    (float32) 34.00861,
    (float32) 34.00549,
    (float32) 34.004112,
    (float32) 34.001488,
    (float32) 33.99271,
    (float32) 33.97431,
    (float32) 33.94561,
    (float32) 33.908688,
    (float32) 33.86329,
    (float32) 33.82629,
    (float32) 33.78819,
    (float32) 33.75531,
    (float32) 33.7289,
    (float32) 33.70919,
    (float32) 33.69399,
    (float32) 33.68251,
    (float32) 33.6774,
    (float32) 33.68239,
    (float32) 33.69501,
    (float32) 33.70851,
    (float32) 33.716,
    (float32) 33.71629,
    (float32) 33.708588,
    (float32) 33.699287,
    (float32) 33.69239,
    (float32) 33.67551,
    (float32) 33.6648,
    (float32) 33.65999,
    (float32) 33.66041,
    (float32) 33.6695,
    (float32) 33.6867,
    (float32) 33.70811,
    (float32) 33.7313,
    (float32) 33.7544,
    (float32) 33.76949,
    (float32) 33.79591,
    (float32) 33.7877,
    (float32) 33.792713,
    (float32) 33.79431,
    (float32) 33.79641,
    (float32) 33.80209,
    (float32) 33.80959,
    (float32) 33.82119,
    (float32) 33.83479,
    (float32) 33.84981,
    (float32) 33.86329,
    (float32) 33.87299,
    (float32) 33.88151,
    (float32) 33.88621,
    (float32) 33.89131,
    (float32) 33.89741,
    (float32) 33.90239,
    (float32) 33.90681,
    (float32) 33.91111,
    (float32) 33.91559,
    (float32) 33.9194,
    (float32) 33.922287,
    (float32) 33.92429,
    (float32) 33.924488,
    (float32) 33.92299,
    (float32) 33.918587,
    (float32) 33.91129,
    (float32) 33.898212,
    (float32) 33.8853,
    (float32) 33.870613,
    (float32) 33.85769,
    (float32) 33.84359,
    (float32) 33.830288,
    (float32) 33.815388,
    (float32) 33.80029,
    (float32) 33.78249,
    (float32) 33.761913,
    (float32) 33.73959,
    (float32) 33.71719,
    (float32) 33.69669,
    (float32) 33.67931,
    (float32) 33.66701,
    (float32) 33.66061,
    (float32) 33.66191,
    (float32) 33.67181,
    (float32) 33.68761,
    (float32) 33.707687,
    (float32) 33.7255,
    (float32) 33.73789,
    (float32) 33.7494,
    (float32) 33.7523,
    (float32) 33.75699,
    (float32) 33.757713,
    (float32) 33.75969,
    (float32) 33.76311,
    (float32) 33.76379,
    (float32) 33.763912,
    (float32) 33.763313,
    (float32) 33.762012,
    (float32) 33.7613,
    (float32) 33.762012,
    (float32) 33.763,
    (float32) 33.7666,
    (float32) 33.7695,
    (float32) 33.771313,
    (float32) 33.77409,
    (float32) 33.77761,
    (float32) 33.783913,
    (float32) 33.789913,
    (float32) 33.78129,
    (float32) 33.780987,
    (float32) 33.78381,
    (float32) 33.78819,
    (float32) 33.844,
    (float32) 33.8569,
    (float32) 33.85799,
    (float32) 33.85601,
    (float32) 33.8346,
    (float32) 33.8392,
    (float32) 33.838287,
    (float32) 33.825687,
    (float32) 33.80941,
    (float32) 33.79179,
    (float32) 33.7734,
    (float32) 33.75791,
    (float32) 33.743988,
    (float32) 33.73069,
    (float32) 33.71819,
    (float32) 33.7092,
    (float32) 33.706,
    (float32) 33.709213,
    (float32) 33.717087,
    (float32) 33.72899,
    (float32) 33.745087,
    (float32) 33.7639,
    (float32) 33.78421,
    (float32) 33.8044,
    (float32) 33.82229,
    (float32) 33.835712,
    (float32) 33.843212,
    (float32) 33.844387,
    (float32) 33.84039,
    (float32) 33.83339,
    (float32) 33.82539,
    (float32) 33.81951,
    (float32) 33.81619,
    (float32) 33.820713,
    (float32) 33.82701,
    (float32) 33.8357,
    (float32) 33.84661,
    (float32) 33.85731,
    (float32) 33.86441,
    (float32) 33.865387,
    (float32) 33.86429,
    (float32) 33.8589,
    (float32) 33.851513,
    (float32) 33.842712,
    (float32) 33.834488,
    (float32) 33.82531,
    (float32) 33.814613,
    (float32) 33.80691,
    (float32) 33.80109,
    (float32) 33.801212,
    (float32) 33.80399,
    (float32) 33.80769,
    (float32) 33.811188,
    (float32) 33.81351,
    (float32) 33.817413,
    (float32) 33.81879,
    (float32) 33.8211,
    (float32) 33.825287,
    (float32) 33.82811,
    (float32) 33.8303,
    (float32) 33.832,
    (float32) 33.834587,
    (float32) 33.83871,
    (float32) 33.84421,
    (float32) 33.8501,
    (float32) 33.85539,
    (float32) 33.859512,
    (float32) 33.8623,
    (float32) 33.85909,
    (float32) 33.85729,
    (float32) 33.855812,
    (float32) 33.85529,
    (float32) 33.8538,
    (float32) 33.85231,
    (float32) 33.849487,
    (float32) 33.857613,
    (float32) 33.8508,
    (float32) 33.83949,
    (float32) 33.82729,
    (float32) 33.81351,
    (float32) 33.80069,
    (float32) 33.79049,
    (float32) 33.78451,
    (float32) 33.78091,
    (float32) 33.77671,
    (float32) 33.77639,
    (float32) 33.7771,
    (float32) 33.77951,
    (float32) 33.782013,
    (float32) 33.78601,
    (float32) 33.79341,
    (float32) 33.80359,
    (float32) 33.81619,
    (float32) 33.82521,
    (float32) 33.82999,
    (float32) 33.832188,
    (float32) 33.82859,
    (float32) 33.820988,
    (float32) 33.80641,
    (float32) 33.79341,
    (float32) 33.78119,
    (float32) 33.7733,
    (float32) 33.765087,
    (float32) 33.75611,
    (float32) 33.763588,
    (float32) 33.774887,
    (float32) 33.78891,
    (float32) 33.805313,
    (float32) 33.82321,
    (float32) 33.8412,
    (float32) 33.857887,
    (float32) 33.875988,
    (float32) 33.9063,
    (float32) 33.91651,
    (float32) 33.927387,
    (float32) 33.9374,
    (float32) 33.9454,
    (float32) 33.9505,
    (float32) 33.95239,
    (float32) 33.95129,
    (float32) 33.948112,
    (float32) 33.944187,
    (float32) 33.9408,
    (float32) 33.938812,
    (float32) 33.9381,
    (float32) 33.93819,
    (float32) 33.93861
   },
   ([]float32) (len=360 cap=360) {
    (float32) 33.96919,
    (float32) 33.970688,
    (float32) 33.971687,
    (float32) 33.971287,
    (float32) 33.96759,
    (float32) 33.96399,
    (float32) 33.958687,
    (float32) 33.95229,
    (float32) 33.9442,
    (float32) 33.9369,
    (float32) 33.9307,
    (float32) 33.92271,
    (float32) 33.91689,
    (float32) 33.91129,
    (float32) 33.90609,
    (float32) 33.90159,
    (float32) 33.898487,
    (float32) 33.898613,
    (float32) 33.90199,
    (float32) 33.90759,
    (float32) 33.9148,
    (float32) 33.923412,
    (float32) 33.93269,
    (float32) 33.9428,
    (float32) 33.95311,
    (float32) 33.963913,
    (float32) 33.9759,
    (float32) 33.98689,
    (float32) 33.996487,
    (float32) 34.00399,
    (float32) 34.0089,
    (float32) 34.0113,
    (float32) 34.0101,
    (float32) 34.00869,
    (float32) 34.004913,
    (float32) 34.00201,
    (float32) 34.001213,
    (float32) 34.00141,
    (float32) 34.001087,
    (float32) 33.99809,
    (float32) 33.99489,
    (float32) 33.99131,
    (float32) 33.98881,
    (float32) 33.986,
    (float32) 33.983387,
    (float32) 33.9829,
    (float32) 33.98521,
    (float32) 33.99009,
    (float32) 33.99699,
    (float32) 34.00469,
    (float32) 34.0115,
    (float32) 34.0161,
    (float32) 34.0182,
    (float32) 34.01669,
    (float32) 34.0132,
    (float32) 34.00829,
    (float32) 34.00281,
    (float32) 33.998013,
    (float32) 33.9961,
    (float32) 33.99619,
    (float32) 33.9981,
    (float32) 34.00069,
    (float32) 34.00751,
    (float32) 34.014187,
    (float32) 34.02039,
    (float32) 34.02589,
    (float32) 34.02979,
    (float32) 34.028713,
    (float32) 34.03259,
    (float32) 34.03009,
    (float32) 34.03041,
    (float32) 34.03231,
    (float32) 34.0364,
    (float32) 34.042313,
    (float32) 34.04939,
    (float32) 34.05791,
    (float32) 34.06451,
    (float32) 34.070988,
    (float32) 34.07689,
    (float32) 34.08231,
    (float32) 34.0872,
    (float32) 34.0923,
    (float32) 34.097588,
    (float32) 34.102,
    (float32) 34.101112,
    (float32) 34.10299,
    (float32) 34.10261,
    (float32) 34.101288,
    (float32) 34.10149,
    (float32) 34.0988,
    (float32) 34.096012,
    (float32) 34.09099,
    (float32) 34.090588,
    (float32) 34.08999,
    (float32) 34.08881,
    (float32) 34.088013,
    (float32) 34.09079,
    (float32) 34.09341,
    (float32) 34.0967,
    (float32) 34.10029,
    (float32) 34.10059,
    (float32) 34.10099,
    (float32) 34.09679,
    (float32) 34.0924,
    (float32) 34.08259,
    (float32) 34.06879,
    (float32) 34.04969,
    (float32) 34.029312,
    (float32) 34.007187,
    (float32) 33.98319,
    (float32) 33.9621,
    (float32) 33.939213,
    (float32) 33.91841,
    (float32) 33.898987,
    (float32) 33.88139,
    (float32) 33.867287,
    (float32) 33.85781,
    (float32) 33.852688,
    (float32) 33.849613,
    (float32) 33.84969,
    (float32) 33.85799,
    (float32) 33.87511,
    (float32) 33.897488,
    (float32) 33.91559,
    (float32) 33.927887,
    (float32) 33.936188,
    (float32) 33.94489,
    (float32) 33.95491,
    (float32) 33.964188,
    (float32) 33.96851,
    (float32) 33.96521,
    (float32) 33.95319,
    (float32) 33.933212,
    (float32) 33.90809,
    (float32) 33.880512,
    (float32) 33.84409,
    (float32) 33.82941,
    (float32) 33.803288,
    (float32) 33.791687,
    (float32) 33.777687,
    (float32) 33.768387,
    (float32) 33.762913,
    (float32) 33.76589,
    (float32) 33.77281,
    (float32) 33.7823,
    (float32) 33.78449,
    (float32) 33.78119,
    (float32) 33.773212,
    (float32) 33.76401,
    (float32) 33.75329,
    (float32) 33.73999,
    (float32) 33.72831,
    (float32) 33.717712,
    (float32) 33.710987,
    (float32) 33.708,
    (float32) 33.7107,
    (float32) 33.715187,
    (float32) 33.72271,
    (float32) 33.733788,
    (float32) 33.74339,
    (float32) 33.763912,
    (float32) 33.75941,
    (float32) 33.74971,
    (float32) 33.758312,
    (float32) 33.761787,
    (float32) 33.765,
    (float32) 33.77541,
    (float32) 33.78479,
    (float32) 33.796013,
    (float32) 33.808113,
    (float32) 33.819187,
    (float32) 33.82929,
    (float32) 33.84089,
    (float32) 33.85641,
    (float32) 33.87051,
    (float32) 33.88389,
    (float32) 33.896,
    (float32) 33.90621,
    (float32) 33.91509,
    (float32) 33.921513,
    (float32) 33.92759,
    (float32) 33.931087,
    (float32) 33.9337,
    (float32) 33.932713,
    (float32) 33.9298,
    (float32) 33.92361,
    (float32) 33.91559,
    (float32) 33.903088,
    (float32) 33.8894,
    (float32) 33.87331,
    (float32) 33.86011,
    (float32) 33.84651,
    (float32) 33.83529,
    (float32) 33.822712,
    (float32) 33.811188,
    (float32) 33.798088,
    (float32) 33.7818,
    (float32) 33.76259,
    (float32) 33.74171,
    (float32) 33.72171,
    (float32) 33.703613,
    (float32) 33.6906,
    (float32) 33.68391,
    (float32) 33.685112,
    (float32) 33.69461,
    (float32) 33.71079,
    (float32) 33.731213,
    (float32) 33.75169,
    (float32) 33.76819,
    (float32) 33.7798,
    (float32) 33.78579,
    (float32) 33.78819,
    (float32) 33.789112,
    (float32) 33.78881,
    (float32) 33.787987,
    (float32) 33.7864,
    (float32) 33.783913,
    (float32) 33.77951,
    (float32) 33.774887,
    (float32) 33.76999,
    (float32) 33.77189,
    (float32) 33.7738,
    (float32) 33.7797,
    (float32) 33.788113,
    (float32) 33.79451,
    (float32) 33.80041,
    (float32) 33.807587,
    (float32) 33.81459,
    (float32) 33.81441,
    (float32) 33.81031,
    (float32) 33.8063,
    (float32) 33.80431,
    (float32) 33.791588,
    (float32) 33.79341,
    (float32) 33.798813,
    (float32) 33.80761,
    (float32) 33.8176,
    (float32) 33.829388,
    (float32) 33.83809,
    (float32) 33.842888,
    (float32) 33.84241,
    (float32) 33.834312,
    (float32) 33.8191,
    (float32) 33.80259,
    (float32) 33.78781,
    (float32) 33.7751,
    (float32) 33.76249,
    (float32) 33.751213,
    (float32) 33.7438,
    (float32) 33.74091,
    (float32) 33.74289,
    (float32) 33.74921,
    (float32) 33.761387,
    (float32) 33.776913,
    (float32) 33.797688,
    (float32) 33.82141,
    (float32) 33.845688,
    (float32) 33.867588,
    (float32) 33.884613,
    (float32) 33.896187,
    (float32) 33.9011,
    (float32) 33.89919,
    (float32) 33.8931,
    (float32) 33.885887,
    (float32) 33.88081,
    (float32) 33.87871,
    (float32) 33.878387,
    (float32) 33.8813,
    (float32) 33.883587,
    (float32) 33.8864,
    (float32) 33.88849,
    (float32) 33.8909,
    (float32) 33.88889,
    (float32) 33.886387,
    (float32) 33.879913,
    (float32) 33.87241,
    (float32) 33.864212,
    (float32) 33.85809,
    (float32) 33.85321,
    (float32) 33.84861,
    (float32) 33.84481,
    (float32) 33.8448,
    (float32) 33.848488,
    (float32) 33.852013,
    (float32) 33.855587,
    (float32) 33.858,
    (float32) 33.856987,
    (float32) 33.85589,
    (float32) 33.85421,
    (float32) 33.85461,
    (float32) 33.8556,
    (float32) 33.856,
    (float32) 33.85551,
    (float32) 33.854313,
    (float32) 33.854187,
    (float32) 33.8554,
    (float32) 33.857788,
    (float32) 33.86051,
    (float32) 33.8626,
    (float32) 33.865112,
    (float32) 33.862988,
    (float32) 33.8622,
    (float32) 33.8602,
    (float32) 33.858387,
    (float32) 33.849613,
    (float32) 33.84839,
    (float32) 33.8459,
    (float32) 33.8433,
    (float32) 33.840187,
    (float32) 33.83699,
    (float32) 33.83799,
    (float32) 33.8309,
    (float32) 33.8212,
    (float32) 33.81149,
    (float32) 33.80549,
    (float32) 33.80179,
    (float32) 33.80109,
    (float32) 33.79549,
    (float32) 33.79501,
    (float32) 33.79609,
    (float32) 33.79641,
    (float32) 33.797413,
    (float32) 33.79941,
    (float32) 33.80359,
    (float32) 33.811287,
    (float32) 33.82039,
    (float32) 33.828888,
    (float32) 33.8353,
    (float32) 33.83819,
    (float32) 33.83629,
    (float32) 33.83139,
    (float32) 33.823612,
    (float32) 33.81811,
    (float32) 33.80549,
    (float32) 33.79799,
    (float32) 33.7942,
    (float32) 33.7811,
    (float32) 33.78331,
    (float32) 33.79139,
    (float32) 33.8007,
    (float32) 33.81279,
    (float32) 33.82661,
    (float32) 33.842087,
    (float32) 33.86009,
    (float32) 33.899788,
    (float32) 33.913387,
    (float32) 33.92971,
    (float32) 33.94651,
    (float32) 33.96209,
    (float32) 33.974087,
    (float32) 33.98349,
    (float32) 33.98769,
    (float32) 33.98751,
    (float32) 33.9839,
    (float32) 33.9782,
    (float32) 33.972687,
    (float32) 33.96871,
    (float32) 33.9668,
    (float32) 33.96641,
    (float32) 33.96729
   },
   ([]float32) (len=360 cap=360) {
    (float32) 34.002388,
    (float32) 34.00559,
    (float32) 34.0059,
    (float32) 34.0007,
    (float32) 33.997288,
    (float32) 33.992588,
    (float32) 33.98481,
    (float32) 33.976612,
    (float32) 33.96731,
    (float32) 33.96159,
    (float32) 33.953,
    (float32) 33.944813,
    (float32) 33.937313,
    (float32) 33.929787,
    (float32) 33.92299,
    (float32) 33.91651,
    (float32) 33.90961,
    (float32) 33.90569,
    (float32) 33.904713,
    (float32) 33.90551,
    (float32) 33.90769,
    (float32) 33.91089,
    (float32) 33.9155,
    (float32) 33.921688,
    (float32) 33.92911,
    (float32) 33.93851,
    (float32) 33.949413,
    (float32) 33.96131,
    (float32) 33.973587,
    (float32) 33.98471,
    (float32) 33.99389,
    (float32) 34.001312,
    (float32) 34.00621,
    (float32) 34.00919,
    (float32) 34.010612,
    (float32) 34.01259,
    (float32) 34.015488,
    (float32) 34.018112,
    (float32) 34.01709,
    (float32) 34.015213,
    (float32) 34.0123,
    (float32) 34.009712,
    (float32) 34.00701,
    (float32) 34.003387,
    (float32) 33.99971,
    (float32) 33.99759,
    (float32) 33.997612,
    (float32) 34.000587,
    (float32) 34.00609,
    (float32) 34.01371,
    (float32) 34.0221,
    (float32) 34.02879,
    (float32) 34.032913,
    (float32) 34.034412,
    (float32) 34.033512,
    (float32) 34.03171,
    (float32) 34.027912,
    (float32) 34.02519,
    (float32) 34.023,
    (float32) 34.02211,
    (float32) 34.02279,
    (float32) 34.025013,
    (float32) 34.0288,
    (float32) 34.0338,
    (float32) 34.0394,
    (float32) 34.0451,
    (float32) 34.050213,
    (float32) 34.053787,
    (float32) 34.05599,
    (float32) 34.05481,
    (float32) 34.057087,
    (float32) 34.0612,
    (float32) 34.06901,
    (float32) 34.07599,
    (float32) 34.08411,
    (float32) 34.09089,
    (float32) 34.097187,
    (float32) 34.10259,
    (float32) 34.10709,
    (float32) 34.11099,
    (float32) 34.1147,
    (float32) 34.11811,
    (float32) 34.12151,
    (float32) 34.12439,
    (float32) 34.12629,
    (float32) 34.12661,
    (float32) 34.126213,
    (float32) 34.1252,
    (float32) 34.1239,
    (float32) 34.12389,
    (float32) 34.11969,
    (float32) 34.1174,
    (float32) 34.11659,
    (float32) 34.11799,
    (float32) 34.1186,
    (float32) 34.1194,
    (float32) 34.12169,
    (float32) 34.1254,
    (float32) 34.129288,
    (float32) 34.12849,
    (float32) 34.12719,
    (float32) 34.12199,
    (float32) 34.1131,
    (float32) 34.10541,
    (float32) 34.09379,
    (float32) 34.07881,
    (float32) 34.061012,
    (float32) 34.044212,
    (float32) 34.0282,
    (float32) 34.01311,
    (float32) 34.003113,
    (float32) 33.989487,
    (float32) 33.97271,
    (float32) 33.95319,
    (float32) 33.930412,
    (float32) 33.912388,
    (float32) 33.898888,
    (float32) 33.89001,
    (float32) 33.88311,
    (float32) 33.87759,
    (float32) 33.874813,
    (float32) 33.87551,
    (float32) 33.87859,
    (float32) 33.8818,
    (float32) 33.88469,
    (float32) 33.88839,
    (float32) 33.895687,
    (float32) 33.9066,
    (float32) 33.9199,
    (float32) 33.93169,
    (float32) 33.9391,
    (float32) 33.93161,
    (float32) 33.921787,
    (float32) 33.90839,
    (float32) 33.893112,
    (float32) 33.88529,
    (float32) 33.8714,
    (float32) 33.860012,
    (float32) 33.85131,
    (float32) 33.84331,
    (float32) 33.83679,
    (float32) 33.8337,
    (float32) 33.83861,
    (float32) 33.845287,
    (float32) 33.848713,
    (float32) 33.8479,
    (float32) 33.842888,
    (float32) 33.83939,
    (float32) 33.83451,
    (float32) 33.82919,
    (float32) 33.81739,
    (float32) 33.80639,
    (float32) 33.79319,
    (float32) 33.77839,
    (float32) 33.7657,
    (float32) 33.753788,
    (float32) 33.743088,
    (float32) 33.736588,
    (float32) 33.73159,
    (float32) 33.732113,
    (float32) 33.7317,
    (float32) 33.731213,
    (float32) 33.74379,
    (float32) 33.74519,
    (float32) 33.747612,
    (float32) 33.751087,
    (float32) 33.75509,
    (float32) 33.76031,
    (float32) 33.76591,
    (float32) 33.77149,
    (float32) 33.77851,
    (float32) 33.78931,
    (float32) 33.8019,
    (float32) 33.821,
    (float32) 33.84139,
    (float32) 33.86201,
    (float32) 33.88151,
    (float32) 33.8986,
    (float32) 33.91259,
    (float32) 33.92361,
    (float32) 33.93341,
    (float32) 33.93979,
    (float32) 33.94389,
    (float32) 33.94551,
    (float32) 33.944912,
    (float32) 33.940613,
    (float32) 33.93229,
    (float32) 33.923088,
    (float32) 33.91039,
    (float32) 33.8977,
    (float32) 33.88641,
    (float32) 33.87501,
    (float32) 33.866787,
    (float32) 33.857388,
    (float32) 33.84991,
    (float32) 33.841488,
    (float32) 33.830013,
    (float32) 33.815,
    (float32) 33.79721,
    (float32) 33.77841,
    (float32) 33.760788,
    (float32) 33.74699,
    (float32) 33.73901,
    (float32) 33.7381,
    (float32) 33.744488,
    (float32) 33.758312,
    (float32) 33.777187,
    (float32) 33.79491,
    (float32) 33.81099,
    (float32) 33.82119,
    (float32) 33.82599,
    (float32) 33.82801,
    (float32) 33.82761,
    (float32) 33.8258,
    (float32) 33.82299,
    (float32) 33.8186,
    (float32) 33.812912,
    (float32) 33.805912,
    (float32) 33.79969,
    (float32) 33.7952,
    (float32) 33.7938,
    (float32) 33.7991,
    (float32) 33.80881,
    (float32) 33.8191,
    (float32) 33.829113,
    (float32) 33.838787,
    (float32) 33.8433,
    (float32) 33.8442,
    (float32) 33.85399,
    (float32) 33.84861,
    (float32) 33.84079,
    (float32) 33.83551,
    (float32) 33.85601,
    (float32) 33.81301,
    (float32) 33.816113,
    (float32) 33.824013,
    (float32) 33.83531,
    (float32) 33.847313,
    (float32) 33.8702,
    (float32) 33.874187,
    (float32) 33.86889,
    (float32) 33.8595,
    (float32) 33.8475,
    (float32) 33.83379,
    (float32) 33.82119,
    (float32) 33.8095,
    (float32) 33.79899,
    (float32) 33.7887,
    (float32) 33.78079,
    (float32) 33.775112,
    (float32) 33.7736,
    (float32) 33.77771,
    (float32) 33.786087,
    (float32) 33.79941,
    (float32) 33.816887,
    (float32) 33.840813,
    (float32) 33.86699,
    (float32) 33.892612,
    (float32) 33.914513,
    (float32) 33.92971,
    (float32) 33.937912,
    (float32) 33.939713,
    (float32) 33.9371,
    (float32) 33.931988,
    (float32) 33.926613,
    (float32) 33.92389,
    (float32) 33.92069,
    (float32) 33.91959,
    (float32) 33.9172,
    (float32) 33.91331,
    (float32) 33.910713,
    (float32) 33.904312,
    (float32) 33.89921,
    (float32) 33.88989,
    (float32) 33.882713,
    (float32) 33.87601,
    (float32) 33.87031,
    (float32) 33.86581,
    (float32) 33.86279,
    (float32) 33.86319,
    (float32) 33.86569,
    (float32) 33.871212,
    (float32) 33.87611,
    (float32) 33.88039,
    (float32) 33.88269,
    (float32) 33.88401,
    (float32) 33.8826,
    (float32) 33.879112,
    (float32) 33.87741,
    (float32) 33.875988,
    (float32) 33.87661,
    (float32) 33.8769,
    (float32) 33.87601,
    (float32) 33.87439,
    (float32) 33.87291,
    (float32) 33.87199,
    (float32) 33.8717,
    (float32) 33.872013,
    (float32) 33.8708,
    (float32) 33.86911,
    (float32) 33.866688,
    (float32) 33.8639,
    (float32) 33.8612,
    (float32) 33.8578,
    (float32) 33.8563,
    (float32) 33.8544,
    (float32) 33.852013,
    (float32) 33.84919,
    (float32) 33.84649,
    (float32) 33.84421,
    (float32) 33.85,
    (float32) 33.84021,
    (float32) 33.82711,
    (float32) 33.823288,
    (float32) 33.814888,
    (float32) 33.81239,
    (float32) 33.81099,
    (float32) 33.810287,
    (float32) 33.80919,
    (float32) 33.80949,
    (float32) 33.80751,
    (float32) 33.8066,
    (float32) 33.806713,
    (float32) 33.810688,
    (float32) 33.8129,
    (float32) 33.81979,
    (float32) 33.82851,
    (float32) 33.83259,
    (float32) 33.8368,
    (float32) 33.837788,
    (float32) 33.8378,
    (float32) 33.83091,
    (float32) 33.827488,
    (float32) 33.822887,
    (float32) 33.811012,
    (float32) 33.80029,
    (float32) 33.79531,
    (float32) 33.7946,
    (float32) 33.79631,
    (float32) 33.80129,
    (float32) 33.81059,
    (float32) 33.822613,
    (float32) 33.83999,
    (float32) 33.8882,
    (float32) 33.88871,
    (float32) 33.93121,
    (float32) 33.955612,
    (float32) 33.979588,
    (float32) 34.00049,
    (float32) 34.017113,
    (float32) 34.02799,
    (float32) 34.0325,
    (float32) 34.0322,
    (float32) 34.02649,
    (float32) 34.017612,
    (float32) 34.0097,
    (float32) 34.00329,
    (float32) 33.99939,
    (float32) 33.99849,
    (float32) 33.99961
   },
   ([]float32) (len=360 cap=360) {
    (float32) 34.03921,
    (float32) 34.04139,
    (float32) 34.04289,
    (float32) 34.0413,
    (float32) 34.039787,
    (float32) 34.0336,
    (float32) 34.023712,
    (float32) 34.01421,
    (float32) 34.0034,
    (float32) 33.99211,
    (float32) 33.98219,
    (float32) 33.97339,
    (float32) 33.965187,
    (float32) 33.957287,
    (float32) 33.94919,
    (float32) 33.940887,
    (float32) 33.932587,
    (float32) 33.926113,
    (float32) 33.9209,
    (float32) 33.917088,
    (float32) 33.91481,
    (float32) 33.91309,
    (float32) 33.912712,
    (float32) 33.9143,
    (float32) 33.91789,
    (float32) 33.92389,
    (float32) 33.93239,
    (float32) 33.94331,
    (float32) 33.95571,
    (float32) 33.9679,
    (float32) 33.97849,
    (float32) 33.987213,
    (float32) 33.9944,
    (float32) 33.9993,
    (float32) 34.00391,
    (float32) 34.009113,
    (float32) 34.0149,
    (float32) 34.017513,
    (float32) 34.0186,
    (float32) 34.01821,
    (float32) 34.01659,
    (float32) 34.01491,
    (float32) 34.01131,
    (float32) 34.009487,
    (float32) 34.007187,
    (float32) 34.00621,
    (float32) 34.0066,
    (float32) 34.00991,
    (float32) 34.01601,
    (float32) 34.0253,
    (float32) 34.035587,
    (float32) 34.04429,
    (float32) 34.051212,
    (float32) 34.05529,
    (float32) 34.05719,
    (float32) 34.05751,
    (float32) 34.05651,
    (float32) 34.0549,
    (float32) 34.05269,
    (float32) 34.05129,
    (float32) 34.05101,
    (float32) 34.05231,
    (float32) 34.05529,
    (float32) 34.059288,
    (float32) 34.063713,
    (float32) 34.069687,
    (float32) 34.07579,
    (float32) 34.08159,
    (float32) 34.08469,
    (float32) 34.0872,
    (float32) 34.0906,
    (float32) 34.096012,
    (float32) 34.1013,
    (float32) 34.10909,
    (float32) 34.116787,
    (float32) 34.12431,
    (float32) 34.129387,
    (float32) 34.1329,
    (float32) 34.13541,
    (float32) 34.1359,
    (float32) 34.1374,
    (float32) 34.138412,
    (float32) 34.14011,
    (float32) 34.14169,
    (float32) 34.141113,
    (float32) 34.143288,
    (float32) 34.1432,
    (float32) 34.14269,
    (float32) 34.141613,
    (float32) 34.14051,
    (float32) 34.1389,
    (float32) 34.13781,
    (float32) 34.13749,
    (float32) 34.1383,
    (float32) 34.14001,
    (float32) 34.14041,
    (float32) 34.141987,
    (float32) 34.14381,
    (float32) 34.14431,
    (float32) 34.140987,
    (float32) 34.13429,
    (float32) 34.1233,
    (float32) 34.10881,
    (float32) 34.09499,
    (float32) 34.07679,
    (float32) 34.059887,
    (float32) 34.0431,
    (float32) 34.03269,
    (float32) 34.025013,
    (float32) 34.0242,
    (float32) 34.03489,
    (float32) 34.037487,
    (float32) 34.028088,
    (float32) 34.00751,
    (float32) 33.97579,
    (float32) 33.955013,
    (float32) 33.94171,
    (float32) 33.934288,
    (float32) 33.929512,
    (float32) 33.92479,
    (float32) 33.91891,
    (float32) 33.91189,
    (float32) 33.9036,
    (float32) 33.894512,
    (float32) 33.88559,
    (float32) 33.8793,
    (float32) 33.8774,
    (float32) 33.879787,
    (float32) 33.890087,
    (float32) 33.903088,
    (float32) 33.9127,
    (float32) 33.911713,
    (float32) 33.91101,
    (float32) 33.908188,
    (float32) 33.903088,
    (float32) 33.89789,
    (float32) 33.892887,
    (float32) 33.884388,
    (float32) 33.8783,
    (float32) 33.874813,
    (float32) 33.873287,
    (float32) 33.873188,
    (float32) 33.877987,
    (float32) 33.884388,
    (float32) 33.88849,
    (float32) 33.8918,
    (float32) 33.892788,
    (float32) 33.89511,
    (float32) 33.89729,
    (float32) 33.897,
    (float32) 33.89431,
    (float32) 33.88089,
    (float32) 33.867287,
    (float32) 33.84839,
    (float32) 33.82909,
    (float32) 33.80701,
    (float32) 33.785313,
    (float32) 33.76659,
    (float32) 33.74951,
    (float32) 33.7588,
    (float32) 33.752712,
    (float32) 33.74999,
    (float32) 33.74979,
    (float32) 33.75051,
    (float32) 33.751713,
    (float32) 33.75241,
    (float32) 33.75301,
    (float32) 33.75309,
    (float32) 33.752388,
    (float32) 33.7514,
    (float32) 33.7509,
    (float32) 33.75639,
    (float32) 33.76911,
    (float32) 33.7879,
    (float32) 33.81211,
    (float32) 33.8384,
    (float32) 33.8628,
    (float32) 33.88541,
    (float32) 33.904587,
    (float32) 33.91959,
    (float32) 33.9322,
    (float32) 33.942112,
    (float32) 33.94931,
    (float32) 33.953888,
    (float32) 33.9571,
    (float32) 33.960213,
    (float32) 33.9575,
    (float32) 33.95139,
    (float32) 33.94541,
    (float32) 33.937912,
    (float32) 33.93099,
    (float32) 33.925,
    (float32) 33.919613,
    (float32) 33.91581,
    (float32) 33.91209,
    (float32) 33.907387,
    (float32) 33.89969,
    (float32) 33.88861,
    (float32) 33.87431,
    (float32) 33.857788,
    (float32) 33.8417,
    (float32) 33.82779,
    (float32) 33.81839,
    (float32) 33.814987,
    (float32) 33.81709,
    (float32) 33.8253,
    (float32) 33.83749,
    (float32) 33.85031,
    (float32) 33.861313,
    (float32) 33.867687,
    (float32) 33.870213,
    (float32) 33.870087,
    (float32) 33.8679,
    (float32) 33.86431,
    (float32) 33.85971,
    (float32) 33.85439,
    (float32) 33.84799,
    (float32) 33.839912,
    (float32) 33.83361,
    (float32) 33.8304,
    (float32) 33.83009,
    (float32) 33.8364,
    (float32) 33.8466,
    (float32) 33.85911,
    (float32) 33.87171,
    (float32) 33.88151,
    (float32) 33.88839,
    (float32) 33.88929,
    (float32) 33.893387,
    (float32) 33.890587,
    (float32) 33.88699,
    (float32) 33.882412,
    (float32) 33.86891,
    (float32) 33.86409,
    (float32) 33.846687,
    (float32) 33.852287,
    (float32) 33.86269,
    (float32) 33.88431,
    (float32) 33.89231,
    (float32) 33.892212,
    (float32) 33.88879,
    (float32) 33.882088,
    (float32) 33.87309,
    (float32) 33.86269,
    (float32) 33.8527,
    (float32) 33.84279,
    (float32) 33.83351,
    (float32) 33.82419,
    (float32) 33.815212,
    (float32) 33.8083,
    (float32) 33.804012,
    (float32) 33.80241,
    (float32) 33.80399,
    (float32) 33.813812,
    (float32) 33.82859,
    (float32) 33.8498,
    (float32) 33.87479,
    (float32) 33.90069,
    (float32) 33.9236,
    (float32) 33.94171,
    (float32) 33.95441,
    (float32) 33.960712,
    (float32) 33.96169,
    (float32) 33.95811,
    (float32) 33.953087,
    (float32) 33.9499,
    (float32) 33.947212,
    (float32) 33.943813,
    (float32) 33.93789,
    (float32) 33.93071,
    (float32) 33.920788,
    (float32) 33.90821,
    (float32) 33.90009,
    (float32) 33.8899,
    (float32) 33.87989,
    (float32) 33.87309,
    (float32) 33.868187,
    (float32) 33.86699,
    (float32) 33.868,
    (float32) 33.8718,
    (float32) 33.8776,
    (float32) 33.883213,
    (float32) 33.888012,
    (float32) 33.8924,
    (float32) 33.89381,
    (float32) 33.8935,
    (float32) 33.891613,
    (float32) 33.88861,
    (float32) 33.88699,
    (float32) 33.88671,
    (float32) 33.88809,
    (float32) 33.888813,
    (float32) 33.88849,
    (float32) 33.88689,
    (float32) 33.88459,
    (float32) 33.8823,
    (float32) 33.880413,
    (float32) 33.87949,
    (float32) 33.87349,
    (float32) 33.8736,
    (float32) 33.870712,
    (float32) 33.867813,
    (float32) 33.86401,
    (float32) 33.861813,
    (float32) 33.859413,
    (float32) 33.85911,
    (float32) 33.857788,
    (float32) 33.8561,
    (float32) 33.85411,
    (float32) 33.85051,
    (float32) 33.84801,
    (float32) 33.8436,
    (float32) 33.84161,
    (float32) 33.83539,
    (float32) 33.83231,
    (float32) 33.82649,
    (float32) 33.82841,
    (float32) 33.827587,
    (float32) 33.82521,
    (float32) 33.822487,
    (float32) 33.81669,
    (float32) 33.81099,
    (float32) 33.80761,
    (float32) 33.807713,
    (float32) 33.810688,
    (float32) 33.81671,
    (float32) 33.82579,
    (float32) 33.83121,
    (float32) 33.83731,
    (float32) 33.841587,
    (float32) 33.84409,
    (float32) 33.84319,
    (float32) 33.83921,
    (float32) 33.839912,
    (float32) 33.81979,
    (float32) 33.813213,
    (float32) 33.806812,
    (float32) 33.804512,
    (float32) 33.802887,
    (float32) 33.80571,
    (float32) 33.81411,
    (float32) 33.82869,
    (float32) 33.85109,
    (float32) 33.90389,
    (float32) 33.93499,
    (float32) 33.96819,
    (float32) 34.0008,
    (float32) 34.02139,
    (float32) 34.046913,
    (float32) 34.06551,
    (float32) 34.07679,
    (float32) 34.084713,
    (float32) 34.08121,
    (float32) 34.071487,
    (float32) 34.060287,
    (float32) 34.04851,
    (float32) 34.040287,
    (float32) 34.035,
    (float32) 34.033688,
    (float32) 34.035713
   },
   ([]float32) (len=360 cap=360) {
    (float32) 34.07839,
    (float32) 34.08059,
    (float32) 34.083187,
    (float32) 34.083588,
    (float32) 34.08189,
    (float32) 34.076313,
    (float32) 34.0683,
    (float32) 34.056988,
    (float32) 34.0441,
    (float32) 34.0307,
    (float32) 34.01859,
    (float32) 34.00829,
    (float32) 33.999413,
    (float32) 33.99091,
    (float32) 33.98251,
    (float32) 33.97379,
    (float32) 33.96561,
    (float32) 33.957687,
    (float32) 33.95149,
    (float32) 33.94519,
    (float32) 33.939713,
    (float32) 33.934387,
    (float32) 33.92971,
    (float32) 33.92681,
    (float32) 33.92631,
    (float32) 33.928513,
    (float32) 33.93421,
    (float32) 33.94321,
    (float32) 33.9542,
    (float32) 33.965588,
    (float32) 33.97569,
    (float32) 33.98381,
    (float32) 33.98981,
    (float32) 33.9956,
    (float32) 34.0014,
    (float32) 34.00851,
    (float32) 34.014,
    (float32) 34.018288,
    (float32) 34.02029,
    (float32) 34.02129,
    (float32) 34.021187,
    (float32) 34.0217,
    (float32) 34.0183,
    (float32) 34.019287,
    (float32) 34.019287,
    (float32) 34.02121,
    (float32) 34.02481,
    (float32) 34.030987,
    (float32) 34.0399,
    (float32) 34.051212,
    (float32) 34.06429,
    (float32) 34.0753,
    (float32) 34.083313,
    (float32) 34.08799,
    (float32) 34.0915,
    (float32) 34.09201,
    (float32) 34.09211,
    (float32) 34.090187,
    (float32) 34.087513,
    (float32) 34.085087,
    (float32) 34.08361,
    (float32) 34.084213,
    (float32) 34.0867,
    (float32) 34.091087,
    (float32) 34.0959,
    (float32) 34.1033,
    (float32) 34.10931,
    (float32) 34.11611,
    (float32) 34.12131,
    (float32) 34.12591,
    (float32) 34.130287,
    (float32) 34.13501,
    (float32) 34.138588,
    (float32) 34.143913,
    (float32) 34.1497,
    (float32) 34.15491,
    (float32) 34.157913,
    (float32) 34.15939,
    (float32) 34.1595,
    (float32) 34.15789,
    (float32) 34.1562,
    (float32) 34.15489,
    (float32) 34.154713,
    (float32) 34.150787,
    (float32) 34.15479,
    (float32) 34.154587,
    (float32) 34.15411,
    (float32) 34.15369,
    (float32) 34.1528,
    (float32) 34.15159,
    (float32) 34.15031,
    (float32) 34.1493,
    (float32) 34.148712,
    (float32) 34.149113,
    (float32) 34.14969,
    (float32) 34.150013,
    (float32) 34.149788,
    (float32) 34.148113,
    (float32) 34.143612,
    (float32) 34.1357,
    (float32) 34.123787,
    (float32) 34.1054,
    (float32) 34.08339,
    (float32) 34.059387,
    (float32) 34.030212,
    (float32) 34.00869,
    (float32) 33.990612,
    (float32) 33.9972,
    (float32) 33.99691,
    (float32) 34.00729,
    (float32) 34.0706,
    (float32) 34.0897,
    (float32) 34.08721,
    (float32) 34.065887,
    (float32) 34.00671,
    (float32) 33.9814,
    (float32) 33.96971,
    (float32) 33.96881,
    (float32) 33.9727,
    (float32) 33.97699,
    (float32) 33.9784,
    (float32) 33.97289,
    (float32) 33.96029,
    (float32) 33.94379,
    (float32) 33.92651,
    (float32) 33.91241,
    (float32) 33.89739,
    (float32) 33.8922,
    (float32) 33.893112,
    (float32) 33.9025,
    (float32) 33.90921,
    (float32) 33.91241,
    (float32) 33.91141,
    (float32) 33.9059,
    (float32) 33.8983,
    (float32) 33.89001,
    (float32) 33.88291,
    (float32) 33.878387,
    (float32) 33.87521,
    (float32) 33.87449,
    (float32) 33.87579,
    (float32) 33.8798,
    (float32) 33.8865,
    (float32) 33.89999,
    (float32) 33.90609,
    (float32) 33.90849,
    (float32) 33.91329,
    (float32) 33.92361,
    (float32) 33.93341,
    (float32) 33.94009,
    (float32) 33.94031,
    (float32) 33.93519,
    (float32) 33.923687,
    (float32) 33.903988,
    (float32) 33.8807,
    (float32) 33.85311,
    (float32) 33.82711,
    (float32) 33.80061,
    (float32) 33.77961,
    (float32) 33.77879,
    (float32) 33.771587,
    (float32) 33.76799,
    (float32) 33.767612,
    (float32) 33.749588,
    (float32) 33.750187,
    (float32) 33.75069,
    (float32) 33.7528,
    (float32) 33.7612,
    (float32) 33.754913,
    (float32) 33.7503,
    (float32) 33.745213,
    (float32) 33.744713,
    (float32) 33.75391,
    (float32) 33.76859,
    (float32) 33.79279,
    (float32) 33.81839,
    (float32) 33.84499,
    (float32) 33.86941,
    (float32) 33.89011,
    (float32) 33.90909,
    (float32) 33.923588,
    (float32) 33.93811,
    (float32) 33.9458,
    (float32) 33.95731,
    (float32) 33.965687,
    (float32) 33.97009,
    (float32) 33.97821,
    (float32) 33.9793,
    (float32) 33.9813,
    (float32) 33.98101,
    (float32) 33.980713,
    (float32) 33.98169,
    (float32) 33.98151,
    (float32) 33.983,
    (float32) 33.98229,
    (float32) 33.97939,
    (float32) 33.974213,
    (float32) 33.96591,
    (float32) 33.95469,
    (float32) 33.9413,
    (float32) 33.927288,
    (float32) 33.91431,
    (float32) 33.9044,
    (float32) 33.898613,
    (float32) 33.8974,
    (float32) 33.89959,
    (float32) 33.903313,
    (float32) 33.908688,
    (float32) 33.911587,
    (float32) 33.91251,
    (float32) 33.91089,
    (float32) 33.90721,
    (float32) 33.90249,
    (float32) 33.89729,
    (float32) 33.89119,
    (float32) 33.88599,
    (float32) 33.87919,
    (float32) 33.87421,
    (float32) 33.869213,
    (float32) 33.86659,
    (float32) 33.869,
    (float32) 33.877487,
    (float32) 33.88799,
    (float32) 33.90009,
    (float32) 33.910812,
    (float32) 33.9184,
    (float32) 33.923313,
    (float32) 33.92609,
    (float32) 33.92429,
    (float32) 33.9211,
    (float32) 33.91539,
    (float32) 33.90899,
    (float32) 33.902687,
    (float32) 33.89601,
    (float32) 33.890488,
    (float32) 33.89091,
    (float32) 33.897987,
    (float32) 33.90641,
    (float32) 33.9076,
    (float32) 33.90641,
    (float32) 33.90311,
    (float32) 33.89781,
    (float32) 33.89109,
    (float32) 33.883587,
    (float32) 33.87651,
    (float32) 33.86879,
    (float32) 33.861687,
    (float32) 33.8531,
    (float32) 33.844887,
    (float32) 33.836487,
    (float32) 33.828312,
    (float32) 33.8239,
    (float32) 33.82119,
    (float32) 33.82531,
    (float32) 33.83461,
    (float32) 33.8518,
    (float32) 33.87291,
    (float32) 33.89689,
    (float32) 33.9189,
    (float32) 33.93779,
    (float32) 33.95241,
    (float32) 33.961113,
    (float32) 33.965,
    (float32) 33.964287,
    (float32) 33.96141,
    (float32) 33.95731,
    (float32) 33.95359,
    (float32) 33.949688,
    (float32) 33.9435,
    (float32) 33.9332,
    (float32) 33.921513,
    (float32) 33.90759,
    (float32) 33.89481,
    (float32) 33.882,
    (float32) 33.87431,
    (float32) 33.8697,
    (float32) 33.86801,
    (float32) 33.8693,
    (float32) 33.87331,
    (float32) 33.87769,
    (float32) 33.88339,
    (float32) 33.88899,
    (float32) 33.89341,
    (float32) 33.896088,
    (float32) 33.8963,
    (float32) 33.8954,
    (float32) 33.89299,
    (float32) 33.89079,
    (float32) 33.88939,
    (float32) 33.890312,
    (float32) 33.89151,
    (float32) 33.892612,
    (float32) 33.8924,
    (float32) 33.89069,
    (float32) 33.88789,
    (float32) 33.884987,
    (float32) 33.882713,
    (float32) 33.881588,
    (float32) 33.87729,
    (float32) 33.87689,
    (float32) 33.874,
    (float32) 33.8713,
    (float32) 33.86979,
    (float32) 33.86919,
    (float32) 33.86799,
    (float32) 33.86801,
    (float32) 33.86821,
    (float32) 33.86689,
    (float32) 33.865788,
    (float32) 33.863388,
    (float32) 33.8602,
    (float32) 33.855488,
    (float32) 33.85261,
    (float32) 33.8474,
    (float32) 33.843887,
    (float32) 33.8427,
    (float32) 33.84021,
    (float32) 33.83731,
    (float32) 33.83259,
    (float32) 33.82701,
    (float32) 33.8191,
    (float32) 33.81251,
    (float32) 33.805813,
    (float32) 33.805187,
    (float32) 33.808712,
    (float32) 33.81811,
    (float32) 33.82629,
    (float32) 33.836113,
    (float32) 33.8467,
    (float32) 33.85449,
    (float32) 33.858288,
    (float32) 33.856987,
    (float32) 33.85501,
    (float32) 33.85439,
    (float32) 33.846012,
    (float32) 33.841213,
    (float32) 33.83299,
    (float32) 33.82711,
    (float32) 33.82369,
    (float32) 33.826687,
    (float32) 33.83719,
    (float32) 33.85729,
    (float32) 33.9094,
    (float32) 33.925987,
    (float32) 33.9871,
    (float32) 34.029488,
    (float32) 34.05501,
    (float32) 34.0994,
    (float32) 34.12199,
    (float32) 34.13541,
    (float32) 34.130287,
    (float32) 34.129513,
    (float32) 34.12899,
    (float32) 34.115387,
    (float32) 34.100887,
    (float32) 34.08559,
    (float32) 34.0756,
    (float32) 34.0716,
    (float32) 34.0719,
    (float32) 34.075512
   },
   ([]float32) (len=360 cap=360) {
    (float32) 34.11721,
    (float32) 34.1215,
    (float32) 34.12521,
    (float32) 34.12751,
    (float32) 34.12829,
    (float32) 34.12619,
    (float32) 34.11941,
    (float32) 34.10731,
    (float32) 34.092613,
    (float32) 34.07779,
    (float32) 34.063313,
    (float32) 34.0507,
    (float32) 34.04031,
    (float32) 34.031387,
    (float32) 34.0232,
    (float32) 34.01561,
    (float32) 34.008488,
    (float32) 34.00089,
    (float32) 33.995613,
    (float32) 33.98999,
    (float32) 33.98349,
    (float32) 33.977,
    (float32) 33.97031,
    (float32) 33.964413,
    (float32) 33.96051,
    (float32) 33.96,
    (float32) 33.96359,
    (float32) 33.97039,
    (float32) 33.9793,
    (float32) 33.9893,
    (float32) 33.99799,
    (float32) 34.00369,
    (float32) 34.008312,
    (float32) 34.01199,
    (float32) 34.01729,
    (float32) 34.0226,
    (float32) 34.028187,
    (float32) 34.034,
    (float32) 34.0374,
    (float32) 34.038887,
    (float32) 34.0415,
    (float32) 34.04319,
    (float32) 34.0444,
    (float32) 34.04619,
    (float32) 34.049313,
    (float32) 34.05449,
    (float32) 34.0624,
    (float32) 34.07299,
    (float32) 34.08581,
    (float32) 34.10029,
    (float32) 34.1143,
    (float32) 34.12591,
    (float32) 34.13361,
    (float32) 34.13811,
    (float32) 34.13989,
    (float32) 34.13851,
    (float32) 34.135387,
    (float32) 34.131813,
    (float32) 34.127388,
    (float32) 34.123188,
    (float32) 34.12011,
    (float32) 34.119587,
    (float32) 34.12191,
    (float32) 34.12619,
    (float32) 34.1318,
    (float32) 34.13901,
    (float32) 34.147213,
    (float32) 34.15509,
    (float32) 34.160313,
    (float32) 34.1647,
    (float32) 34.166813,
    (float32) 34.16811,
    (float32) 34.1702,
    (float32) 34.17259,
    (float32) 34.17601,
    (float32) 34.17849,
    (float32) 34.1804,
    (float32) 34.17959,
    (float32) 34.1777,
    (float32) 34.174713,
    (float32) 34.171688,
    (float32) 34.1686,
    (float32) 34.16651,
    (float32) 34.16481,
    (float32) 34.1635,
    (float32) 34.162388,
    (float32) 34.16119,
    (float32) 34.15979,
    (float32) 34.158287,
    (float32) 34.15621,
    (float32) 34.15411,
    (float32) 34.15199,
    (float32) 34.15031,
    (float32) 34.14891,
    (float32) 34.147312,
    (float32) 34.145187,
    (float32) 34.1416,
    (float32) 34.1356,
    (float32) 34.127987,
    (float32) 34.1152,
    (float32) 34.0965,
    (float32) 34.071,
    (float32) 34.0389,
    (float32) 34.0031,
    (float32) 33.9644,
    (float32) 33.92569,
    (float32) 33.89869,
    (float32) 33.95509,
    (float32) 33.9491,
    (float32) 33.928513,
    (float32) 9.96921e+36,
    (float32) 9.96921e+36,
    (float32) 9.96921e+36,
    (float32) 9.96921e+36,
    (float32) 33.99731,
    (float32) 33.981487,
    (float32) 33.9695,
    (float32) 33.977,
    (float32) 33.99439,
    (float32) 34.01651,
    (float32) 34.037613,
    (float32) 34.04221,
    (float32) 34.02929,
    (float32) 34.0088,
    (float32) 33.987812,
    (float32) 33.96641,
    (float32) 33.947613,
    (float32) 33.940712,
    (float32) 33.932587,
    (float32) 33.92909,
    (float32) 33.92731,
    (float32) 33.92189,
    (float32) 33.9125,
    (float32) 33.900513,
    (float32) 33.886787,
    (float32) 33.8743,
    (float32) 33.86599,
    (float32) 33.8611,
    (float32) 33.85741,
    (float32) 33.856388,
    (float32) 33.856388,
    (float32) 33.857487,
    (float32) 33.862587,
    (float32) 33.891388,
    (float32) 33.9062,
    (float32) 33.904087,
    (float32) 33.9155,
    (float32) 33.93111,
    (float32) 33.9461,
    (float32) 33.956112,
    (float32) 33.9619,
    (float32) 33.961,
    (float32) 33.952488,
    (float32) 33.93419,
    (float32) 33.91119,
    (float32) 33.88569,
    (float32) 33.85791,
    (float32) 33.83709,
    (float32) 33.81631,
    (float32) 33.80201,
    (float32) 33.783,
    (float32) 33.78981,
    (float32) 33.79061,
    (float32) 33.790787,
    (float32) 33.79071,
    (float32) 33.788612,
    (float32) 33.785088,
    (float32) 33.77979,
    (float32) 33.77241,
    (float32) 33.7648,
    (float32) 33.759,
    (float32) 33.75671,
    (float32) 33.7617,
    (float32) 33.773613,
    (float32) 33.79179,
    (float32) 33.81261,
    (float32) 33.836212,
    (float32) 33.8588,
    (float32) 33.87701,
    (float32) 33.89319,
    (float32) 33.90719,
    (float32) 33.91811,
    (float32) 33.93061,
    (float32) 33.9432,
    (float32) 33.95531,
    (float32) 33.9685,
    (float32) 33.98181,
    (float32) 33.99279,
    (float32) 34.00279,
    (float32) 34.010387,
    (float32) 34.0172,
    (float32) 34.0245,
    (float32) 34.030388,
    (float32) 34.03551,
    (float32) 34.03781,
    (float32) 34.03719,
    (float32) 34.033413,
    (float32) 34.0271,
    (float32) 34.01859,
    (float32) 34.00851,
    (float32) 33.997513,
    (float32) 33.986813,
    (float32) 33.977787,
    (float32) 33.97139,
    (float32) 33.9674,
    (float32) 33.964813,
    (float32) 33.96231,
    (float32) 33.958187,
    (float32) 33.95419,
    (float32) 33.947887,
    (float32) 33.94131,
    (float32) 33.93409,
    (float32) 33.92679,
    (float32) 33.9189,
    (float32) 33.9133,
    (float32) 33.9087,
    (float32) 33.90369,
    (float32) 33.901512,
    (float32) 33.900288,
    (float32) 33.90201,
    (float32) 33.90631,
    (float32) 33.913887,
    (float32) 33.92249,
    (float32) 33.93261,
    (float32) 33.9395,
    (float32) 33.94389,
    (float32) 33.945812,
    (float32) 33.94529,
    (float32) 33.94299,
    (float32) 33.93879,
    (float32) 33.932987,
    (float32) 33.9258,
    (float32) 33.91959,
    (float32) 33.91449,
    (float32) 33.90901,
    (float32) 33.909687,
    (float32) 33.91399,
    (float32) 33.9158,
    (float32) 33.91581,
    (float32) 33.913887,
    (float32) 33.91029,
    (float32) 33.90551,
    (float32) 33.90031,
    (float32) 33.8947,
    (float32) 33.88969,
    (float32) 33.884487,
    (float32) 33.87959,
    (float32) 33.873287,
    (float32) 33.866512,
    (float32) 33.85869,
    (float32) 33.84959,
    (float32) 33.841713,
    (float32) 33.83759,
    (float32) 33.8366,
    (float32) 33.841488,
    (float32) 33.85281,
    (float32) 33.86889,
    (float32) 33.88771,
    (float32) 33.905987,
    (float32) 33.9232,
    (float32) 33.93711,
    (float32) 33.946987,
    (float32) 33.95289,
    (float32) 33.954487,
    (float32) 33.9538,
    (float32) 33.95099,
    (float32) 33.94809,
    (float32) 33.943287,
    (float32) 33.93581,
    (float32) 33.92539,
    (float32) 33.91341,
    (float32) 33.90149,
    (float32) 33.8869,
    (float32) 33.877888,
    (float32) 33.8713,
    (float32) 33.8688,
    (float32) 33.869713,
    (float32) 33.873287,
    (float32) 33.878113,
    (float32) 33.8828,
    (float32) 33.887188,
    (float32) 33.8916,
    (float32) 33.8955,
    (float32) 33.8971,
    (float32) 33.8974,
    (float32) 33.89579,
    (float32) 33.89309,
    (float32) 33.890488,
    (float32) 33.8888,
    (float32) 33.88901,
    (float32) 33.89001,
    (float32) 33.890713,
    (float32) 33.89019,
    (float32) 33.888313,
    (float32) 33.88559,
    (float32) 33.88279,
    (float32) 33.8809,
    (float32) 33.87999,
    (float32) 33.87841,
    (float32) 33.876087,
    (float32) 33.87641,
    (float32) 33.877113,
    (float32) 33.87729,
    (float32) 33.87869,
    (float32) 33.8807,
    (float32) 33.88361,
    (float32) 33.884613,
    (float32) 33.884212,
    (float32) 33.882412,
    (float32) 33.88201,
    (float32) 33.87689,
    (float32) 33.87129,
    (float32) 33.865887,
    (float32) 33.861988,
    (float32) 33.85881,
    (float32) 33.855713,
    (float32) 33.8524,
    (float32) 33.8469,
    (float32) 33.843613,
    (float32) 33.837288,
    (float32) 33.8286,
    (float32) 33.8175,
    (float32) 33.81081,
    (float32) 33.8098,
    (float32) 33.81519,
    (float32) 33.82571,
    (float32) 33.842987,
    (float32) 33.8552,
    (float32) 33.8663,
    (float32) 33.8753,
    (float32) 33.880188,
    (float32) 33.88319,
    (float32) 33.88379,
    (float32) 33.88569,
    (float32) 33.88681,
    (float32) 33.884487,
    (float32) 33.877888,
    (float32) 33.87109,
    (float32) 33.869087,
    (float32) 33.87411,
    (float32) 33.8898,
    (float32) 33.91511,
    (float32) 33.967987,
    (float32) 34.01451,
    (float32) 34.06459,
    (float32) 34.11151,
    (float32) 34.151188,
    (float32) 34.18001,
    (float32) 34.19669,
    (float32) 34.20251,
    (float32) 34.1995,
    (float32) 34.18939,
    (float32) 34.174313,
    (float32) 34.1554,
    (float32) 34.137012,
    (float32) 34.12109,
    (float32) 34.11051,
    (float32) 34.1061,
    (float32) 34.10799,
    (float32) 34.11329
   },
   ([]float32) (len=360 cap=360) {
    (float32) 34.152313,
    (float32) 34.15909,
    (float32) 34.164387,
    (float32) 34.1728,
    (float32) 34.179287,
    (float32) 34.18011,
    (float32) 34.1747,
    (float32) 34.16459,
    (float32) 34.14919,
    (float32) 34.131413,
    (float32) 34.11499,
    (float32) 34.10099,
    (float32) 34.088787,
    (float32) 34.07869,
    (float32) 34.070587,
    (float32) 34.0642,
    (float32) 34.06031,
    (float32) 34.0563,
    (float32) 34.0535,
    (float32) 34.050488,
    (float32) 34.04649,
    (float32) 34.0409,
    (float32) 34.03429,
    (float32) 34.028313,
    (float32) 34.023987,
    (float32) 34.02261,
    (float32) 34.0249,
    (float32) 34.02979,
    (float32) 34.03769,
    (float32) 34.0457,
    (float32) 34.052387,
    (float32) 34.05521,
    (float32) 34.0567,
    (float32) 34.0567,
    (float32) 34.05901,
    (float32) 34.064312,
    (float32) 34.06911,
    (float32) 34.0743,
    (float32) 34.07729,
    (float32) 34.08161,
    (float32) 34.08491,
    (float32) 34.08799,
    (float32) 34.091213,
    (float32) 34.0953,
    (float32) 34.10169,
    (float32) 34.11099,
    (float32) 34.12299,
    (float32) 34.13721,
    (float32) 34.15261,
    (float32) 34.167988,
    (float32) 34.18151,
    (float32) 34.19141,
    (float32) 34.197,
    (float32) 34.197712,
    (float32) 34.195087,
    (float32) 34.19019,
    (float32) 34.18381,
    (float32) 34.17569,
    (float32) 34.168087,
    (float32) 34.16139,
    (float32) 34.15719,
    (float32) 34.1553,
    (float32) 34.1564,
    (float32) 34.1596,
    (float32) 34.167088,
    (float32) 34.174812,
    (float32) 34.183987,
    (float32) 34.1914,
    (float32) 34.196712,
    (float32) 34.199,
    (float32) 34.198513,
    (float32) 34.19751,
    (float32) 34.19651,
    (float32) 34.19479,
    (float32) 34.194687,
    (float32) 34.19421,
    (float32) 34.194187,
    (float32) 34.19169,
    (float32) 34.1889,
    (float32) 34.18509,
    (float32) 34.18121,
    (float32) 34.177288,
    (float32) 34.1736,
    (float32) 34.17041,
    (float32) 34.16769,
    (float32) 34.16511,
    (float32) 34.16281,
    (float32) 34.16039,
    (float32) 34.15741,
    (float32) 34.15391,
    (float32) 34.14981,
    (float32) 34.145912,
    (float32) 34.14201,
    (float32) 34.1384,
    (float32) 34.13441,
    (float32) 34.12941,
    (float32) 34.1215,
    (float32) 34.1124,
    (float32) 34.10071,
    (float32) 34.083313,
    (float32) 34.0578,
    (float32) 34.02381,
    (float32) 33.98151,
    (float32) 33.93261,
    (float32) 33.875088,
    (float32) 33.803288,
    (float32) 33.7202,
    (float32) 9.96921e+36,
    (float32) 9.96921e+36,
    (float32) 9.96921e+36,
    (float32) 9.96921e+36,
    (float32) 9.96921e+36,
    (float32) 9.96921e+36,
    (float32) 9.96921e+36,
    (float32) 9.96921e+36,
    (float32) 33.96959,
    (float32) 33.930313,
    (float32) 33.946213,
    (float32) 33.98039,
    (float32) 34.0286,
    (float32) 34.0913,
    (float32) 34.11329,
    (float32) 34.0929,
    (float32) 34.066288,
    (float32) 34.0447,
    (float32) 34.02701,
    (float32) 34.00851,
    (float32) 33.99591,
    (float32) 33.98539,
    (float32) 33.97871,
    (float32) 33.968113,
    (float32) 33.95139,
    (float32) 33.931488,
    (float32) 33.909412,
    (float32) 33.88789,
    (float32) 33.86991,
    (float32) 33.856388,
    (float32) 33.845013,
    (float32) 33.838688,
    (float32) 33.832813,
    (float32) 33.82829,
    (float32) 33.82231,
    (float32) 33.80589,
    (float32) 9.96921e+36,
    (float32) 9.96921e+36,
    (float32) 33.87311,
    (float32) 33.8961,
    (float32) 33.9156,
    (float32) 33.932713,
    (float32) 33.94529,
    (float32) 33.95479,
    (float32) 33.95581,
    (float32) 33.95219,
    (float32) 33.9392,
    (float32) 33.920887,
    (float32) 33.89941,
    (float32) 33.8752,
    (float32) 33.85121,
    (float32) 33.83631,
    (float32) 33.82101,
    (float32) 33.81181,
    (float32) 33.80941,
    (float32) 33.8089,
    (float32) 33.8102,
    (float32) 33.7935,
    (float32) 33.806988,
    (float32) 33.79121,
    (float32) 33.791187,
    (float32) 33.78809,
    (float32) 33.7852,
    (float32) 33.78381,
    (float32) 33.78081,
    (float32) 33.78349,
    (float32) 33.79171,
    (float32) 33.80489,
    (float32) 33.81989,
    (float32) 33.835487,
    (float32) 33.8497,
    (float32) 33.8622,
    (float32) 33.873287,
    (float32) 33.88761,
    (float32) 33.89459,
    (float32) 33.90659,
    (float32) 33.91851,
    (float32) 33.93359,
    (float32) 33.949512,
    (float32) 33.96819,
    (float32) 33.984287,
    (float32) 33.999687,
    (float32) 34.012512,
    (float32) 34.0243,
    (float32) 34.035713,
    (float32) 34.04731,
    (float32) 34.056,
    (float32) 34.06211,
    (float32) 34.063812,
    (float32) 34.06211,
    (float32) 34.057987,
    (float32) 34.05201,
    (float32) 34.045387,
    (float32) 34.03801,
    (float32) 34.03119,
    (float32) 34.02431,
    (float32) 34.018913,
    (float32) 34.01469,
    (float32) 34.0092,
    (float32) 34.003113,
    (float32) 33.9912,
    (float32) 33.9832,
    (float32) 33.97099,
    (float32) 33.95871,
    (float32) 33.9483,
    (float32) 33.93819,
    (float32) 33.930088,
    (float32) 33.923687,
    (float32) 33.919487,
    (float32) 33.917812,
    (float32) 33.91861,
    (float32) 33.920288,
    (float32) 33.925,
    (float32) 33.931313,
    (float32) 33.93891,
    (float32) 33.9463,
    (float32) 33.952312,
    (float32) 33.954712,
    (float32) 33.95541,
    (float32) 33.95381,
    (float32) 33.949512,
    (float32) 33.945312,
    (float32) 33.940388,
    (float32) 33.935287,
    (float32) 33.929413,
    (float32) 33.923588,
    (float32) 33.918488,
    (float32) 33.91521,
    (float32) 33.91461,
    (float32) 33.915188,
    (float32) 33.915688,
    (float32) 33.91509,
    (float32) 33.912987,
    (float32) 33.909588,
    (float32) 33.90531,
    (float32) 33.9012,
    (float32) 33.8964,
    (float32) 33.89229,
    (float32) 33.8883,
    (float32) 33.88459,
    (float32) 33.881012,
    (float32) 33.877213,
    (float32) 33.872112,
    (float32) 33.86541,
    (float32) 33.85809,
    (float32) 33.852287,
    (float32) 33.849087,
    (float32) 33.849888,
    (float32) 33.855087,
    (float32) 33.86431,
    (float32) 33.87629,
    (float32) 33.88911,
    (float32) 33.90209,
    (float32) 33.9133,
    (float32) 33.92321,
    (float32) 33.9305,
    (float32) 33.934788,
    (float32) 33.93661,
    (float32) 33.93659,
    (float32) 33.93459,
    (float32) 33.930088,
    (float32) 33.924088,
    (float32) 33.914387,
    (float32) 33.90271,
    (float32) 33.8906,
    (float32) 33.88109,
    (float32) 33.8739,
    (float32) 33.86889,
    (float32) 33.86751,
    (float32) 33.8708,
    (float32) 33.8755,
    (float32) 33.8806,
    (float32) 33.88531,
    (float32) 33.88969,
    (float32) 33.8928,
    (float32) 33.895687,
    (float32) 33.897488,
    (float32) 33.8979,
    (float32) 33.8964,
    (float32) 33.8934,
    (float32) 33.89069,
    (float32) 33.888,
    (float32) 33.88621,
    (float32) 33.8855,
    (float32) 33.88559,
    (float32) 33.884987,
    (float32) 33.88289,
    (float32) 33.88071,
    (float32) 33.878788,
    (float32) 33.87779,
    (float32) 33.877213,
    (float32) 33.87769,
    (float32) 33.878113,
    (float32) 33.87989,
    (float32) 33.8834,
    (float32) 33.88761,
    (float32) 33.89209,
    (float32) 33.89641,
    (float32) 33.90019,
    (float32) 33.9023,
    (float32) 33.902687,
    (float32) 33.90081,
    (float32) 33.89761,
    (float32) 33.89359,
    (float32) 33.88911,
    (float32) 33.88451,
    (float32) 33.880013,
    (float32) 33.875587,
    (float32) 33.87041,
    (float32) 33.8639,
    (float32) 33.86049,
    (float32) 33.85719,
    (float32) 33.85539,
    (float32) 33.84761,
    (float32) 33.837513,
    (float32) 33.83259,
    (float32) 33.833588,
    (float32) 33.84229,
    (float32) 33.8575,
    (float32) 33.878212,
    (float32) 33.893288,
    (float32) 33.90601,
    (float32) 33.91531,
    (float32) 33.9217,
    (float32) 33.93251,
    (float32) 33.93671,
    (float32) 33.9377,
    (float32) 33.93929,
    (float32) 33.939312,
    (float32) 33.940388,
    (float32) 33.93829,
    (float32) 33.93991,
    (float32) 33.94719,
    (float32) 33.9667,
    (float32) 34.00581,
    (float32) 34.049,
    (float32) 34.10249,
    (float32) 34.15681,
    (float32) 34.2042,
    (float32) 34.23971,
    (float32) 34.245987,
    (float32) 34.269787,
    (float32) 34.24771,
    (float32) 34.235912,
    (float32) 34.2356,
    (float32) 34.2137,
    (float32) 34.1908,
    (float32) 34.168587,
    (float32) 34.15209,
    (float32) 34.14061,
    (float32) 34.1369,
    (float32) 34.14011,
    (float32) 34.1469
   },
   ([]float32) (len=360 cap=360) {
    (float32) 34.18129,
    (float32) 34.19019,
    (float32) 34.2013,
    (float32) 34.21539,
    (float32) 34.22839,
    (float32) 34.23589,
    (float32) 34.23309,
    (float32) 34.224487,
    (float32) 34.209213,
    (float32) 34.191013,
    (float32) 34.173313,
    (float32) 34.15721,
    (float32) 34.14349,
    (float32) 34.132988,
    (float32) 34.12501,
    (float32) 34.12091,
    (float32) 34.11821,
    (float32) 34.1207,
    (float32) 34.12119,
    (float32) 34.122887,
    (float32) 34.12339,
    (float32) 34.12191,
    (float32) 34.118313,
    (float32) 34.114388,
    (float32) 34.1113,
    (float32) 34.11099,
    (float32) 34.113087,
    (float32) 34.11851,
    (float32) 34.125088,
    (float32) 34.13049,
    (float32) 34.1336,
    (float32) 34.132713,
    (float32) 34.130188,
    (float32) 34.126812,
    (float32) 34.1268,
    (float32) 34.129612,
    (float32) 34.13441,
    (float32) 34.1389,
    (float32) 34.143013,
    (float32) 34.14711,
    (float32) 34.15109,
    (float32) 34.15519,
    (float32) 34.15961,
    (float32) 34.16531,
    (float32) 34.1734,
    (float32) 34.18491,
    (float32) 34.19841,
    (float32) 34.2138,
    (float32) 34.22871,
    (float32) 34.24199,
    (float32) 34.251987,
    (float32) 34.257812,
    (float32) 34.258987,
    (float32) 34.25609,
    (float32) 34.24791,
    (float32) 34.23811,
    (float32) 34.22711,
    (float32) 34.21549,
    (float32) 34.20509,
    (float32) 34.1963,
    (float32) 34.18951,
    (float32) 34.186,
    (float32) 34.18681,
    (float32) 34.189888,
    (float32) 34.19651,
    (float32) 34.20419,
    (float32) 34.213,
    (float32) 34.220287,
    (float32) 34.22289,
    (float32) 34.224987,
    (float32) 34.22139,
    (float32) 34.21651,
    (float32) 34.211887,
    (float32) 34.207687,
    (float32) 34.204613,
    (float32) 34.2017,
    (float32) 34.19949,
    (float32) 34.1966,
    (float32) 34.19299,
    (float32) 34.1895,
    (float32) 34.1848,
    (float32) 34.179787,
    (float32) 34.174587,
    (float32) 34.1697,
    (float32) 34.164913,
    (float32) 34.16129,
    (float32) 34.15799,
    (float32) 34.154587,
    (float32) 34.15019,
    (float32) 34.144787,
    (float32) 34.138687,
    (float32) 34.13239,
    (float32) 34.12611,
    (float32) 34.12029,
    (float32) 34.11401,
    (float32) 34.106987,
    (float32) 34.09819,
    (float32) 34.0863,
    (float32) 34.069088,
    (float32) 34.0458,
    (float32) 34.012787,
    (float32) 33.969513,
    (float32) 33.9163,
    (float32) 33.85471,
    (float32) 33.7873,
    (float32) 33.7007,
    (float32) 9.96921e+36,
    (float32) 9.96921e+36,
    (float32) 9.96921e+36,
    (float32) 9.96921e+36,
    (float32) 9.96921e+36,
    (float32) 9.96921e+36,
    (float32) 9.96921e+36,
    (float32) 33.42749,
    (float32) 33.595013,
    (float32) 33.753113,
    (float32) 33.821,
    (float32) 33.87271,
    (float32) 33.9246,
    (float32) 34.0014,
    (float32) 34.16699,
    (float32) 34.21051,
    (float32) 34.14501,
    (float32) 34.100212,
    (float32) 34.07739,
    (float32) 34.064888,
    (float32) 34.05711,
    (float32) 34.04661,
    (float32) 34.03859,
    (float32) 34.02749,
    (float32) 34.01029,
    (float32) 33.988487,
    (float32) 33.96259,
    (float32) 33.93391,
    (float32) 33.905888,
    (float32) 33.880688,
    (float32) 33.86011,
    (float32) 33.842888,
    (float32) 33.83121,
    (float32) 33.8175,
    (float32) 33.80919,
    (float32) 33.800312,
    (float32) 33.786488,
    (float32) 33.753212,
    (float32) 33.777412,
    (float32) 33.83899,
    (float32) 33.87059,
    (float32) 33.89269,
    (float32) 33.90989,
    (float32) 33.92231,
    (float32) 33.93291,
    (float32) 33.9355,
    (float32) 33.934788,
    (float32) 33.92641,
    (float32) 33.913513,
    (float32) 33.89869,
    (float32) 33.87869,
    (float32) 33.862213,
    (float32) 33.848213,
    (float32) 33.83691,
    (float32) 33.8288,
    (float32) 33.82309,
    (float32) 33.81009,
    (float32) 33.819088,
    (float32) 33.818512,
    (float32) 33.81809,
    (float32) 33.80529,
    (float32) 33.813488,
    (float32) 33.80331,
    (float32) 33.801987,
    (float32) 33.802788,
    (float32) 33.80499,
    (float32) 33.8098,
    (float32) 33.816612,
    (float32) 33.822887,
    (float32) 33.83301,
    (float32) 33.838787,
    (float32) 33.844513,
    (float32) 33.848488,
    (float32) 33.853,
    (float32) 33.86071,
    (float32) 33.871613,
    (float32) 33.87899,
    (float32) 33.8887,
    (float32) 33.90211,
    (float32) 33.916912,
    (float32) 33.93491,
    (float32) 33.9539,
    (float32) 33.9719,
    (float32) 33.98711,
    (float32) 34.001312,
    (float32) 34.01511,
    (float32) 34.0293,
    (float32) 34.04089,
    (float32) 34.049988,
    (float32) 34.05511,
    (float32) 34.05551,
    (float32) 34.0532,
    (float32) 34.05051,
    (float32) 34.0478,
    (float32) 34.04139,
    (float32) 34.0407,
    (float32) 34.036488,
    (float32) 34.0342,
    (float32) 34.03181,
    (float32) 34.02681,
    (float32) 34.019413,
    (float32) 34.00689,
    (float32) 33.99311,
    (float32) 33.97709,
    (float32) 33.96181,
    (float32) 33.94799,
    (float32) 33.9376,
    (float32) 33.9307,
    (float32) 33.9253,
    (float32) 33.9223,
    (float32) 33.92321,
    (float32) 33.92461,
    (float32) 33.92961,
    (float32) 33.936188,
    (float32) 33.94349,
    (float32) 33.95009,
    (float32) 33.954613,
    (float32) 33.95709,
    (float32) 33.95689,
    (float32) 33.953613,
    (float32) 33.9481,
    (float32) 33.94141,
    (float32) 33.93611,
    (float32) 33.92999,
    (float32) 33.92489,
    (float32) 33.91959,
    (float32) 33.91409,
    (float32) 33.9094,
    (float32) 33.90621,
    (float32) 33.90481,
    (float32) 33.905212,
    (float32) 33.905888,
    (float32) 33.905712,
    (float32) 33.90339,
    (float32) 33.90059,
    (float32) 33.898388,
    (float32) 33.894688,
    (float32) 33.890987,
    (float32) 33.88669,
    (float32) 33.88341,
    (float32) 33.88061,
    (float32) 33.87919,
    (float32) 33.87869,
    (float32) 33.878113,
    (float32) 33.875187,
    (float32) 33.869087,
    (float32) 33.86269,
    (float32) 33.857887,
    (float32) 33.85551,
    (float32) 33.85589,
    (float32) 33.85909,
    (float32) 33.8643,
    (float32) 33.8709,
    (float32) 33.8793,
    (float32) 33.88839,
    (float32) 33.897488,
    (float32) 33.90529,
    (float32) 33.91189,
    (float32) 33.916588,
    (float32) 33.918987,
    (float32) 33.918213,
    (float32) 33.91499,
    (float32) 33.91029,
    (float32) 33.903187,
    (float32) 33.8946,
    (float32) 33.88519,
    (float32) 33.877,
    (float32) 33.8699,
    (float32) 33.86559,
    (float32) 33.865513,
    (float32) 33.86889,
    (float32) 33.87511,
    (float32) 33.88049,
    (float32) 33.88529,
    (float32) 33.888588,
    (float32) 33.891888,
    (float32) 33.89459,
    (float32) 33.89689,
    (float32) 33.897213,
    (float32) 33.89599,
    (float32) 33.8936,
    (float32) 33.8904,
    (float32) 33.88739,
    (float32) 33.88469,
    (float32) 33.883312,
    (float32) 33.881313,
    (float32) 33.880688,
    (float32) 33.879513,
    (float32) 33.87829,
    (float32) 33.876987,
    (float32) 33.87661,
    (float32) 33.87719,
    (float32) 33.879013,
    (float32) 33.882313,
    (float32) 33.88781,
    (float32) 33.89501,
    (float32) 33.90321,
    (float32) 33.9115,
    (float32) 33.91879,
    (float32) 33.92421,
    (float32) 33.927513,
    (float32) 33.92881,
    (float32) 33.92831,
    (float32) 33.925987,
    (float32) 33.9226,
    (float32) 33.9183,
    (float32) 33.91309,
    (float32) 33.9069,
    (float32) 33.90021,
    (float32) 33.89319,
    (float32) 33.88799,
    (float32) 33.888012,
    (float32) 33.88641,
    (float32) 33.88809,
    (float32) 33.887512,
    (float32) 33.8842,
    (float32) 33.88111,
    (float32) 33.886288,
    (float32) 33.89941,
    (float32) 33.92299,
    (float32) 33.94399,
    (float32) 33.96059,
    (float32) 33.9741,
    (float32) 33.98689,
    (float32) 33.99429,
    (float32) 34.0017,
    (float32) 34.007812,
    (float32) 34.0142,
    (float32) 34.017788,
    (float32) 34.01911,
    (float32) 34.02089,
    (float32) 34.024387,
    (float32) 34.03259,
    (float32) 34.049088,
    (float32) 34.07089,
    (float32) 34.1018,
    (float32) 34.1442,
    (float32) 34.195488,
    (float32) 34.247612,
    (float32) 34.291588,
    (float32) 34.31099,
    (float32) 34.33211,
    (float32) 34.314888,
    (float32) 34.318813,
    (float32) 34.29851,
    (float32) 34.27369,
    (float32) 34.232388,
    (float32) 34.22021,
    (float32) 34.18869,
    (float32) 34.17749,
    (float32) 34.165188,
    (float32) 34.16229,
    (float32) 34.16511,
    (float32) 34.17221
   },
   ([]float32) (len=360 cap=360) {
    (float32) 34.204712,
    (float32) 34.217987,
    (float32) 34.23651,
    (float32) 34.25671,
    (float32) 34.274,
    (float32) 34.287212,
    (float32) 34.29139,
    (float32) 34.28579,
    (float32) 34.272087,
    (float32) 34.255013,
    (float32) 34.2372,
    (float32) 34.22059,
    (float32) 34.2062,
    (float32) 34.194687,
    (float32) 34.1866,
    (float32) 34.181713,
    (float32) 34.182087,
    (float32) 34.187687,
    (float32) 34.19519,
    (float32) 34.20161,
    (float32) 34.20731,
    (float32) 34.21051,
    (float32) 34.2117,
    (float32) 34.21131,
    (float32) 34.210888,
    (float32) 34.2123,
    (float32) 34.21551,
    (float32) 34.219612,
    (float32) 34.22491,
    (float32) 34.2278,
    (float32) 34.2289,
    (float32) 34.224987,
    (float32) 34.218388,
    (float32) 34.21359,
    (float32) 34.2112,
    (float32) 34.212788,
    (float32) 34.216713,
    (float32) 34.221012,
    (float32) 34.22441,
    (float32) 34.227512,
    (float32) 34.230988,
    (float32) 34.2348,
    (float32) 34.2392,
    (float32) 34.24491,
    (float32) 34.25189,
    (float32) 34.262,
    (float32) 34.27409,
    (float32) 34.28669,
    (float32) 34.298088,
    (float32) 34.30701,
    (float32) 34.310513,
    (float32) 34.310787,
    (float32) 34.306812,
    (float32) 34.29889,
    (float32) 34.28809,
    (float32) 34.274612,
    (float32) 34.261612,
    (float32) 34.248013,
    (float32) 34.2362,
    (float32) 34.22551,
    (float32) 34.216988,
    (float32) 34.2119,
    (float32) 34.21041,
    (float32) 34.21249,
    (float32) 34.21751,
    (float32) 34.22431,
    (float32) 34.23169,
    (float32) 34.23701,
    (float32) 34.239388,
    (float32) 34.23751,
    (float32) 34.231987,
    (float32) 34.22609,
    (float32) 34.21921,
    (float32) 34.211388,
    (float32) 34.20581,
    (float32) 34.200687,
    (float32) 34.1959,
    (float32) 34.1931,
    (float32) 34.18981,
    (float32) 34.185913,
    (float32) 34.180412,
    (float32) 34.1744,
    (float32) 34.16739,
    (float32) 34.16119,
    (float32) 34.1566,
    (float32) 34.151787,
    (float32) 34.14711,
    (float32) 34.1429,
    (float32) 34.137287,
    (float32) 34.1304,
    (float32) 34.1226,
    (float32) 34.114212,
    (float32) 34.1063,
    (float32) 34.09861,
    (float32) 34.09111,
    (float32) 34.083313,
    (float32) 34.073788,
    (float32) 34.058113,
    (float32) 34.037987,
    (float32) 34.008213,
    (float32) 33.968,
    (float32) 33.91441,
    (float32) 33.84929,
    (float32) 33.77671,
    (float32) 33.709312,
    (float32) 9.96921e+36,
    (float32) 9.96921e+36,
    (float32) 9.96921e+36,
    (float32) 9.96921e+36,
    (float32) 9.96921e+36,
    (float32) 9.96921e+36,
    (float32) 9.96921e+36,
    (float32) 32.8651,
    (float32) 33.2273,
    (float32) 33.4521,
    (float32) 33.60981,
    (float32) 33.71471,
    (float32) 33.78219,
    (float32) 33.82651,
    (float32) 33.87409,
    (float32) 9.96921e+36,
    (float32) 9.96921e+36,
    (float32) 34.1651,
    (float32) 34.0971,
    (float32) 34.082413,
    (float32) 34.08069,
    (float32) 34.08209,
    (float32) 34.08149,
    (float32) 34.0774,
    (float32) 34.067513,
    (float32) 34.05191,
    (float32) 34.030388,
    (float32) 34.00329,
    (float32) 33.97201,
    (float32) 33.93979,
    (float32) 33.90821,
    (float32) 33.88129,
    (float32) 33.856388,
    (float32) 33.835888,
    (float32) 33.819187,
    (float32) 33.810913,
    (float32) 33.801712,
    (float32) 33.79459,
    (float32) 33.789513,
    (float32) 33.80389,
    (float32) 33.832287,
    (float32) 33.85589,
    (float32) 33.8745,
    (float32) 33.88899,
    (float32) 33.89809,
    (float32) 33.90529,
    (float32) 33.90921,
    (float32) 33.91001,
    (float32) 33.9055,
    (float32) 33.8988,
    (float32) 33.88899,
    (float32) 33.87691,
    (float32) 33.866688,
    (float32) 33.857113,
    (float32) 33.846188,
    (float32) 33.8364,
    (float32) 33.82431,
    (float32) 33.8249,
    (float32) 33.822212,
    (float32) 33.8179,
    (float32) 33.81691,
    (float32) 33.80809,
    (float32) 33.81649,
    (float32) 33.80891,
    (float32) 33.809788,
    (float32) 33.81199,
    (float32) 33.81699,
    (float32) 33.82319,
    (float32) 33.82991,
    (float32) 33.83531,
    (float32) 33.83899,
    (float32) 33.838688,
    (float32) 33.8397,
    (float32) 33.8403,
    (float32) 33.84111,
    (float32) 33.84251,
    (float32) 33.84701,
    (float32) 33.85149,
    (float32) 33.8582,
    (float32) 33.86871,
    (float32) 33.88099,
    (float32) 33.89431,
    (float32) 33.91129,
    (float32) 33.92759,
    (float32) 33.94339,
    (float32) 33.95711,
    (float32) 33.97071,
    (float32) 33.9847,
    (float32) 33.99799,
    (float32) 34.009113,
    (float32) 34.0163,
    (float32) 34.0184,
    (float32) 34.018013,
    (float32) 34.015587,
    (float32) 34.01651,
    (float32) 34.01511,
    (float32) 34.016212,
    (float32) 34.0181,
    (float32) 34.016987,
    (float32) 34.017788,
    (float32) 34.015312,
    (float32) 34.009487,
    (float32) 33.99769,
    (float32) 33.98291,
    (float32) 33.96551,
    (float32) 33.94909,
    (float32) 33.935688,
    (float32) 33.926388,
    (float32) 33.92119,
    (float32) 33.91739,
    (float32) 33.916588,
    (float32) 33.91729,
    (float32) 33.9205,
    (float32) 33.92759,
    (float32) 33.934612,
    (float32) 33.9414,
    (float32) 33.945713,
    (float32) 33.948513,
    (float32) 33.947712,
    (float32) 33.945488,
    (float32) 33.9407,
    (float32) 33.932987,
    (float32) 33.9246,
    (float32) 33.9172,
    (float32) 33.910812,
    (float32) 33.90629,
    (float32) 33.90059,
    (float32) 33.8949,
    (float32) 33.89,
    (float32) 33.88669,
    (float32) 33.884712,
    (float32) 33.885212,
    (float32) 33.88571,
    (float32) 33.8863,
    (float32) 33.885387,
    (float32) 33.884987,
    (float32) 33.884388,
    (float32) 33.881687,
    (float32) 33.878788,
    (float32) 33.87501,
    (float32) 33.8718,
    (float32) 33.86989,
    (float32) 33.87051,
    (float32) 33.875187,
    (float32) 33.882587,
    (float32) 33.88369,
    (float32) 33.8768,
    (float32) 33.86939,
    (float32) 33.8631,
    (float32) 33.857788,
    (float32) 33.8538,
    (float32) 33.8516,
    (float32) 33.85159,
    (float32) 33.85311,
    (float32) 33.8567,
    (float32) 33.86279,
    (float32) 33.870712,
    (float32) 33.87989,
    (float32) 33.88861,
    (float32) 33.89601,
    (float32) 33.90099,
    (float32) 33.90361,
    (float32) 33.90311,
    (float32) 33.902187,
    (float32) 33.89741,
    (float32) 33.891212,
    (float32) 33.88361,
    (float32) 33.87591,
    (float32) 33.8684,
    (float32) 33.86441,
    (float32) 33.86381,
    (float32) 33.867287,
    (float32) 33.872887,
    (float32) 33.8782,
    (float32) 33.88251,
    (float32) 33.88549,
    (float32) 33.88939,
    (float32) 33.89269,
    (float32) 33.89551,
    (float32) 33.89719,
    (float32) 33.897312,
    (float32) 33.89641,
    (float32) 33.893612,
    (float32) 33.89019,
    (float32) 33.88731,
    (float32) 33.88631,
    (float32) 33.88469,
    (float32) 33.8846,
    (float32) 33.88441,
    (float32) 33.88429,
    (float32) 33.88469,
    (float32) 33.885612,
    (float32) 33.88731,
    (float32) 33.89089,
    (float32) 33.8973,
    (float32) 33.90749,
    (float32) 33.920612,
    (float32) 33.93499,
    (float32) 33.948013,
    (float32) 33.95861,
    (float32) 33.96639,
    (float32) 33.971813,
    (float32) 33.9744,
    (float32) 33.974987,
    (float32) 33.973488,
    (float32) 33.97039,
    (float32) 33.96539,
    (float32) 33.9586,
    (float32) 33.9503,
    (float32) 33.94239,
    (float32) 33.9348,
    (float32) 33.92921,
    (float32) 33.93219,
    (float32) 33.938812,
    (float32) 33.94779,
    (float32) 33.95319,
    (float32) 33.956913,
    (float32) 33.962513,
    (float32) 33.97391,
    (float32) 33.988087,
    (float32) 34.014313,
    (float32) 34.03801,
    (float32) 34.057487,
    (float32) 34.07191,
    (float32) 34.08279,
    (float32) 34.09229,
    (float32) 34.099613,
    (float32) 34.106487,
    (float32) 34.11171,
    (float32) 34.11341,
    (float32) 34.11519,
    (float32) 34.120087,
    (float32) 34.127,
    (float32) 34.1371,
    (float32) 34.152588,
    (float32) 34.17651,
    (float32) 34.203213,
    (float32) 34.2406,
    (float32) 34.2835,
    (float32) 34.3278,
    (float32) 34.36459,
    (float32) 34.3842,
    (float32) 34.387012,
    (float32) 34.377113,
    (float32) 34.35709,
    (float32) 34.33091,
    (float32) 34.2883,
    (float32) 34.25959,
    (float32) 34.24249,
    (float32) 34.21781,
    (float32) 34.198013,
    (float32) 34.18561,
    (float32) 34.1811,
    (float32) 34.18409,
    (float32) 34.19321
   },
   ([]float32) (len=360 cap=360) {
    (float32) 34.222088,
    (float32) 34.2422,
    (float32) 34.2656,
    (float32) 34.294,
    (float32) 34.32089,
    (float32) 34.341213,
    (float32) 34.35051,
    (float32) 34.34969,
    (float32) 34.34,
    (float32) 34.32549,
    (float32) 34.30879,
    (float32) 34.2927,
    (float32) 34.2785,
    (float32) 34.266388,
    (float32) 34.255688,
    (float32) 34.252388,
    (float32) 34.254013,
    (float32) 34.26031,
    (float32) 34.27001,
    (float32) 34.28091,
    (float32) 34.290688,
    (float32) 34.29789,
    (float32) 34.30331,
    (float32) 34.30599,
    (float32) 34.3079,
    (float32) 34.31021,
    (float32) 34.3137,
    (float32) 34.31671,
    (float32) 34.31971,
    (float32) 34.32029,
    (float32) 34.318813,
    (float32) 34.31301,
    (float32) 34.3051,
    (float32) 34.29849,
    (float32) 34.29619,
    (float32) 34.29681,
    (float32) 34.30091,
    (float32) 34.304287,
    (float32) 34.306313,
    (float32) 34.30909,
    (float32) 34.3097,
    (float32) 34.31201,
    (float32) 34.31451,
    (float32) 34.316612,
    (float32) 34.32029,
    (float32) 34.3255,
    (float32) 34.3333,
    (float32) 34.340813,
    (float32) 34.347813,
    (float32) 34.34969,
    (float32) 34.32969,
    (float32) 34.32371,
    (float32) 34.32941,
    (float32) 34.323612,
    (float32) 34.311413,
    (float32) 34.297787,
    (float32) 34.28349,
    (float32) 34.2708,
    (float32) 34.258087,
    (float32) 34.246887,
    (float32) 34.237812,
    (float32) 34.23181,
    (float32) 34.22739,
    (float32) 34.22711,
    (float32) 34.22979,
    (float32) 34.23439,
    (float32) 34.23951,
    (float32) 34.24249,
    (float32) 34.24171,
    (float32) 34.23779,
    (float32) 34.231213,
    (float32) 34.2267,
    (float32) 34.218388,
    (float32) 34.209312,
    (float32) 34.19841,
    (float32) 34.19181,
    (float32) 34.18639,
    (float32) 34.18351,
    (float32) 34.1778,
    (float32) 34.17199,
    (float32) 34.167088,
    (float32) 34.1608,
    (float32) 34.15439,
    (float32) 34.149,
    (float32) 34.141613,
    (float32) 34.13631,
    (float32) 34.13201,
    (float32) 34.1267,
    (float32) 34.120487,
    (float32) 34.1127,
    (float32) 34.10399,
    (float32) 34.09381,
    (float32) 34.0856,
    (float32) 34.07779,
    (float32) 34.06961,
    (float32) 34.062412,
    (float32) 34.050888,
    (float32) 34.036213,
    (float32) 34.012,
    (float32) 33.97879,
    (float32) 33.92961,
    (float32) 33.866188,
    (float32) 33.78681,
    (float32) 33.69239,
    (float32) 33.59281,
    (float32) 9.96921e+36,
    (float32) 9.96921e+36,
    (float32) 9.96921e+36,
    (float32) 9.96921e+36,
    (float32) 9.96921e+36,
    (float32) 9.96921e+36,
    (float32) 9.96921e+36,
    (float32) 32.81019,
    (float32) 33.14611,
    (float32) 33.36301,
    (float32) 33.515312,
    (float32) 33.63061,
    (float32) 33.70289,
    (float32) 33.7172,
    (float32) 9.96921e+36,
    (float32) 9.96921e+36,
    (float32) 9.96921e+36,
    (float32) 9.96921e+36,
    (float32) 34.03359,
    (float32) 34.0678,
    (float32) 34.08401,
    (float32) 34.09519,
    (float32) 34.1032,
    (float32) 34.106388,
    (float32) 34.10359,
    (float32) 34.094612,
    (float32) 34.07869,
    (float32) 34.05539,
    (float32) 34.02549,
    (float32) 33.99099,
    (float32) 33.955887,
    (float32) 33.92189,
    (float32) 33.89321,
    (float32) 33.86861,
    (float32) 33.848812,
    (float32) 33.8354,
    (float32) 33.82601,
    (float32) 33.82231,
    (float32) 33.82181,
    (float32) 33.8291,
    (float32) 33.84229,
    (float32) 33.8558,
    (float32) 33.86801,
    (float32) 33.87731,
    (float32) 33.88389,
    (float32) 33.88789,
    (float32) 33.890587,
    (float32) 33.89079,
    (float32) 33.88929,
    (float32) 33.88641,
    (float32) 33.881687,
    (float32) 33.8757,
    (float32) 33.86839,
    (float32) 33.8629,
    (float32) 33.85589,
    (float32) 33.84561,
    (float32) 33.831787,
    (float32) 33.8285,
    (float32) 33.81949,
    (float32) 33.813988,
    (float32) 33.81041,
    (float32) 33.8095,
    (float32) 33.8084,
    (float32) 33.8021,
    (float32) 33.8045,
    (float32) 33.810112,
    (float32) 33.8173,
    (float32) 33.824512,
    (float32) 33.83199,
    (float32) 33.83681,
    (float32) 33.837112,
    (float32) 33.83419,
    (float32) 33.831287,
    (float32) 33.82819,
    (float32) 33.827312,
    (float32) 33.825912,
    (float32) 33.829388,
    (float32) 33.829388,
    (float32) 33.83321,
    (float32) 33.838413,
    (float32) 33.84491,
    (float32) 33.85579,
    (float32) 33.86731,
    (float32) 33.87891,
    (float32) 33.893,
    (float32) 33.905212,
    (float32) 33.91679,
    (float32) 33.9293,
    (float32) 33.94231,
    (float32) 33.95381,
    (float32) 33.96001,
    (float32) 33.9629,
    (float32) 33.96221,
    (float32) 33.96321,
    (float32) 33.96371,
    (float32) 33.96449,
    (float32) 33.96859,
    (float32) 33.9746,
    (float32) 33.97641,
    (float32) 33.980988,
    (float32) 33.98101,
    (float32) 33.97721,
    (float32) 33.968388,
    (float32) 33.9558,
    (float32) 33.940613,
    (float32) 33.925587,
    (float32) 33.91391,
    (float32) 33.9079,
    (float32) 33.9038,
    (float32) 33.9025,
    (float32) 33.901913,
    (float32) 33.90321,
    (float32) 33.9069,
    (float32) 33.91291,
    (float32) 33.91909,
    (float32) 33.9252,
    (float32) 33.92809,
    (float32) 33.92931,
    (float32) 33.92709,
    (float32) 33.924488,
    (float32) 33.9192,
    (float32) 33.91191,
    (float32) 33.90479,
    (float32) 33.89691,
    (float32) 33.89159,
    (float32) 33.88599,
    (float32) 33.87949,
    (float32) 33.87281,
    (float32) 33.86661,
    (float32) 33.86129,
    (float32) 33.8555,
    (float32) 33.85791,
    (float32) 33.858288,
    (float32) 33.858387,
    (float32) 33.85791,
    (float32) 33.859688,
    (float32) 33.86099,
    (float32) 33.862213,
    (float32) 33.861187,
    (float32) 33.85731,
    (float32) 33.85461,
    (float32) 33.85339,
    (float32) 33.85629,
    (float32) 33.8681,
    (float32) 33.89229,
    (float32) 33.89779,
    (float32) 33.88071,
    (float32) 33.86901,
    (float32) 33.86089,
    (float32) 33.85371,
    (float32) 33.84701,
    (float32) 33.84091,
    (float32) 33.83581,
    (float32) 33.83311,
    (float32) 33.83299,
    (float32) 33.83741,
    (float32) 33.84511,
    (float32) 33.85569,
    (float32) 33.86689,
    (float32) 33.87759,
    (float32) 33.88621,
    (float32) 33.89129,
    (float32) 33.8964,
    (float32) 33.89969,
    (float32) 33.90131,
    (float32) 33.89689,
    (float32) 33.890312,
    (float32) 33.88261,
    (float32) 33.87451,
    (float32) 33.86979,
    (float32) 33.86571,
    (float32) 33.87011,
    (float32) 33.87389,
    (float32) 33.878113,
    (float32) 33.88199,
    (float32) 33.88529,
    (float32) 33.88961,
    (float32) 33.894913,
    (float32) 33.899887,
    (float32) 33.9037,
    (float32) 33.90579,
    (float32) 33.90719,
    (float32) 33.906387,
    (float32) 33.906887,
    (float32) 33.904987,
    (float32) 33.9044,
    (float32) 33.90529,
    (float32) 33.906887,
    (float32) 33.909187,
    (float32) 33.90979,
    (float32) 33.9114,
    (float32) 33.91421,
    (float32) 33.918488,
    (float32) 33.92379,
    (float32) 33.9332,
    (float32) 33.947712,
    (float32) 33.96669,
    (float32) 33.9872,
    (float32) 34.00581,
    (float32) 34.020687,
    (float32) 34.03131,
    (float32) 34.039013,
    (float32) 34.04329,
    (float32) 34.045387,
    (float32) 34.04479,
    (float32) 34.041687,
    (float32) 34.035812,
    (float32) 34.02749,
    (float32) 34.018112,
    (float32) 34.00959,
    (float32) 34.00301,
    (float32) 34.0014,
    (float32) 34.00649,
    (float32) 34.02061,
    (float32) 34.034912,
    (float32) 34.0475,
    (float32) 34.057587,
    (float32) 34.068512,
    (float32) 34.0831,
    (float32) 34.1029,
    (float32) 34.12719,
    (float32) 34.151,
    (float32) 34.17281,
    (float32) 34.188587,
    (float32) 34.20089,
    (float32) 34.21079,
    (float32) 34.2195,
    (float32) 34.22559,
    (float32) 34.22929,
    (float32) 34.231987,
    (float32) 34.23359,
    (float32) 34.234787,
    (float32) 34.23881,
    (float32) 34.251713,
    (float32) 34.26329,
    (float32) 34.28439,
    (float32) 34.30361,
    (float32) 34.32931,
    (float32) 34.361088,
    (float32) 34.39601,
    (float32) 34.42159,
    (float32) 34.43421,
    (float32) 34.429012,
    (float32) 34.410713,
    (float32) 34.38429,
    (float32) 34.344112,
    (float32) 34.31859,
    (float32) 34.28751,
    (float32) 34.25391,
    (float32) 34.23439,
    (float32) 34.214912,
    (float32) 34.20179,
    (float32) 34.19569,
    (float32) 34.1978,
    (float32) 34.2083
   },
   ([]float32) (len=360 cap=360) {
    (float32) 34.238987,
    (float32) 34.265987,
    (float32) 34.29761,
    (float32) 34.333313,
    (float32) 34.3688,
    (float32) 34.398487,
    (float32) 34.414387,
    (float32) 34.41931,
    (float32) 34.41471,
    (float32) 34.40389,
    (float32) 34.38939,
    (float32) 34.3745,
    (float32) 34.360588,
    (float32) 34.34779,
    (float32) 34.337288,
    (float32) 34.330013,
    (float32) 34.32909,
    (float32) 34.332188,
    (float32) 34.34319,
    (float32) 34.354687,
    (float32) 34.366188,
    (float32) 34.376,
    (float32) 34.38229,
    (float32) 34.38531,
    (float32) 34.38861,
    (float32) 34.3907,
    (float32) 34.392513,
    (float32) 34.39369,
    (float32) 34.3951,
    (float32) 34.39349,
    (float32) 34.39011,
    (float32) 34.383587,
    (float32) 34.37629,
    (float32) 34.36969,
    (float32) 34.36571,
    (float32) 34.3655,
    (float32) 34.36739,
    (float32) 34.36851,
    (float32) 34.37129,
    (float32) 34.3711,
    (float32) 34.3702,
    (float32) 34.36731,
    (float32) 34.365887,
    (float32) 34.36451,
    (float32) 34.365387,
    (float32) 34.366013,
    (float32) 34.3678,
    (float32) 34.37041,
    (float32) 34.37101,
    (float32) 34.36711,
    (float32) 34.32791,
    (float32) 34.322388,
    (float32) 34.318287,
    (float32) 34.33049,
    (float32) 34.318012,
    (float32) 34.306187,
    (float32) 34.294388,
    (float32) 34.2833,
    (float32) 34.2719,
    (float32) 34.26081,
    (float32) 34.25169,
    (float32) 34.24451,
    (float32) 34.239788,
    (float32) 34.2357,
    (float32) 34.2361,
    (float32) 34.2352,
    (float32) 34.2378,
    (float32) 34.2392,
    (float32) 34.23551,
    (float32) 34.22871,
    (float32) 34.219612,
    (float32) 34.20991,
    (float32) 34.200188,
    (float32) 34.194,
    (float32) 34.18589,
    (float32) 34.17799,
    (float32) 34.17141,
    (float32) 34.16601,
    (float32) 34.160587,
    (float32) 34.155113,
    (float32) 34.152187,
    (float32) 34.1445,
    (float32) 34.137787,
    (float32) 34.130688,
    (float32) 34.124287,
    (float32) 34.11821,
    (float32) 34.11351,
    (float32) 34.10691,
    (float32) 34.100887,
    (float32) 34.093212,
    (float32) 34.083187,
    (float32) 34.07381,
    (float32) 34.0652,
    (float32) 34.05801,
    (float32) 34.05209,
    (float32) 34.04451,
    (float32) 34.03409,
    (float32) 34.020187,
    (float32) 33.99669,
    (float32) 33.96029,
    (float32) 33.907387,
    (float32) 33.832813,
    (float32) 33.74131,
    (float32) 33.61571,
    (float32) 33.37919,
    (float32) 9.96921e+36,
    (float32) 9.96921e+36,
    (float32) 9.96921e+36,
    (float32) 9.96921e+36,
    (float32) 9.96921e+36,
    (float32) 9.96921e+36,
    (float32) 9.96921e+36,
    (float32) 33.128887,
    (float32) 33.19551,
    (float32) 33.327087,
    (float32) 33.466713,
    (float32) 33.58251,
    (float32) 33.678913,
    (float32) 33.76261,
    (float32) 33.89901,
    (float32) 33.966213,
    (float32) 33.98091,
    (float32) 33.99239,
    (float32) 34.04081,
    (float32) 34.072613,
    (float32) 34.09441,
    (float32) 34.11189,
    (float32) 34.1262,
    (float32) 34.136787,
    (float32) 34.1426,
    (float32) 34.14271,
    (float32) 34.13609,
    (float32) 34.1181,
    (float32) 34.096188,
    (float32) 34.062912,
    (float32) 34.022713,
    (float32) 33.99221,
    (float32) 33.960213,
    (float32) 33.933887,
    (float32) 33.912987,
    (float32) 33.89689,
    (float32) 33.886913,
    (float32) 33.879913,
    (float32) 33.875412,
    (float32) 33.87409,
    (float32) 33.875412,
    (float32) 33.87891,
    (float32) 33.88211,
    (float32) 33.8853,
    (float32) 33.8871,
    (float32) 33.88829,
    (float32) 33.88871,
    (float32) 33.88849,
    (float32) 33.88721,
    (float32) 33.88491,
    (float32) 33.88229,
    (float32) 33.880413,
    (float32) 33.87579,
    (float32) 33.87361,
    (float32) 33.86789,
    (float32) 33.85791,
    (float32) 33.84739,
    (float32) 33.83529,
    (float32) 33.823612,
    (float32) 33.81341,
    (float32) 33.80109,
    (float32) 33.8008,
    (float32) 33.79731,
    (float32) 33.79179,
    (float32) 33.79901,
    (float32) 33.80119,
    (float32) 33.8103,
    (float32) 33.81949,
    (float32) 33.8272,
    (float32) 33.8332,
    (float32) 33.833088,
    (float32) 33.8322,
    (float32) 33.8247,
    (float32) 33.821987,
    (float32) 33.817913,
    (float32) 33.81709,
    (float32) 33.816887,
    (float32) 33.81761,
    (float32) 33.819088,
    (float32) 33.81899,
    (float32) 33.82159,
    (float32) 33.821487,
    (float32) 33.828087,
    (float32) 33.83641,
    (float32) 33.84679,
    (float32) 33.85741,
    (float32) 33.86709,
    (float32) 33.877487,
    (float32) 33.88809,
    (float32) 33.89809,
    (float32) 33.90139,
    (float32) 33.89981,
    (float32) 33.901287,
    (float32) 33.90021,
    (float32) 33.90429,
    (float32) 33.90559,
    (float32) 33.91241,
    (float32) 33.91841,
    (float32) 33.925888,
    (float32) 33.931713,
    (float32) 33.9348,
    (float32) 33.93381,
    (float32) 33.92911,
    (float32) 33.920513,
    (float32) 33.91021,
    (float32) 33.899387,
    (float32) 33.891487,
    (float32) 33.88739,
    (float32) 33.885387,
    (float32) 33.8851,
    (float32) 33.883312,
    (float32) 33.8834,
    (float32) 33.8861,
    (float32) 33.889812,
    (float32) 33.89461,
    (float32) 33.8989,
    (float32) 33.900513,
    (float32) 33.90031,
    (float32) 33.89851,
    (float32) 33.8962,
    (float32) 33.8936,
    (float32) 33.88899,
    (float32) 33.88409,
    (float32) 33.879013,
    (float32) 33.87471,
    (float32) 33.86929,
    (float32) 33.86129,
    (float32) 33.85009,
    (float32) 33.84049,
    (float32) 33.82779,
    (float32) 33.82341,
    (float32) 33.81929,
    (float32) 33.822487,
    (float32) 33.8218,
    (float32) 33.82521,
    (float32) 33.828087,
    (float32) 33.827213,
    (float32) 33.8292,
    (float32) 33.82991,
    (float32) 33.82929,
    (float32) 33.827713,
    (float32) 33.8273,
    (float32) 33.8302,
    (float32) 33.8485,
    (float32) 33.92059,
    (float32) 33.932713,
    (float32) 33.873512,
    (float32) 33.85569,
    (float32) 33.84789,
    (float32) 33.840687,
    (float32) 33.83279,
    (float32) 33.824512,
    (float32) 33.8173,
    (float32) 33.81201,
    (float32) 33.810688,
    (float32) 33.81481,
    (float32) 33.82381,
    (float32) 33.837387,
    (float32) 33.85261,
    (float32) 33.86801,
    (float32) 33.881012,
    (float32) 33.89269,
    (float32) 33.90489,
    (float32) 33.911587,
    (float32) 33.918087,
    (float32) 33.91661,
    (float32) 33.91021,
    (float32) 33.900288,
    (float32) 33.89159,
    (float32) 33.88289,
    (float32) 33.878788,
    (float32) 33.878113,
    (float32) 33.882713,
    (float32) 33.88451,
    (float32) 33.88949,
    (float32) 33.894913,
    (float32) 33.90049,
    (float32) 33.9095,
    (float32) 33.91751,
    (float32) 33.92511,
    (float32) 33.9315,
    (float32) 33.93681,
    (float32) 33.940212,
    (float32) 33.94589,
    (float32) 33.946613,
    (float32) 33.94869,
    (float32) 33.95199,
    (float32) 33.95599,
    (float32) 33.9606,
    (float32) 33.96459,
    (float32) 33.96891,
    (float32) 33.9738,
    (float32) 33.9815,
    (float32) 33.98779,
    (float32) 33.998512,
    (float32) 34.0155,
    (float32) 34.03751,
    (float32) 34.06211,
    (float32) 34.08559,
    (float32) 34.1045,
    (float32) 34.118813,
    (float32) 34.12859,
    (float32) 34.135387,
    (float32) 34.139088,
    (float32) 34.1393,
    (float32) 34.13531,
    (float32) 34.12881,
    (float32) 34.11989,
    (float32) 34.11171,
    (float32) 34.10231,
    (float32) 34.09749,
    (float32) 34.0991,
    (float32) 34.1085,
    (float32) 34.125813,
    (float32) 34.145912,
    (float32) 34.16371,
    (float32) 34.1784,
    (float32) 34.19171,
    (float32) 34.206512,
    (float32) 34.22491,
    (float32) 34.245087,
    (float32) 34.27051,
    (float32) 34.293587,
    (float32) 34.3114,
    (float32) 34.32621,
    (float32) 34.33819,
    (float32) 34.34651,
    (float32) 34.35071,
    (float32) 34.352787,
    (float32) 34.35331,
    (float32) 34.35421,
    (float32) 34.354687,
    (float32) 34.353912,
    (float32) 34.3635,
    (float32) 34.36989,
    (float32) 34.38341,
    (float32) 34.395687,
    (float32) 34.41001,
    (float32) 34.432087,
    (float32) 34.45671,
    (float32) 34.47351,
    (float32) 34.47761,
    (float32) 34.465588,
    (float32) 34.440113,
    (float32) 34.4059,
    (float32) 34.3681,
    (float32) 34.33239,
    (float32) 34.2955,
    (float32) 34.27379,
    (float32) 34.24849,
    (float32) 34.22781,
    (float32) 34.21371,
    (float32) 34.207188,
    (float32) 34.209587,
    (float32) 34.221012
   },
   ([]float32) (len=360 cap=360) {
    (float32) 34.255688,
    (float32) 34.287613,
    (float32) 34.32909,
    (float32) 34.374588,
    (float32) 34.42211,
    (float32) 34.460712,
    (float32) 34.487087,
    (float32) 34.496887,
    (float32) 34.49699,
    (float32) 34.488487,
    (float32) 34.475388,
    (float32) 34.460987,
    (float32) 34.44669,
    (float32) 34.43391,
    (float32) 34.4205,
    (float32) 34.40999,
    (float32) 34.40419,
    (float32) 34.405113,
    (float32) 34.40881,
    (float32) 34.4172,
    (float32) 34.426113,
    (float32) 34.43519,
    (float32) 34.441113,
    (float32) 34.44261,
    (float32) 34.44539,
    (float32) 34.444912,
    (float32) 34.44601,
    (float32) 34.44611,
    (float32) 34.444,
    (float32) 34.44099,
    (float32) 34.43631,
    (float32) 34.43029,
    (float32) 34.42329,
    (float32) 34.415913,
    (float32) 34.4111,
    (float32) 34.40899,
    (float32) 34.40881,
    (float32) 34.40949,
    (float32) 34.40899,
    (float32) 34.40489,
    (float32) 34.40299,
    (float32) 34.39831,
    (float32) 34.39231,
    (float32) 34.3872,
    (float32) 34.38279,
    (float32) 34.3789,
    (float32) 34.37651,
    (float32) 34.3743,
    (float32) 34.37181,
    (float32) 34.36521,
    (float32) 34.3566,
    (float32) 34.3446,
    (float32) 34.33379,
    (float32) 34.32269,
    (float32) 34.31089,
    (float32) 34.301,
    (float32) 34.291813,
    (float32) 34.28321,
    (float32) 34.2741,
    (float32) 34.26309,
    (float32) 34.256187,
    (float32) 34.249012,
    (float32) 34.24351,
    (float32) 34.23841,
    (float32) 34.23291,
    (float32) 34.231487,
    (float32) 34.22971,
    (float32) 34.22781,
    (float32) 34.22151,
    (float32) 34.21299,
    (float32) 34.20279,
    (float32) 34.1922,
    (float32) 34.181812,
    (float32) 34.17249,
    (float32) 34.16449,
    (float32) 34.157,
    (float32) 34.150913,
    (float32) 34.14741,
    (float32) 34.140488,
    (float32) 34.1357,
    (float32) 34.130688,
    (float32) 34.12529,
    (float32) 34.120087,
    (float32) 34.111687,
    (float32) 34.10499,
    (float32) 34.098087,
    (float32) 34.092087,
    (float32) 34.085987,
    (float32) 34.0801,
    (float32) 34.07169,
    (float32) 34.0623,
    (float32) 34.054688,
    (float32) 34.046013,
    (float32) 34.0388,
    (float32) 34.03381,
    (float32) 34.02939,
    (float32) 34.0203,
    (float32) 34.007587,
    (float32) 33.98481,
    (float32) 33.946987,
    (float32) 33.8925,
    (float32) 33.81469,
    (float32) 33.7278,
    (float32) 33.65109,
    (float32) 9.96921e+36,
    (float32) 9.96921e+36,
    (float32) 9.96921e+36,
    (float32) 9.96921e+36,
    (float32) 9.96921e+36,
    (float32) 9.96921e+36,
    (float32) 9.96921e+36,
    (float32) 9.96921e+36,
    (float32) 9.96921e+36,
    (float32) 33.164013,
    (float32) 33.29419,
    (float32) 33.42691,
    (float32) 33.549988,
    (float32) 33.657387,
    (float32) 33.757587,
    (float32) 33.860413,
    (float32) 33.937,
    (float32) 33.98739,
    (float32) 34.02681,
    (float32) 34.0666,
    (float32) 34.0974,
    (float32) 34.1218,
    (float32) 34.142887,
    (float32) 34.16229,
    (float32) 34.17961,
    (float32) 34.1939,
    (float32) 34.20459,
    (float32) 34.209087,
    (float32) 34.202587,
    (float32) 34.1835,
    (float32) 34.15401,
    (float32) 34.12381,
    (float32) 34.089188,
    (float32) 34.0609,
    (float32) 34.03489,
    (float32) 34.01399,
    (float32) 33.99769,
    (float32) 33.984413,
    (float32) 33.972813,
    (float32) 33.9598,
    (float32) 33.949688,
    (float32) 33.938713,
    (float32) 33.9293,
    (float32) 33.92249,
    (float32) 33.917713,
    (float32) 33.91409,
    (float32) 33.911213,
    (float32) 33.90951,
    (float32) 33.90789,
    (float32) 33.905888,
    (float32) 33.9026,
    (float32) 33.8992,
    (float32) 33.89661,
    (float32) 33.895687,
    (float32) 33.89551,
    (float32) 33.891487,
    (float32) 33.88351,
    (float32) 33.87079,
    (float32) 33.8544,
    (float32) 33.83909,
    (float32) 33.82359,
    (float32) 33.80909,
    (float32) 33.798687,
    (float32) 33.792187,
    (float32) 33.7902,
    (float32) 33.79161,
    (float32) 33.798313,
    (float32) 33.80529,
    (float32) 33.81641,
    (float32) 33.82611,
    (float32) 33.83261,
    (float32) 33.834312,
    (float32) 33.83131,
    (float32) 33.826313,
    (float32) 33.82241,
    (float32) 33.81961,
    (float32) 33.81849,
    (float32) 33.817787,
    (float32) 33.81609,
    (float32) 33.81319,
    (float32) 33.8085,
    (float32) 33.80751,
    (float32) 33.80599,
    (float32) 33.80841,
    (float32) 33.81249,
    (float32) 33.818188,
    (float32) 33.826088,
    (float32) 33.83569,
    (float32) 33.84381,
    (float32) 33.8504,
    (float32) 33.856712,
    (float32) 33.85709,
    (float32) 33.85669,
    (float32) 33.853687,
    (float32) 33.85119,
    (float32) 33.85149,
    (float32) 33.85451,
    (float32) 33.860188,
    (float32) 33.86739,
    (float32) 33.87619,
    (float32) 33.884987,
    (float32) 33.891888,
    (float32) 33.894787,
    (float32) 33.89481,
    (float32) 33.89169,
    (float32) 33.88669,
    (float32) 33.8817,
    (float32) 33.878113,
    (float32) 33.8761,
    (float32) 33.87451,
    (float32) 33.872787,
    (float32) 33.8686,
    (float32) 33.86549,
    (float32) 33.86341,
    (float32) 33.86291,
    (float32) 33.8634,
    (float32) 33.863888,
    (float32) 33.86381,
    (float32) 33.863087,
    (float32) 33.86279,
    (float32) 33.86369,
    (float32) 33.86481,
    (float32) 33.864788,
    (float32) 33.86451,
    (float32) 33.863888,
    (float32) 33.86161,
    (float32) 33.85539,
    (float32) 33.839413,
    (float32) 33.824013,
    (float32) 33.805187,
    (float32) 33.792988,
    (float32) 33.78921,
    (float32) 33.779087,
    (float32) 33.7775,
    (float32) 33.78311,
    (float32) 33.78831,
    (float32) 33.78909,
    (float32) 33.7867,
    (float32) 33.781788,
    (float32) 33.783188,
    (float32) 33.786312,
    (float32) 33.7874,
    (float32) 33.78661,
    (float32) 33.78289,
    (float32) 33.774113,
    (float32) 9.96921e+36,
    (float32) 9.96921e+36,
    (float32) 33.82089,
    (float32) 33.82509,
    (float32) 33.827713,
    (float32) 33.82499,
    (float32) 33.81861,
    (float32) 33.81109,
    (float32) 33.80381,
    (float32) 33.7982,
    (float32) 33.79709,
    (float32) 33.802513,
    (float32) 33.8146,
    (float32) 33.83249,
    (float32) 33.85361,
    (float32) 33.87589,
    (float32) 33.8967,
    (float32) 33.912712,
    (float32) 33.9288,
    (float32) 33.94219,
    (float32) 33.95269,
    (float32) 33.95469,
    (float32) 33.94411,
    (float32) 33.93229,
    (float32) 33.9192,
    (float32) 33.90999,
    (float32) 33.907013,
    (float32) 33.90069,
    (float32) 33.90061,
    (float32) 33.905613,
    (float32) 33.910313,
    (float32) 33.92099,
    (float32) 33.93039,
    (float32) 33.944313,
    (float32) 33.957012,
    (float32) 33.9699,
    (float32) 33.98201,
    (float32) 33.99391,
    (float32) 34.001312,
    (float32) 34.01169,
    (float32) 34.02049,
    (float32) 34.015,
    (float32) 34.03109,
    (float32) 34.038387,
    (float32) 34.04689,
    (float32) 34.055813,
    (float32) 34.061913,
    (float32) 34.068413,
    (float32) 34.0765,
    (float32) 34.08501,
    (float32) 34.09511,
    (float32) 34.111088,
    (float32) 34.132313,
    (float32) 34.1575,
    (float32) 34.18229,
    (float32) 34.203712,
    (float32) 34.22039,
    (float32) 34.232788,
    (float32) 34.2412,
    (float32) 34.24631,
    (float32) 34.24591,
    (float32) 34.2424,
    (float32) 34.2337,
    (float32) 34.22809,
    (float32) 34.21919,
    (float32) 34.21281,
    (float32) 34.20821,
    (float32) 34.212013,
    (float32) 34.224613,
    (float32) 34.244987,
    (float32) 34.2681,
    (float32) 34.288612,
    (float32) 34.304188,
    (float32) 34.31719,
    (float32) 34.330788,
    (float32) 34.34799,
    (float32) 34.367287,
    (float32) 34.38789,
    (float32) 34.4116,
    (float32) 34.431713,
    (float32) 34.45089,
    (float32) 34.4626,
    (float32) 34.4704,
    (float32) 34.47161,
    (float32) 34.470413,
    (float32) 34.4671,
    (float32) 34.46359,
    (float32) 34.463688,
    (float32) 34.462788,
    (float32) 34.4619,
    (float32) 34.46661,
    (float32) 34.4714,
    (float32) 34.4782,
    (float32) 34.48901,
    (float32) 34.50219,
    (float32) 34.51909,
    (float32) 34.53101,
    (float32) 34.5301,
    (float32) 34.510212,
    (float32) 34.4745,
    (float32) 34.42849,
    (float32) 34.3837,
    (float32) 34.34671,
    (float32) 34.313488,
    (float32) 34.28669,
    (float32) 34.263687,
    (float32) 34.243813,
    (float32) 34.22859,
    (float32) 34.2213,
    (float32) 34.22171,
    (float32) 34.233788
   },
   ([]float32) (len=360 cap=360) {
    (float32) 34.28091,
    (float32) 34.319687,
    (float32) 34.3702,
    (float32) 34.4266,
    (float32) 34.48399,
    (float32) 34.528187,
    (float32) 34.56301,
    (float32) 34.57969,
    (float32) 34.58109,
    (float32) 34.574112,
    (float32) 34.5596,
    (float32) 34.543888,
    (float32) 34.52751,
    (float32) 34.51211,
    (float32) 34.4973,
    (float32) 34.48241,
    (float32) 34.47099,
    (float32) 34.463913,
    (float32) 34.4617,
    (float32) 34.4647,
    (float32) 34.46921,
    (float32) 34.474087,
    (float32) 34.47659,
    (float32) 34.47761,
    (float32) 34.47711,
    (float32) 34.475212,
    (float32) 34.47401,
    (float32) 34.47211,
    (float32) 34.467613,
    (float32) 34.4636,
    (float32) 34.4577,
    (float32) 34.45121,
    (float32) 34.4436,
    (float32) 34.436287,
    (float32) 34.42981,
    (float32) 34.425087,
    (float32) 34.42141,
    (float32) 34.41881,
    (float32) 34.41789,
    (float32) 34.41331,
    (float32) 34.4087,
    (float32) 34.39949,
    (float32) 34.391888,
    (float32) 34.38451,
    (float32) 34.37759,
    (float32) 34.37191,
    (float32) 34.36621,
    (float32) 34.36089,
    (float32) 34.35491,
    (float32) 34.34811,
    (float32) 34.33691,
    (float32) 34.3256,
    (float32) 34.3138,
    (float32) 34.3029,
    (float32) 34.29289,
    (float32) 34.284813,
    (float32) 34.27799,
    (float32) 34.27179,
    (float32) 34.264812,
    (float32) 34.25769,
    (float32) 34.25039,
    (float32) 34.24379,
    (float32) 34.237488,
    (float32) 34.23209,
    (float32) 34.2246,
    (float32) 34.219887,
    (float32) 34.21399,
    (float32) 34.20661,
    (float32) 34.19909,
    (float32) 34.188587,
    (float32) 34.17741,
    (float32) 34.16629,
    (float32) 34.15579,
    (float32) 34.1471,
    (float32) 34.1386,
    (float32) 34.13339,
    (float32) 34.12809,
    (float32) 34.123688,
    (float32) 34.119812,
    (float32) 34.11409,
    (float32) 34.11071,
    (float32) 34.103813,
    (float32) 34.09749,
    (float32) 34.09201,
    (float32) 34.083813,
    (float32) 34.0769,
    (float32) 34.07201,
    (float32) 34.06459,
    (float32) 34.05851,
    (float32) 34.050987,
    (float32) 34.04161,
    (float32) 34.03331,
    (float32) 34.02609,
    (float32) 34.021088,
    (float32) 34.0158,
    (float32) 34.01069,
    (float32) 34.0042,
    (float32) 33.99071,
    (float32) 33.97311,
    (float32) 33.932713,
    (float32) 33.87461,
    (float32) 33.790913,
    (float32) 33.69919,
    (float32) 33.62539,
    (float32) 9.96921e+36,
    (float32) 9.96921e+36,
    (float32) 9.96921e+36,
    (float32) 9.96921e+36,
    (float32) 9.96921e+36,
    (float32) 9.96921e+36,
    (float32) 9.96921e+36,
    (float32) 9.96921e+36,
    (float32) 9.96921e+36,
    (float32) 9.96921e+36,
    (float32) 33.247887,
    (float32) 33.38889,
    (float32) 33.52521,
    (float32) 33.640213,
    (float32) 33.74271,
    (float32) 33.839912,
    (float32) 33.92529,
    (float32) 33.995213,
    (float32) 34.052387,
    (float32) 34.099487,
    (float32) 34.136288,
    (float32) 34.165188,
    (float32) 34.19029,
    (float32) 34.21489,
    (float32) 34.23931,
    (float32) 34.2609,
    (float32) 34.28029,
    (float32) 34.29171,
    (float32) 34.293087,
    (float32) 34.2815,
    (float32) 34.261112,
    (float32) 34.2337,
    (float32) 34.206413,
    (float32) 34.1816,
    (float32) 34.159588,
    (float32) 34.14131,
    (float32) 34.12569,
    (float32) 34.110813,
    (float32) 34.0947,
    (float32) 34.072,
    (float32) 34.05109,
    (float32) 34.02631,
    (float32) 34.0047,
    (float32) 33.985813,
    (float32) 33.97391,
    (float32) 33.962788,
    (float32) 33.95509,
    (float32) 33.950012,
    (float32) 33.94601,
    (float32) 33.94289,
    (float32) 33.9392,
    (float32) 33.93599,
    (float32) 33.934612,
    (float32) 33.936188,
    (float32) 33.93681,
    (float32) 33.93381,
    (float32) 33.926113,
    (float32) 33.91231,
    (float32) 33.892612,
    (float32) 33.870487,
    (float32) 33.84791,
    (float32) 33.82801,
    (float32) 33.81411,
    (float32) 33.80141,
    (float32) 33.796787,
    (float32) 33.79879,
    (float32) 33.80589,
    (float32) 33.818913,
    (float32) 33.82779,
    (float32) 33.83799,
    (float32) 33.84571,
    (float32) 33.8484,
    (float32) 33.84671,
    (float32) 33.842987,
    (float32) 33.83971,
    (float32) 33.83709,
    (float32) 33.835987,
    (float32) 33.8338,
    (float32) 33.82999,
    (float32) 33.82461,
    (float32) 33.8169,
    (float32) 33.80969,
    (float32) 33.8049,
    (float32) 33.803913,
    (float32) 33.805912,
    (float32) 33.811787,
    (float32) 33.81759,
    (float32) 33.826187,
    (float32) 33.835213,
    (float32) 33.84219,
    (float32) 33.8445,
    (float32) 33.84459,
    (float32) 33.840187,
    (float32) 33.83659,
    (float32) 33.8329,
    (float32) 33.831913,
    (float32) 33.83261,
    (float32) 33.8361,
    (float32) 33.8424,
    (float32) 33.851013,
    (float32) 33.86039,
    (float32) 33.87031,
    (float32) 33.87731,
    (float32) 33.88201,
    (float32) 33.88441,
    (float32) 33.884987,
    (float32) 33.88469,
    (float32) 33.883213,
    (float32) 33.88129,
    (float32) 33.8778,
    (float32) 33.87191,
    (float32) 33.863487,
    (float32) 33.85401,
    (float32) 33.8451,
    (float32) 33.83769,
    (float32) 33.83119,
    (float32) 33.82621,
    (float32) 33.823112,
    (float32) 33.82091,
    (float32) 33.821888,
    (float32) 33.82791,
    (float32) 33.83279,
    (float32) 33.838512,
    (float32) 33.84371,
    (float32) 33.84699,
    (float32) 33.84639,
    (float32) 33.832188,
    (float32) 33.81619,
    (float32) 33.80081,
    (float32) 33.78549,
    (float32) 33.768288,
    (float32) 33.7605,
    (float32) 33.75609,
    (float32) 33.76221,
    (float32) 33.76849,
    (float32) 33.7688,
    (float32) 33.76809,
    (float32) 33.7634,
    (float32) 33.75571,
    (float32) 33.74749,
    (float32) 33.745888,
    (float32) 33.74671,
    (float32) 33.74699,
    (float32) 33.74069,
    (float32) 33.71589,
    (float32) 33.63221,
    (float32) 33.64509,
    (float32) 33.76159,
    (float32) 33.803787,
    (float32) 33.820988,
    (float32) 33.825512,
    (float32) 33.8234,
    (float32) 33.81859,
    (float32) 33.81351,
    (float32) 33.8092,
    (float32) 33.80921,
    (float32) 33.816288,
    (float32) 33.83209,
    (float32) 33.8548,
    (float32) 33.88249,
    (float32) 33.91209,
    (float32) 33.939613,
    (float32) 33.962612,
    (float32) 33.98481,
    (float32) 34.00241,
    (float32) 34.0101,
    (float32) 34.00869,
    (float32) 33.99871,
    (float32) 33.987488,
    (float32) 33.9741,
    (float32) 33.959087,
    (float32) 33.95381,
    (float32) 33.94779,
    (float32) 33.94869,
    (float32) 33.95171,
    (float32) 33.95839,
    (float32) 33.972187,
    (float32) 33.990887,
    (float32) 34.005413,
    (float32) 34.02589,
    (float32) 34.04289,
    (float32) 34.06221,
    (float32) 34.0814,
    (float32) 34.09381,
    (float32) 34.106987,
    (float32) 34.119213,
    (float32) 34.12831,
    (float32) 34.13681,
    (float32) 34.157387,
    (float32) 34.166813,
    (float32) 34.17669,
    (float32) 34.183987,
    (float32) 34.191013,
    (float32) 34.19921,
    (float32) 34.20569,
    (float32) 34.213512,
    (float32) 34.225,
    (float32) 34.24239,
    (float32) 34.26349,
    (float32) 34.28661,
    (float32) 34.30741,
    (float32) 34.32481,
    (float32) 34.338,
    (float32) 34.34739,
    (float32) 34.351788,
    (float32) 34.35159,
    (float32) 34.34739,
    (float32) 34.3393,
    (float32) 34.33099,
    (float32) 34.322613,
    (float32) 34.32051,
    (float32) 34.3198,
    (float32) 34.3263,
    (float32) 34.3419,
    (float32) 34.3634,
    (float32) 34.3862,
    (float32) 34.40669,
    (float32) 34.42181,
    (float32) 34.43559,
    (float32) 34.44849,
    (float32) 34.46511,
    (float32) 34.48629,
    (float32) 34.50979,
    (float32) 34.53209,
    (float32) 34.556488,
    (float32) 34.570988,
    (float32) 34.5824,
    (float32) 34.5864,
    (float32) 34.58399,
    (float32) 34.57369,
    (float32) 34.562187,
    (float32) 34.55579,
    (float32) 34.552288,
    (float32) 34.54789,
    (float32) 34.542988,
    (float32) 34.546288,
    (float32) 34.5499,
    (float32) 34.55701,
    (float32) 34.56479,
    (float32) 34.576687,
    (float32) 34.589912,
    (float32) 34.600613,
    (float32) 34.597187,
    (float32) 34.57119,
    (float32) 34.52129,
    (float32) 34.459,
    (float32) 34.40161,
    (float32) 34.35831,
    (float32) 34.321888,
    (float32) 34.3032,
    (float32) 34.28371,
    (float32) 34.26449,
    (float32) 34.248787,
    (float32) 34.24021,
    (float32) 34.24109,
    (float32) 34.25349
   },
   ([]float32) (len=360 cap=360) {
    (float32) 34.318687,
    (float32) 34.3641,
    (float32) 34.42109,
    (float32) 34.484413,
    (float32) 34.54871,
    (float32) 34.60069,
    (float32) 34.63961,
    (float32) 34.65821,
    (float32) 34.66139,
    (float32) 34.65209,
    (float32) 34.63479,
    (float32) 34.616688,
    (float32) 34.59679,
    (float32) 34.577087,
    (float32) 34.556812,
    (float32) 34.53841,
    (float32) 34.520912,
    (float32) 34.50701,
    (float32) 34.49759,
    (float32) 34.49311,
    (float32) 34.492188,
    (float32) 34.491913,
    (float32) 34.491287,
    (float32) 34.49009,
    (float32) 34.487988,
    (float32) 34.48571,
    (float32) 34.48251,
    (float32) 34.47771,
    (float32) 34.47201,
    (float32) 34.465813,
    (float32) 34.45801,
    (float32) 34.450188,
    (float32) 34.44249,
    (float32) 34.43431,
    (float32) 34.42709,
    (float32) 34.4201,
    (float32) 34.414112,
    (float32) 34.409588,
    (float32) 34.4053,
    (float32) 34.40201,
    (float32) 34.39399,
    (float32) 34.3851,
    (float32) 34.376587,
    (float32) 34.36771,
    (float32) 34.359013,
    (float32) 34.3517,
    (float32) 34.3443,
    (float32) 34.3375,
    (float32) 34.33059,
    (float32) 34.322388,
    (float32) 34.31199,
    (float32) 34.300213,
    (float32) 34.28829,
    (float32) 34.277187,
    (float32) 34.267612,
    (float32) 34.2609,
    (float32) 34.25561,
    (float32) 34.25201,
    (float32) 34.24709,
    (float32) 34.24121,
    (float32) 34.235,
    (float32) 34.22849,
    (float32) 34.2217,
    (float32) 34.2158,
    (float32) 34.20851,
    (float32) 34.20089,
    (float32) 34.19261,
    (float32) 34.1832,
    (float32) 34.17239,
    (float32) 34.160587,
    (float32) 34.149,
    (float32) 34.13781,
    (float32) 34.12779,
    (float32) 34.119312,
    (float32) 34.112213,
    (float32) 34.10641,
    (float32) 34.1019,
    (float32) 34.09839,
    (float32) 34.09509,
    (float32) 34.0914,
    (float32) 34.086212,
    (float32) 34.0806,
    (float32) 34.07449,
    (float32) 34.06771,
    (float32) 34.06071,
    (float32) 34.05599,
    (float32) 34.0481,
    (float32) 34.042088,
    (float32) 34.03701,
    (float32) 34.028587,
    (float32) 34.0215,
    (float32) 34.01309,
    (float32) 34.00651,
    (float32) 34.0009,
    (float32) 33.99559,
    (float32) 33.99031,
    (float32) 33.983112,
    (float32) 33.969288,
    (float32) 33.94971,
    (float32) 33.908512,
    (float32) 33.8445,
    (float32) 33.7504,
    (float32) 33.63699,
    (float32) 33.511112,
    (float32) 33.35141,
    (float32) 9.96921e+36,
    (float32) 9.96921e+36,
    (float32) 9.96921e+36,
    (float32) 9.96921e+36,
    (float32) 9.96921e+36,
    (float32) 9.96921e+36,
    (float32) 9.96921e+36,
    (float32) 9.96921e+36,
    (float32) 9.96921e+36,
    (float32) 9.96921e+36,
    (float32) 33.363888,
    (float32) 33.512512,
    (float32) 33.6241,
    (float32) 33.724987,
    (float32) 33.82229,
    (float32) 33.91461,
    (float32) 33.9983,
    (float32) 34.07061,
    (float32) 34.130688,
    (float32) 34.1783,
    (float32) 34.215313,
    (float32) 34.2475,
    (float32) 34.277187,
    (float32) 34.30751,
    (float32) 34.33669,
    (float32) 34.360588,
    (float32) 34.3771,
    (float32) 34.381187,
    (float32) 34.37151,
    (float32) 34.35449,
    (float32) 34.33439,
    (float32) 34.31469,
    (float32) 34.296112,
    (float32) 34.280888,
    (float32) 34.26809,
    (float32) 34.25571,
    (float32) 34.2414,
    (float32) 34.222313,
    (float32) 34.196888,
    (float32) 34.1641,
    (float32) 34.1246,
    (float32) 34.091087,
    (float32) 34.067287,
    (float32) 34.04591,
    (float32) 34.029087,
    (float32) 34.01659,
    (float32) 34.00829,
    (float32) 34.002888,
    (float32) 33.9993,
    (float32) 33.997387,
    (float32) 33.996113,
    (float32) 33.996487,
    (float32) 33.99909,
    (float32) 34.00169,
    (float32) 34.000187,
    (float32) 33.99111,
    (float32) 33.97311,
    (float32) 33.9501,
    (float32) 33.92379,
    (float32) 33.897488,
    (float32) 33.87451,
    (float32) 33.85541,
    (float32) 33.84309,
    (float32) 33.83579,
    (float32) 33.838,
    (float32) 33.84671,
    (float32) 33.85709,
    (float32) 33.86889,
    (float32) 33.8773,
    (float32) 33.884388,
    (float32) 33.88711,
    (float32) 33.88671,
    (float32) 33.882988,
    (float32) 33.88039,
    (float32) 33.87829,
    (float32) 33.87651,
    (float32) 33.872887,
    (float32) 33.867188,
    (float32) 33.855988,
    (float32) 33.845512,
    (float32) 33.8343,
    (float32) 33.827213,
    (float32) 33.8244,
    (float32) 33.8255,
    (float32) 33.829613,
    (float32) 33.8384,
    (float32) 33.851788,
    (float32) 33.864887,
    (float32) 33.87241,
    (float32) 33.8789,
    (float32) 33.882187,
    (float32) 33.877487,
    (float32) 33.8703,
    (float32) 33.863487,
    (float32) 33.86129,
    (float32) 33.86099,
    (float32) 33.86289,
    (float32) 33.8672,
    (float32) 33.87311,
    (float32) 33.88289,
    (float32) 33.89141,
    (float32) 33.9028,
    (float32) 33.909687,
    (float32) 33.91549,
    (float32) 33.91919,
    (float32) 33.919388,
    (float32) 33.916187,
    (float32) 33.91041,
    (float32) 33.90181,
    (float32) 33.889412,
    (float32) 33.873413,
    (float32) 33.85501,
    (float32) 33.83669,
    (float32) 33.81971,
    (float32) 33.805088,
    (float32) 33.79291,
    (float32) 33.78479,
    (float32) 33.780212,
    (float32) 33.785313,
    (float32) 33.7935,
    (float32) 33.80561,
    (float32) 33.81469,
    (float32) 33.8238,
    (float32) 33.82839,
    (float32) 33.822613,
    (float32) 33.811012,
    (float32) 33.797413,
    (float32) 33.78289,
    (float32) 33.77001,
    (float32) 33.76619,
    (float32) 33.763313,
    (float32) 33.7714,
    (float32) 33.7794,
    (float32) 33.7934,
    (float32) 33.80409,
    (float32) 33.802513,
    (float32) 33.7915,
    (float32) 33.77219,
    (float32) 33.75841,
    (float32) 33.749813,
    (float32) 33.74609,
    (float32) 33.74401,
    (float32) 33.743088,
    (float32) 33.738487,
    (float32) 33.72759,
    (float32) 33.7487,
    (float32) 33.8003,
    (float32) 33.83709,
    (float32) 33.8584,
    (float32) 33.86889,
    (float32) 33.872787,
    (float32) 33.87041,
    (float32) 33.86799,
    (float32) 33.865112,
    (float32) 33.8657,
    (float32) 33.87339,
    (float32) 33.890488,
    (float32) 33.915512,
    (float32) 33.94669,
    (float32) 33.980812,
    (float32) 34.0135,
    (float32) 34.0414,
    (float32) 34.06261,
    (float32) 34.0785,
    (float32) 34.0863,
    (float32) 34.08591,
    (float32) 34.07489,
    (float32) 34.061687,
    (float32) 34.0482,
    (float32) 34.03859,
    (float32) 34.030487,
    (float32) 34.02721,
    (float32) 34.0252,
    (float32) 34.03449,
    (float32) 34.04911,
    (float32) 34.06649,
    (float32) 34.087288,
    (float32) 34.103912,
    (float32) 34.12591,
    (float32) 34.14941,
    (float32) 34.170288,
    (float32) 34.19329,
    (float32) 34.21651,
    (float32) 34.23649,
    (float32) 34.25139,
    (float32) 34.26469,
    (float32) 34.27699,
    (float32) 34.29469,
    (float32) 34.3054,
    (float32) 34.3142,
    (float32) 34.321087,
    (float32) 34.32629,
    (float32) 34.32969,
    (float32) 34.33221,
    (float32) 34.33679,
    (float32) 34.34369,
    (float32) 34.35541,
    (float32) 34.36961,
    (float32) 34.3873,
    (float32) 34.40531,
    (float32) 34.42041,
    (float32) 34.432087,
    (float32) 34.44019,
    (float32) 34.44421,
    (float32) 34.441387,
    (float32) 34.43541,
    (float32) 34.42859,
    (float32) 34.4246,
    (float32) 34.42001,
    (float32) 34.418213,
    (float32) 34.420612,
    (float32) 34.43121,
    (float32) 34.4505,
    (float32) 34.470688,
    (float32) 34.491013,
    (float32) 34.51031,
    (float32) 34.52549,
    (float32) 34.541687,
    (float32) 34.559,
    (float32) 34.581413,
    (float32) 34.606388,
    (float32) 34.63659,
    (float32) 34.66329,
    (float32) 34.682987,
    (float32) 34.69619,
    (float32) 34.700413,
    (float32) 34.6962,
    (float32) 34.68251,
    (float32) 34.665188,
    (float32) 34.64549,
    (float32) 34.63149,
    (float32) 34.622787,
    (float32) 34.6159,
    (float32) 34.614613,
    (float32) 34.61341,
    (float32) 34.61811,
    (float32) 34.62809,
    (float32) 34.63921,
    (float32) 34.6531,
    (float32) 34.6676,
    (float32) 34.680088,
    (float32) 34.688587,
    (float32) 34.66209,
    (float32) 34.58439,
    (float32) 34.485687,
    (float32) 34.40799,
    (float32) 34.366512,
    (float32) 34.34259,
    (float32) 34.32679,
    (float32) 34.3121,
    (float32) 34.29821,
    (float32) 34.28421,
    (float32) 34.27589,
    (float32) 34.275513,
    (float32) 34.28871
   },
   ([]float32) (len=360 cap=360) {
    (float32) 34.38009,
    (float32) 34.42841,
    (float32) 34.48941,
    (float32) 34.55551,
    (float32) 34.61961,
    (float32) 34.67629,
    (float32) 34.714012,
    (float32) 34.73539,
    (float32) 34.73729,
    (float32) 34.72569,
    (float32) 34.704613,
    (float32) 34.6812,
    (float32) 34.65509,
    (float32) 34.629112,
    (float32) 34.60271,
    (float32) 34.57679,
    (float32) 34.553513,
    (float32) 34.53359,
    (float32) 34.51819,
    (float32) 34.5068,
    (float32) 34.49979,
    (float32) 34.49519,
    (float32) 34.49181,
    (float32) 34.489212,
    (float32) 34.48649,
    (float32) 34.4832,
    (float32) 34.47871,
    (float32) 34.4726,
    (float32) 34.46451,
    (float32) 34.455513,
    (float32) 34.446487,
    (float32) 34.43779,
    (float32) 34.42859,
    (float32) 34.41931,
    (float32) 34.41039,
    (float32) 34.40249,
    (float32) 34.39481,
    (float32) 34.38839,
    (float32) 34.38229,
    (float32) 34.37651,
    (float32) 34.3699,
    (float32) 34.36151,
    (float32) 34.3524,
    (float32) 34.343,
    (float32) 34.334312,
    (float32) 34.32639,
    (float32) 34.31849,
    (float32) 34.31159,
    (float32) 34.30459,
    (float32) 34.29591,
    (float32) 34.28569,
    (float32) 34.273987,
    (float32) 34.2618,
    (float32) 34.25061,
    (float32) 34.24081,
    (float32) 34.23489,
    (float32) 34.230488,
    (float32) 34.22789,
    (float32) 34.22389,
    (float32) 34.21841,
    (float32) 34.21269,
    (float32) 34.20639,
    (float32) 34.19919,
    (float32) 34.19191,
    (float32) 34.184,
    (float32) 34.17541,
    (float32) 34.1658,
    (float32) 34.155113,
    (float32) 34.1435,
    (float32) 34.1322,
    (float32) 34.120613,
    (float32) 34.11,
    (float32) 34.10019,
    (float32) 34.09189,
    (float32) 34.0853,
    (float32) 34.079887,
    (float32) 34.07589,
    (float32) 34.07279,
    (float32) 34.06971,
    (float32) 34.06609,
    (float32) 34.06149,
    (float32) 34.055813,
    (float32) 34.049488,
    (float32) 34.04249,
    (float32) 34.036087,
    (float32) 34.030113,
    (float32) 34.0247,
    (float32) 34.019787,
    (float32) 34.01259,
    (float32) 34.00721,
    (float32) 34.00079,
    (float32) 33.99379,
    (float32) 33.987087,
    (float32) 33.98039,
    (float32) 33.97501,
    (float32) 33.969013,
    (float32) 33.9601,
    (float32) 33.9455,
    (float32) 33.9222,
    (float32) 33.8773,
    (float32) 33.8075,
    (float32) 33.7041,
    (float32) 33.574,
    (float32) 33.426388,
    (float32) 9.96921e+36,
    (float32) 9.96921e+36,
    (float32) 9.96921e+36,
    (float32) 9.96921e+36,
    (float32) 9.96921e+36,
    (float32) 9.96921e+36,
    (float32) 9.96921e+36,
    (float32) 9.96921e+36,
    (float32) 9.96921e+36,
    (float32) 33.3716,
    (float32) 33.36541,
    (float32) 33.4316,
    (float32) 33.5283,
    (float32) 33.61661,
    (float32) 33.70699,
    (float32) 33.8022,
    (float32) 33.8989,
    (float32) 33.9925,
    (float32) 34.07829,
    (float32) 34.15279,
    (float32) 34.21381,
    (float32) 34.26221,
    (float32) 34.302288,
    (float32) 34.33781,
    (float32) 34.37029,
    (float32) 34.4006,
    (float32) 34.42629,
    (float32) 34.443188,
    (float32) 34.45021,
    (float32) 34.44051,
    (float32) 34.425213,
    (float32) 34.408188,
    (float32) 34.39409,
    (float32) 34.382412,
    (float32) 34.3741,
    (float32) 34.36749,
    (float32) 34.3601,
    (float32) 34.3493,
    (float32) 34.3319,
    (float32) 34.30549,
    (float32) 34.26869,
    (float32) 34.228687,
    (float32) 34.1901,
    (float32) 34.15631,
    (float32) 34.1303,
    (float32) 34.109287,
    (float32) 34.0932,
    (float32) 34.08271,
    (float32) 34.07729,
    (float32) 34.0758,
    (float32) 34.077713,
    (float32) 34.0811,
    (float32) 34.08529,
    (float32) 34.089813,
    (float32) 34.092888,
    (float32) 34.089813,
    (float32) 34.07811,
    (float32) 34.057087,
    (float32) 34.030113,
    (float32) 34.00161,
    (float32) 33.97401,
    (float32) 33.950512,
    (float32) 33.932087,
    (float32) 33.92049,
    (float32) 33.91409,
    (float32) 33.917187,
    (float32) 33.92401,
    (float32) 33.933212,
    (float32) 33.94449,
    (float32) 33.95151,
    (float32) 33.955288,
    (float32) 33.9598,
    (float32) 33.95919,
    (float32) 33.95581,
    (float32) 33.95239,
    (float32) 33.949512,
    (float32) 33.946,
    (float32) 33.93979,
    (float32) 33.92959,
    (float32) 33.91549,
    (float32) 33.899113,
    (float32) 33.88429,
    (float32) 33.874,
    (float32) 33.87019,
    (float32) 33.87041,
    (float32) 33.877888,
    (float32) 33.8919,
    (float32) 33.9122,
    (float32) 33.936012,
    (float32) 33.957813,
    (float32) 33.968487,
    (float32) 33.97811,
    (float32) 33.980312,
    (float32) 33.972588,
    (float32) 33.96809,
    (float32) 33.9638,
    (float32) 33.9625,
    (float32) 33.96291,
    (float32) 33.96299,
    (float32) 33.96729,
    (float32) 33.97369,
    (float32) 33.97901,
    (float32) 33.990112,
    (float32) 33.997612,
    (float32) 34.00161,
    (float32) 34.0034,
    (float32) 33.998913,
    (float32) 33.98851,
    (float32) 33.97531,
    (float32) 33.9562,
    (float32) 33.933487,
    (float32) 33.90709,
    (float32) 33.87831,
    (float32) 33.849487,
    (float32) 33.8217,
    (float32) 33.79519,
    (float32) 33.77571,
    (float32) 33.76181,
    (float32) 33.76189,
    (float32) 33.76799,
    (float32) 33.774788,
    (float32) 33.79189,
    (float32) 33.806713,
    (float32) 33.815388,
    (float32) 33.81329,
    (float32) 33.80371,
    (float32) 33.79991,
    (float32) 33.79011,
    (float32) 33.78309,
    (float32) 33.788113,
    (float32) 33.79839,
    (float32) 33.81541,
    (float32) 33.84051,
    (float32) 33.8683,
    (float32) 33.896187,
    (float32) 33.917713,
    (float32) 33.92281,
    (float32) 33.9057,
    (float32) 33.88641,
    (float32) 33.85909,
    (float32) 33.8369,
    (float32) 33.821613,
    (float32) 33.8138,
    (float32) 33.81529,
    (float32) 33.82419,
    (float32) 33.83871,
    (float32) 33.86649,
    (float32) 33.9034,
    (float32) 33.93621,
    (float32) 33.96101,
    (float32) 33.97641,
    (float32) 33.9852,
    (float32) 33.98511,
    (float32) 33.982613,
    (float32) 33.9805,
    (float32) 33.9788,
    (float32) 33.98371,
    (float32) 33.996887,
    (float32) 34.0183,
    (float32) 34.046913,
    (float32) 34.0799,
    (float32) 34.11251,
    (float32) 34.142788,
    (float32) 34.16431,
    (float32) 34.1768,
    (float32) 34.18319,
    (float32) 34.180088,
    (float32) 34.174,
    (float32) 34.16419,
    (float32) 34.15559,
    (float32) 34.148712,
    (float32) 34.14399,
    (float32) 34.143787,
    (float32) 34.14809,
    (float32) 34.15659,
    (float32) 34.1761,
    (float32) 34.19641,
    (float32) 34.2195,
    (float32) 34.23769,
    (float32) 34.259487,
    (float32) 34.28191,
    (float32) 34.306988,
    (float32) 34.33251,
    (float32) 34.3571,
    (float32) 34.381588,
    (float32) 34.399,
    (float32) 34.417988,
    (float32) 34.4266,
    (float32) 34.43469,
    (float32) 34.44281,
    (float32) 34.45021,
    (float32) 34.45129,
    (float32) 34.44971,
    (float32) 34.44849,
    (float32) 34.44841,
    (float32) 34.44961,
    (float32) 34.452087,
    (float32) 34.45851,
    (float32) 34.4673,
    (float32) 34.479813,
    (float32) 34.492188,
    (float32) 34.503387,
    (float32) 34.51189,
    (float32) 34.515987,
    (float32) 34.51659,
    (float32) 34.514412,
    (float32) 34.50779,
    (float32) 34.50259,
    (float32) 34.497787,
    (float32) 34.49791,
    (float32) 34.500713,
    (float32) 34.51119,
    (float32) 34.524788,
    (float32) 34.543888,
    (float32) 34.564312,
    (float32) 34.584,
    (float32) 34.600887,
    (float32) 34.6184,
    (float32) 34.6395,
    (float32) 34.663387,
    (float32) 34.696888,
    (float32) 34.735188,
    (float32) 34.7718,
    (float32) 34.805912,
    (float32) 34.82259,
    (float32) 34.82801,
    (float32) 34.82321,
    (float32) 34.81351,
    (float32) 34.7862,
    (float32) 34.754387,
    (float32) 34.72621,
    (float32) 34.703712,
    (float32) 34.69119,
    (float32) 34.68139,
    (float32) 34.680588,
    (float32) 34.68039,
    (float32) 34.6908,
    (float32) 34.7025,
    (float32) 34.71431,
    (float32) 34.72951,
    (float32) 34.74391,
    (float32) 34.76461,
    (float32) 34.81551,
    (float32) 9.96921e+36,
    (float32) 9.96921e+36,
    (float32) 9.96921e+36,
    (float32) 34.39381,
    (float32) 34.36521,
    (float32) 34.36089,
    (float32) 34.359013,
    (float32) 34.357788,
    (float32) 34.355087,
    (float32) 34.34699,
    (float32) 34.337112,
    (float32) 34.33671,
    (float32) 34.348812
   },
   ([]float32) (len=360 cap=360) {
    (float32) 34.47121,
    (float32) 34.519413,
    (float32) 34.578888,
    (float32) 34.642387,
    (float32) 34.703213,
    (float32) 34.757,
    (float32) 34.79351,
    (float32) 34.8127,
    (float32) 34.8122,
    (float32) 34.79581,
    (float32) 34.7701,
    (float32) 34.73951,
    (float32) 34.707188,
    (float32) 34.673313,
    (float32) 34.640087,
    (float32) 34.60629,
    (float32) 34.57559,
    (float32) 34.548813,
    (float32) 34.52681,
    (float32) 34.50991,
    (float32) 34.49799,
    (float32) 34.489788,
    (float32) 34.48449,
    (float32) 34.4814,
    (float32) 34.479088,
    (float32) 34.4755,
    (float32) 34.47021,
    (float32) 34.46259,
    (float32) 34.45319,
    (float32) 34.44219,
    (float32) 34.4317,
    (float32) 34.42091,
    (float32) 34.410988,
    (float32) 34.4009,
    (float32) 34.390812,
    (float32) 34.38099,
    (float32) 34.372013,
    (float32) 34.36401,
    (float32) 34.356888,
    (float32) 34.35031,
    (float32) 34.3433,
    (float32) 34.335712,
    (float32) 34.32679,
    (float32) 34.3187,
    (float32) 34.31049,
    (float32) 34.30299,
    (float32) 34.29569,
    (float32) 34.28891,
    (float32) 34.282013,
    (float32) 34.27369,
    (float32) 34.263588,
    (float32) 34.25151,
    (float32) 34.23901,
    (float32) 34.227287,
    (float32) 34.21769,
    (float32) 34.21129,
    (float32) 34.20699,
    (float32) 34.204,
    (float32) 34.200012,
    (float32) 34.19479,
    (float32) 34.188313,
    (float32) 34.18121,
    (float32) 34.17401,
    (float32) 34.165688,
    (float32) 34.157387,
    (float32) 34.148113,
    (float32) 34.13809,
    (float32) 34.127388,
    (float32) 34.11649,
    (float32) 34.1062,
    (float32) 34.09509,
    (float32) 34.08519,
    (float32) 34.076412,
    (float32) 34.0683,
    (float32) 34.06161,
    (float32) 34.05639,
    (float32) 34.051888,
    (float32) 34.04849,
    (float32) 34.04519,
    (float32) 34.04109,
    (float32) 34.03579,
    (float32) 34.029488,
    (float32) 34.02251,
    (float32) 34.016113,
    (float32) 34.01071,
    (float32) 34.0063,
    (float32) 34.0008,
    (float32) 33.99601,
    (float32) 33.988613,
    (float32) 33.98521,
    (float32) 33.98101,
    (float32) 33.974613,
    (float32) 33.9685,
    (float32) 33.96231,
    (float32) 33.95649,
    (float32) 33.949913,
    (float32) 33.940613,
    (float32) 33.92601,
    (float32) 33.901287,
    (float32) 33.85541,
    (float32) 33.78129,
    (float32) 33.670387,
    (float32) 33.52251,
    (float32) 33.32979,
    (float32) 33.05999,
    (float32) 9.96921e+36,
    (float32) 9.96921e+36,
    (float32) 9.96921e+36,
    (float32) 9.96921e+36,
    (float32) 9.96921e+36,
    (float32) 9.96921e+36,
    (float32) 9.96921e+36,
    (float32) 9.96921e+36,
    (float32) 9.96921e+36,
    (float32) 33.37381,
    (float32) 33.47311,
    (float32) 33.540512,
    (float32) 33.60831,
    (float32) 33.689213,
    (float32) 33.780888,
    (float32) 33.8783,
    (float32) 33.97721,
    (float32) 34.072388,
    (float32) 34.16041,
    (float32) 34.237713,
    (float32) 34.3011,
    (float32) 34.35141,
    (float32) 34.393787,
    (float32) 34.42631,
    (float32) 34.45559,
    (float32) 34.4765,
    (float32) 34.48719,
    (float32) 34.48769,
    (float32) 34.48069,
    (float32) 34.46451,
    (float32) 34.44719,
    (float32) 34.438087,
    (float32) 34.43269,
    (float32) 34.43161,
    (float32) 34.43099,
    (float32) 34.4307,
    (float32) 34.424488,
    (float32) 34.4123,
    (float32) 34.38889,
    (float32) 34.355312,
    (float32) 34.316887,
    (float32) 34.2806,
    (float32) 34.250587,
    (float32) 34.22509,
    (float32) 34.20409,
    (float32) 34.188313,
    (float32) 34.17821,
    (float32) 34.17491,
    (float32) 34.17721,
    (float32) 34.18409,
    (float32) 34.19231,
    (float32) 34.200512,
    (float32) 34.2065,
    (float32) 34.209087,
    (float32) 34.20189,
    (float32) 34.18649,
    (float32) 34.16301,
    (float32) 34.13429,
    (float32) 34.105587,
    (float32) 34.07981,
    (float32) 34.060513,
    (float32) 34.04721,
    (float32) 34.03869,
    (float32) 34.0358,
    (float32) 34.037113,
    (float32) 34.04591,
    (float32) 34.051712,
    (float32) 34.056587,
    (float32) 34.05949,
    (float32) 34.063313,
    (float32) 34.0616,
    (float32) 34.062313,
    (float32) 34.056988,
    (float32) 34.052288,
    (float32) 34.04699,
    (float32) 34.0413,
    (float32) 34.03289,
    (float32) 34.02009,
    (float32) 34.002888,
    (float32) 33.98369,
    (float32) 33.965187,
    (float32) 33.95071,
    (float32) 33.9432,
    (float32) 33.944313,
    (float32) 33.958313,
    (float32) 33.979588,
    (float32) 34.0137,
    (float32) 34.05501,
    (float32) 34.09,
    (float32) 34.118412,
    (float32) 34.14921,
    (float32) 34.14649,
    (float32) 34.14869,
    (float32) 34.14909,
    (float32) 34.14499,
    (float32) 34.14181,
    (float32) 34.141888,
    (float32) 34.1434,
    (float32) 34.14259,
    (float32) 34.143387,
    (float32) 34.14529,
    (float32) 34.150787,
    (float32) 34.153088,
    (float32) 34.15379,
    (float32) 34.14689,
    (float32) 34.13341,
    (float32) 34.112488,
    (float32) 34.0866,
    (float32) 34.054287,
    (float32) 34.018513,
    (float32) 33.97999,
    (float32) 33.939713,
    (float32) 33.897488,
    (float32) 33.858288,
    (float32) 33.825413,
    (float32) 33.8045,
    (float32) 33.78899,
    (float32) 33.78501,
    (float32) 33.79351,
    (float32) 33.806187,
    (float32) 33.823887,
    (float32) 33.83301,
    (float32) 33.82839,
    (float32) 33.81591,
    (float32) 33.79879,
    (float32) 33.79829,
    (float32) 33.8026,
    (float32) 33.818012,
    (float32) 33.84141,
    (float32) 33.8733,
    (float32) 33.9177,
    (float32) 33.97249,
    (float32) 34.030613,
    (float32) 34.081013,
    (float32) 34.11749,
    (float32) 34.130413,
    (float32) 34.12101,
    (float32) 34.101112,
    (float32) 34.064087,
    (float32) 34.0274,
    (float32) 33.99579,
    (float32) 33.97659,
    (float32) 33.972313,
    (float32) 33.983387,
    (float32) 34.00549,
    (float32) 34.0355,
    (float32) 34.06809,
    (float32) 34.0982,
    (float32) 34.1215,
    (float32) 34.141212,
    (float32) 34.15,
    (float32) 34.1549,
    (float32) 34.15099,
    (float32) 34.1477,
    (float32) 34.1412,
    (float32) 34.13989,
    (float32) 34.144287,
    (float32) 34.15709,
    (float32) 34.17769,
    (float32) 34.2052,
    (float32) 34.2331,
    (float32) 34.2613,
    (float32) 34.279213,
    (float32) 34.29021,
    (float32) 34.29351,
    (float32) 34.29329,
    (float32) 34.28969,
    (float32) 34.28629,
    (float32) 34.2836,
    (float32) 34.28231,
    (float32) 34.28361,
    (float32) 34.28921,
    (float32) 34.300213,
    (float32) 34.314713,
    (float32) 34.3331,
    (float32) 34.35539,
    (float32) 34.37499,
    (float32) 34.39471,
    (float32) 34.41331,
    (float32) 34.43419,
    (float32) 34.45499,
    (float32) 34.479412,
    (float32) 34.50129,
    (float32) 34.52319,
    (float32) 34.54049,
    (float32) 34.55489,
    (float32) 34.56171,
    (float32) 34.56451,
    (float32) 34.56481,
    (float32) 34.561188,
    (float32) 34.5571,
    (float32) 34.55179,
    (float32) 34.54749,
    (float32) 34.54459,
    (float32) 34.54361,
    (float32) 34.54379,
    (float32) 34.54621,
    (float32) 34.5511,
    (float32) 34.558613,
    (float32) 34.56709,
    (float32) 34.573,
    (float32) 34.5773,
    (float32) 34.57779,
    (float32) 34.57629,
    (float32) 34.57309,
    (float32) 34.56839,
    (float32) 34.565212,
    (float32) 34.5661,
    (float32) 34.57101,
    (float32) 34.57841,
    (float32) 34.59239,
    (float32) 34.61071,
    (float32) 34.63199,
    (float32) 34.65121,
    (float32) 34.6695,
    (float32) 34.68571,
    (float32) 34.705387,
    (float32) 34.72899,
    (float32) 34.7598,
    (float32) 34.805687,
    (float32) 34.866413,
    (float32) 34.932888,
    (float32) 34.972412,
    (float32) 34.9812,
    (float32) 34.95849,
    (float32) 34.95879,
    (float32) 34.9303,
    (float32) 34.8943,
    (float32) 34.852688,
    (float32) 34.81861,
    (float32) 34.78869,
    (float32) 34.772987,
    (float32) 34.76501,
    (float32) 34.760113,
    (float32) 34.764088,
    (float32) 34.77099,
    (float32) 34.78129,
    (float32) 34.79391,
    (float32) 34.80449,
    (float32) 34.81249,
    (float32) 34.81609,
    (float32) 34.77969,
    (float32) 9.96921e+36,
    (float32) 9.96921e+36,
    (float32) 9.96921e+36,
    (float32) 9.96921e+36,
    (float32) 34.343388,
    (float32) 34.38529,
    (float32) 34.40361,
    (float32) 34.425987,
    (float32) 34.4404,
    (float32) 34.440212,
    (float32) 34.43571,
    (float32) 34.4343,
    (float32) 34.44439
   },
   ([]float32) (len=360 cap=360) {
    (float32) 34.59959,
    (float32) 34.63951,
    (float32) 34.693913,
    (float32) 34.749813,
    (float32) 34.803112,
    (float32) 34.85121,
    (float32) 34.8821,
    (float32) 34.89651,
    (float32) 34.88911,
    (float32) 34.867413,
    (float32) 34.835,
    (float32) 34.79861,
    (float32) 34.759212,
    (float32) 34.71729,
    (float32) 34.67411,
    (float32) 34.63201,
    (float32) 34.5935,
    (float32) 34.559887,
    (float32) 34.5316,
    (float32) 34.509487,
    (float32) 34.49321,
    (float32) 34.48251,
    (float32) 34.4763,
    (float32) 34.473087,
    (float32) 34.471188,
    (float32) 34.468212,
    (float32) 34.463013,
    (float32) 34.4548,
    (float32) 34.444313,
    (float32) 34.43261,
    (float32) 34.420612,
    (float32) 34.40911,
    (float32) 34.39761,
    (float32) 34.38699,
    (float32) 34.37639,
    (float32) 34.36531,
    (float32) 34.355087,
    (float32) 34.345688,
    (float32) 34.33769,
    (float32) 34.33049,
    (float32) 34.3235,
    (float32) 34.316113,
    (float32) 34.308487,
    (float32) 34.3012,
    (float32) 34.2939,
    (float32) 34.28691,
    (float32) 34.28029,
    (float32) 34.273712,
    (float32) 34.266712,
    (float32) 34.25841,
    (float32) 34.24811,
    (float32) 34.23621,
    (float32) 34.22329,
    (float32) 34.2108,
    (float32) 34.20011,
    (float32) 34.19271,
    (float32) 34.188087,
    (float32) 34.18431,
    (float32) 34.17971,
    (float32) 34.1742,
    (float32) 34.167187,
    (float32) 34.15911,
    (float32) 34.15089,
    (float32) 34.1421,
    (float32) 34.13319,
    (float32) 34.12371,
    (float32) 34.1141,
    (float32) 34.104412,
    (float32) 34.0946,
    (float32) 34.08551,
    (float32) 34.07651,
    (float32) 34.067913,
    (float32) 34.059113,
    (float32) 34.05069,
    (float32) 34.04369,
    (float32) 34.0379,
    (float32) 34.03221,
    (float32) 34.02739,
    (float32) 34.0233,
    (float32) 34.018513,
    (float32) 34.0124,
    (float32) 34.0052,
    (float32) 33.9978,
    (float32) 33.99121,
    (float32) 33.986187,
    (float32) 33.98129,
    (float32) 33.977787,
    (float32) 33.97531,
    (float32) 33.9723,
    (float32) 33.96819,
    (float32) 33.96389,
    (float32) 33.95891,
    (float32) 33.953888,
    (float32) 33.948788,
    (float32) 33.94339,
    (float32) 33.9381,
    (float32) 33.930687,
    (float32) 33.91761,
    (float32) 33.89349,
    (float32) 33.85079,
    (float32) 33.777588,
    (float32) 33.66649,
    (float32) 33.512787,
    (float32) 33.30881,
    (float32) 33.042088,
    (float32) 9.96921e+36,
    (float32) 9.96921e+36,
    (float32) 9.96921e+36,
    (float32) 9.96921e+36,
    (float32) 9.96921e+36,
    (float32) 9.96921e+36,
    (float32) 9.96921e+36,
    (float32) 9.96921e+36,
    (float32) 9.96921e+36,
    (float32) 9.96921e+36,
    (float32) 33.42511,
    (float32) 33.54531,
    (float32) 33.597813,
    (float32) 33.67249,
    (float32) 33.758213,
    (float32) 33.851112,
    (float32) 33.9493,
    (float32) 34.04921,
    (float32) 34.148712,
    (float32) 34.24109,
    (float32) 34.32191,
    (float32) 34.385612,
    (float32) 34.43521,
    (float32) 34.4695,
    (float32) 34.492188,
    (float32) 34.50929,
    (float32) 34.513412,
    (float32) 34.5074,
    (float32) 34.4941,
    (float32) 34.482388,
    (float32) 34.4689,
    (float32) 34.46169,
    (float32) 34.45789,
    (float32) 34.46179,
    (float32) 34.4695,
    (float32) 34.47479,
    (float32) 34.47599,
    (float32) 34.46831,
    (float32) 34.45329,
    (float32) 34.43071,
    (float32) 34.40209,
    (float32) 34.373913,
    (float32) 34.35081,
    (float32) 34.33159,
    (float32) 34.316513,
    (float32) 34.305313,
    (float32) 34.29929,
    (float32) 34.29979,
    (float32) 34.30691,
    (float32) 34.3174,
    (float32) 34.329613,
    (float32) 34.3391,
    (float32) 34.343212,
    (float32) 34.342087,
    (float32) 34.33211,
    (float32) 34.31311,
    (float32) 34.28701,
    (float32) 34.2588,
    (float32) 34.2325,
    (float32) 34.2117,
    (float32) 34.198013,
    (float32) 34.19119,
    (float32) 34.18841,
    (float32) 34.187813,
    (float32) 34.18819,
    (float32) 34.18969,
    (float32) 34.19259,
    (float32) 34.190487,
    (float32) 34.19109,
    (float32) 34.1904,
    (float32) 34.18811,
    (float32) 34.183613,
    (float32) 34.17569,
    (float32) 34.166687,
    (float32) 34.159187,
    (float32) 34.1513,
    (float32) 34.141712,
    (float32) 34.127712,
    (float32) 34.111588,
    (float32) 34.09369,
    (float32) 34.07399,
    (float32) 34.05669,
    (float32) 34.04649,
    (float32) 34.048813,
    (float32) 34.06989,
    (float32) 34.1042,
    (float32) 34.15691,
    (float32) 34.219387,
    (float32) 34.2832,
    (float32) 34.331512,
    (float32) 34.3699,
    (float32) 34.3855,
    (float32) 34.39019,
    (float32) 34.39091,
    (float32) 34.392612,
    (float32) 34.39151,
    (float32) 34.39141,
    (float32) 34.390987,
    (float32) 34.386387,
    (float32) 34.379913,
    (float32) 34.379288,
    (float32) 34.374287,
    (float32) 34.36761,
    (float32) 34.3606,
    (float32) 34.343487,
    (float32) 34.32331,
    (float32) 34.292713,
    (float32) 34.25331,
    (float32) 34.207012,
    (float32) 34.16069,
    (float32) 34.10809,
    (float32) 34.0558,
    (float32) 34.001812,
    (float32) 33.95599,
    (float32) 33.918713,
    (float32) 33.896088,
    (float32) 33.8844,
    (float32) 33.88681,
    (float32) 33.89589,
    (float32) 33.91161,
    (float32) 33.92429,
    (float32) 33.925888,
    (float32) 33.9041,
    (float32) 33.88249,
    (float32) 33.855213,
    (float32) 33.84239,
    (float32) 33.857113,
    (float32) 33.89409,
    (float32) 33.94299,
    (float32) 34.00589,
    (float32) 34.08491,
    (float32) 34.17529,
    (float32) 34.263912,
    (float32) 34.339287,
    (float32) 34.3918,
    (float32) 34.4165,
    (float32) 34.41749,
    (float32) 34.3938,
    (float32) 34.35079,
    (float32) 34.302113,
    (float32) 34.25409,
    (float32) 34.21841,
    (float32) 34.20189,
    (float32) 34.20509,
    (float32) 34.2226,
    (float32) 34.24791,
    (float32) 34.2742,
    (float32) 34.29829,
    (float32) 34.3193,
    (float32) 34.33559,
    (float32) 34.3426,
    (float32) 34.34729,
    (float32) 34.346413,
    (float32) 34.338287,
    (float32) 34.328888,
    (float32) 34.3185,
    (float32) 34.31641,
    (float32) 34.319588,
    (float32) 34.328087,
    (float32) 34.3459,
    (float32) 34.37109,
    (float32) 34.39241,
    (float32) 34.408413,
    (float32) 34.41431,
    (float32) 34.41721,
    (float32) 34.4183,
    (float32) 34.41929,
    (float32) 34.4214,
    (float32) 34.42501,
    (float32) 34.43,
    (float32) 34.4382,
    (float32) 34.44959,
    (float32) 34.4643,
    (float32) 34.4812,
    (float32) 34.49951,
    (float32) 34.51841,
    (float32) 34.5354,
    (float32) 34.550987,
    (float32) 34.56519,
    (float32) 34.5801,
    (float32) 34.59609,
    (float32) 34.61351,
    (float32) 34.63269,
    (float32) 34.647087,
    (float32) 34.66051,
    (float32) 34.67,
    (float32) 34.67289,
    (float32) 34.669212,
    (float32) 34.661587,
    (float32) 34.65159,
    (float32) 34.64061,
    (float32) 34.631187,
    (float32) 34.624588,
    (float32) 34.620087,
    (float32) 34.61731,
    (float32) 34.6176,
    (float32) 34.61929,
    (float32) 34.6237,
    (float32) 34.629013,
    (float32) 34.634113,
    (float32) 34.637413,
    (float32) 34.63911,
    (float32) 34.638187,
    (float32) 34.63369,
    (float32) 34.6283,
    (float32) 34.62461,
    (float32) 34.62489,
    (float32) 34.63021,
    (float32) 34.6396,
    (float32) 34.65351,
    (float32) 34.67121,
    (float32) 34.6952,
    (float32) 34.7168,
    (float32) 34.73539,
    (float32) 34.751087,
    (float32) 34.767612,
    (float32) 34.7882,
    (float32) 34.811012,
    (float32) 34.845512,
    (float32) 34.898113,
    (float32) 34.9867,
    (float32) 35.111313,
    (float32) 35.15859,
    (float32) 35.13789,
    (float32) 35.1206,
    (float32) 35.08099,
    (float32) 35.054012,
    (float32) 35.01299,
    (float32) 34.97,
    (float32) 34.931988,
    (float32) 34.8999,
    (float32) 34.881012,
    (float32) 34.869587,
    (float32) 34.86151,
    (float32) 34.864388,
    (float32) 34.866688,
    (float32) 34.86789,
    (float32) 34.87661,
    (float32) 34.886913,
    (float32) 34.8999,
    (float32) 34.901787,
    (float32) 34.89191,
    (float32) 34.888912,
    (float32) 9.96921e+36,
    (float32) 9.96921e+36,
    (float32) 9.96921e+36,
    (float32) 9.96921e+36,
    (float32) 34.44199,
    (float32) 34.4505,
    (float32) 34.5114,
    (float32) 34.553013,
    (float32) 34.572613,
    (float32) 34.57421,
    (float32) 34.5702,
    (float32) 34.57549
   },
   ([]float32) (len=360 cap=360) {
    (float32) 34.764,
    (float32) 34.7907,
    (float32) 34.830788,
    (float32) 34.87611,
    (float32) 34.9189,
    (float32) 34.9569,
    (float32) 34.979,
    (float32) 34.983788,
    (float32) 34.968613,
    (float32) 34.93929,
    (float32) 34.900787,
    (float32) 34.8575,
    (float32) 34.811913,
    (float32) 34.763313,
    (float32) 34.71209,
    (float32) 34.661213,
    (float32) 34.61519,
    (float32) 34.574413,
    (float32) 34.54031,
    (float32) 34.5135,
    (float32) 34.4937,
    (float32) 34.4805,
    (float32) 34.473213,
    (float32) 34.47009,
    (float32) 34.46831,
    (float32) 34.4658,
    (float32) 34.460888,
    (float32) 34.4529,
    (float32) 34.442013,
    (float32) 34.429787,
    (float32) 34.41721,
    (float32) 34.4054,
    (float32) 34.39399,
    (float32) 34.38229,
    (float32) 34.3714,
    (float32) 34.359913,
    (float32) 34.34959,
    (float32) 34.33979,
    (float32) 34.331112,
    (float32) 34.3235,
    (float32) 34.31659,
    (float32) 34.309887,
    (float32) 34.302788,
    (float32) 34.295788,
    (float32) 34.28899,
    (float32) 34.2823,
    (float32) 34.27569,
    (float32) 34.26899,
    (float32) 34.26169,
    (float32) 34.25319,
    (float32) 34.24271,
    (float32) 34.23039,
    (float32) 34.21669,
    (float32) 34.20291,
    (float32) 34.191,
    (float32) 34.181713,
    (float32) 34.17401,
    (float32) 34.1682,
    (float32) 34.164787,
    (float32) 34.158688,
    (float32) 34.151287,
    (float32) 34.14299,
    (float32) 34.13391,
    (float32) 34.124813,
    (float32) 34.115513,
    (float32) 34.10641,
    (float32) 34.097687,
    (float32) 34.08961,
    (float32) 34.082188,
    (float32) 34.07499,
    (float32) 34.06799,
    (float32) 34.05999,
    (float32) 34.05129,
    (float32) 34.0429,
    (float32) 34.03471,
    (float32) 34.0263,
    (float32) 34.018913,
    (float32) 34.01181,
    (float32) 34.006313,
    (float32) 34.00091,
    (float32) 33.99439,
    (float32) 33.9867,
    (float32) 33.9789,
    (float32) 33.97201,
    (float32) 33.96611,
    (float32) 33.96181,
    (float32) 33.95951,
    (float32) 33.95789,
    (float32) 33.956112,
    (float32) 33.954487,
    (float32) 33.95199,
    (float32) 33.94899,
    (float32) 33.94551,
    (float32) 33.942112,
    (float32) 33.938988,
    (float32) 33.93571,
    (float32) 33.93139,
    (float32) 33.92261,
    (float32) 33.90349,
    (float32) 33.86591,
    (float32) 33.79879,
    (float32) 33.6943,
    (float32) 33.545788,
    (float32) 33.34589,
    (float32) 33.08339,
    (float32) 32.731987,
    (float32) 9.96921e+36,
    (float32) 9.96921e+36,
    (float32) 9.96921e+36,
    (float32) 9.96921e+36,
    (float32) 9.96921e+36,
    (float32) 9.96921e+36,
    (float32) 9.96921e+36,
    (float32) 9.96921e+36,
    (float32) 9.96921e+36,
    (float32) 9.96921e+36,
    (float32) 33.49419,
    (float32) 33.57811,
    (float32) 33.655212,
    (float32) 33.730713,
    (float32) 33.8114,
    (float32) 33.90049,
    (float32) 33.9972,
    (float32) 34.1005,
    (float32) 34.2038,
    (float32) 34.29961,
    (float32) 34.381912,
    (float32) 34.445488,
    (float32) 34.496387,
    (float32) 34.52189,
    (float32) 34.53129,
    (float32) 34.5323,
    (float32) 34.522488,
    (float32) 34.50651,
    (float32) 34.49279,
    (float32) 34.485687,
    (float32) 34.482887,
    (float32) 34.486412,
    (float32) 34.49691,
    (float32) 34.50869,
    (float32) 34.51899,
    (float32) 34.52891,
    (float32) 34.53091,
    (float32) 34.52291,
    (float32) 34.50891,
    (float32) 34.49249,
    (float32) 34.478188,
    (float32) 34.4664,
    (float32) 34.45699,
    (float32) 34.450413,
    (float32) 34.44639,
    (float32) 34.4463,
    (float32) 34.4516,
    (float32) 34.46171,
    (float32) 34.472412,
    (float32) 34.482613,
    (float32) 34.4902,
    (float32) 34.49171,
    (float32) 34.48551,
    (float32) 34.471012,
    (float32) 34.4496,
    (float32) 34.4239,
    (float32) 34.39809,
    (float32) 34.3758,
    (float32) 34.3607,
    (float32) 34.353012,
    (float32) 34.35131,
    (float32) 34.35221,
    (float32) 34.351513,
    (float32) 34.34791,
    (float32) 34.341312,
    (float32) 34.33429,
    (float32) 34.32739,
    (float32) 34.3209,
    (float32) 34.31739,
    (float32) 34.31109,
    (float32) 34.3036,
    (float32) 34.29149,
    (float32) 34.28001,
    (float32) 34.27071,
    (float32) 34.261787,
    (float32) 34.25151,
    (float32) 34.240887,
    (float32) 34.22939,
    (float32) 34.215687,
    (float32) 34.2003,
    (float32) 34.18341,
    (float32) 34.17349,
    (float32) 34.1785,
    (float32) 34.207,
    (float32) 34.260212,
    (float32) 34.33259,
    (float32) 34.41651,
    (float32) 34.49951,
    (float32) 34.56899,
    (float32) 34.61709,
    (float32) 34.64789,
    (float32) 34.65881,
    (float32) 34.6631,
    (float32) 34.66789,
    (float32) 34.67059,
    (float32) 34.66919,
    (float32) 34.6655,
    (float32) 34.65609,
    (float32) 34.6486,
    (float32) 34.64051,
    (float32) 34.63151,
    (float32) 34.61919,
    (float32) 34.60421,
    (float32) 34.580112,
    (float32) 34.55191,
    (float32) 34.51659,
    (float32) 34.469387,
    (float32) 34.41891,
    (float32) 34.363388,
    (float32) 34.302,
    (float32) 34.237312,
    (float32) 34.17501,
    (float32) 34.12521,
    (float32) 34.09211,
    (float32) 34.07449,
    (float32) 34.07291,
    (float32) 34.0816,
    (float32) 34.097088,
    (float32) 34.11391,
    (float32) 34.12439,
    (float32) 34.11821,
    (float32) 34.08311,
    (float32) 34.0345,
    (float32) 33.984512,
    (float32) 33.966312,
    (float32) 33.985413,
    (float32) 34.03731,
    (float32) 34.11311,
    (float32) 34.20861,
    (float32) 34.32181,
    (float32) 34.44069,
    (float32) 34.54969,
    (float32) 34.640488,
    (float32) 34.70291,
    (float32) 34.73531,
    (float32) 34.7376,
    (float32) 34.70681,
    (float32) 34.66029,
    (float32) 34.609688,
    (float32) 34.550087,
    (float32) 34.50141,
    (float32) 34.4724,
    (float32) 34.461613,
    (float32) 34.465187,
    (float32) 34.47901,
    (float32) 34.49041,
    (float32) 34.50511,
    (float32) 34.516487,
    (float32) 34.52701,
    (float32) 34.53171,
    (float32) 34.535587,
    (float32) 34.53321,
    (float32) 34.52149,
    (float32) 34.511787,
    (float32) 34.4956,
    (float32) 34.487587,
    (float32) 34.48611,
    (float32) 34.48869,
    (float32) 34.500313,
    (float32) 34.51579,
    (float32) 34.52911,
    (float32) 34.5431,
    (float32) 34.548187,
    (float32) 34.54901,
    (float32) 34.54961,
    (float32) 34.55249,
    (float32) 34.557587,
    (float32) 34.56509,
    (float32) 34.57629,
    (float32) 34.589687,
    (float32) 34.604687,
    (float32) 34.62001,
    (float32) 34.6358,
    (float32) 34.6514,
    (float32) 34.665787,
    (float32) 34.678387,
    (float32) 34.68811,
    (float32) 34.696987,
    (float32) 34.7071,
    (float32) 34.7175,
    (float32) 34.7315,
    (float32) 34.74299,
    (float32) 34.75621,
    (float32) 34.76411,
    (float32) 34.768,
    (float32) 34.76399,
    (float32) 34.7535,
    (float32) 34.73831,
    (float32) 34.72211,
    (float32) 34.70621,
    (float32) 34.69461,
    (float32) 34.6864,
    (float32) 34.68169,
    (float32) 34.679688,
    (float32) 34.68121,
    (float32) 34.683987,
    (float32) 34.689087,
    (float32) 34.69379,
    (float32) 34.697613,
    (float32) 34.701813,
    (float32) 34.70201,
    (float32) 34.70049,
    (float32) 34.69451,
    (float32) 34.68801,
    (float32) 34.683487,
    (float32) 34.685112,
    (float32) 34.69389,
    (float32) 34.7072,
    (float32) 34.725388,
    (float32) 34.7463,
    (float32) 34.76899,
    (float32) 34.7913,
    (float32) 34.81339,
    (float32) 34.832813,
    (float32) 34.851513,
    (float32) 34.868313,
    (float32) 34.8862,
    (float32) 34.913,
    (float32) 34.95571,
    (float32) 35.0733,
    (float32) 9.96921e+36,
    (float32) 9.96921e+36,
    (float32) 35.2866,
    (float32) 35.264187,
    (float32) 35.22229,
    (float32) 35.184513,
    (float32) 35.143787,
    (float32) 35.101788,
    (float32) 35.06429,
    (float32) 35.03281,
    (float32) 35.01091,
    (float32) 34.996212,
    (float32) 34.984188,
    (float32) 34.97951,
    (float32) 34.974087,
    (float32) 34.97329,
    (float32) 34.97731,
    (float32) 34.982887,
    (float32) 34.99239,
    (float32) 34.99749,
    (float32) 34.998287,
    (float32) 34.9995,
    (float32) 35.01771,
    (float32) 9.96921e+36,
    (float32) 9.96921e+36,
    (float32) 9.96921e+36,
    (float32) 9.96921e+36,
    (float32) 9.96921e+36,
    (float32) 34.6199,
    (float32) 34.695988,
    (float32) 34.7367,
    (float32) 34.748913,
    (float32) 34.7453,
    (float32) 34.74831
   },
   ([]float32) (len=360 cap=360) {
    (float32) 34.94401,
    (float32) 34.959312,
    (float32) 34.98319,
    (float32) 35.009613,
    (float32) 35.03679,
    (float32) 35.060688,
    (float32) 35.07269,
    (float32) 35.06719,
    (float32) 35.04351,
    (float32) 35.00711,
    (float32) 34.9633,
    (float32) 34.915688,
    (float32) 34.86509,
    (float32) 34.81171,
    (float32) 34.755013,
    (float32) 34.69871,
    (float32) 34.645588,
    (float32) 34.59889,
    (float32) 34.55941,
    (float32) 34.5283,
    (float32) 34.50549,
    (float32) 34.4899,
    (float32) 34.4809,
    (float32) 34.47709,
    (float32) 34.4744,
    (float32) 34.4724,
    (float32) 34.4676,
    (float32) 34.4602,
    (float32) 34.4496,
    (float32) 34.437313,
    (float32) 34.425087,
    (float32) 34.4134,
    (float32) 34.40239,
    (float32) 34.39129,
    (float32) 34.37969,
    (float32) 34.36891,
    (float32) 34.35849,
    (float32) 34.349,
    (float32) 34.34091,
    (float32) 34.33349,
    (float32) 34.326588,
    (float32) 34.319912,
    (float32) 34.31319,
    (float32) 34.30641,
    (float32) 34.299587,
    (float32) 34.292587,
    (float32) 34.28521,
    (float32) 34.277588,
    (float32) 34.26939,
    (float32) 34.260212,
    (float32) 34.2494,
    (float32) 34.236313,
    (float32) 34.22121,
    (float32) 34.20581,
    (float32) 34.1912,
    (float32) 34.17769,
    (float32) 34.165913,
    (float32) 34.160187,
    (float32) 34.15551,
    (float32) 34.14881,
    (float32) 34.141712,
    (float32) 34.133488,
    (float32) 34.1245,
    (float32) 34.11559,
    (float32) 34.10691,
    (float32) 34.0989,
    (float32) 34.09191,
    (float32) 34.086212,
    (float32) 34.081512,
    (float32) 34.07699,
    (float32) 34.07151,
    (float32) 34.06419,
    (float32) 34.0549,
    (float32) 34.0446,
    (float32) 34.033512,
    (float32) 34.022,
    (float32) 34.0124,
    (float32) 34.00369,
    (float32) 33.996387,
    (float32) 33.99049,
    (float32) 33.98409,
    (float32) 33.97659,
    (float32) 33.96891,
    (float32) 33.96151,
    (float32) 33.955112,
    (float32) 33.95161,
    (float32) 33.9492,
    (float32) 33.94849,
    (float32) 33.94919,
    (float32) 33.94949,
    (float32) 33.94881,
    (float32) 33.948013,
    (float32) 33.94719,
    (float32) 33.94639,
    (float32) 33.945713,
    (float32) 33.94519,
    (float32) 33.9439,
    (float32) 33.939,
    (float32) 33.9252,
    (float32) 33.89381,
    (float32) 33.8357,
    (float32) 33.74211,
    (float32) 33.60759,
    (float32) 33.429188,
    (float32) 33.205887,
    (float32) 32.9391,
    (float32) 9.96921e+36,
    (float32) 9.96921e+36,
    (float32) 9.96921e+36,
    (float32) 9.96921e+36,
    (float32) 9.96921e+36,
    (float32) 9.96921e+36,
    (float32) 9.96921e+36,
    (float32) 9.96921e+36,
    (float32) 9.96921e+36,
    (float32) 9.96921e+36,
    (float32) 9.96921e+36,
    (float32) 33.57151,
    (float32) 33.635887,
    (float32) 33.68531,
    (float32) 33.74239,
    (float32) 33.814213,
    (float32) 33.90271,
    (float32) 34.00431,
    (float32) 34.1141,
    (float32) 34.22291,
    (float32) 34.32359,
    (float32) 34.41241,
    (float32) 34.4835,
    (float32) 34.53629,
    (float32) 34.55209,
    (float32) 34.5492,
    (float32) 34.54681,
    (float32) 34.53529,
    (float32) 34.52449,
    (float32) 34.521812,
    (float32) 34.5264,
    (float32) 34.53781,
    (float32) 34.553288,
    (float32) 34.5743,
    (float32) 34.59359,
    (float32) 34.610287,
    (float32) 34.618313,
    (float32) 34.62051,
    (float32) 34.61459,
    (float32) 34.611687,
    (float32) 34.6088,
    (float32) 34.60771,
    (float32) 34.608112,
    (float32) 34.60931,
    (float32) 34.6127,
    (float32) 34.617287,
    (float32) 34.62339,
    (float32) 34.63239,
    (float32) 34.640812,
    (float32) 34.64529,
    (float32) 34.64471,
    (float32) 34.639713,
    (float32) 34.62801,
    (float32) 34.610588,
    (float32) 34.588688,
    (float32) 34.565388,
    (float32) 34.54361,
    (float32) 34.52609,
    (float32) 34.515488,
    (float32) 34.51169,
    (float32) 34.51169,
    (float32) 34.51121,
    (float32) 34.506413,
    (float32) 34.49469,
    (float32) 34.479313,
    (float32) 34.46321,
    (float32) 34.44751,
    (float32) 34.43471,
    (float32) 34.424488,
    (float32) 34.4155,
    (float32) 34.404213,
    (float32) 34.3916,
    (float32) 34.3793,
    (float32) 34.369488,
    (float32) 34.3609,
    (float32) 34.353012,
    (float32) 34.34729,
    (float32) 34.340813,
    (float32) 34.33519,
    (float32) 34.328987,
    (float32) 34.3211,
    (float32) 34.31579,
    (float32) 34.32729,
    (float32) 34.366913,
    (float32) 34.43609,
    (float32) 34.52469,
    (float32) 34.62421,
    (float32) 34.72369,
    (float32) 34.80791,
    (float32) 34.864212,
    (float32) 34.89751,
    (float32) 34.918312,
    (float32) 34.925587,
    (float32) 34.9335,
    (float32) 34.933212,
    (float32) 34.930912,
    (float32) 34.9231,
    (float32) 34.9148,
    (float32) 34.904213,
    (float32) 34.89219,
    (float32) 34.8819,
    (float32) 34.8672,
    (float32) 34.848988,
    (float32) 34.82639,
    (float32) 34.79899,
    (float32) 34.76329,
    (float32) 34.72199,
    (float32) 34.67059,
    (float32) 34.60799,
    (float32) 34.539787,
    (float32) 34.48321,
    (float32) 34.40469,
    (float32) 34.368813,
    (float32) 34.340687,
    (float32) 34.335888,
    (float32) 34.34499,
    (float32) 34.36431,
    (float32) 34.38821,
    (float32) 34.4101,
    (float32) 34.419888,
    (float32) 34.405712,
    (float32) 34.36171,
    (float32) 34.295887,
    (float32) 34.22901,
    (float32) 34.2017,
    (float32) 34.21311,
    (float32) 34.2675,
    (float32) 34.36099,
    (float32) 34.47739,
    (float32) 34.6069,
    (float32) 34.7358,
    (float32) 34.85059,
    (float32) 34.94069,
    (float32) 34.998688,
    (float32) 35.0278,
    (float32) 35.028988,
    (float32) 35.00161,
    (float32) 34.95581,
    (float32) 34.89241,
    (float32) 34.82741,
    (float32) 34.77379,
    (float32) 34.743088,
    (float32) 34.71639,
    (float32) 34.705513,
    (float32) 34.70139,
    (float32) 34.703,
    (float32) 34.70211,
    (float32) 34.699,
    (float32) 34.698513,
    (float32) 34.70139,
    (float32) 34.69869,
    (float32) 34.69719,
    (float32) 34.68819,
    (float32) 34.6777,
    (float32) 34.66141,
    (float32) 34.64921,
    (float32) 34.64529,
    (float32) 34.64579,
    (float32) 34.65041,
    (float32) 34.6611,
    (float32) 34.6702,
    (float32) 34.677887,
    (float32) 34.6783,
    (float32) 34.67899,
    (float32) 34.677788,
    (float32) 34.6785,
    (float32) 34.682312,
    (float32) 34.691387,
    (float32) 34.705013,
    (float32) 34.72061,
    (float32) 34.735687,
    (float32) 34.74989,
    (float32) 34.7628,
    (float32) 34.774513,
    (float32) 34.7846,
    (float32) 34.792587,
    (float32) 34.79849,
    (float32) 34.80501,
    (float32) 34.81061,
    (float32) 34.82089,
    (float32) 34.829613,
    (float32) 34.8371,
    (float32) 34.8493,
    (float32) 34.8569,
    (float32) 34.85479,
    (float32) 34.84751,
    (float32) 34.8299,
    (float32) 34.809887,
    (float32) 34.78871,
    (float32) 34.768112,
    (float32) 34.75699,
    (float32) 34.74759,
    (float32) 34.74531,
    (float32) 34.74469,
    (float32) 34.74781,
    (float32) 34.7534,
    (float32) 34.760612,
    (float32) 34.766,
    (float32) 34.76849,
    (float32) 34.77329,
    (float32) 34.77571,
    (float32) 34.77419,
    (float32) 34.76541,
    (float32) 34.75329,
    (float32) 34.74631,
    (float32) 34.74809,
    (float32) 34.7605,
    (float32) 34.7788,
    (float32) 34.811512,
    (float32) 34.82719,
    (float32) 34.855587,
    (float32) 34.880287,
    (float32) 34.9009,
    (float32) 34.91919,
    (float32) 34.935013,
    (float32) 34.94881,
    (float32) 34.96001,
    (float32) 34.964287,
    (float32) 34.942513,
    (float32) 9.96921e+36,
    (float32) 9.96921e+36,
    (float32) 9.96921e+36,
    (float32) 9.96921e+36,
    (float32) 35.4393,
    (float32) 35.36451,
    (float32) 35.3123,
    (float32) 35.27239,
    (float32) 35.236813,
    (float32) 35.204,
    (float32) 35.17519,
    (float32) 35.15041,
    (float32) 35.13049,
    (float32) 35.11611,
    (float32) 35.100487,
    (float32) 35.08849,
    (float32) 35.08149,
    (float32) 35.078613,
    (float32) 35.081913,
    (float32) 35.087288,
    (float32) 35.092987,
    (float32) 35.09459,
    (float32) 35.0887,
    (float32) 35.073112,
    (float32) 35.0307,
    (float32) 34.89209,
    (float32) 9.96921e+36,
    (float32) 9.96921e+36,
    (float32) 9.96921e+36,
    (float32) 34.783688,
    (float32) 34.876713,
    (float32) 34.94029,
    (float32) 34.954388,
    (float32) 34.948013,
    (float32) 34.939087
   },
   ([]float32) (len=360 cap=360) {
    (float32) 35.122612,
    (float32) 35.12269,
    (float32) 35.12641,
    (float32) 35.133587,
    (float32) 35.1432,
    (float32) 35.1512,
    (float32) 35.15159,
    (float32) 35.134613,
    (float32) 35.104588,
    (float32) 35.064213,
    (float32) 35.01841,
    (float32) 34.96959,
    (float32) 34.91869,
    (float32) 34.86269,
    (float32) 34.804913,
    (float32) 34.74601,
    (float32) 34.6894,
    (float32) 34.63811,
    (float32) 34.59391,
    (float32) 34.558712,
    (float32) 34.53261,
    (float32) 34.515,
    (float32) 34.504612,
    (float32) 34.4985,
    (float32) 34.49451,
    (float32) 34.4918,
    (float32) 34.48739,
    (float32) 34.4805,
    (float32) 34.470913,
    (float32) 34.45979,
    (float32) 34.448288,
    (float32) 34.437412,
    (float32) 34.42719,
    (float32) 34.416588,
    (float32) 34.405388,
    (float32) 34.39529,
    (float32) 34.385513,
    (float32) 34.37661,
    (float32) 34.36919,
    (float32) 34.362312,
    (float32) 34.35601,
    (float32) 34.34981,
    (float32) 34.3434,
    (float32) 34.3368,
    (float32) 34.329388,
    (float32) 34.32111,
    (float32) 34.31199,
    (float32) 34.30231,
    (float32) 34.292313,
    (float32) 34.2818,
    (float32) 34.27,
    (float32) 34.25589,
    (float32) 34.239487,
    (float32) 34.2216,
    (float32) 34.203613,
    (float32) 34.18471,
    (float32) 34.17109,
    (float32) 34.16029,
    (float32) 34.15349,
    (float32) 34.1459,
    (float32) 34.13879,
    (float32) 34.13089,
    (float32) 34.1232,
    (float32) 34.1155,
    (float32) 34.108887,
    (float32) 34.103188,
    (float32) 34.09889,
    (float32) 34.09621,
    (float32) 34.0944,
    (float32) 34.092087,
    (float32) 34.0879,
    (float32) 34.0807,
    (float32) 34.06989,
    (float32) 34.056087,
    (float32) 34.042,
    (float32) 34.02699,
    (float32) 34.0136,
    (float32) 34.00301,
    (float32) 33.9952,
    (float32) 33.989388,
    (float32) 33.98349,
    (float32) 33.97671,
    (float32) 33.96919,
    (float32) 33.961887,
    (float32) 33.955112,
    (float32) 33.95199,
    (float32) 33.94931,
    (float32) 33.95021,
    (float32) 33.952312,
    (float32) 33.9541,
    (float32) 33.956787,
    (float32) 33.95939,
    (float32) 33.961487,
    (float32) 33.963287,
    (float32) 33.965088,
    (float32) 33.96689,
    (float32) 33.967712,
    (float32) 33.96529,
    (float32) 33.9545,
    (float32) 33.92821,
    (float32) 33.87809,
    (float32) 33.79671,
    (float32) 33.6809,
    (float32) 33.53241,
    (float32) 33.358788,
    (float32) 33.17199,
    (float32) 9.96921e+36,
    (float32) 9.96921e+36,
    (float32) 9.96921e+36,
    (float32) 9.96921e+36,
    (float32) 9.96921e+36,
    (float32) 9.96921e+36,
    (float32) 9.96921e+36,
    (float32) 9.96921e+36,
    (float32) 9.96921e+36,
    (float32) 9.96921e+36,
    (float32) 33.772987,
    (float32) 33.71669,
    (float32) 33.60939,
    (float32) 33.6077,
    (float32) 33.64019,
    (float32) 33.6972,
    (float32) 33.77969,
    (float32) 33.88401,
    (float32) 33.996788,
    (float32) 34.112812,
    (float32) 34.23711,
    (float32) 34.354813,
    (float32) 34.45469,
    (float32) 34.53639,
    (float32) 34.58159,
    (float32) 34.593,
    (float32) 34.59351,
    (float32) 34.59351,
    (float32) 34.59011,
    (float32) 34.595287,
    (float32) 34.6086,
    (float32) 34.62849,
    (float32) 34.6533,
    (float32) 34.68309,
    (float32) 34.713512,
    (float32) 34.736313,
    (float32) 34.754112,
    (float32) 34.760212,
    (float32) 34.765213,
    (float32) 34.76729,
    (float32) 34.77409,
    (float32) 34.7806,
    (float32) 34.786987,
    (float32) 34.79109,
    (float32) 34.79559,
    (float32) 34.8002,
    (float32) 34.804287,
    (float32) 34.8085,
    (float32) 34.80891,
    (float32) 34.80439,
    (float32) 34.79391,
    (float32) 34.780212,
    (float32) 34.76361,
    (float32) 34.744213,
    (float32) 34.7239,
    (float32) 34.703888,
    (float32) 34.686413,
    (float32) 34.67321,
    (float32) 34.66489,
    (float32) 34.66089,
    (float32) 34.65771,
    (float32) 34.65131,
    (float32) 34.6388,
    (float32) 34.61891,
    (float32) 34.5946,
    (float32) 34.56921,
    (float32) 34.545113,
    (float32) 34.52549,
    (float32) 34.50981,
    (float32) 34.4974,
    (float32) 34.486,
    (float32) 34.475388,
    (float32) 34.465412,
    (float32) 34.4574,
    (float32) 34.45219,
    (float32) 34.44729,
    (float32) 34.44461,
    (float32) 34.44541,
    (float32) 34.44949,
    (float32) 34.453487,
    (float32) 34.456413,
    (float32) 34.464012,
    (float32) 34.48661,
    (float32) 34.53869,
    (float32) 34.621212,
    (float32) 34.72229,
    (float32) 34.832287,
    (float32) 34.932,
    (float32) 35.02011,
    (float32) 35.08031,
    (float32) 35.1187,
    (float32) 35.138313,
    (float32) 35.148987,
    (float32) 35.152912,
    (float32) 35.1521,
    (float32) 35.14599,
    (float32) 35.1349,
    (float32) 35.125412,
    (float32) 35.114487,
    (float32) 35.1039,
    (float32) 35.09589,
    (float32) 35.0831,
    (float32) 35.067787,
    (float32) 35.051613,
    (float32) 35.031887,
    (float32) 35.006413,
    (float32) 34.97111,
    (float32) 34.93421,
    (float32) 34.87129,
    (float32) 34.814487,
    (float32) 34.74199,
    (float32) 34.68229,
    (float32) 34.63861,
    (float32) 34.621,
    (float32) 34.629787,
    (float32) 34.671387,
    (float32) 34.7007,
    (float32) 34.731987,
    (float32) 34.756813,
    (float32) 34.765713,
    (float32) 34.74909,
    (float32) 34.70341,
    (float32) 34.63189,
    (float32) 34.560688,
    (float32) 34.519012,
    (float32) 34.52401,
    (float32) 34.578312,
    (float32) 34.66811,
    (float32) 34.78209,
    (float32) 34.9018,
    (float32) 35.018513,
    (float32) 35.1174,
    (float32) 35.189987,
    (float32) 35.23461,
    (float32) 35.25409,
    (float32) 35.24831,
    (float32) 35.22061,
    (float32) 35.175488,
    (float32) 35.11919,
    (float32) 35.061413,
    (float32) 35.0102,
    (float32) 34.968887,
    (float32) 34.940613,
    (float32) 34.92339,
    (float32) 34.90389,
    (float32) 34.88731,
    (float32) 34.87551,
    (float32) 34.86229,
    (float32) 34.85379,
    (float32) 34.846,
    (float32) 34.84229,
    (float32) 34.83881,
    (float32) 34.830112,
    (float32) 34.81619,
    (float32) 34.805687,
    (float32) 34.796,
    (float32) 34.79021,
    (float32) 34.7885,
    (float32) 34.78921,
    (float32) 34.7927,
    (float32) 34.79839,
    (float32) 34.7999,
    (float32) 34.799812,
    (float32) 34.79739,
    (float32) 34.793213,
    (float32) 34.78831,
    (float32) 34.787987,
    (float32) 34.79419,
    (float32) 34.80599,
    (float32) 34.82061,
    (float32) 34.834087,
    (float32) 34.84651,
    (float32) 34.85669,
    (float32) 34.866188,
    (float32) 34.874687,
    (float32) 34.88061,
    (float32) 34.88731,
    (float32) 34.892788,
    (float32) 34.89689,
    (float32) 34.90159,
    (float32) 34.912987,
    (float32) 34.92399,
    (float32) 34.935688,
    (float32) 34.94141,
    (float32) 34.94501,
    (float32) 34.937813,
    (float32) 34.9174,
    (float32) 34.89229,
    (float32) 34.86789,
    (float32) 34.849712,
    (float32) 34.8347,
    (float32) 34.829613,
    (float32) 34.82739,
    (float32) 34.83071,
    (float32) 34.83681,
    (float32) 34.84801,
    (float32) 34.85551,
    (float32) 34.85669,
    (float32) 34.85899,
    (float32) 34.860413,
    (float32) 34.86229,
    (float32) 34.85561,
    (float32) 34.8418,
    (float32) 34.82881,
    (float32) 34.81939,
    (float32) 34.81921,
    (float32) 34.83049,
    (float32) 34.85519,
    (float32) 34.88351,
    (float32) 34.9132,
    (float32) 34.943012,
    (float32) 34.97011,
    (float32) 34.991013,
    (float32) 35.00861,
    (float32) 35.02189,
    (float32) 35.03359,
    (float32) 35.04401,
    (float32) 35.044888,
    (float32) 35.029213,
    (float32) 9.96921e+36,
    (float32) 9.96921e+36,
    (float32) 9.96921e+36,
    (float32) 9.96921e+36,
    (float32) 35.5461,
    (float32) 35.46769,
    (float32) 35.4183,
    (float32) 35.3858,
    (float32) 35.358112,
    (float32) 35.33121,
    (float32) 35.30551,
    (float32) 35.2821,
    (float32) 35.262913,
    (float32) 35.24279,
    (float32) 35.22071,
    (float32) 35.20021,
    (float32) 35.18751,
    (float32) 35.17971,
    (float32) 35.17841,
    (float32) 35.181488,
    (float32) 35.185787,
    (float32) 35.186512,
    (float32) 35.175987,
    (float32) 35.1467,
    (float32) 35.08651,
    (float32) 34.97221,
    (float32) 34.798588,
    (float32) 9.96921e+36,
    (float32) 9.96921e+36,
    (float32) 9.96921e+36,
    (float32) 9.96921e+36,
    (float32) 35.19781,
    (float32) 35.188087,
    (float32) 35.15749,
    (float32) 35.1345
   },
   ([]float32) (len=360 cap=360) {
    (float32) 35.265488,
    (float32) 35.247112,
    (float32) 35.23789,
    (float32) 35.229313,
    (float32) 35.22369,
    (float32) 35.216988,
    (float32) 35.20429,
    (float32) 35.1826,
    (float32) 35.1483,
    (float32) 35.10869,
    (float32) 35.064087,
    (float32) 35.01791,
    (float32) 34.9702,
    (float32) 34.919113,
    (float32) 34.863487,
    (float32) 34.8057,
    (float32) 34.74849,
    (float32) 34.6943,
    (float32) 34.64601,
    (float32) 34.6062,
    (float32) 34.5779,
    (float32) 34.55881,
    (float32) 34.54721,
    (float32) 34.539013,
    (float32) 34.534313,
    (float32) 34.529587,
    (float32) 34.52531,
    (float32) 34.5191,
    (float32) 34.511513,
    (float32) 34.501987,
    (float32) 34.49209,
    (float32) 34.48281,
    (float32) 34.4734,
    (float32) 34.4634,
    (float32) 34.452988,
    (float32) 34.44239,
    (float32) 34.432888,
    (float32) 34.424812,
    (float32) 34.418,
    (float32) 34.41209,
    (float32) 34.407,
    (float32) 34.40149,
    (float32) 34.3957,
    (float32) 34.388412,
    (float32) 34.379787,
    (float32) 34.3689,
    (float32) 34.35659,
    (float32) 34.343613,
    (float32) 34.33121,
    (float32) 34.31899,
    (float32) 34.30579,
    (float32) 34.290688,
    (float32) 34.27261,
    (float32) 34.2523,
    (float32) 34.23061,
    (float32) 34.209988,
    (float32) 34.19131,
    (float32) 34.17609,
    (float32) 34.163513,
    (float32) 34.1539,
    (float32) 34.145813,
    (float32) 34.13899,
    (float32) 34.133,
    (float32) 34.12759,
    (float32) 34.1234,
    (float32) 34.12101,
    (float32) 34.12029,
    (float32) 34.121,
    (float32) 34.1219,
    (float32) 34.12119,
    (float32) 34.117188,
    (float32) 34.108612,
    (float32) 34.094887,
    (float32) 34.07739,
    (float32) 34.05829,
    (float32) 34.03959,
    (float32) 34.02329,
    (float32) 34.012,
    (float32) 34.00471,
    (float32) 33.9998,
    (float32) 33.99489,
    (float32) 33.98901,
    (float32) 33.981888,
    (float32) 33.974487,
    (float32) 33.96831,
    (float32) 33.9642,
    (float32) 33.9627,
    (float32) 33.96361,
    (float32) 33.96691,
    (float32) 33.97179,
    (float32) 33.97759,
    (float32) 33.98369,
    (float32) 33.989487,
    (float32) 33.994,
    (float32) 33.997513,
    (float32) 34.000412,
    (float32) 34.00201,
    (float32) 33.9999,
    (float32) 33.9898,
    (float32) 33.965588,
    (float32) 33.92071,
    (float32) 33.8504,
    (float32) 33.753788,
    (float32) 33.636612,
    (float32) 33.51209,
    (float32) 33.40329,
    (float32) 9.96921e+36,
    (float32) 9.96921e+36,
    (float32) 9.96921e+36,
    (float32) 9.96921e+36,
    (float32) 9.96921e+36,
    (float32) 9.96921e+36,
    (float32) 9.96921e+36,
    (float32) 9.96921e+36,
    (float32) 9.96921e+36,
    (float32) 9.96921e+36,
    (float32) 9.96921e+36,
    (float32) 9.96921e+36,
    (float32) 33.47991,
    (float32) 33.48689,
    (float32) 33.50751,
    (float32) 33.558388,
    (float32) 33.64661,
    (float32) 33.77749,
    (float32) 33.896,
    (float32) 34.013813,
    (float32) 34.14809,
    (float32) 34.298687,
    (float32) 34.441887,
    (float32) 34.543312,
    (float32) 34.62461,
    (float32) 34.66601,
    (float32) 34.67669,
    (float32) 34.68661,
    (float32) 34.698887,
    (float32) 34.70759,
    (float32) 34.73111,
    (float32) 34.76049,
    (float32) 34.79851,
    (float32) 34.838787,
    (float32) 34.87759,
    (float32) 34.90909,
    (float32) 34.929913,
    (float32) 34.94191,
    (float32) 34.95339,
    (float32) 34.95649,
    (float32) 34.9657,
    (float32) 34.97491,
    (float32) 34.9798,
    (float32) 34.981987,
    (float32) 34.982788,
    (float32) 34.98069,
    (float32) 34.978012,
    (float32) 34.973713,
    (float32) 34.96311,
    (float32) 34.949413,
    (float32) 34.93099,
    (float32) 34.91021,
    (float32) 34.889,
    (float32) 34.868587,
    (float32) 34.8502,
    (float32) 34.83429,
    (float32) 34.820988,
    (float32) 34.810787,
    (float32) 34.802887,
    (float32) 34.795788,
    (float32) 34.78641,
    (float32) 34.77149,
    (float32) 34.749687,
    (float32) 34.722412,
    (float32) 34.691612,
    (float32) 34.660313,
    (float32) 34.63129,
    (float32) 34.605587,
    (float32) 34.58541,
    (float32) 34.57119,
    (float32) 34.5615,
    (float32) 34.555187,
    (float32) 34.550987,
    (float32) 34.548,
    (float32) 34.5465,
    (float32) 34.545887,
    (float32) 34.54519,
    (float32) 34.54759,
    (float32) 34.55739,
    (float32) 34.572212,
    (float32) 34.58811,
    (float32) 34.61189,
    (float32) 34.65199,
    (float32) 34.71711,
    (float32) 34.807713,
    (float32) 34.914,
    (float32) 35.022987,
    (float32) 35.11991,
    (float32) 35.1988,
    (float32) 35.25649,
    (float32) 35.28989,
    (float32) 35.306812,
    (float32) 35.313087,
    (float32) 35.314987,
    (float32) 35.310787,
    (float32) 35.3029,
    (float32) 35.289387,
    (float32) 35.27879,
    (float32) 35.26771,
    (float32) 35.261387,
    (float32) 35.25489,
    (float32) 35.24811,
    (float32) 35.24081,
    (float32) 35.2307,
    (float32) 35.221287,
    (float32) 35.20639,
    (float32) 35.19019,
    (float32) 35.168488,
    (float32) 35.11871,
    (float32) 35.071888,
    (float32) 35.013813,
    (float32) 34.959587,
    (float32) 34.926487,
    (float32) 34.918888,
    (float32) 34.9391,
    (float32) 34.9965,
    (float32) 35.03331,
    (float32) 35.06619,
    (float32) 35.09231,
    (float32) 35.097588,
    (float32) 35.08121,
    (float32) 35.0356,
    (float32) 34.97099,
    (float32) 34.9097,
    (float32) 34.868187,
    (float32) 34.86801,
    (float32) 34.913612,
    (float32) 34.98739,
    (float32) 35.07369,
    (float32) 35.16321,
    (float32) 35.245712,
    (float32) 35.314888,
    (float32) 35.36229,
    (float32) 35.3897,
    (float32) 35.3974,
    (float32) 35.38641,
    (float32) 35.358887,
    (float32) 35.31759,
    (float32) 35.2687,
    (float32) 35.22089,
    (float32) 35.17921,
    (float32) 35.146988,
    (float32) 35.118,
    (float32) 35.09231,
    (float32) 35.06879,
    (float32) 35.047512,
    (float32) 35.02431,
    (float32) 35.00319,
    (float32) 34.98629,
    (float32) 34.973713,
    (float32) 34.96579,
    (float32) 34.959312,
    (float32) 34.95261,
    (float32) 34.939487,
    (float32) 34.92881,
    (float32) 34.921112,
    (float32) 34.91581,
    (float32) 34.911087,
    (float32) 34.90761,
    (float32) 34.9061,
    (float32) 34.90601,
    (float32) 34.90509,
    (float32) 34.9025,
    (float32) 34.89691,
    (float32) 34.88759,
    (float32) 34.87849,
    (float32) 34.87281,
    (float32) 34.8743,
    (float32) 34.880013,
    (float32) 34.890488,
    (float32) 34.9031,
    (float32) 34.91421,
    (float32) 34.924988,
    (float32) 34.935112,
    (float32) 34.94511,
    (float32) 34.95379,
    (float32) 34.96191,
    (float32) 34.966713,
    (float32) 34.976612,
    (float32) 34.98459,
    (float32) 34.993313,
    (float32) 35.0102,
    (float32) 35.026688,
    (float32) 35.04481,
    (float32) 35.0541,
    (float32) 35.0439,
    (float32) 35.02661,
    (float32) 35.00091,
    (float32) 34.979813,
    (float32) 34.965588,
    (float32) 34.950012,
    (float32) 34.946213,
    (float32) 34.943813,
    (float32) 34.94819,
    (float32) 34.961487,
    (float32) 34.96831,
    (float32) 34.97111,
    (float32) 34.96759,
    (float32) 34.96639,
    (float32) 34.963787,
    (float32) 34.95939,
    (float32) 34.95121,
    (float32) 34.937588,
    (float32) 34.9168,
    (float32) 34.8994,
    (float32) 34.89711,
    (float32) 34.91101,
    (float32) 34.9364,
    (float32) 34.9743,
    (float32) 35.0161,
    (float32) 35.03501,
    (float32) 35.05829,
    (float32) 35.07959,
    (float32) 35.09621,
    (float32) 35.110687,
    (float32) 35.1216,
    (float32) 35.13739,
    (float32) 35.14411,
    (float32) 35.133987,
    (float32) 9.96921e+36,
    (float32) 35.50981,
    (float32) 35.258312,
    (float32) 9.96921e+36,
    (float32) 35.60809,
    (float32) 35.5332,
    (float32) 35.49419,
    (float32) 35.46881,
    (float32) 35.44869,
    (float32) 35.42871,
    (float32) 35.410587,
    (float32) 35.39229,
    (float32) 35.37619,
    (float32) 35.355213,
    (float32) 35.3238,
    (float32) 35.30001,
    (float32) 35.280888,
    (float32) 35.271988,
    (float32) 35.268013,
    (float32) 35.2685,
    (float32) 35.271988,
    (float32) 35.2731,
    (float32) 35.263588,
    (float32) 35.2347,
    (float32) 35.18431,
    (float32) 35.11239,
    (float32) 35.0463,
    (float32) 9.96921e+36,
    (float32) 34.8121,
    (float32) 34.896,
    (float32) 9.96921e+36,
    (float32) 9.96921e+36,
    (float32) 35.4408,
    (float32) 35.34391,
    (float32) 35.2925
   },
   ([]float32) (len=360 cap=360) {
    (float32) 35.355988,
    (float32) 35.33091,
    (float32) 35.311413,
    (float32) 35.29341,
    (float32) 35.27569,
    (float32) 35.258312,
    (float32) 35.238087,
    (float32) 35.2143,
    (float32) 35.182312,
    (float32) 35.14499,
    (float32) 35.1053,
    (float32) 35.06479,
    (float32) 35.02419,
    (float32) 34.981487,
    (float32) 34.93179,
    (float32) 34.877113,
    (float32) 34.82151,
    (float32) 34.76691,
    (float32) 34.7168,
    (float32) 34.67501,
    (float32) 34.643288,
    (float32) 34.6241,
    (float32) 34.61129,
    (float32) 34.60289,
    (float32) 34.59729,
    (float32) 34.59139,
    (float32) 34.58651,
    (float32) 34.58271,
    (float32) 34.5767,
    (float32) 34.569313,
    (float32) 34.561287,
    (float32) 34.55399,
    (float32) 34.545387,
    (float32) 34.53561,
    (float32) 34.524887,
    (float32) 34.51329,
    (float32) 34.503,
    (float32) 34.4951,
    (float32) 34.48779,
    (float32) 34.48331,
    (float32) 34.4796,
    (float32) 34.47579,
    (float32) 34.47021,
    (float32) 34.461212,
    (float32) 34.44949,
    (float32) 34.43431,
    (float32) 34.417187,
    (float32) 34.400387,
    (float32) 34.3851,
    (float32) 34.37141,
    (float32) 34.357212,
    (float32) 34.340813,
    (float32) 34.32129,
    (float32) 34.29861,
    (float32) 34.274387,
    (float32) 34.250088,
    (float32) 34.227287,
    (float32) 34.207813,
    (float32) 34.192287,
    (float32) 34.180187,
    (float32) 34.17099,
    (float32) 34.16461,
    (float32) 34.159813,
    (float32) 34.156788,
    (float32) 34.15501,
    (float32) 34.155487,
    (float32) 34.15821,
    (float32) 34.16209,
    (float32) 34.16531,
    (float32) 34.16571,
    (float32) 34.16069,
    (float32) 34.148888,
    (float32) 34.131413,
    (float32) 34.10949,
    (float32) 34.085,
    (float32) 34.062687,
    (float32) 34.0453,
    (float32) 34.0338,
    (float32) 34.028,
    (float32) 34.02459,
    (float32) 34.021187,
    (float32) 34.016113,
    (float32) 34.00909,
    (float32) 34.00179,
    (float32) 33.995888,
    (float32) 33.99059,
    (float32) 33.99081,
    (float32) 33.99209,
    (float32) 33.99681,
    (float32) 34.00499,
    (float32) 34.01449,
    (float32) 34.0239,
    (float32) 34.03199,
    (float32) 34.0379,
    (float32) 34.042187,
    (float32) 34.044888,
    (float32) 34.045387,
    (float32) 34.041412,
    (float32) 34.029312,
    (float32) 34.00441,
    (float32) 33.9621,
    (float32) 33.9003,
    (float32) 33.82041,
    (float32) 33.72999,
    (float32) 33.64039,
    (float32) 33.56879,
    (float32) 33.54991,
    (float32) 9.96921e+36,
    (float32) 9.96921e+36,
    (float32) 9.96921e+36,
    (float32) 9.96921e+36,
    (float32) 9.96921e+36,
    (float32) 9.96921e+36,
    (float32) 9.96921e+36,
    (float32) 9.96921e+36,
    (float32) 9.96921e+36,
    (float32) 9.96921e+36,
    (float32) 9.96921e+36,
    (float32) 9.96921e+36,
    (float32) 33.34129,
    (float32) 33.348213,
    (float32) 33.40271,
    (float32) 33.50749,
    (float32) 33.7375,
    (float32) 33.85569,
    (float32) 33.945587,
    (float32) 34.08749,
    (float32) 34.25589,
    (float32) 34.42041,
    (float32) 34.551613,
    (float32) 34.65781,
    (float32) 34.75359,
    (float32) 34.780613,
    (float32) 34.806488,
    (float32) 34.82459,
    (float32) 34.844612,
    (float32) 34.8729,
    (float32) 34.9133,
    (float32) 34.963512,
    (float32) 35.0124,
    (float32) 35.0628,
    (float32) 35.10081,
    (float32) 35.12551,
    (float32) 35.139,
    (float32) 35.14909,
    (float32) 35.153713,
    (float32) 35.16231,
    (float32) 35.16499,
    (float32) 35.16509,
    (float32) 35.159687,
    (float32) 35.15131,
    (float32) 35.140713,
    (float32) 35.129,
    (float32) 35.11541,
    (float32) 35.09789,
    (float32) 35.076187,
    (float32) 35.051613,
    (float32) 35.02611,
    (float32) 35.0029,
    (float32) 34.98271,
    (float32) 34.96689,
    (float32) 34.955,
    (float32) 34.94579,
    (float32) 34.93801,
    (float32) 34.930088,
    (float32) 34.9193,
    (float32) 34.903313,
    (float32) 34.88099,
    (float32) 34.85079,
    (float32) 34.8185,
    (float32) 34.78401,
    (float32) 34.7515,
    (float32) 34.7203,
    (float32) 34.69209,
    (float32) 34.669987,
    (float32) 34.6564,
    (float32) 34.650787,
    (float32) 34.650913,
    (float32) 34.65411,
    (float32) 34.658287,
    (float32) 34.66181,
    (float32) 34.66359,
    (float32) 34.66309,
    (float32) 34.6652,
    (float32) 34.67451,
    (float32) 34.69759,
    (float32) 34.72509,
    (float32) 34.766388,
    (float32) 34.82101,
    (float32) 34.89629,
    (float32) 34.99121,
    (float32) 35.094612,
    (float32) 35.193012,
    (float32) 35.2774,
    (float32) 35.34231,
    (float32) 35.3848,
    (float32) 35.4101,
    (float32) 35.419487,
    (float32) 35.42181,
    (float32) 35.41841,
    (float32) 35.41139,
    (float32) 35.40121,
    (float32) 35.390213,
    (float32) 35.379288,
    (float32) 35.372513,
    (float32) 35.36681,
    (float32) 35.36351,
    (float32) 35.36009,
    (float32) 35.358387,
    (float32) 35.35569,
    (float32) 35.3534,
    (float32) 35.35239,
    (float32) 35.34779,
    (float32) 35.33791,
    (float32) 35.32869,
    (float32) 35.28109,
    (float32) 35.239788,
    (float32) 35.2026,
    (float32) 35.177513,
    (float32) 35.1794,
    (float32) 35.20581,
    (float32) 35.248787,
    (float32) 35.2969,
    (float32) 35.338787,
    (float32) 35.35759,
    (float32) 35.36261,
    (float32) 35.34189,
    (float32) 35.3033,
    (float32) 35.2532,
    (float32) 35.2043,
    (float32) 35.17451,
    (float32) 35.173088,
    (float32) 35.2018,
    (float32) 35.24581,
    (float32) 35.30011,
    (float32) 35.35449,
    (float32) 35.39971,
    (float32) 35.435287,
    (float32) 35.458588,
    (float32) 35.46949,
    (float32) 35.4687,
    (float32) 35.455788,
    (float32) 35.43029,
    (float32) 35.396088,
    (float32) 35.35679,
    (float32) 35.3208,
    (float32) 35.2883,
    (float32) 35.26199,
    (float32) 35.23959,
    (float32) 35.215187,
    (float32) 35.192787,
    (float32) 35.1675,
    (float32) 35.14179,
    (float32) 35.11721,
    (float32) 35.09679,
    (float32) 35.08091,
    (float32) 35.06939,
    (float32) 35.06,
    (float32) 35.05101,
    (float32) 35.04189,
    (float32) 35.030388,
    (float32) 35.021988,
    (float32) 35.013588,
    (float32) 35.00739,
    (float32) 35.00141,
    (float32) 34.9955,
    (float32) 34.99159,
    (float32) 34.98601,
    (float32) 34.98141,
    (float32) 34.9727,
    (float32) 34.960712,
    (float32) 34.94909,
    (float32) 34.938213,
    (float32) 34.933987,
    (float32) 34.93621,
    (float32) 34.94389,
    (float32) 34.954388,
    (float32) 34.965687,
    (float32) 34.9809,
    (float32) 34.99559,
    (float32) 35.009888,
    (float32) 35.026287,
    (float32) 35.038513,
    (float32) 35.049488,
    (float32) 35.06021,
    (float32) 35.06879,
    (float32) 35.0853,
    (float32) 35.1042,
    (float32) 35.13481,
    (float32) 35.164013,
    (float32) 35.18379,
    (float32) 35.181187,
    (float32) 35.17041,
    (float32) 35.148987,
    (float32) 35.129112,
    (float32) 35.1165,
    (float32) 35.10281,
    (float32) 35.099888,
    (float32) 35.0959,
    (float32) 35.10159,
    (float32) 35.11111,
    (float32) 35.1115,
    (float32) 35.11379,
    (float32) 35.1054,
    (float32) 35.09111,
    (float32) 35.085487,
    (float32) 35.07729,
    (float32) 35.063587,
    (float32) 35.04269,
    (float32) 35.02201,
    (float32) 35.00279,
    (float32) 34.996613,
    (float32) 35.007587,
    (float32) 35.03529,
    (float32) 35.071487,
    (float32) 35.11179,
    (float32) 35.141212,
    (float32) 35.163887,
    (float32) 35.1762,
    (float32) 35.1843,
    (float32) 35.1987,
    (float32) 35.20581,
    (float32) 35.239388,
    (float32) 35.2598,
    (float32) 9.96921e+36,
    (float32) 35.4705,
    (float32) 35.480812,
    (float32) 35.49931,
    (float32) 35.53119,
    (float32) 35.563488,
    (float32) 35.554012,
    (float32) 35.537487,
    (float32) 35.5224,
    (float32) 35.50959,
    (float32) 35.4975,
    (float32) 35.486412,
    (float32) 35.476013,
    (float32) 35.466713,
    (float32) 35.44641,
    (float32) 35.40961,
    (float32) 35.383587,
    (float32) 35.362713,
    (float32) 35.34901,
    (float32) 35.34539,
    (float32) 35.344513,
    (float32) 35.34811,
    (float32) 35.3506,
    (float32) 35.3448,
    (float32) 35.3251,
    (float32) 35.28691,
    (float32) 35.23531,
    (float32) 35.17731,
    (float32) 35.11239,
    (float32) 34.996113,
    (float32) 9.96921e+36,
    (float32) 9.96921e+36,
    (float32) 9.96921e+36,
    (float32) 9.96921e+36,
    (float32) 35.475613,
    (float32) 35.394913
   },
   ([]float32) (len=360 cap=360) {
    (float32) 35.4047,
    (float32) 35.377388,
    (float32) 35.35411,
    (float32) 35.32991,
    (float32) 35.30879,
    (float32) 35.28539,
    (float32) 35.262,
    (float32) 35.238987,
    (float32) 35.211887,
    (float32) 35.18179,
    (float32) 35.15189,
    (float32) 35.12129,
    (float32) 35.08771,
    (float32) 35.051212,
    (float32) 35.009212,
    (float32) 34.96219,
    (float32) 34.91001,
    (float32) 34.85641,
    (float32) 34.80669,
    (float32) 34.76389,
    (float32) 34.73159,
    (float32) 34.7113,
    (float32) 34.70009,
    (float32) 34.69099,
    (float32) 34.68559,
    (float32) 34.6805,
    (float32) 34.678013,
    (float32) 34.674488,
    (float32) 34.669613,
    (float32) 34.6633,
    (float32) 34.65771,
    (float32) 34.65041,
    (float32) 34.643112,
    (float32) 34.63249,
    (float32) 34.62011,
    (float32) 34.6069,
    (float32) 34.59511,
    (float32) 34.58531,
    (float32) 34.57859,
    (float32) 34.57471,
    (float32) 34.57219,
    (float32) 34.56859,
    (float32) 34.56249,
    (float32) 34.550713,
    (float32) 34.533787,
    (float32) 34.51231,
    (float32) 34.489887,
    (float32) 34.469612,
    (float32) 34.45219,
    (float32) 34.43721,
    (float32) 34.42261,
    (float32) 34.40609,
    (float32) 34.385788,
    (float32) 34.362,
    (float32) 34.33601,
    (float32) 34.30999,
    (float32) 34.28549,
    (float32) 34.263588,
    (float32) 34.245712,
    (float32) 34.23201,
    (float32) 34.222412,
    (float32) 34.21739,
    (float32) 34.21011,
    (float32) 34.20901,
    (float32) 34.208588,
    (float32) 34.210712,
    (float32) 34.216312,
    (float32) 34.22279,
    (float32) 34.22789,
    (float32) 34.228287,
    (float32) 34.221287,
    (float32) 34.206112,
    (float32) 34.18381,
    (float32) 34.156612,
    (float32) 34.126713,
    (float32) 34.102688,
    (float32) 34.08401,
    (float32) 34.07331,
    (float32) 34.069187,
    (float32) 34.06761,
    (float32) 34.066113,
    (float32) 34.061413,
    (float32) 34.05471,
    (float32) 34.04721,
    (float32) 34.04109,
    (float32) 34.03679,
    (float32) 34.036987,
    (float32) 34.040512,
    (float32) 34.04671,
    (float32) 34.056713,
    (float32) 34.068413,
    (float32) 34.07969,
    (float32) 34.088512,
    (float32) 34.09441,
    (float32) 34.09761,
    (float32) 34.09839,
    (float32) 34.09651,
    (float32) 34.089012,
    (float32) 34.07291,
    (float32) 34.045113,
    (float32) 34.00309,
    (float32) 33.9472,
    (float32) 33.880188,
    (float32) 33.811413,
    (float32) 33.74439,
    (float32) 33.681988,
    (float32) 9.96921e+36,
    (float32) 9.96921e+36,
    (float32) 9.96921e+36,
    (float32) 9.96921e+36,
    (float32) 9.96921e+36,
    (float32) 9.96921e+36,
    (float32) 9.96921e+36,
    (float32) 9.96921e+36,
    (float32) 9.96921e+36,
    (float32) 9.96921e+36,
    (float32) 9.96921e+36,
    (float32) 9.96921e+36,
    (float32) 9.96921e+36,
    (float32) 9.96921e+36,
    (float32) 9.96921e+36,
    (float32) 9.96921e+36,
    (float32) 9.96921e+36,
    (float32) 33.8353,
    (float32) 33.885887,
    (float32) 33.8301,
    (float32) 33.96281,
    (float32) 34.168087,
    (float32) 34.36951,
    (float32) 34.54,
    (float32) 34.6679,
    (float32) 34.7789,
    (float32) 34.8799,
    (float32) 34.92069,
    (float32) 34.942287,
    (float32) 34.974888,
    (float32) 35.013412,
    (float32) 35.060787,
    (float32) 35.11849,
    (float32) 35.179188,
    (float32) 35.23671,
    (float32) 35.279488,
    (float32) 35.30439,
    (float32) 35.31859,
    (float32) 35.321888,
    (float32) 35.32649,
    (float32) 35.32649,
    (float32) 35.32061,
    (float32) 35.3147,
    (float32) 35.301987,
    (float32) 35.28429,
    (float32) 35.2661,
    (float32) 35.24831,
    (float32) 35.227,
    (float32) 35.206787,
    (float32) 35.18099,
    (float32) 35.1547,
    (float32) 35.1284,
    (float32) 35.1055,
    (float32) 35.087513,
    (float32) 35.0753,
    (float32) 35.06799,
    (float32) 35.06319,
    (float32) 35.05859,
    (float32) 35.051487,
    (float32) 35.038788,
    (float32) 35.01899,
    (float32) 34.98841,
    (float32) 34.95559,
    (float32) 34.924488,
    (float32) 34.891212,
    (float32) 34.85981,
    (float32) 34.82969,
    (float32) 34.8027,
    (float32) 34.78119,
    (float32) 34.7712,
    (float32) 34.771313,
    (float32) 34.779213,
    (float32) 34.7909,
    (float32) 34.80241,
    (float32) 34.81089,
    (float32) 34.814213,
    (float32) 34.81301,
    (float32) 34.81109,
    (float32) 34.81709,
    (float32) 34.83881,
    (float32) 34.875412,
    (float32) 34.92601,
    (float32) 34.9903,
    (float32) 35.06899,
    (float32) 35.1606,
    (float32) 35.252987,
    (float32) 35.33559,
    (float32) 35.40159,
    (float32) 35.44741,
    (float32) 35.47431,
    (float32) 35.48531,
    (float32) 35.485588,
    (float32) 35.481087,
    (float32) 35.473713,
    (float32) 35.46471,
    (float32) 35.45559,
    (float32) 35.446487,
    (float32) 35.437912,
    (float32) 35.4325,
    (float32) 35.429688,
    (float32) 35.428013,
    (float32) 35.4273,
    (float32) 35.42909,
    (float32) 35.43001,
    (float32) 35.43279,
    (float32) 35.43751,
    (float32) 35.44399,
    (float32) 35.4476,
    (float32) 35.451687,
    (float32) 35.42579,
    (float32) 35.40321,
    (float32) 35.37859,
    (float32) 35.36689,
    (float32) 35.37191,
    (float32) 35.39891,
    (float32) 35.43799,
    (float32) 35.49019,
    (float32) 35.5191,
    (float32) 35.530113,
    (float32) 35.531887,
    (float32) 35.516113,
    (float32) 35.48359,
    (float32) 35.44639,
    (float32) 35.40881,
    (float32) 35.388588,
    (float32) 35.386387,
    (float32) 35.39921,
    (float32) 35.4222,
    (float32) 35.444912,
    (float32) 35.46691,
    (float32) 35.482788,
    (float32) 35.494713,
    (float32) 35.499012,
    (float32) 35.499012,
    (float32) 35.4933,
    (float32) 35.480812,
    (float32) 35.462,
    (float32) 35.43841,
    (float32) 35.4093,
    (float32) 35.3804,
    (float32) 35.35461,
    (float32) 35.33391,
    (float32) 35.315388,
    (float32) 35.2971,
    (float32) 35.276012,
    (float32) 35.25349,
    (float32) 35.23001,
    (float32) 35.206512,
    (float32) 35.1861,
    (float32) 35.16929,
    (float32) 35.15579,
    (float32) 35.14371,
    (float32) 35.1317,
    (float32) 35.12029,
    (float32) 35.110012,
    (float32) 35.101112,
    (float32) 35.093113,
    (float32) 35.08401,
    (float32) 35.07421,
    (float32) 35.06579,
    (float32) 35.05801,
    (float32) 35.05001,
    (float32) 35.04179,
    (float32) 35.03349,
    (float32) 35.02051,
    (float32) 35.00701,
    (float32) 34.994812,
    (float32) 34.988487,
    (float32) 34.9877,
    (float32) 34.99299,
    (float32) 35.00449,
    (float32) 35.019913,
    (float32) 35.04,
    (float32) 35.061188,
    (float32) 35.0848,
    (float32) 35.10479,
    (float32) 35.1216,
    (float32) 35.14179,
    (float32) 35.159187,
    (float32) 35.176987,
    (float32) 35.20031,
    (float32) 35.2272,
    (float32) 35.26169,
    (float32) 35.30091,
    (float32) 35.32761,
    (float32) 35.33641,
    (float32) 35.32779,
    (float32) 35.311188,
    (float32) 35.29951,
    (float32) 35.28869,
    (float32) 35.27961,
    (float32) 35.27099,
    (float32) 35.2671,
    (float32) 35.2661,
    (float32) 35.2688,
    (float32) 35.268913,
    (float32) 35.2621,
    (float32) 35.247887,
    (float32) 35.23281,
    (float32) 35.22279,
    (float32) 35.21069,
    (float32) 35.19349,
    (float32) 35.172012,
    (float32) 35.14729,
    (float32) 35.12859,
    (float32) 35.11811,
    (float32) 35.126213,
    (float32) 35.1533,
    (float32) 35.19221,
    (float32) 35.23039,
    (float32) 35.25901,
    (float32) 35.27169,
    (float32) 35.27571,
    (float32) 35.27689,
    (float32) 35.297188,
    (float32) 9.96921e+36,
    (float32) 9.96921e+36,
    (float32) 9.96921e+36,
    (float32) 9.96921e+36,
    (float32) 9.96921e+36,
    (float32) 9.96921e+36,
    (float32) 9.96921e+36,
    (float32) 35.51009,
    (float32) 35.5592,
    (float32) 35.57611,
    (float32) 35.56641,
    (float32) 35.555687,
    (float32) 35.54771,
    (float32) 35.542187,
    (float32) 35.53709,
    (float32) 35.53411,
    (float32) 35.5289,
    (float32) 35.51759,
    (float32) 35.47491,
    (float32) 35.4479,
    (float32) 35.426388,
    (float32) 35.41189,
    (float32) 35.40839,
    (float32) 35.411713,
    (float32) 35.4147,
    (float32) 35.41969,
    (float32) 35.4186,
    (float32) 35.408188,
    (float32) 35.383488,
    (float32) 35.347588,
    (float32) 35.302887,
    (float32) 35.21729,
    (float32) 35.12259,
    (float32) 35.02911,
    (float32) 9.96921e+36,
    (float32) 9.96921e+36,
    (float32) 9.96921e+36,
    (float32) 9.96921e+36,
    (float32) 35.43581
   },
   ([]float32) (len=360 cap=360) {
    (float32) 35.43891,
    (float32) 35.41499,
    (float32) 35.3906,
    (float32) 35.3628,
    (float32) 35.3378,
    (float32) 35.311913,
    (float32) 35.29071,
    (float32) 35.270912,
    (float32) 35.25329,
    (float32) 35.23229,
    (float32) 35.21019,
    (float32) 35.18711,
    (float32) 35.1643,
    (float32) 35.136913,
    (float32) 35.1015,
    (float32) 35.059113,
    (float32) 35.0123,
    (float32) 34.96209,
    (float32) 34.9168,
    (float32) 34.87411,
    (float32) 34.844387,
    (float32) 34.82621,
    (float32) 34.81429,
    (float32) 34.807888,
    (float32) 34.80269,
    (float32) 34.79989,
    (float32) 34.79599,
    (float32) 34.79211,
    (float32) 34.78719,
    (float32) 34.78219,
    (float32) 34.77521,
    (float32) 34.76809,
    (float32) 34.7615,
    (float32) 34.75069,
    (float32) 34.73639,
    (float32) 34.72071,
    (float32) 34.705612,
    (float32) 34.693512,
    (float32) 34.68609,
    (float32) 34.682713,
    (float32) 34.680687,
    (float32) 34.677387,
    (float32) 34.66801,
    (float32) 34.651413,
    (float32) 34.62741,
    (float32) 34.59951,
    (float32) 34.57179,
    (float32) 34.548412,
    (float32) 34.530487,
    (float32) 34.51659,
    (float32) 34.50269,
    (float32) 34.48629,
    (float32) 34.46629,
    (float32) 34.44289,
    (float32) 34.41729,
    (float32) 34.390812,
    (float32) 34.36721,
    (float32) 34.34589,
    (float32) 34.3294,
    (float32) 34.31441,
    (float32) 34.30599,
    (float32) 34.29689,
    (float32) 34.2924,
    (float32) 34.286987,
    (float32) 34.2882,
    (float32) 34.291687,
    (float32) 34.2992,
    (float32) 34.307487,
    (float32) 34.313313,
    (float32) 34.31249,
    (float32) 34.302887,
    (float32) 34.285187,
    (float32) 34.25931,
    (float32) 34.22699,
    (float32) 34.1945,
    (float32) 34.16559,
    (float32) 34.1465,
    (float32) 34.13709,
    (float32) 34.134388,
    (float32) 34.13409,
    (float32) 34.13291,
    (float32) 34.129387,
    (float32) 34.12361,
    (float32) 34.116512,
    (float32) 34.11121,
    (float32) 34.10831,
    (float32) 34.108112,
    (float32) 34.11239,
    (float32) 34.120388,
    (float32) 34.130188,
    (float32) 34.14091,
    (float32) 34.1504,
    (float32) 34.157112,
    (float32) 34.161,
    (float32) 34.16189,
    (float32) 34.16041,
    (float32) 34.15491,
    (float32) 34.1434,
    (float32) 34.122513,
    (float32) 34.09061,
    (float32) 34.046688,
    (float32) 33.99231,
    (float32) 33.9363,
    (float32) 33.88501,
    (float32) 33.8388,
    (float32) 33.78709,
    (float32) 9.96921e+36,
    (float32) 9.96921e+36,
    (float32) 9.96921e+36,
    (float32) 9.96921e+36,
    (float32) 9.96921e+36,
    (float32) 9.96921e+36,
    (float32) 9.96921e+36,
    (float32) 9.96921e+36,
    (float32) 9.96921e+36,
    (float32) 9.96921e+36,
    (float32) 9.96921e+36,
    (float32) 9.96921e+36,
    (float32) 9.96921e+36,
    (float32) 9.96921e+36,
    (float32) 9.96921e+36,
    (float32) 9.96921e+36,
    (float32) 9.96921e+36,
    (float32) 9.96921e+36,
    (float32) 34.01059,
    (float32) 33.47221,
    (float32) 33.6652,
    (float32) 33.97391,
    (float32) 34.21769,
    (float32) 34.433113,
    (float32) 34.599213,
    (float32) 34.74911,
    (float32) 34.90239,
    (float32) 35.00169,
    (float32) 35.0556,
    (float32) 35.09269,
    (float32) 35.1322,
    (float32) 35.18639,
    (float32) 35.2513,
    (float32) 35.32279,
    (float32) 35.378513,
    (float32) 35.41981,
    (float32) 35.442287,
    (float32) 35.45241,
    (float32) 35.45381,
    (float32) 35.44971,
    (float32) 35.44221,
    (float32) 35.4319,
    (float32) 35.41749,
    (float32) 35.39859,
    (float32) 35.377712,
    (float32) 35.3566,
    (float32) 35.33629,
    (float32) 35.313988,
    (float32) 35.29311,
    (float32) 35.26849,
    (float32) 35.24439,
    (float32) 35.2208,
    (float32) 35.20009,
    (float32) 35.186,
    (float32) 35.178688,
    (float32) 35.17669,
    (float32) 35.1769,
    (float32) 35.17619,
    (float32) 35.17131,
    (float32) 35.16001,
    (float32) 35.1411,
    (float32) 35.11289,
    (float32) 35.08329,
    (float32) 35.053112,
    (float32) 35.02289,
    (float32) 34.995087,
    (float32) 34.968613,
    (float32) 34.945312,
    (float32) 34.92721,
    (float32) 34.9226,
    (float32) 34.928688,
    (float32) 34.943813,
    (float32) 34.96281,
    (float32) 34.98039,
    (float32) 34.992,
    (float32) 34.995087,
    (float32) 34.99021,
    (float32) 34.983612,
    (float32) 34.98431,
    (float32) 35.001312,
    (float32) 35.037388,
    (float32) 35.08949,
    (float32) 35.15339,
    (float32) 35.22749,
    (float32) 35.306313,
    (float32) 35.381912,
    (float32) 35.44539,
    (float32) 35.489887,
    (float32) 35.51421,
    (float32) 35.5227,
    (float32) 35.51909,
    (float32) 35.50991,
    (float32) 35.499187,
    (float32) 35.488213,
    (float32) 35.480312,
    (float32) 35.47491,
    (float32) 35.46959,
    (float32) 35.462887,
    (float32) 35.45929,
    (float32) 35.4591,
    (float32) 35.46179,
    (float32) 35.46409,
    (float32) 35.46669,
    (float32) 35.469112,
    (float32) 35.47379,
    (float32) 35.480713,
    (float32) 35.490288,
    (float32) 35.50141,
    (float32) 35.51109,
    (float32) 35.5124,
    (float32) 35.5013,
    (float32) 35.490612,
    (float32) 35.48931,
    (float32) 35.49909,
    (float32) 35.52079,
    (float32) 35.55361,
    (float32) 35.5868,
    (float32) 35.60971,
    (float32) 35.62069,
    (float32) 35.62209,
    (float32) 35.60641,
    (float32) 35.582912,
    (float32) 35.554,
    (float32) 35.52789,
    (float32) 35.5102,
    (float32) 35.50291,
    (float32) 35.504612,
    (float32) 35.510113,
    (float32) 35.515488,
    (float32) 35.518112,
    (float32) 35.518612,
    (float32) 35.516212,
    (float32) 35.511387,
    (float32) 35.50599,
    (float32) 35.49881,
    (float32) 35.48959,
    (float32) 35.47631,
    (float32) 35.45951,
    (float32) 35.43991,
    (float32) 35.4189,
    (float32) 35.399513,
    (float32) 35.382587,
    (float32) 35.366413,
    (float32) 35.350613,
    (float32) 35.334812,
    (float32) 35.31719,
    (float32) 35.297787,
    (float32) 35.27901,
    (float32) 35.26159,
    (float32) 35.2458,
    (float32) 35.2314,
    (float32) 35.21719,
    (float32) 35.20291,
    (float32) 35.18911,
    (float32) 35.1771,
    (float32) 35.1676,
    (float32) 35.159313,
    (float32) 35.149887,
    (float32) 35.13929,
    (float32) 35.128387,
    (float32) 35.118,
    (float32) 35.10909,
    (float32) 35.099487,
    (float32) 35.088787,
    (float32) 35.07779,
    (float32) 35.065113,
    (float32) 35.05511,
    (float32) 35.048687,
    (float32) 35.047913,
    (float32) 35.0543,
    (float32) 35.0688,
    (float32) 35.090412,
    (float32) 35.116287,
    (float32) 35.14471,
    (float32) 35.174313,
    (float32) 35.204212,
    (float32) 35.230988,
    (float32) 35.255413,
    (float32) 35.279488,
    (float32) 35.30529,
    (float32) 35.33411,
    (float32) 35.3676,
    (float32) 35.405113,
    (float32) 35.44401,
    (float32) 35.474,
    (float32) 35.48789,
    (float32) 35.4839,
    (float32) 35.4737,
    (float32) 35.46711,
    (float32) 35.46259,
    (float32) 35.454887,
    (float32) 35.44421,
    (float32) 35.43699,
    (float32) 35.43211,
    (float32) 35.4272,
    (float32) 35.39689,
    (float32) 35.41021,
    (float32) 35.39641,
    (float32) 35.382988,
    (float32) 35.36901,
    (float32) 35.3563,
    (float32) 35.3393,
    (float32) 35.31681,
    (float32) 35.294388,
    (float32) 35.27401,
    (float32) 35.26519,
    (float32) 35.2724,
    (float32) 35.30131,
    (float32) 35.34099,
    (float32) 35.380688,
    (float32) 35.408012,
    (float32) 35.4089,
    (float32) 35.39129,
    (float32) 35.35339,
    (float32) 9.96921e+36,
    (float32) 9.96921e+36,
    (float32) 9.96921e+36,
    (float32) 9.96921e+36,
    (float32) 9.96921e+36,
    (float32) 9.96921e+36,
    (float32) 9.96921e+36,
    (float32) 9.96921e+36,
    (float32) 9.96921e+36,
    (float32) 9.96921e+36,
    (float32) 35.62259,
    (float32) 35.59091,
    (float32) 35.57729,
    (float32) 35.571888,
    (float32) 35.5707,
    (float32) 35.571087,
    (float32) 35.57319,
    (float32) 35.57461,
    (float32) 35.5596,
    (float32) 35.54239,
    (float32) 35.520912,
    (float32) 35.5038,
    (float32) 35.49071,
    (float32) 35.4674,
    (float32) 35.473587,
    (float32) 35.4788,
    (float32) 35.482788,
    (float32) 35.48511,
    (float32) 35.47961,
    (float32) 35.46579,
    (float32) 35.4319,
    (float32) 35.3797,
    (float32) 35.30981,
    (float32) 35.288513,
    (float32) 35.21339,
    (float32) 9.96921e+36,
    (float32) 9.96921e+36,
    (float32) 35.45401,
    (float32) 9.96921e+36,
    (float32) 35.462387
   },
   ([]float32) (len=360 cap=360) {
    (float32) 35.4868,
    (float32) 35.45799,
    (float32) 35.429188,
    (float32) 35.40349,
    (float32) 35.373287,
    (float32) 35.35031,
    (float32) 35.33289,
    (float32) 35.319187,
    (float32) 35.3098,
    (float32) 35.2977,
    (float32) 35.27359,
    (float32) 35.271088,
    (float32) 35.255287,
    (float32) 35.23409,
    (float32) 35.205387,
    (float32) 35.1697,
    (float32) 35.1299,
    (float32) 35.0883,
    (float32) 35.04811,
    (float32) 34.99239,
    (float32) 34.984287,
    (float32) 34.96389,
    (float32) 34.95211,
    (float32) 34.94619,
    (float32) 34.94009,
    (float32) 34.9356,
    (float32) 34.932312,
    (float32) 34.92651,
    (float32) 34.91951,
    (float32) 34.91129,
    (float32) 34.90461,
    (float32) 34.89859,
    (float32) 34.891212,
    (float32) 34.880188,
    (float32) 34.865513,
    (float32) 34.84819,
    (float32) 34.83109,
    (float32) 34.81681,
    (float32) 34.8082,
    (float32) 34.803787,
    (float32) 34.801712,
    (float32) 34.796688,
    (float32) 34.783413,
    (float32) 34.76099,
    (float32) 34.73001,
    (float32) 34.69551,
    (float32) 34.6639,
    (float32) 34.639088,
    (float32) 34.6221,
    (float32) 34.61009,
    (float32) 34.5985,
    (float32) 34.58391,
    (float32) 34.5646,
    (float32) 34.542313,
    (float32) 34.517788,
    (float32) 34.4939,
    (float32) 34.472,
    (float32) 34.455887,
    (float32) 34.44079,
    (float32) 34.42959,
    (float32) 34.4171,
    (float32) 34.40579,
    (float32) 34.40301,
    (float32) 34.396088,
    (float32) 34.39509,
    (float32) 34.401287,
    (float32) 34.41,
    (float32) 34.419388,
    (float32) 34.42491,
    (float32) 34.423,
    (float32) 34.41219,
    (float32) 34.39241,
    (float32) 34.363613,
    (float32) 34.329613,
    (float32) 34.29591,
    (float32) 34.26349,
    (float32) 34.24231,
    (float32) 34.23269,
    (float32) 34.22949,
    (float32) 34.2287,
    (float32) 34.226513,
    (float32) 34.224087,
    (float32) 34.22019,
    (float32) 34.215588,
    (float32) 34.200512,
    (float32) 34.210712,
    (float32) 34.20021,
    (float32) 34.213688,
    (float32) 34.21841,
    (float32) 34.2243,
    (float32) 34.2298,
    (float32) 34.2336,
    (float32) 34.23561,
    (float32) 34.23579,
    (float32) 34.2345,
    (float32) 34.2311,
    (float32) 34.22261,
    (float32) 34.207188,
    (float32) 34.182087,
    (float32) 34.14501,
    (float32) 34.096287,
    (float32) 34.041813,
    (float32) 33.994,
    (float32) 33.95871,
    (float32) 33.9445,
    (float32) 33.9655,
    (float32) 34.0524,
    (float32) 9.96921e+36,
    (float32) 9.96921e+36,
    (float32) 9.96921e+36,
    (float32) 9.96921e+36,
    (float32) 9.96921e+36,
    (float32) 9.96921e+36,
    (float32) 9.96921e+36,
    (float32) 9.96921e+36,
    (float32) 9.96921e+36,
    (float32) 9.96921e+36,
    (float32) 9.96921e+36,
    (float32) 9.96921e+36,
    (float32) 9.96921e+36,
    (float32) 9.96921e+36,
    (float32) 9.96921e+36,
    (float32) 9.96921e+36,
    (float32) 9.96921e+36,
    (float32) 31.82251,
    (float32) 32.29711,
    (float32) 33.093388,
    (float32) 33.66409,
    (float32) 34.0095,
    (float32) 34.2493,
    (float32) 34.49461,
    (float32) 34.72971,
    (float32) 34.9236,
    (float32) 35.05751,
    (float32) 35.15069,
    (float32) 35.2028,
    (float32) 35.24391,
    (float32) 35.296513,
    (float32) 35.361588,
    (float32) 35.43049,
    (float32) 35.483288,
    (float32) 35.52179,
    (float32) 35.537212,
    (float32) 35.53941,
    (float32) 35.5366,
    (float32) 35.5272,
    (float32) 35.51429,
    (float32) 35.500088,
    (float32) 35.480988,
    (float32) 35.46051,
    (float32) 35.44,
    (float32) 35.41969,
    (float32) 35.401,
    (float32) 35.382988,
    (float32) 35.36451,
    (float32) 35.34509,
    (float32) 35.326187,
    (float32) 35.3077,
    (float32) 35.29221,
    (float32) 35.283287,
    (float32) 35.28129,
    (float32) 35.28449,
    (float32) 35.2894,
    (float32) 35.292988,
    (float32) 35.29249,
    (float32) 35.286,
    (float32) 35.26641,
    (float32) 35.251312,
    (float32) 35.226513,
    (float32) 35.201187,
    (float32) 35.1775,
    (float32) 35.154987,
    (float32) 35.13341,
    (float32) 35.11459,
    (float32) 35.10259,
    (float32) 35.102,
    (float32) 35.113,
    (float32) 35.13361,
    (float32) 35.15699,
    (float32) 35.17769,
    (float32) 35.19079,
    (float32) 35.19309,
    (float32) 35.18381,
    (float32) 35.172012,
    (float32) 35.1676,
    (float32) 35.177887,
    (float32) 35.20771,
    (float32) 35.25209,
    (float32) 35.30529,
    (float32) 35.36329,
    (float32) 35.423088,
    (float32) 35.4786,
    (float32) 35.52161,
    (float32) 35.54479,
    (float32) 35.54861,
    (float32) 35.537712,
    (float32) 35.5195,
    (float32) 35.501087,
    (float32) 35.4854,
    (float32) 35.4711,
    (float32) 35.467087,
    (float32) 35.470787,
    (float32) 35.470512,
    (float32) 35.4595,
    (float32) 35.45699,
    (float32) 35.460487,
    (float32) 35.467213,
    (float32) 35.47419,
    (float32) 35.4787,
    (float32) 35.48341,
    (float32) 35.488888,
    (float32) 35.4967,
    (float32) 35.507412,
    (float32) 35.51999,
    (float32) 35.5328,
    (float32) 35.54379,
    (float32) 35.552288,
    (float32) 35.5586,
    (float32) 35.56559,
    (float32) 35.57499,
    (float32) 35.58979,
    (float32) 35.607887,
    (float32) 35.627487,
    (float32) 35.64269,
    (float32) 35.65551,
    (float32) 35.65419,
    (float32) 35.64369,
    (float32) 35.62579,
    (float32) 35.60429,
    (float32) 35.58419,
    (float32) 35.567787,
    (float32) 35.55629,
    (float32) 35.54941,
    (float32) 35.545387,
    (float32) 35.541313,
    (float32) 35.53611,
    (float32) 35.52911,
    (float32) 35.52211,
    (float32) 35.515987,
    (float32) 35.5094,
    (float32) 35.50381,
    (float32) 35.49741,
    (float32) 35.48869,
    (float32) 35.47709,
    (float32) 35.465088,
    (float32) 35.45079,
    (float32) 35.4355,
    (float32) 35.42099,
    (float32) 35.4076,
    (float32) 35.39551,
    (float32) 35.3846,
    (float32) 35.372387,
    (float32) 35.35949,
    (float32) 35.34631,
    (float32) 35.33301,
    (float32) 35.319912,
    (float32) 35.30599,
    (float32) 35.28981,
    (float32) 35.27281,
    (float32) 35.25699,
    (float32) 35.245087,
    (float32) 35.236988,
    (float32) 35.23001,
    (float32) 35.2209,
    (float32) 35.209087,
    (float32) 35.197212,
    (float32) 35.186287,
    (float32) 35.17719,
    (float32) 35.167088,
    (float32) 35.15871,
    (float32) 35.1486,
    (float32) 35.138313,
    (float32) 35.1302,
    (float32) 35.126488,
    (float32) 35.129013,
    (float32) 35.139187,
    (float32) 35.15899,
    (float32) 35.18609,
    (float32) 35.21759,
    (float32) 35.252613,
    (float32) 35.28619,
    (float32) 35.3178,
    (float32) 35.35069,
    (float32) 35.381187,
    (float32) 35.41561,
    (float32) 35.448513,
    (float32) 35.47749,
    (float32) 35.51029,
    (float32) 35.54631,
    (float32) 35.5814,
    (float32) 35.60681,
    (float32) 35.6162,
    (float32) 35.6157,
    (float32) 35.612312,
    (float32) 35.61441,
    (float32) 35.62101,
    (float32) 35.610588,
    (float32) 35.60781,
    (float32) 35.59721,
    (float32) 35.559387,
    (float32) 35.53639,
    (float32) 35.52491,
    (float32) 35.52269,
    (float32) 35.5431,
    (float32) 35.5323,
    (float32) 35.5199,
    (float32) 35.50701,
    (float32) 35.490387,
    (float32) 35.47311,
    (float32) 35.45409,
    (float32) 35.43521,
    (float32) 35.429512,
    (float32) 35.438988,
    (float32) 35.468113,
    (float32) 35.50941,
    (float32) 35.556,
    (float32) 35.59039,
    (float32) 35.57029,
    (float32) 35.53339,
    (float32) 35.48321,
    (float32) 9.96921e+36,
    (float32) 9.96921e+36,
    (float32) 9.96921e+36,
    (float32) 9.96921e+36,
    (float32) 9.96921e+36,
    (float32) 9.96921e+36,
    (float32) 9.96921e+36,
    (float32) 9.96921e+36,
    (float32) 9.96921e+36,
    (float32) 9.96921e+36,
    (float32) 9.96921e+36,
    (float32) 35.595413,
    (float32) 35.58569,
    (float32) 35.58419,
    (float32) 35.5865,
    (float32) 35.58609,
    (float32) 35.596912,
    (float32) 35.59649,
    (float32) 35.59101,
    (float32) 35.58149,
    (float32) 35.566612,
    (float32) 35.554188,
    (float32) 35.54571,
    (float32) 35.520187,
    (float32) 35.5283,
    (float32) 35.538788,
    (float32) 35.54071,
    (float32) 35.54071,
    (float32) 35.536312,
    (float32) 35.52869,
    (float32) 35.504387,
    (float32) 35.4615,
    (float32) 35.40349,
    (float32) 35.435013,
    (float32) 9.96921e+36,
    (float32) 9.96921e+36,
    (float32) 35.571087,
    (float32) 35.5439,
    (float32) 35.5377,
    (float32) 35.51411
   },
   ([]float32) (len=360 cap=360) {
    (float32) 35.542187,
    (float32) 35.513313,
    (float32) 35.48231,
    (float32) 35.44931,
    (float32) 35.42939,
    (float32) 35.40741,
    (float32) 35.3949,
    (float32) 35.388012,
    (float32) 35.3845,
    (float32) 35.37959,
    (float32) 35.37259,
    (float32) 35.334713,
    (float32) 35.32229,
    (float32) 35.33951,
    (float32) 35.317913,
    (float32) 35.26159,
    (float32) 35.25671,
    (float32) 35.19939,
    (float32) 35.1916,
    (float32) 35.162212,
    (float32) 35.136913,
    (float32) 35.11801,
    (float32) 35.1033,
    (float32) 35.09431,
    (float32) 35.0869,
    (float32) 35.081112,
    (float32) 35.071613,
    (float32) 35.06159,
    (float32) 35.05181,
    (float32) 35.04261,
    (float32) 35.03549,
    (float32) 35.03059,
    (float32) 35.0251,
    (float32) 35.016613,
    (float32) 35.00231,
    (float32) 34.984413,
    (float32) 34.96629,
    (float32) 34.951088,
    (float32) 34.941113,
    (float32) 34.936287,
    (float32) 34.93219,
    (float32) 34.923687,
    (float32) 34.90581,
    (float32) 34.8778,
    (float32) 34.8411,
    (float32) 34.8028,
    (float32) 34.76881,
    (float32) 34.74479,
    (float32) 34.7298,
    (float32) 34.72049,
    (float32) 34.7116,
    (float32) 34.69871,
    (float32) 34.681488,
    (float32) 34.660187,
    (float32) 34.6375,
    (float32) 34.61621,
    (float32) 34.598087,
    (float32) 34.58531,
    (float32) 34.57251,
    (float32) 34.56289,
    (float32) 34.5546,
    (float32) 34.54249,
    (float32) 34.53669,
    (float32) 34.530888,
    (float32) 34.534813,
    (float32) 34.5426,
    (float32) 34.551,
    (float32) 34.561287,
    (float32) 34.564888,
    (float32) 34.56171,
    (float32) 34.550713,
    (float32) 34.53141,
    (float32) 34.50509,
    (float32) 34.47249,
    (float32) 34.43721,
    (float32) 34.40439,
    (float32) 34.38149,
    (float32) 34.367188,
    (float32) 34.360188,
    (float32) 34.356613,
    (float32) 34.35239,
    (float32) 34.34939,
    (float32) 34.346813,
    (float32) 34.3315,
    (float32) 34.34499,
    (float32) 34.34399,
    (float32) 34.34441,
    (float32) 34.34281,
    (float32) 34.34099,
    (float32) 34.33669,
    (float32) 34.3328,
    (float32) 34.32851,
    (float32) 34.3243,
    (float32) 34.3205,
    (float32) 34.3165,
    (float32) 34.311413,
    (float32) 34.301613,
    (float32) 34.28411,
    (float32) 34.254387,
    (float32) 34.21101,
    (float32) 34.15709,
    (float32) 34.10001,
    (float32) 34.05349,
    (float32) 34.02879,
    (float32) 34.034412,
    (float32) 34.079113,
    (float32) 34.17709,
    (float32) 9.96921e+36,
    (float32) 9.96921e+36,
    (float32) 9.96921e+36,
    (float32) 9.96921e+36,
    (float32) 9.96921e+36,
    (float32) 9.96921e+36,
    (float32) 9.96921e+36,
    (float32) 9.96921e+36,
    (float32) 9.96921e+36,
    (float32) 9.96921e+36,
    (float32) 9.96921e+36,
    (float32) 9.96921e+36,
    (float32) 9.96921e+36,
    (float32) 9.96921e+36,
    (float32) 9.96921e+36,
    (float32) 9.96921e+36,
    (float32) 23.871809,
    (float32) 27.70299,
    (float32) 30.74489,
    (float32) 32.63429,
    (float32) 33.431,
    (float32) 33.80981,
    (float32) 34.09891,
    (float32) 34.38809,
    (float32) 34.70011,
    (float32) 34.95279,
    (float32) 35.1625,
    (float32) 35.26489,
    (float32) 35.3299,
    (float32) 35.37431,
    (float32) 35.41409,
    (float32) 35.46599,
    (float32) 35.52189,
    (float32) 35.5666,
    (float32) 35.592087,
    (float32) 35.598713,
    (float32) 35.59661,
    (float32) 35.588287,
    (float32) 35.576588,
    (float32) 35.56099,
    (float32) 35.54391,
    (float32) 35.52509,
    (float32) 35.50539,
    (float32) 35.486988,
    (float32) 35.47061,
    (float32) 35.45639,
    (float32) 35.443913,
    (float32) 35.43099,
    (float32) 35.41881,
    (float32) 35.40569,
    (float32) 35.393612,
    (float32) 35.38569,
    (float32) 35.383213,
    (float32) 35.38711,
    (float32) 35.3949,
    (float32) 35.403313,
    (float32) 35.41119,
    (float32) 35.4158,
    (float32) 35.41539,
    (float32) 35.40811,
    (float32) 35.395687,
    (float32) 35.37899,
    (float32) 35.36129,
    (float32) 35.34421,
    (float32) 35.32741,
    (float32) 35.310513,
    (float32) 35.292187,
    (float32) 35.28731,
    (float32) 35.28999,
    (float32) 35.303513,
    (float32) 35.326412,
    (float32) 35.351612,
    (float32) 35.372288,
    (float32) 35.385387,
    (float32) 35.38581,
    (float32) 35.375587,
    (float32) 35.3609,
    (float32) 35.351788,
    (float32) 35.355812,
    (float32) 35.373013,
    (float32) 35.401688,
    (float32) 35.436687,
    (float32) 35.47641,
    (float32) 35.514587,
    (float32) 35.55029,
    (float32) 35.572212,
    (float32) 35.57421,
    (float32) 35.5566,
    (float32) 35.52581,
    (float32) 35.49181,
    (float32) 35.464912,
    (float32) 35.45011,
    (float32) 35.42819,
    (float32) 35.43229,
    (float32) 35.457188,
    (float32) 35.46779,
    (float32) 35.42821,
    (float32) 35.426487,
    (float32) 35.43671,
    (float32) 35.4527,
    (float32) 35.4674,
    (float32) 35.47439,
    (float32) 35.4801,
    (float32) 35.486687,
    (float32) 35.4968,
    (float32) 35.508087,
    (float32) 35.52179,
    (float32) 35.53661,
    (float32) 35.55151,
    (float32) 35.564087,
    (float32) 35.5755,
    (float32) 35.5846,
    (float32) 35.594387,
    (float32) 35.6057,
    (float32) 35.6206,
    (float32) 35.63671,
    (float32) 35.64999,
    (float32) 35.65859,
    (float32) 35.659,
    (float32) 35.65199,
    (float32) 35.63901,
    (float32) 35.623,
    (float32) 35.6068,
    (float32) 35.59231,
    (float32) 35.57981,
    (float32) 35.56979,
    (float32) 35.5611,
    (float32) 35.55191,
    (float32) 35.54311,
    (float32) 35.5347,
    (float32) 35.527313,
    (float32) 35.52289,
    (float32) 35.5181,
    (float32) 35.5151,
    (float32) 35.51181,
    (float32) 35.50739,
    (float32) 35.5018,
    (float32) 35.493988,
    (float32) 35.48499,
    (float32) 35.47481,
    (float32) 35.46431,
    (float32) 35.45479,
    (float32) 35.4469,
    (float32) 35.43929,
    (float32) 35.432487,
    (float32) 35.42491,
    (float32) 35.41729,
    (float32) 35.408787,
    (float32) 35.398613,
    (float32) 35.38481,
    (float32) 35.367687,
    (float32) 35.34931,
    (float32) 35.334087,
    (float32) 35.3248,
    (float32) 35.32051,
    (float32) 35.31631,
    (float32) 35.3081,
    (float32) 35.29571,
    (float32) 35.282387,
    (float32) 35.271812,
    (float32) 35.263313,
    (float32) 35.25701,
    (float32) 35.2505,
    (float32) 35.242687,
    (float32) 35.23461,
    (float32) 35.229088,
    (float32) 35.2286,
    (float32) 35.23511,
    (float32) 35.24979,
    (float32) 35.273,
    (float32) 35.30299,
    (float32) 35.33979,
    (float32) 35.377712,
    (float32) 35.413612,
    (float32) 35.447487,
    (float32) 35.48079,
    (float32) 35.51629,
    (float32) 35.550488,
    (float32) 35.58441,
    (float32) 35.6166,
    (float32) 35.6439,
    (float32) 35.67071,
    (float32) 35.69141,
    (float32) 35.710087,
    (float32) 35.71651,
    (float32) 35.71591,
    (float32) 35.71969,
    (float32) 35.740513,
    (float32) 35.75729,
    (float32) 35.75191,
    (float32) 35.7659,
    (float32) 35.750587,
    (float32) 35.69069,
    (float32) 35.644413,
    (float32) 35.63709,
    (float32) 35.64431,
    (float32) 35.656887,
    (float32) 35.67349,
    (float32) 35.6619,
    (float32) 35.64949,
    (float32) 35.6419,
    (float32) 35.63401,
    (float32) 35.6252,
    (float32) 35.610588,
    (float32) 35.609688,
    (float32) 35.6161,
    (float32) 35.644287,
    (float32) 35.68729,
    (float32) 35.751312,
    (float32) 35.830288,
    (float32) 9.96921e+36,
    (float32) 9.96921e+36,
    (float32) 9.96921e+36,
    (float32) 9.96921e+36,
    (float32) 9.96921e+36,
    (float32) 9.96921e+36,
    (float32) 9.96921e+36,
    (float32) 9.96921e+36,
    (float32) 9.96921e+36,
    (float32) 9.96921e+36,
    (float32) 9.96921e+36,
    (float32) 9.96921e+36,
    (float32) 9.96921e+36,
    (float32) 9.96921e+36,
    (float32) 35.574413,
    (float32) 35.57929,
    (float32) 35.58271,
    (float32) 35.58759,
    (float32) 35.587288,
    (float32) 35.60619,
    (float32) 35.60841,
    (float32) 35.6099,
    (float32) 35.6078,
    (float32) 35.60019,
    (float32) 35.59441,
    (float32) 35.59129,
    (float32) 35.57119,
    (float32) 35.581,
    (float32) 35.588287,
    (float32) 35.58501,
    (float32) 35.58211,
    (float32) 35.5791,
    (float32) 35.57589,
    (float32) 35.573612,
    (float32) 35.537613,
    (float32) 35.497112,
    (float32) 9.96921e+36,
    (float32) 9.96921e+36,
    (float32) 35.595913,
    (float32) 35.599087,
    (float32) 35.61191,
    (float32) 35.593487,
    (float32) 35.57119
   },
   ([]float32) (len=360 cap=360) {
    (float32) 35.602512,
    (float32) 35.5738,
    (float32) 35.5383,
    (float32) 35.507812,
    (float32) 35.48299,
    (float32) 35.466988,
    (float32) 35.45839,
    (float32) 35.47159,
    (float32) 35.44299,
    (float32) 35.43251,
    (float32) 35.42261,
    (float32) 35.4153,
    (float32) 35.40809,
    (float32) 35.398388,
    (float32) 35.38221,
    (float32) 35.36201,
    (float32) 35.33949,
    (float32) 35.31889,
    (float32) 35.33591,
    (float32) 35.313087,
    (float32) 35.291313,
    (float32) 35.27151,
    (float32) 35.2538,
    (float32) 35.238087,
    (float32) 35.22619,
    (float32) 35.214012,
    (float32) 35.20099,
    (float32) 35.1871,
    (float32) 35.174313,
    (float32) 35.16459,
    (float32) 35.159187,
    (float32) 35.15731,
    (float32) 35.15429,
    (float32) 35.14781,
    (float32) 35.136387,
    (float32) 35.12079,
    (float32) 35.10339,
    (float32) 35.088787,
    (float32) 35.07869,
    (float32) 35.0714,
    (float32) 35.0647,
    (float32) 35.052387,
    (float32) 35.030888,
    (float32) 34.99921,
    (float32) 34.9606,
    (float32) 34.92209,
    (float32) 34.88849,
    (float32) 34.86571,
    (float32) 34.8534,
    (float32) 34.84659,
    (float32) 34.8399,
    (float32) 34.8287,
    (float32) 34.81311,
    (float32) 34.793213,
    (float32) 34.77129,
    (float32) 34.751,
    (float32) 34.73521,
    (float32) 34.72671,
    (float32) 34.71999,
    (float32) 34.71381,
    (float32) 34.705,
    (float32) 34.698387,
    (float32) 34.692913,
    (float32) 34.6947,
    (float32) 34.70211,
    (float32) 34.71269,
    (float32) 34.723213,
    (float32) 34.732113,
    (float32) 34.734413,
    (float32) 34.729,
    (float32) 34.719387,
    (float32) 34.7022,
    (float32) 34.680912,
    (float32) 34.652813,
    (float32) 34.618412,
    (float32) 34.58519,
    (float32) 34.55831,
    (float32) 34.540287,
    (float32) 34.529213,
    (float32) 34.52039,
    (float32) 34.51109,
    (float32) 34.50509,
    (float32) 34.502712,
    (float32) 34.5046,
    (float32) 34.505787,
    (float32) 34.47781,
    (float32) 34.5024,
    (float32) 34.495487,
    (float32) 34.48229,
    (float32) 34.4669,
    (float32) 34.45031,
    (float32) 34.43599,
    (float32) 34.424187,
    (float32) 34.41609,
    (float32) 34.40999,
    (float32) 34.403187,
    (float32) 34.39229,
    (float32) 34.37219,
    (float32) 34.338287,
    (float32